------------------------------------
Sun 19 Jul 2026 15:34:52 IDT
SLURM_JOBID:		19451151
SLURM_JOB_NODELIST:	cs-cpu-10
SLURM_SCRATCH_DIR:	/scratch/ohadshee/19451151
Allocated Resouces:	cpu - 4 / mem - 49152 MB / gpu - 
SLURM_GPU_INDEX:	
Running as ohadshee from golan.neuro account with normal QOS
------------------------------------
Running on host: cs-cpu-10.auth.ad.bgu.ac.il
Job ID: 19451151
CPUs per task: 4
Python path: /home/ohadshee/.conda/envs/pid_env/bin/python
Conda environment: pid_env
Project root directory: /home/ohadshee/Desktop/Partial-Information-Decomposition/external/mayas_project
Using device: cpu

 Starting Experiment: Ridge_Bias_True_False

Bias correction is set to: True
Ridge is set to: False
Results will be saved to: pipeline/analysis/pca_analysis/function_as_pc/results/Ridge_Bias_True_False/NR_B_tilde_['convnext_base_classification']_['eca_nfnet_l0_classification']
Plots will be saved to: pipeline/analysis/pca_analysis/function_as_pc/plots/Ridge_Bias_True_False/NR_B_tilde_['convnext_base_classification']_['eca_nfnet_l0_classification']
Target PCA model will be loaded from: /home/ohadshee/Desktop/Partial-Information-Decomposition/pipeline/subj_PCs/saved_pcs_nostandardization/pca_by_variance=200/subj01_pca_model.pkl

Number of images: 73000
Image shape: (425, 425, 3), dtype: uint8
nsdID shape: (73000,), Shared1000 shape: (73000,)
Neural data shape: (10000, 8088)
Image IDs shape: (10000,)
Number of voxels: 8088
Number of projections for SRP: 7894

Loaded target with shape (10000, 8088).

Running target-PC analysis with Source 1: convnext_base_classification 😀
Model options for convnext_base_classification: {'model_name': 'convnext_base', 'train_type': 'classification', 'train_data': 'imagenet', 'model_source': 'timm', 'call': "get_timm_model('convnext_base', pretrained = True)"}
Image transforms for convnext_base_classification: Compose(
    Resize(size=(224, 224), interpolation=bicubic, max_size=None, antialias=True)
    MaybeToTensor()
    Normalize(mean=tensor([0.4850, 0.4560, 0.4060]), std=tensor([0.2290, 0.2240, 0.2250]))
)
Loaded model: convnext_base_classification
Ordered layers from model: ['Conv2d-1', 'LayerNorm2d-1', 'Identity-1', 'Conv2d-2', 'LayerNorm-2', 'Linear-1', 'GELU-1', 'Dropout-1', 'Identity-2', 'Linear-2', 'Dropout-2', 'Mlp-1', 'Identity-3', 'Identity-4', 'ConvNeXtBlock-1', 'Conv2d-3', 'LayerNorm-3', 'Linear-3', 'GELU-2', 'Dropout-3', 'Identity-5', 'Linear-4', 'Dropout-4', 'Mlp-2', 'Identity-6', 'Identity-7', 'ConvNeXtBlock-2', 'Conv2d-4', 'LayerNorm-4', 'Linear-5', 'GELU-3', 'Dropout-5', 'Identity-8', 'Linear-6', 'Dropout-6', 'Mlp-3', 'Identity-9', 'Identity-10', 'ConvNeXtBlock-3', 'ConvNeXtStage-1', 'LayerNorm2d-2', 'Conv2d-5', 'Conv2d-6', 'LayerNorm-6', 'Linear-7', 'GELU-4', 'Dropout-7', 'Identity-11', 'Linear-8', 'Dropout-8', 'Mlp-4', 'Identity-12', 'Identity-13', 'ConvNeXtBlock-4', 'Conv2d-7', 'LayerNorm-7', 'Linear-9', 'GELU-5', 'Dropout-9', 'Identity-14', 'Linear-10', 'Dropout-10', 'Mlp-5', 'Identity-15', 'Identity-16', 'ConvNeXtBlock-5', 'Conv2d-8', 'LayerNorm-8', 'Linear-11', 'GELU-6', 'Dropout-11', 'Identity-17', 'Linear-12', 'Dropout-12', 'Mlp-6', 'Identity-18', 'Identity-19', 'ConvNeXtBlock-6', 'ConvNeXtStage-2', 'LayerNorm2d-3', 'Conv2d-9', 'Conv2d-10', 'LayerNorm-10', 'Linear-13', 'GELU-7', 'Dropout-13', 'Identity-20', 'Linear-14', 'Dropout-14', 'Mlp-7', 'Identity-21', 'Identity-22', 'ConvNeXtBlock-7', 'Conv2d-11', 'LayerNorm-11', 'Linear-15', 'GELU-8', 'Dropout-15', 'Identity-23', 'Linear-16', 'Dropout-16', 'Mlp-8', 'Identity-24', 'Identity-25', 'ConvNeXtBlock-8', 'Conv2d-12', 'LayerNorm-12', 'Linear-17', 'GELU-9', 'Dropout-17', 'Identity-26', 'Linear-18', 'Dropout-18', 'Mlp-9', 'Identity-27', 'Identity-28', 'ConvNeXtBlock-9', 'Conv2d-13', 'LayerNorm-13', 'Linear-19', 'GELU-10', 'Dropout-19', 'Identity-29', 'Linear-20', 'Dropout-20', 'Mlp-10', 'Identity-30', 'Identity-31', 'ConvNeXtBlock-10', 'Conv2d-14', 'LayerNorm-14', 'Linear-21', 'GELU-11', 'Dropout-21', 'Identity-32', 'Linear-22', 'Dropout-22', 'Mlp-11', 'Identity-33', 'Identity-34', 'ConvNeXtBlock-11', 'Conv2d-15', 'LayerNorm-15', 'Linear-23', 'GELU-12', 'Dropout-23', 'Identity-35', 'Linear-24', 'Dropout-24', 'Mlp-12', 'Identity-36', 'Identity-37', 'ConvNeXtBlock-12', 'Conv2d-16', 'LayerNorm-16', 'Linear-25', 'GELU-13', 'Dropout-25', 'Identity-38', 'Linear-26', 'Dropout-26', 'Mlp-13', 'Identity-39', 'Identity-40', 'ConvNeXtBlock-13', 'Conv2d-17', 'LayerNorm-17', 'Linear-27', 'GELU-14', 'Dropout-27', 'Identity-41', 'Linear-28', 'Dropout-28', 'Mlp-14', 'Identity-42', 'Identity-43', 'ConvNeXtBlock-14', 'Conv2d-18', 'LayerNorm-18', 'Linear-29', 'GELU-15', 'Dropout-29', 'Identity-44', 'Linear-30', 'Dropout-30', 'Mlp-15', 'Identity-45', 'Identity-46', 'ConvNeXtBlock-15', 'Conv2d-19', 'LayerNorm-19', 'Linear-31', 'GELU-16', 'Dropout-31', 'Identity-47', 'Linear-32', 'Dropout-32', 'Mlp-16', 'Identity-48', 'Identity-49', 'ConvNeXtBlock-16', 'Conv2d-20', 'LayerNorm-20', 'Linear-33', 'GELU-17', 'Dropout-33', 'Identity-50', 'Linear-34', 'Dropout-34', 'Mlp-17', 'Identity-51', 'Identity-52', 'ConvNeXtBlock-17', 'Conv2d-21', 'LayerNorm-21', 'Linear-35', 'GELU-18', 'Dropout-35', 'Identity-53', 'Linear-36', 'Dropout-36', 'Mlp-18', 'Identity-54', 'Identity-55', 'ConvNeXtBlock-18', 'Conv2d-22', 'LayerNorm-22', 'Linear-37', 'GELU-19', 'Dropout-37', 'Identity-56', 'Linear-38', 'Dropout-38', 'Mlp-19', 'Identity-57', 'Identity-58', 'ConvNeXtBlock-19', 'Conv2d-23', 'LayerNorm-23', 'Linear-39', 'GELU-20', 'Dropout-39', 'Identity-59', 'Linear-40', 'Dropout-40', 'Mlp-20', 'Identity-60', 'Identity-61', 'ConvNeXtBlock-20', 'Conv2d-24', 'LayerNorm-24', 'Linear-41', 'GELU-21', 'Dropout-41', 'Identity-62', 'Linear-42', 'Dropout-42', 'Mlp-21', 'Identity-63', 'Identity-64', 'ConvNeXtBlock-21', 'Conv2d-25', 'LayerNorm-25', 'Linear-43', 'GELU-22', 'Dropout-43', 'Identity-65', 'Linear-44', 'Dropout-44', 'Mlp-22', 'Identity-66', 'Identity-67', 'ConvNeXtBlock-22', 'Conv2d-26', 'LayerNorm-26', 'Linear-45', 'GELU-23', 'Dropout-45', 'Identity-68', 'Linear-46', 'Dropout-46', 'Mlp-23', 'Identity-69', 'Identity-70', 'ConvNeXtBlock-23', 'Conv2d-27', 'LayerNorm-27', 'Linear-47', 'GELU-24', 'Dropout-47', 'Identity-71', 'Linear-48', 'Dropout-48', 'Mlp-24', 'Identity-72', 'Identity-73', 'ConvNeXtBlock-24', 'Conv2d-28', 'LayerNorm-28', 'Linear-49', 'GELU-25', 'Dropout-49', 'Identity-74', 'Linear-50', 'Dropout-50', 'Mlp-25', 'Identity-75', 'Identity-76', 'ConvNeXtBlock-25', 'Conv2d-29', 'LayerNorm-29', 'Linear-51', 'GELU-26', 'Dropout-51', 'Identity-77', 'Linear-52', 'Dropout-52', 'Mlp-26', 'Identity-78', 'Identity-79', 'ConvNeXtBlock-26', 'Conv2d-30', 'LayerNorm-30', 'Linear-53', 'GELU-27', 'Dropout-53', 'Identity-80', 'Linear-54', 'Dropout-54', 'Mlp-27', 'Identity-81', 'Identity-82', 'ConvNeXtBlock-27', 'Conv2d-31', 'LayerNorm-31', 'Linear-55', 'GELU-28', 'Dropout-55', 'Identity-83', 'Linear-56', 'Dropout-56', 'Mlp-28', 'Identity-84', 'Identity-85', 'ConvNeXtBlock-28', 'Conv2d-32', 'LayerNorm-32', 'Linear-57', 'GELU-29', 'Dropout-57', 'Identity-86', 'Linear-58', 'Dropout-58', 'Mlp-29', 'Identity-87', 'Identity-88', 'ConvNeXtBlock-29', 'Conv2d-33', 'LayerNorm-33', 'Linear-59', 'GELU-30', 'Dropout-59', 'Identity-89', 'Linear-60', 'Dropout-60', 'Mlp-30', 'Identity-90', 'Identity-91', 'ConvNeXtBlock-30', 'Conv2d-34', 'LayerNorm-34', 'Linear-61', 'GELU-31', 'Dropout-61', 'Identity-92', 'Linear-62', 'Dropout-62', 'Mlp-31', 'Identity-93', 'Identity-94', 'ConvNeXtBlock-31', 'Conv2d-35', 'LayerNorm-35', 'Linear-63', 'GELU-32', 'Dropout-63', 'Identity-95', 'Linear-64', 'Dropout-64', 'Mlp-32', 'Identity-96', 'Identity-97', 'ConvNeXtBlock-32', 'Conv2d-36', 'LayerNorm-36', 'Linear-65', 'GELU-33', 'Dropout-65', 'Identity-98', 'Linear-66', 'Dropout-66', 'Mlp-33', 'Identity-99', 'Identity-100', 'ConvNeXtBlock-33', 'ConvNeXtStage-3', 'LayerNorm2d-4', 'Conv2d-37', 'Conv2d-38', 'LayerNorm-38', 'Linear-67', 'GELU-34', 'Dropout-67', 'Identity-101', 'Linear-68', 'Dropout-68', 'Mlp-34', 'Identity-102', 'Identity-103', 'ConvNeXtBlock-34', 'Conv2d-39', 'LayerNorm-39', 'Linear-69', 'GELU-35', 'Dropout-69', 'Identity-104', 'Linear-70', 'Dropout-70', 'Mlp-35', 'Identity-105', 'Identity-106', 'ConvNeXtBlock-35', 'Conv2d-40', 'LayerNorm-40', 'Linear-71', 'GELU-36', 'Dropout-71', 'Identity-107', 'Linear-72', 'Dropout-72', 'Mlp-36', 'Identity-108', 'Identity-109', 'ConvNeXtBlock-36', 'ConvNeXtStage-4', 'Identity-110', 'AdaptiveAvgPool2d-1', 'Identity-111', 'SelectAdaptivePool2d-1', 'LayerNorm2d-5', 'Flatten-1', 'Identity-112', 'Dropout-73', 'Linear-73', 'NormMlpClassifierHead-1', 'ConvNeXt-41']
Total number of layers: 456
Model options for eca_nfnet_l0_classification: {'model_name': 'eca_nfnet_l0', 'train_type': 'classification', 'train_data': 'imagenet', 'model_source': 'timm', 'call': "get_timm_model('eca_nfnet_l0', pretrained = True)"}
Image transforms for eca_nfnet_l0_classification: Compose(
    Resize(size=(224, 224), interpolation=bicubic, max_size=None, antialias=True)
    MaybeToTensor()
    Normalize(mean=tensor([0.4850, 0.4560, 0.4060]), std=tensor([0.2290, 0.2240, 0.2250]))
)
Loaded model: eca_nfnet_l0_classification
Ordered layers from model: ['ScaledStdConv2d-1', 'SiLU-1', 'ScaledStdConv2d-2', 'SiLU-2', 'ScaledStdConv2d-3', 'SiLU-3', 'ScaledStdConv2d-4', 'SiLU-4', 'Identity-1', 'ScaledStdConv2d-5', 'DownsampleAvg-1', 'ScaledStdConv2d-6', 'SiLU-5', 'ScaledStdConv2d-7', 'SiLU-6', 'ScaledStdConv2d-8', 'SiLU-7', 'ScaledStdConv2d-9', 'Conv1d-1', 'Sigmoid-1', 'EcaModule-1', 'Identity-2', 'NormFreeBlock-1', 'SiLU-8', 'AvgPool2d-1', 'ScaledStdConv2d-10', 'DownsampleAvg-2', 'ScaledStdConv2d-11', 'SiLU-9', 'ScaledStdConv2d-12', 'SiLU-10', 'ScaledStdConv2d-13', 'SiLU-11', 'ScaledStdConv2d-14', 'Conv1d-2', 'Sigmoid-2', 'EcaModule-2', 'Identity-3', 'NormFreeBlock-2', 'SiLU-12', 'ScaledStdConv2d-15', 'SiLU-13', 'ScaledStdConv2d-16', 'SiLU-14', 'ScaledStdConv2d-17', 'SiLU-15', 'ScaledStdConv2d-18', 'Conv1d-3', 'Sigmoid-3', 'EcaModule-3', 'Identity-4', 'NormFreeBlock-3', 'SiLU-16', 'AvgPool2d-2', 'ScaledStdConv2d-19', 'DownsampleAvg-3', 'ScaledStdConv2d-20', 'SiLU-17', 'ScaledStdConv2d-21', 'SiLU-18', 'ScaledStdConv2d-22', 'SiLU-19', 'ScaledStdConv2d-23', 'Conv1d-4', 'Sigmoid-4', 'EcaModule-4', 'Identity-5', 'NormFreeBlock-4', 'SiLU-20', 'ScaledStdConv2d-24', 'SiLU-21', 'ScaledStdConv2d-25', 'SiLU-22', 'ScaledStdConv2d-26', 'SiLU-23', 'ScaledStdConv2d-27', 'Conv1d-5', 'Sigmoid-5', 'EcaModule-5', 'Identity-6', 'NormFreeBlock-5', 'SiLU-24', 'ScaledStdConv2d-28', 'SiLU-25', 'ScaledStdConv2d-29', 'SiLU-26', 'ScaledStdConv2d-30', 'SiLU-27', 'ScaledStdConv2d-31', 'Conv1d-6', 'Sigmoid-6', 'EcaModule-6', 'Identity-7', 'NormFreeBlock-6', 'SiLU-28', 'ScaledStdConv2d-32', 'SiLU-29', 'ScaledStdConv2d-33', 'SiLU-30', 'ScaledStdConv2d-34', 'SiLU-31', 'ScaledStdConv2d-35', 'Conv1d-7', 'Sigmoid-7', 'EcaModule-7', 'Identity-8', 'NormFreeBlock-7', 'SiLU-32', 'ScaledStdConv2d-36', 'SiLU-33', 'ScaledStdConv2d-37', 'SiLU-34', 'ScaledStdConv2d-38', 'SiLU-35', 'ScaledStdConv2d-39', 'Conv1d-8', 'Sigmoid-8', 'EcaModule-8', 'Identity-9', 'NormFreeBlock-8', 'SiLU-36', 'ScaledStdConv2d-40', 'SiLU-37', 'ScaledStdConv2d-41', 'SiLU-38', 'ScaledStdConv2d-42', 'SiLU-39', 'ScaledStdConv2d-43', 'Conv1d-9', 'Sigmoid-9', 'EcaModule-9', 'Identity-10', 'NormFreeBlock-9', 'SiLU-40', 'AvgPool2d-3', 'ScaledStdConv2d-44', 'DownsampleAvg-4', 'ScaledStdConv2d-45', 'SiLU-41', 'ScaledStdConv2d-46', 'SiLU-42', 'ScaledStdConv2d-47', 'SiLU-43', 'ScaledStdConv2d-48', 'Conv1d-10', 'Sigmoid-10', 'EcaModule-10', 'Identity-11', 'NormFreeBlock-10', 'SiLU-44', 'ScaledStdConv2d-49', 'SiLU-45', 'ScaledStdConv2d-50', 'SiLU-46', 'ScaledStdConv2d-51', 'SiLU-47', 'ScaledStdConv2d-52', 'Conv1d-11', 'Sigmoid-11', 'EcaModule-11', 'Identity-12', 'NormFreeBlock-11', 'SiLU-48', 'ScaledStdConv2d-53', 'SiLU-49', 'ScaledStdConv2d-54', 'SiLU-50', 'ScaledStdConv2d-55', 'SiLU-51', 'ScaledStdConv2d-56', 'Conv1d-12', 'Sigmoid-12', 'EcaModule-12', 'Identity-13', 'NormFreeBlock-12', 'ScaledStdConv2d-57', 'SiLU-52', 'AdaptiveAvgPool2d-1', 'Flatten-1', 'SelectAdaptivePool2d-1', 'Dropout-1', 'Linear-1', 'Identity-14', 'ClassifierHead-1', 'NormFreeNet-1']
Total number of layers: 185

==================================================
Processing layer: Conv2d-26 from model: convnext_base_classification

For model convnext_base_classification Layer Conv2d-26: Extracting features for 10000 images in batches of 120...
Feature extraction for model convnext_base_classification layer Conv2d-26 completed in 1800.15 seconds.

==================================================
Processing layer: AvgPool2d-3 from model: eca_nfnet_l0_classification

For model eca_nfnet_l0_classification Layer AvgPool2d-3: Extracting features for 10000 images in batches of 120...
Feature extraction for model eca_nfnet_l0_classification layer AvgPool2d-3 completed in 889.84 seconds.

Running target-PC analysis with Source 1: convnext_base_classification and Source 2: eca_nfnet_l0_classification 😀
Selecting the first 1 target PCs and running PID for convnext_base_classification and eca_nfnet_l0_classification 😀
Source 1 shape: (1000, 1), Source 2 shape: (1000, 1)
Shared target shape: (1000, 1)

Bias correction is enabled for PID calculation:True.

Calculating PID using Tilde...

Results after selecting the first 1 target PCs:
PID Results:
  red: 0.00734004804838484
  unq1: 0.0
  unq2: 0.017328419966150806
  syn: 0.0
Mutual Information Results:
  tri_mi: 0.024668468014535642
  bi_mi_1: 0.007340048048384837
  bi_mi_2: 0.024668468014535642
Selecting the first 2 target PCs and running PID for convnext_base_classification and eca_nfnet_l0_classification 😀
Source 1 shape: (1000, 2), Source 2 shape: (1000, 2)
Shared target shape: (1000, 2)

Bias correction is enabled for PID calculation:True.

Calculating PID using Tilde...

Results after selecting the first 2 target PCs:
PID Results:
  red: 0.13990117974204563
  unq1: 0.47610553989812643
  unq2: 0.00038560516017149826
  syn: 0.15478495048477192
Mutual Information Results:
  tri_mi: 0.7711772752851155
  bi_mi_1: 0.6160067196401721
  bi_mi_2: 0.14028678490221713
Selecting the first 3 target PCs and running PID for convnext_base_classification and eca_nfnet_l0_classification 😀
Source 1 shape: (1000, 3), Source 2 shape: (1000, 3)
Shared target shape: (1000, 3)

Bias correction is enabled for PID calculation:True.

Calculating PID using Tilde...

Results after selecting the first 3 target PCs:
PID Results:
  red: 0.7850008828173536
  unq1: 0.2913870960065864
  unq2: 0.010404684905870543
  syn: 0.08882196322256486
Mutual Information Results:
  tri_mi: 1.1756146269523755
  bi_mi_1: 1.07638797882394
  bi_mi_2: 0.7954055677232242
Selecting the first 4 target PCs and running PID for convnext_base_classification and eca_nfnet_l0_classification 😀
Source 1 shape: (1000, 4), Source 2 shape: (1000, 4)
Shared target shape: (1000, 4)

Bias correction is enabled for PID calculation:True.

Calculating PID using Tilde...

Results after selecting the first 4 target PCs:
PID Results:
  red: 1.2062128070712332
  unq1: 0.3182459004062894
  unq2: 0.03804771069189572
  syn: 0.08264249333249474
Mutual Information Results:
  tri_mi: 1.6451489115019133
  bi_mi_1: 1.5244587074775229
  bi_mi_2: 1.2442605177631292
Selecting the first 5 target PCs and running PID for convnext_base_classification and eca_nfnet_l0_classification 😀
Source 1 shape: (1000, 5), Source 2 shape: (1000, 5)
Shared target shape: (1000, 5)

Bias correction is enabled for PID calculation:True.

Calculating PID using Tilde...

Results after selecting the first 5 target PCs:
PID Results:
  red: 1.462472423495702
  unq1: 0.40947517574986225
  unq2: 0.17705040984419296
  syn: 0.10693326355303334
Mutual Information Results:
  tri_mi: 2.1559312726427904
  bi_mi_1: 1.871947599245564
  bi_mi_2: 1.6395228333398948
Selecting the first 6 target PCs and running PID for convnext_base_classification and eca_nfnet_l0_classification 😀
Source 1 shape: (1000, 6), Source 2 shape: (1000, 6)
Shared target shape: (1000, 6)

Bias correction is enabled for PID calculation:True.

Calculating PID using Tilde...

Results after selecting the first 6 target PCs:
PID Results:
  red: 1.5525313386967161
  unq1: 0.4994357150739994
  unq2: 0.21004011620483842
  syn: 0.14559804159135625
Mutual Information Results:
  tri_mi: 2.4076052115669104
  bi_mi_1: 2.0519670537707158
  bi_mi_2: 1.7625714549015548
Selecting the first 7 target PCs and running PID for convnext_base_classification and eca_nfnet_l0_classification 😀
Source 1 shape: (1000, 7), Source 2 shape: (1000, 7)
Shared target shape: (1000, 7)

Bias correction is enabled for PID calculation:True.

Calculating PID using Tilde...

Results after selecting the first 7 target PCs:
PID Results:
  red: 1.662309016744346
  unq1: 0.5798885687609301
  unq2: 0.21069578033778535
  syn: 0.2167632345614492
Mutual Information Results:
  tri_mi: 2.6696566004045104
  bi_mi_1: 2.242197585505276
  bi_mi_2: 1.873004797082131
Selecting the first 8 target PCs and running PID for convnext_base_classification and eca_nfnet_l0_classification 😀
Source 1 shape: (1000, 8), Source 2 shape: (1000, 8)
Shared target shape: (1000, 8)

Bias correction is enabled for PID calculation:True.

Calculating PID using Tilde...

Results after selecting the first 8 target PCs:
PID Results:
  red: 1.8932810913915885
  unq1: 0.4294333850075889
  unq2: 0.23182323148916018
  syn: 0.22515467247080023
Mutual Information Results:
  tri_mi: 2.7796923803591373
  bi_mi_1: 2.322714476399177
  bi_mi_2: 2.1251043228807482
Selecting the first 9 target PCs and running PID for convnext_base_classification and eca_nfnet_l0_classification 😀
Source 1 shape: (1000, 9), Source 2 shape: (1000, 9)
Shared target shape: (1000, 9)

Bias correction is enabled for PID calculation:True.

Calculating PID using Tilde...

Results after selecting the first 9 target PCs:
PID Results:
  red: 2.0832987232274878
  unq1: 0.3652365710439156
  unq2: 0.3771294481308818
  syn: 0.24261659374608424
Mutual Information Results:
  tri_mi: 3.0682813361483694
  bi_mi_1: 2.4485352942714034
  bi_mi_2: 2.4604281713583696
Selecting the first 10 target PCs and running PID for convnext_base_classification and eca_nfnet_l0_classification 😀
Source 1 shape: (1000, 10), Source 2 shape: (1000, 10)
Shared target shape: (1000, 10)

Bias correction is enabled for PID calculation:True.

Calculating PID using Tilde...

Results after selecting the first 10 target PCs:
PID Results:
  red: 2.369706403496728
  unq1: 0.18738900655198343
  unq2: 0.47601982306738044
  syn: 0.21512045631387133
Mutual Information Results:
  tri_mi: 3.248235689429963
  bi_mi_1: 2.5570954100487113
  bi_mi_2: 2.8457262265641083
Selecting the first 11 target PCs and running PID for convnext_base_classification and eca_nfnet_l0_classification 😀
Source 1 shape: (1000, 11), Source 2 shape: (1000, 11)
Shared target shape: (1000, 11)

Bias correction is enabled for PID calculation:True.

Calculating PID using Tilde...

Results after selecting the first 11 target PCs:
PID Results:
  red: 2.6701130567447082
  unq1: 0.20749095860583777
  unq2: 0.4697717323081765
  syn: 0.24140592643034076
Mutual Information Results:
  tri_mi: 3.5887816740890637
  bi_mi_1: 2.8776040153505464
  bi_mi_2: 3.139884789052885
Selecting the first 12 target PCs and running PID for convnext_base_classification and eca_nfnet_l0_classification 😀
Source 1 shape: (1000, 12), Source 2 shape: (1000, 12)
Shared target shape: (1000, 12)

Bias correction is enabled for PID calculation:True.

Calculating PID using Tilde...

Results after selecting the first 12 target PCs:
PID Results:
  red: 3.0546814249356675
  unq1: 0.17970018407976251
  unq2: 0.6544740462323082
  syn: 0.24845125340290686
Mutual Information Results:
  tri_mi: 4.137306908650645
  bi_mi_1: 3.23438160901543
  bi_mi_2: 3.7091554711679757
Selecting the first 13 target PCs and running PID for convnext_base_classification and eca_nfnet_l0_classification 😀
Source 1 shape: (1000, 13), Source 2 shape: (1000, 13)
Shared target shape: (1000, 13)

Bias correction is enabled for PID calculation:True.

Calculating PID using Tilde...

Results after selecting the first 13 target PCs:
PID Results:
  red: 3.1577635970749744
  unq1: 0.2138325571213775
  unq2: 0.7019946539123807
  syn: 0.23953383207347656
Mutual Information Results:
  tri_mi: 4.313124640182209
  bi_mi_1: 3.3715961541963515
  bi_mi_2: 3.8597582509873547
Selecting the first 14 target PCs and running PID for convnext_base_classification and eca_nfnet_l0_classification 😀
Source 1 shape: (1000, 14), Source 2 shape: (1000, 14)
Shared target shape: (1000, 14)

Bias correction is enabled for PID calculation:True.

Calculating PID using Tilde...

Results after selecting the first 14 target PCs:
PID Results:
  red: 3.2399195905991647
  unq1: 0.25239622517891913
  unq2: 0.7845271753108958
  syn: 0.2369416612234403
Mutual Information Results:
  tri_mi: 4.51378465231242
  bi_mi_1: 3.4923158157780843
  bi_mi_2: 4.024446765910061
Selecting the first 15 target PCs and running PID for convnext_base_classification and eca_nfnet_l0_classification 😀
Source 1 shape: (1000, 15), Source 2 shape: (1000, 15)
Shared target shape: (1000, 15)

Bias correction is enabled for PID calculation:True.

Calculating PID using Tilde...

Results after selecting the first 15 target PCs:
PID Results:
  red: 3.487921230105081
  unq1: 0.2506152013872871
  unq2: 0.8173140311579292
  syn: 0.25616682549096126
Mutual Information Results:
  tri_mi: 4.812017288141258
  bi_mi_1: 3.738536431492368
  bi_mi_2: 4.30523526126301
Selecting the first 16 target PCs and running PID for convnext_base_classification and eca_nfnet_l0_classification 😀
Source 1 shape: (1000, 16), Source 2 shape: (1000, 16)
Shared target shape: (1000, 16)

Bias correction is enabled for PID calculation:True.

Calculating PID using Tilde...

Results after selecting the first 16 target PCs:
PID Results:
  red: 3.755217509911909
  unq1: 0.19722348602849138
  unq2: 0.7583629825568945
  syn: 0.25865815926873736
Mutual Information Results:
  tri_mi: 4.969462137766032
  bi_mi_1: 3.9524409959404005
  bi_mi_2: 4.513580492468804
Selecting the first 17 target PCs and running PID for convnext_base_classification and eca_nfnet_l0_classification 😀
Source 1 shape: (1000, 17), Source 2 shape: (1000, 17)
Shared target shape: (1000, 17)

Bias correction is enabled for PID calculation:True.

Calculating PID using Tilde...

Results after selecting the first 17 target PCs:
PID Results:
  red: 3.9995370189436246
  unq1: 0.19206638255917063
  unq2: 0.6455125996634647
  syn: 0.2487723766310026
Mutual Information Results:
  tri_mi: 5.085888377797263
  bi_mi_1: 4.191603401502796
  bi_mi_2: 4.64504961860709
Selecting the first 18 target PCs and running PID for convnext_base_classification and eca_nfnet_l0_classification 😀
Source 1 shape: (1000, 18), Source 2 shape: (1000, 18)
Shared target shape: (1000, 18)

Bias correction is enabled for PID calculation:True.

Calculating PID using Tilde...

Results after selecting the first 18 target PCs:
PID Results:
  red: 4.208303454679113
  unq1: 0.15580965774509714
  unq2: 0.5484904440526233
  syn: 0.2776458774370081
Mutual Information Results:
  tri_mi: 5.190249433913841
  bi_mi_1: 4.36411311242421
  bi_mi_2: 4.756793898731736
Selecting the first 19 target PCs and running PID for convnext_base_classification and eca_nfnet_l0_classification 😀
Source 1 shape: (1000, 19), Source 2 shape: (1000, 19)
Shared target shape: (1000, 19)

Bias correction is enabled for PID calculation:True.

Calculating PID using Tilde...

Results after selecting the first 19 target PCs:
PID Results:
  red: 4.383903685456266
  unq1: 0.15391100338015207
  unq2: 0.5529608928292555
  syn: 0.31113671160563605
Mutual Information Results:
  tri_mi: 5.401912293271309
  bi_mi_1: 4.537814688836417
  bi_mi_2: 4.936864578285521
Selecting the first 20 target PCs and running PID for convnext_base_classification and eca_nfnet_l0_classification 😀
Source 1 shape: (1000, 20), Source 2 shape: (1000, 20)
Shared target shape: (1000, 20)

Bias correction is enabled for PID calculation:True.

Calculating PID using Tilde...

Results after selecting the first 20 target PCs:
PID Results:
  red: 4.466694795015626
  unq1: 0.16103190348395824
  unq2: 0.5522871078902796
  syn: 0.330664910521306
Mutual Information Results:
  tri_mi: 5.510678716911169
  bi_mi_1: 4.6277266984995835
  bi_mi_2: 5.018981902905905
Selecting the first 21 target PCs and running PID for convnext_base_classification and eca_nfnet_l0_classification 😀
Source 1 shape: (1000, 21), Source 2 shape: (1000, 21)
Shared target shape: (1000, 21)

Bias correction is enabled for PID calculation:True.

Calculating PID using Tilde...

Results after selecting the first 21 target PCs:
PID Results:
  red: 4.620343264903826
  unq1: 0.1912636224683153
  unq2: 0.5315036805234667
  syn: 0.3531839409432793
Mutual Information Results:
  tri_mi: 5.696294508838887
  bi_mi_1: 4.811606887372141
  bi_mi_2: 5.151846945427293
Selecting the first 22 target PCs and running PID for convnext_base_classification and eca_nfnet_l0_classification 😀
Source 1 shape: (1000, 22), Source 2 shape: (1000, 22)
Shared target shape: (1000, 22)

Bias correction is enabled for PID calculation:True.

Calculating PID using Tilde...

Results after selecting the first 22 target PCs:
PID Results:
  red: 4.785826848646267
  unq1: 0.20356383347286222
  unq2: 0.5273385979814513
  syn: 0.38988900556280104
Mutual Information Results:
  tri_mi: 5.906618285663381
  bi_mi_1: 4.9893906821191285
  bi_mi_2: 5.313165446627718
Selecting the first 23 target PCs and running PID for convnext_base_classification and eca_nfnet_l0_classification 😀
Source 1 shape: (1000, 23), Source 2 shape: (1000, 23)
Shared target shape: (1000, 23)

Bias correction is enabled for PID calculation:True.

Calculating PID using Tilde...

Results after selecting the first 23 target PCs:
PID Results:
  red: 4.935772985585142
  unq1: 0.22551198748744028
  unq2: 0.5188519652428853
  syn: 0.41733667345085657
Mutual Information Results:
  tri_mi: 6.097473611766324
  bi_mi_1: 5.161284973072582
  bi_mi_2: 5.454624950828027
Selecting the first 24 target PCs and running PID for convnext_base_classification and eca_nfnet_l0_classification 😀
Source 1 shape: (1000, 24), Source 2 shape: (1000, 24)
Shared target shape: (1000, 24)

Bias correction is enabled for PID calculation:True.

Calculating PID using Tilde...

Results after selecting the first 24 target PCs:
PID Results:
  red: 5.017213819152714
  unq1: 0.22239849593169492
  unq2: 0.5055753839868968
  syn: 0.44193047114296835
Mutual Information Results:
  tri_mi: 6.187118170214274
  bi_mi_1: 5.2396123150844085
  bi_mi_2: 5.52278920313961
Selecting the first 25 target PCs and running PID for convnext_base_classification and eca_nfnet_l0_classification 😀
Source 1 shape: (1000, 25), Source 2 shape: (1000, 25)
Shared target shape: (1000, 25)

Bias correction is enabled for PID calculation:True.

Calculating PID using Tilde...

Results after selecting the first 25 target PCs:
PID Results:
  red: 5.114514345279284
  unq1: 0.22006709798552482
  unq2: 0.5257164680027238
  syn: 0.468350137563748
Mutual Information Results:
  tri_mi: 6.32864804883128
  bi_mi_1: 5.334581443264808
  bi_mi_2: 5.640230813282007
Selecting the first 26 target PCs and running PID for convnext_base_classification and eca_nfnet_l0_classification 😀
Source 1 shape: (1000, 26), Source 2 shape: (1000, 26)
Shared target shape: (1000, 26)

Bias correction is enabled for PID calculation:True.

Calculating PID using Tilde...

Results after selecting the first 26 target PCs:
PID Results:
  red: 5.18119097813739
  unq1: 0.2266750906428019
  unq2: 0.5356909104292074
  syn: 0.4915730383096255
Mutual Information Results:
  tri_mi: 6.435130017519024
  bi_mi_1: 5.407866068780191
  bi_mi_2: 5.716881888566596
Selecting the first 27 target PCs and running PID for convnext_base_classification and eca_nfnet_l0_classification 😀
Source 1 shape: (1000, 27), Source 2 shape: (1000, 27)
Shared target shape: (1000, 27)

Bias correction is enabled for PID calculation:True.

Calculating PID using Tilde...

Results after selecting the first 27 target PCs:
PID Results:
  red: 5.364391356740617
  unq1: 0.19463712803365585
  unq2: 0.5481793933119743
  syn: 0.49379207643066625
Mutual Information Results:
  tri_mi: 6.600999954516914
  bi_mi_1: 5.559028484774274
  bi_mi_2: 5.912570750052592
Selecting the first 28 target PCs and running PID for convnext_base_classification and eca_nfnet_l0_classification 😀
Source 1 shape: (1000, 28), Source 2 shape: (1000, 28)
Shared target shape: (1000, 28)

Bias correction is enabled for PID calculation:True.

Calculating PID using Tilde...

Results after selecting the first 28 target PCs:
PID Results:
  red: 5.482064178736768
  unq1: 0.1778042350341602
  unq2: 0.5136644854070509
  syn: 0.5258969242779621
Mutual Information Results:
  tri_mi: 6.699429823455941
  bi_mi_1: 5.659868413770928
  bi_mi_2: 5.995728664143819
Selecting the first 29 target PCs and running PID for convnext_base_classification and eca_nfnet_l0_classification 😀
Source 1 shape: (1000, 29), Source 2 shape: (1000, 29)
Shared target shape: (1000, 29)

Bias correction is enabled for PID calculation:True.

Calculating PID using Tilde...

Results after selecting the first 29 target PCs:
PID Results:
  red: 5.589096643819334
  unq1: 0.2029939725364196
  unq2: 0.4869261899956676
  syn: 0.5709054163810601
Mutual Information Results:
  tri_mi: 6.8499222227324825
  bi_mi_1: 5.792090616355755
  bi_mi_2: 6.076022833815003
Selecting the first 30 target PCs and running PID for convnext_base_classification and eca_nfnet_l0_classification 😀
Source 1 shape: (1000, 30), Source 2 shape: (1000, 30)
Shared target shape: (1000, 30)

Bias correction is enabled for PID calculation:True.

Calculating PID using Tilde...

Results after selecting the first 30 target PCs:
PID Results:
  red: 5.68540345921726
  unq1: 0.22355263031843986
  unq2: 0.5012484693944312
  syn: 0.5896166367269382
Mutual Information Results:
  tri_mi: 6.99982119565707
  bi_mi_1: 5.9089560895357005
  bi_mi_2: 6.186651928611692
Selecting the first 31 target PCs and running PID for convnext_base_classification and eca_nfnet_l0_classification 😀
Source 1 shape: (1000, 31), Source 2 shape: (1000, 31)
Shared target shape: (1000, 31)

Bias correction is enabled for PID calculation:True.

Calculating PID using Tilde...

Results after selecting the first 31 target PCs:
PID Results:
  red: 5.8443712515932855
  unq1: 0.19403081019162727
  unq2: 0.49247946709090673
  syn: 0.6199541986995953
Mutual Information Results:
  tri_mi: 7.150835727575414
  bi_mi_1: 6.038402061784912
  bi_mi_2: 6.336850718684191
Selecting the first 32 target PCs and running PID for convnext_base_classification and eca_nfnet_l0_classification 😀
Source 1 shape: (1000, 32), Source 2 shape: (1000, 32)
Shared target shape: (1000, 32)

Bias correction is enabled for PID calculation:True.

Calculating PID using Tilde...

Results after selecting the first 32 target PCs:
PID Results:
  red: 5.979247874422986
  unq1: 0.18990997738159798
  unq2: 0.46007338092193795
  syn: 0.6578571443021568
Mutual Information Results:
  tri_mi: 7.28708837702868
  bi_mi_1: 6.169157851804585
  bi_mi_2: 6.439321255344925
Selecting the first 33 target PCs and running PID for convnext_base_classification and eca_nfnet_l0_classification 😀
Source 1 shape: (1000, 33), Source 2 shape: (1000, 33)
Shared target shape: (1000, 33)

Bias correction is enabled for PID calculation:True.

Calculating PID using Tilde...

Results after selecting the first 33 target PCs:
PID Results:
  red: 6.129019398863394
  unq1: 0.15308748327754973
  unq2: 0.4372000615806648
  syn: 0.677904957634822
Mutual Information Results:
  tri_mi: 7.397211901356432
  bi_mi_1: 6.282106882140945
  bi_mi_2: 6.56621946044406
Selecting the first 34 target PCs and running PID for convnext_base_classification and eca_nfnet_l0_classification 😀
Source 1 shape: (1000, 34), Source 2 shape: (1000, 34)
Shared target shape: (1000, 34)

Bias correction is enabled for PID calculation:True.

Calculating PID using Tilde...

Results after selecting the first 34 target PCs:
PID Results:
  red: 6.199619781879623
  unq1: 0.1364541938352959
  unq2: 0.44192037530662365
  syn: 0.6991158627872309
Mutual Information Results:
  tri_mi: 7.477110213808773
  bi_mi_1: 6.3360739757149185
  bi_mi_2: 6.641540157186246
Selecting the first 35 target PCs and running PID for convnext_base_classification and eca_nfnet_l0_classification 😀
Source 1 shape: (1000, 35), Source 2 shape: (1000, 35)
Shared target shape: (1000, 35)

Bias correction is enabled for PID calculation:True.

Calculating PID using Tilde...

Results after selecting the first 35 target PCs:
PID Results:
  red: 6.3576259945944225
  unq1: 0.15508325741653994
  unq2: 0.43658482284017897
  syn: 0.749654371614147
Mutual Information Results:
  tri_mi: 7.698948446465288
  bi_mi_1: 6.512709252010962
  bi_mi_2: 6.794210817434601
Selecting the first 36 target PCs and running PID for convnext_base_classification and eca_nfnet_l0_classification 😀
Source 1 shape: (1000, 36), Source 2 shape: (1000, 36)
Shared target shape: (1000, 36)

Bias correction is enabled for PID calculation:True.

Calculating PID using Tilde...

Results after selecting the first 36 target PCs:
PID Results:
  red: 6.491913331532954
  unq1: 0.1182748658931585
  unq2: 0.37282888764559363
  syn: 0.7734823045608472
Mutual Information Results:
  tri_mi: 7.756499389632554
  bi_mi_1: 6.610188197426113
  bi_mi_2: 6.864742219178548
Selecting the first 37 target PCs and running PID for convnext_base_classification and eca_nfnet_l0_classification 😀
Source 1 shape: (1000, 37), Source 2 shape: (1000, 37)
Shared target shape: (1000, 37)

Bias correction is enabled for PID calculation:True.

Calculating PID using Tilde...

Results after selecting the first 37 target PCs:
PID Results:
  red: 6.594021529446166
  unq1: 0.1300312604851479
  unq2: 0.34474608608894375
  syn: 0.7814696391057323
Mutual Information Results:
  tri_mi: 7.85026851512599
  bi_mi_1: 6.724052789931314
  bi_mi_2: 6.9387676155351095
Selecting the first 38 target PCs and running PID for convnext_base_classification and eca_nfnet_l0_classification 😀
Source 1 shape: (1000, 38), Source 2 shape: (1000, 38)
Shared target shape: (1000, 38)

Bias correction is enabled for PID calculation:True.

Calculating PID using Tilde...

Results after selecting the first 38 target PCs:
PID Results:
  red: 6.702237422255034
  unq1: 0.15669848037208656
  unq2: 0.33919771196782467
  syn: 0.8092668698772298
Mutual Information Results:
  tri_mi: 8.007400484472175
  bi_mi_1: 6.85893590262712
  bi_mi_2: 7.0414351342228585
Selecting the first 39 target PCs and running PID for convnext_base_classification and eca_nfnet_l0_classification 😀
Source 1 shape: (1000, 39), Source 2 shape: (1000, 39)
Shared target shape: (1000, 39)

Bias correction is enabled for PID calculation:True.

Calculating PID using Tilde...

Results after selecting the first 39 target PCs:
PID Results:
  red: 6.8409037823760235
  unq1: 0.14926369326110223
  unq2: 0.2920911501739889
  syn: 0.8450216272923141
Mutual Information Results:
  tri_mi: 8.127280253103429
  bi_mi_1: 6.990167475637126
  bi_mi_2: 7.132994932550012
Selecting the first 40 target PCs and running PID for convnext_base_classification and eca_nfnet_l0_classification 😀
Source 1 shape: (1000, 40), Source 2 shape: (1000, 40)
Shared target shape: (1000, 40)

Bias correction is enabled for PID calculation:True.

Calculating PID using Tilde...

Results after selecting the first 40 target PCs:
PID Results:
  red: 6.987232573621782
  unq1: 0.11707511407467663
  unq2: 0.29052015428461253
  syn: 0.8726392431648247
Mutual Information Results:
  tri_mi: 8.267467085145896
  bi_mi_1: 7.104307687696458
  bi_mi_2: 7.277752727906394
Selecting the first 41 target PCs and running PID for convnext_base_classification and eca_nfnet_l0_classification 😀
Source 1 shape: (1000, 41), Source 2 shape: (1000, 41)
Shared target shape: (1000, 41)

Bias correction is enabled for PID calculation:True.

Calculating PID using Tilde...

Results after selecting the first 41 target PCs:
PID Results:
  red: 7.117380754651977
  unq1: 0.11079624494669638
  unq2: 0.25923171615987073
  syn: 0.9021911464628776
Mutual Information Results:
  tri_mi: 8.389599862221422
  bi_mi_1: 7.2281769995986735
  bi_mi_2: 7.376612470811848
Selecting the first 42 target PCs and running PID for convnext_base_classification and eca_nfnet_l0_classification 😀
Source 1 shape: (1000, 42), Source 2 shape: (1000, 42)
Shared target shape: (1000, 42)

Bias correction is enabled for PID calculation:True.

Calculating PID using Tilde...

Results after selecting the first 42 target PCs:
PID Results:
  red: 7.2784513434911755
  unq1: 0.13760820771168447
  unq2: 0.21868312360025932
  syn: 0.9198275276471364
Mutual Information Results:
  tri_mi: 8.554570202450256
  bi_mi_1: 7.41605955120286
  bi_mi_2: 7.497134467091435
Selecting the first 43 target PCs and running PID for convnext_base_classification and eca_nfnet_l0_classification 😀
Source 1 shape: (1000, 43), Source 2 shape: (1000, 43)
Shared target shape: (1000, 43)

Bias correction is enabled for PID calculation:True.

Calculating PID using Tilde...

Results after selecting the first 43 target PCs:
PID Results:
  red: 7.394618427682165
  unq1: 0.11764667922445327
  unq2: 0.22797479464888148
  syn: 0.9509995769634401
Mutual Information Results:
  tri_mi: 8.69123947851894
  bi_mi_1: 7.512265106906618
  bi_mi_2: 7.622593222331046
Selecting the first 44 target PCs and running PID for convnext_base_classification and eca_nfnet_l0_classification 😀
Source 1 shape: (1000, 44), Source 2 shape: (1000, 44)
Shared target shape: (1000, 44)

Bias correction is enabled for PID calculation:True.

Calculating PID using Tilde...

Results after selecting the first 44 target PCs:
PID Results:
  red: 7.507483293489517
  unq1: 0.1084153266626613
  unq2: 0.1876664196421407
  syn: 0.9504119935468074
Mutual Information Results:
  tri_mi: 8.753977033341126
  bi_mi_1: 7.615898620152178
  bi_mi_2: 7.6951497131316575
Selecting the first 45 target PCs and running PID for convnext_base_classification and eca_nfnet_l0_classification 😀
Source 1 shape: (1000, 45), Source 2 shape: (1000, 45)
Shared target shape: (1000, 45)

Bias correction is enabled for PID calculation:True.

Calculating PID using Tilde...

Results after selecting the first 45 target PCs:
PID Results:
  red: 7.631359304801434
  unq1: 0.09659542706568125
  unq2: 0.18352568944688308
  syn: 1.0004479672501283
Mutual Information Results:
  tri_mi: 8.911928388564126
  bi_mi_1: 7.727954731867115
  bi_mi_2: 7.814884994248317
Selecting the first 46 target PCs and running PID for convnext_base_classification and eca_nfnet_l0_classification 😀
Source 1 shape: (1000, 46), Source 2 shape: (1000, 46)
Shared target shape: (1000, 46)

Bias correction is enabled for PID calculation:True.

Calculating PID using Tilde...

Results after selecting the first 46 target PCs:
PID Results:
  red: 7.7288466696010465
  unq1: 0.07979749257132429
  unq2: 0.17576075813525893
  syn: 1.0257711009836
Mutual Information Results:
  tri_mi: 9.01017602129123
  bi_mi_1: 7.808644162172371
  bi_mi_2: 7.904607427736305
Selecting the first 47 target PCs and running PID for convnext_base_classification and eca_nfnet_l0_classification 😀
Source 1 shape: (1000, 47), Source 2 shape: (1000, 47)
Shared target shape: (1000, 47)

Bias correction is enabled for PID calculation:True.

Calculating PID using Tilde...

Results after selecting the first 47 target PCs:
PID Results:
  red: 7.875704322459356
  unq1: 0.07494500517337599
  unq2: 0.14473896980555256
  syn: 1.0324870295369628
Mutual Information Results:
  tri_mi: 9.127875326975246
  bi_mi_1: 7.950649327632731
  bi_mi_2: 8.020443292264908
Selecting the first 48 target PCs and running PID for convnext_base_classification and eca_nfnet_l0_classification 😀
Source 1 shape: (1000, 48), Source 2 shape: (1000, 48)
Shared target shape: (1000, 48)

Bias correction is enabled for PID calculation:True.

Calculating PID using Tilde...

Results after selecting the first 48 target PCs:
PID Results:
  red: 8.045940047750722
  unq1: 0.0490866535021528
  unq2: 0.13193028907117998
  syn: 1.0710240270689386
Mutual Information Results:
  tri_mi: 9.297981017392994
  bi_mi_1: 8.095026701252875
  bi_mi_2: 8.177870336821902
Selecting the first 49 target PCs and running PID for convnext_base_classification and eca_nfnet_l0_classification 😀
Source 1 shape: (1000, 49), Source 2 shape: (1000, 49)
Shared target shape: (1000, 49)

Bias correction is enabled for PID calculation:True.

Calculating PID using Tilde...

Results after selecting the first 49 target PCs:
PID Results:
  red: 8.169303110787737
  unq1: 0.05559743432455555
  unq2: 0.12494329067530963
  syn: 1.1037651962643125
Mutual Information Results:
  tri_mi: 9.453609032051915
  bi_mi_1: 8.224900545112293
  bi_mi_2: 8.294246401463047
Selecting the first 50 target PCs and running PID for convnext_base_classification and eca_nfnet_l0_classification 😀
Source 1 shape: (1000, 50), Source 2 shape: (1000, 50)
Shared target shape: (1000, 50)

Bias correction is enabled for PID calculation:True.

Calculating PID using Tilde...

Results after selecting the first 50 target PCs:
PID Results:
  red: 8.28874877761944
  unq1: 0.03451718419898242
  unq2: 0.10892284972222832
  syn: 1.1283831266165567
Mutual Information Results:
  tri_mi: 9.56057193815721
  bi_mi_1: 8.323265961818425
  bi_mi_2: 8.397671627341671
Selecting the first 51 target PCs and running PID for convnext_base_classification and eca_nfnet_l0_classification 😀
Source 1 shape: (1000, 51), Source 2 shape: (1000, 51)
Shared target shape: (1000, 51)

Bias correction is enabled for PID calculation:True.

Calculating PID using Tilde...

Results after selecting the first 51 target PCs:
PID Results:
  red: 8.454355551287426
  unq1: 0.017177656272425068
  unq2: 0.10344558404283966
  syn: 1.1920496517749832
Mutual Information Results:
  tri_mi: 9.767028443377674
  bi_mi_1: 8.471533207559851
  bi_mi_2: 8.557801135330266
Selecting the first 52 target PCs and running PID for convnext_base_classification and eca_nfnet_l0_classification 😀
Source 1 shape: (1000, 52), Source 2 shape: (1000, 52)
Shared target shape: (1000, 52)

Bias correction is enabled for PID calculation:True.

Calculating PID using Tilde...

Results after selecting the first 52 target PCs:
PID Results:
  red: 8.529597093902185
  unq1: 0.0
  unq2: 0.0628348284034832
  syn: 1.203863916717614
Mutual Information Results:
  tri_mi: 9.796295839023283
  bi_mi_1: 8.529597093902186
  bi_mi_2: 8.59243192230567
Selecting the first 53 target PCs and running PID for convnext_base_classification and eca_nfnet_l0_classification 😀
Source 1 shape: (1000, 53), Source 2 shape: (1000, 53)
Shared target shape: (1000, 53)

Bias correction is enabled for PID calculation:True.

Calculating PID using Tilde...

Results after selecting the first 53 target PCs:
PID Results:
  red: 8.597194563009776
  unq1: 0.0
  unq2: 0.06111725678139379
  syn: 1.2409695035943304
Mutual Information Results:
  tri_mi: 9.8992813233855
  bi_mi_1: 8.597194563009776
  bi_mi_2: 8.65831181979117
Selecting the first 54 target PCs and running PID for convnext_base_classification and eca_nfnet_l0_classification 😀
Source 1 shape: (1000, 54), Source 2 shape: (1000, 54)
Shared target shape: (1000, 54)

Bias correction is enabled for PID calculation:True.

Calculating PID using Tilde...

Results after selecting the first 54 target PCs:
PID Results:
  red: 8.69531857445543
  unq1: 0.0
  unq2: 0.03417347682932537
  syn: 1.2662232949230852
Mutual Information Results:
  tri_mi: 9.995715346207842
  bi_mi_1: 8.695318574455431
  bi_mi_2: 8.729492051284756
Selecting the first 55 target PCs and running PID for convnext_base_classification and eca_nfnet_l0_classification 😀
Source 1 shape: (1000, 55), Source 2 shape: (1000, 55)
Shared target shape: (1000, 55)

Bias correction is enabled for PID calculation:True.

Calculating PID using Tilde...

Results after selecting the first 55 target PCs:
PID Results:
  red: 8.833739775767478
  unq1: 0.0
  unq2: 0.02023281645791819
  syn: 1.2591060355189576
Mutual Information Results:
  tri_mi: 10.113078627744352
  bi_mi_1: 8.833739775767476
  bi_mi_2: 8.853972592225395
Selecting the first 56 target PCs and running PID for convnext_base_classification and eca_nfnet_l0_classification 😀
Source 1 shape: (1000, 56), Source 2 shape: (1000, 56)
Shared target shape: (1000, 56)

Bias correction is enabled for PID calculation:True.

Calculating PID using Tilde...

Results after selecting the first 56 target PCs:
PID Results:
  red: 8.96682480429072
  unq1: 0.0
  unq2: 0.05357590940789869
  syn: 1.2602450811071328
Mutual Information Results:
  tri_mi: 10.28064579480575
  bi_mi_1: 8.966824804290718
  bi_mi_2: 9.020400713698617
Selecting the first 57 target PCs and running PID for convnext_base_classification and eca_nfnet_l0_classification 😀
Source 1 shape: (1000, 57), Source 2 shape: (1000, 57)
Shared target shape: (1000, 57)

Bias correction is enabled for PID calculation:True.

Calculating PID using Tilde...

Results after selecting the first 57 target PCs:
PID Results:
  red: 9.074856810293642
  unq1: 0.0
  unq2: 0.08673512723582988
  syn: 1.2424842797262503
Mutual Information Results:
  tri_mi: 10.404076217255723
  bi_mi_1: 9.074856810293642
  bi_mi_2: 9.161591937529472
Selecting the first 58 target PCs and running PID for convnext_base_classification and eca_nfnet_l0_classification 😀
Source 1 shape: (1000, 58), Source 2 shape: (1000, 58)
Shared target shape: (1000, 58)

Bias correction is enabled for PID calculation:True.

Calculating PID using Tilde...

Results after selecting the first 58 target PCs:
PID Results:
  red: 9.22672596341952
  unq1: 0.0
  unq2: 0.05366327025799045
  syn: 1.2780581169662906
Mutual Information Results:
  tri_mi: 10.5584473506438
  bi_mi_1: 9.226725963419518
  bi_mi_2: 9.280389233677509
Selecting the first 59 target PCs and running PID for convnext_base_classification and eca_nfnet_l0_classification 😀
Source 1 shape: (1000, 59), Source 2 shape: (1000, 59)
Shared target shape: (1000, 59)

Bias correction is enabled for PID calculation:True.

Calculating PID using Tilde...

Results after selecting the first 59 target PCs:
PID Results:
  red: 9.323439861941619
  unq1: 0.0
  unq2: 0.01658029994531418
  syn: 1.2906447090860507
Mutual Information Results:
  tri_mi: 10.630664870972984
  bi_mi_1: 9.323439861941619
  bi_mi_2: 9.340020161886933
Selecting the first 60 target PCs and running PID for convnext_base_classification and eca_nfnet_l0_classification 😀
Source 1 shape: (1000, 60), Source 2 shape: (1000, 60)
Shared target shape: (1000, 60)

Bias correction is enabled for PID calculation:True.

Calculating PID using Tilde...

Results after selecting the first 60 target PCs:
PID Results:
  red: 9.401780667183546
  unq1: 0.0
  unq2: 0.04975469257072973
  syn: 1.2854619804319167
Mutual Information Results:
  tri_mi: 10.736997340186193
  bi_mi_1: 9.401780667183546
  bi_mi_2: 9.451535359754276
Selecting the first 61 target PCs and running PID for convnext_base_classification and eca_nfnet_l0_classification 😀
Source 1 shape: (1000, 61), Source 2 shape: (1000, 61)
Shared target shape: (1000, 61)

Bias correction is enabled for PID calculation:True.

Calculating PID using Tilde...

Results after selecting the first 61 target PCs:
PID Results:
  red: 9.476900789522468
  unq1: 0.0
  unq2: 0.0590233764007948
  syn: 1.3132225120546934
Mutual Information Results:
  tri_mi: 10.849146677977956
  bi_mi_1: 9.476900789522468
  bi_mi_2: 9.535924165923262
Selecting the first 62 target PCs and running PID for convnext_base_classification and eca_nfnet_l0_classification 😀
Source 1 shape: (1000, 62), Source 2 shape: (1000, 62)
Shared target shape: (1000, 62)

Bias correction is enabled for PID calculation:True.

Calculating PID using Tilde...

Results after selecting the first 62 target PCs:
PID Results:
  red: 9.651863825614564
  unq1: 0.0
  unq2: 0.042657436082363276
  syn: 1.30810772174474
Mutual Information Results:
  tri_mi: 11.002628983441666
  bi_mi_1: 9.651863825614562
  bi_mi_2: 9.694521261696925
Selecting the first 63 target PCs and running PID for convnext_base_classification and eca_nfnet_l0_classification 😀
Source 1 shape: (1000, 63), Source 2 shape: (1000, 63)
Shared target shape: (1000, 63)

Bias correction is enabled for PID calculation:True.

Calculating PID using Tilde...

Results after selecting the first 63 target PCs:
PID Results:
  red: 9.764711557535357
  unq1: 0.0
  unq2: 0.06371366008628065
  syn: 1.3246410724259867
Mutual Information Results:
  tri_mi: 11.153066290047622
  bi_mi_1: 9.764711557535355
  bi_mi_2: 9.828425217621636
Selecting the first 64 target PCs and running PID for convnext_base_classification and eca_nfnet_l0_classification 😀
Source 1 shape: (1000, 64), Source 2 shape: (1000, 64)
Shared target shape: (1000, 64)

Bias correction is enabled for PID calculation:True.

Calculating PID using Tilde...

Results after selecting the first 64 target PCs:
PID Results:
  red: 9.87865853930738
  unq1: 0.0
  unq2: 0.06763543624029822
  syn: 1.3488708102545566
Mutual Information Results:
  tri_mi: 11.295164785802235
  bi_mi_1: 9.87865853930738
  bi_mi_2: 9.946293975547679
Selecting the first 65 target PCs and running PID for convnext_base_classification and eca_nfnet_l0_classification 😀
Source 1 shape: (1000, 65), Source 2 shape: (1000, 65)
Shared target shape: (1000, 65)

Bias correction is enabled for PID calculation:True.

Calculating PID using Tilde...

Results after selecting the first 65 target PCs:
PID Results:
  red: 10.098025091812627
  unq1: 0.0
  unq2: 0.13077861976896443
  syn: 1.3427235597493627
Mutual Information Results:
  tri_mi: 11.571527271330954
  bi_mi_1: 10.098025091812627
  bi_mi_2: 10.228803711581591
Selecting the first 66 target PCs and running PID for convnext_base_classification and eca_nfnet_l0_classification 😀
Source 1 shape: (1000, 66), Source 2 shape: (1000, 66)
Shared target shape: (1000, 66)

Bias correction is enabled for PID calculation:True.

Calculating PID using Tilde...

Results after selecting the first 66 target PCs:
PID Results:
  red: 10.159136287215453
  unq1: 0.0
  unq2: 0.14133529650649024
  syn: 1.3523032633210033
Mutual Information Results:
  tri_mi: 11.652774847042947
  bi_mi_1: 10.159136287215453
  bi_mi_2: 10.300471583721944
Selecting the first 67 target PCs and running PID for convnext_base_classification and eca_nfnet_l0_classification 😀
Source 1 shape: (1000, 67), Source 2 shape: (1000, 67)
Shared target shape: (1000, 67)

Bias correction is enabled for PID calculation:True.

Calculating PID using Tilde...

Results after selecting the first 67 target PCs:
PID Results:
  red: 10.221911555833625
  unq1: 0.0
  unq2: 0.137278715960651
  syn: 1.3601983812673062
Mutual Information Results:
  tri_mi: 11.719388653061582
  bi_mi_1: 10.221911555833625
  bi_mi_2: 10.359190271794276
Selecting the first 68 target PCs and running PID for convnext_base_classification and eca_nfnet_l0_classification 😀
Source 1 shape: (1000, 68), Source 2 shape: (1000, 68)
Shared target shape: (1000, 68)

Bias correction is enabled for PID calculation:True.

Calculating PID using Tilde...

Results after selecting the first 68 target PCs:
PID Results:
  red: 10.282140601634525
  unq1: 0.0
  unq2: 0.1991149541478876
  syn: 1.359695502409874
Mutual Information Results:
  tri_mi: 11.840951058192287
  bi_mi_1: 10.282140601634525
  bi_mi_2: 10.481255555782413
Selecting the first 69 target PCs and running PID for convnext_base_classification and eca_nfnet_l0_classification 😀
Source 1 shape: (1000, 69), Source 2 shape: (1000, 69)
Shared target shape: (1000, 69)

Bias correction is enabled for PID calculation:True.

Calculating PID using Tilde...

Results after selecting the first 69 target PCs:
PID Results:
  red: 10.34479341324335
  unq1: 0.0
  unq2: 0.17949934343728202
  syn: 1.3804613445764709
Mutual Information Results:
  tri_mi: 11.904754101257103
  bi_mi_1: 10.34479341324335
  bi_mi_2: 10.524292756680632
Selecting the first 70 target PCs and running PID for convnext_base_classification and eca_nfnet_l0_classification 😀
Source 1 shape: (1000, 70), Source 2 shape: (1000, 70)
Shared target shape: (1000, 70)

Bias correction is enabled for PID calculation:True.

Calculating PID using Tilde...

Results after selecting the first 70 target PCs:
PID Results:
  red: 10.412944269823026
  unq1: 0.0
  unq2: 0.18755183401503572
  syn: 1.3876698216729935
Mutual Information Results:
  tri_mi: 11.988165925511055
  bi_mi_1: 10.412944269823026
  bi_mi_2: 10.600496103838061
Selecting the first 71 target PCs and running PID for convnext_base_classification and eca_nfnet_l0_classification 😀
Source 1 shape: (1000, 71), Source 2 shape: (1000, 71)
Shared target shape: (1000, 71)

Bias correction is enabled for PID calculation:True.

Calculating PID using Tilde...

Results after selecting the first 71 target PCs:
PID Results:
  red: 10.526932442668862
  unq1: 0.0
  unq2: 0.2302665712887464
  syn: 1.3833333105568162
Mutual Information Results:
  tri_mi: 12.140532324514423
  bi_mi_1: 10.52693244266886
  bi_mi_2: 10.757199013957607
Selecting the first 72 target PCs and running PID for convnext_base_classification and eca_nfnet_l0_classification 😀
Source 1 shape: (1000, 72), Source 2 shape: (1000, 72)
Shared target shape: (1000, 72)

Bias correction is enabled for PID calculation:True.

Calculating PID using Tilde...

Results after selecting the first 72 target PCs:
PID Results:
  red: 10.634285143408706
  unq1: 0.0
  unq2: 0.23833271577626647
  syn: 1.3719094666824674
Mutual Information Results:
  tri_mi: 12.24452732586744
  bi_mi_1: 10.634285143408706
  bi_mi_2: 10.872617859184972
Selecting the first 73 target PCs and running PID for convnext_base_classification and eca_nfnet_l0_classification 😀
Source 1 shape: (1000, 73), Source 2 shape: (1000, 73)
Shared target shape: (1000, 73)

Bias correction is enabled for PID calculation:True.

Calculating PID using Tilde...

Results after selecting the first 73 target PCs:
PID Results:
  red: 10.740664685902697
  unq1: 0.0
  unq2: 0.2499780329146244
  syn: 1.3787937299816164
Mutual Information Results:
  tri_mi: 12.36943644879894
  bi_mi_1: 10.740664685902699
  bi_mi_2: 10.990642718817323
Selecting the first 74 target PCs and running PID for convnext_base_classification and eca_nfnet_l0_classification 😀
Source 1 shape: (1000, 74), Source 2 shape: (1000, 74)
Shared target shape: (1000, 74)

Bias correction is enabled for PID calculation:True.

Calculating PID using Tilde...

Results after selecting the first 74 target PCs:
PID Results:
  red: 10.833258458358575
  unq1: 0.0
  unq2: 0.22560350244889094
  syn: 1.388364746344255
Mutual Information Results:
  tri_mi: 12.44722670715172
  bi_mi_1: 10.833258458358575
  bi_mi_2: 11.058861960807466
Selecting the first 75 target PCs and running PID for convnext_base_classification and eca_nfnet_l0_classification 😀
Source 1 shape: (1000, 75), Source 2 shape: (1000, 75)
Shared target shape: (1000, 75)

Bias correction is enabled for PID calculation:True.

Calculating PID using Tilde...

Results after selecting the first 75 target PCs:
PID Results:
  red: 10.877350478842843
  unq1: 0.0
  unq2: 0.23856412755274192
  syn: 1.3904753395425633
Mutual Information Results:
  tri_mi: 12.506389945938148
  bi_mi_1: 10.877350478842843
  bi_mi_2: 11.115914606395584
Selecting the first 76 target PCs and running PID for convnext_base_classification and eca_nfnet_l0_classification 😀
Source 1 shape: (1000, 76), Source 2 shape: (1000, 76)
Shared target shape: (1000, 76)

Bias correction is enabled for PID calculation:True.

Calculating PID using Tilde...

Results after selecting the first 76 target PCs:
PID Results:
  red: 11.01075396915364
  unq1: 0.0
  unq2: 0.20748495933510114
  syn: 1.4291878148248198
Mutual Information Results:
  tri_mi: 12.647426743313561
  bi_mi_1: 11.01075396915364
  bi_mi_2: 11.218238928488741
Selecting the first 77 target PCs and running PID for convnext_base_classification and eca_nfnet_l0_classification 😀
Source 1 shape: (1000, 77), Source 2 shape: (1000, 77)
Shared target shape: (1000, 77)

Bias correction is enabled for PID calculation:True.

Calculating PID using Tilde...

Results after selecting the first 77 target PCs:
PID Results:
  red: 11.105191416427893
  unq1: 0.0
  unq2: 0.1405454030183435
  syn: 1.4483619884040841
Mutual Information Results:
  tri_mi: 12.69409880785032
  bi_mi_1: 11.105191416427893
  bi_mi_2: 11.245736819446236
Selecting the first 78 target PCs and running PID for convnext_base_classification and eca_nfnet_l0_classification 😀
Source 1 shape: (1000, 78), Source 2 shape: (1000, 78)
Shared target shape: (1000, 78)

Bias correction is enabled for PID calculation:True.

Calculating PID using Tilde...

Results after selecting the first 78 target PCs:
PID Results:
  red: 11.175966182600469
  unq1: 0.0
  unq2: 0.12757924131855347
  syn: 1.4890389119352214
Mutual Information Results:
  tri_mi: 12.792584335854244
  bi_mi_1: 11.175966182600469
  bi_mi_2: 11.303545423919022
Selecting the first 79 target PCs and running PID for convnext_base_classification and eca_nfnet_l0_classification 😀
Source 1 shape: (1000, 79), Source 2 shape: (1000, 79)
Shared target shape: (1000, 79)

Bias correction is enabled for PID calculation:True.

Calculating PID using Tilde...

Results after selecting the first 79 target PCs:
PID Results:
  red: 11.23934525547671
  unq1: 0.0
  unq2: 0.14366106449613625
  syn: 1.4869583380121973
Mutual Information Results:
  tri_mi: 12.869964657985044
  bi_mi_1: 11.23934525547671
  bi_mi_2: 11.383006319972846
Selecting the first 80 target PCs and running PID for convnext_base_classification and eca_nfnet_l0_classification 😀
Source 1 shape: (1000, 80), Source 2 shape: (1000, 80)
Shared target shape: (1000, 80)

Bias correction is enabled for PID calculation:True.

Calculating PID using Tilde...

Results after selecting the first 80 target PCs:
PID Results:
  red: 11.28888253129367
  unq1: 0.0
  unq2: 0.13379456014093094
  syn: 1.469519262077533
Mutual Information Results:
  tri_mi: 12.892196353512134
  bi_mi_1: 11.28888253129367
  bi_mi_2: 11.4226770914346
Selecting the first 81 target PCs and running PID for convnext_base_classification and eca_nfnet_l0_classification 😀
Source 1 shape: (1000, 81), Source 2 shape: (1000, 81)
Shared target shape: (1000, 81)

Bias correction is enabled for PID calculation:True.

Calculating PID using Tilde...

Results after selecting the first 81 target PCs:
PID Results:
  red: 11.388722540878575
  unq1: 0.0
  unq2: 0.11216934811626444
  syn: 1.5237525723587346
Mutual Information Results:
  tri_mi: 13.024644461353574
  bi_mi_1: 11.388722540878575
  bi_mi_2: 11.50089188899484
Selecting the first 82 target PCs and running PID for convnext_base_classification and eca_nfnet_l0_classification 😀
Source 1 shape: (1000, 82), Source 2 shape: (1000, 82)
Shared target shape: (1000, 82)

Bias correction is enabled for PID calculation:True.

Calculating PID using Tilde...

Results after selecting the first 82 target PCs:
PID Results:
  red: 11.461207468676658
  unq1: 0.0
  unq2: 0.1080638801586673
  syn: 1.5132548116911693
Mutual Information Results:
  tri_mi: 13.082526160526495
  bi_mi_1: 11.461207468676658
  bi_mi_2: 11.569271348835326
Selecting the first 83 target PCs and running PID for convnext_base_classification and eca_nfnet_l0_classification 😀
Source 1 shape: (1000, 83), Source 2 shape: (1000, 83)
Shared target shape: (1000, 83)

Bias correction is enabled for PID calculation:True.

Calculating PID using Tilde...

Results after selecting the first 83 target PCs:
PID Results:
  red: 11.515189656813828
  unq1: 0.0
  unq2: 0.14506938237885336
  syn: 1.5424821179044574
Mutual Information Results:
  tri_mi: 13.202741157097138
  bi_mi_1: 11.515189656813828
  bi_mi_2: 11.660259039192681
Selecting the first 84 target PCs and running PID for convnext_base_classification and eca_nfnet_l0_classification 😀
Source 1 shape: (1000, 84), Source 2 shape: (1000, 84)
Shared target shape: (1000, 84)

Bias correction is enabled for PID calculation:True.

Calculating PID using Tilde...

Results after selecting the first 84 target PCs:
PID Results:
  red: 11.580833136635189
  unq1: 0.0
  unq2: 0.16715718447340322
  syn: 1.5454743599974385
Mutual Information Results:
  tri_mi: 13.29346468110603
  bi_mi_1: 11.580833136635189
  bi_mi_2: 11.747990321108592
Selecting the first 85 target PCs and running PID for convnext_base_classification and eca_nfnet_l0_classification 😀
Source 1 shape: (1000, 85), Source 2 shape: (1000, 85)
Shared target shape: (1000, 85)

Bias correction is enabled for PID calculation:True.

Calculating PID using Tilde...

Results after selecting the first 85 target PCs:
PID Results:
  red: 11.687557242010698
  unq1: 0.0
  unq2: 0.18296884569802785
  syn: 1.5306473279008692
Mutual Information Results:
  tri_mi: 13.401173415609595
  bi_mi_1: 11.687557242010698
  bi_mi_2: 11.870526087708726
Selecting the first 86 target PCs and running PID for convnext_base_classification and eca_nfnet_l0_classification 😀
Source 1 shape: (1000, 86), Source 2 shape: (1000, 86)
Shared target shape: (1000, 86)

Bias correction is enabled for PID calculation:True.

Calculating PID using Tilde...

Results after selecting the first 86 target PCs:
PID Results:
  red: 11.785783188860172
  unq1: 0.0
  unq2: 0.11855046352440723
  syn: 1.5483630424525838
Mutual Information Results:
  tri_mi: 13.452696694837163
  bi_mi_1: 11.785783188860172
  bi_mi_2: 11.90433365238458
Selecting the first 87 target PCs and running PID for convnext_base_classification and eca_nfnet_l0_classification 😀
Source 1 shape: (1000, 87), Source 2 shape: (1000, 87)
Shared target shape: (1000, 87)

Bias correction is enabled for PID calculation:True.

Calculating PID using Tilde...

Results after selecting the first 87 target PCs:
PID Results:
  red: 11.863011022752886
  unq1: 0.0
  unq2: 0.13413283795694042
  syn: 1.541317933607031
Mutual Information Results:
  tri_mi: 13.538461794316857
  bi_mi_1: 11.863011022752886
  bi_mi_2: 11.997143860709826
Selecting the first 88 target PCs and running PID for convnext_base_classification and eca_nfnet_l0_classification 😀
Source 1 shape: (1000, 88), Source 2 shape: (1000, 88)
Shared target shape: (1000, 88)

Bias correction is enabled for PID calculation:True.

Calculating PID using Tilde...

Results after selecting the first 88 target PCs:
PID Results:
  red: 11.942791865759897
  unq1: 0.0
  unq2: 0.16925811970012106
  syn: 1.541569229461711
Mutual Information Results:
  tri_mi: 13.65361921492173
  bi_mi_1: 11.942791865759897
  bi_mi_2: 12.112049985460018
Selecting the first 89 target PCs and running PID for convnext_base_classification and eca_nfnet_l0_classification 😀
Source 1 shape: (1000, 89), Source 2 shape: (1000, 89)
Shared target shape: (1000, 89)

Bias correction is enabled for PID calculation:True.

Calculating PID using Tilde...

Results after selecting the first 89 target PCs:
PID Results:
  red: 12.049683105160849
  unq1: 0.0
  unq2: 0.15743574195055388
  syn: 1.5390747646455747
Mutual Information Results:
  tri_mi: 13.746193611756977
  bi_mi_1: 12.049683105160849
  bi_mi_2: 12.207118847111403
Selecting the first 90 target PCs and running PID for convnext_base_classification and eca_nfnet_l0_classification 😀
Source 1 shape: (1000, 90), Source 2 shape: (1000, 90)
Shared target shape: (1000, 90)

Bias correction is enabled for PID calculation:True.

Calculating PID using Tilde...

Results after selecting the first 90 target PCs:
PID Results:
  red: 12.14262940006728
  unq1: 0.0
  unq2: 0.14432950200598427
  syn: 1.5486269996063466
Mutual Information Results:
  tri_mi: 13.835585901679611
  bi_mi_1: 12.14262940006728
  bi_mi_2: 12.286958902073264
Selecting the first 91 target PCs and running PID for convnext_base_classification and eca_nfnet_l0_classification 😀
Source 1 shape: (1000, 91), Source 2 shape: (1000, 91)
Shared target shape: (1000, 91)

Bias correction is enabled for PID calculation:True.

Calculating PID using Tilde...

Results after selecting the first 91 target PCs:
PID Results:
  red: 12.184091316913978
  unq1: 0.0
  unq2: 0.1503472108288051
  syn: 1.5630137992605828
Mutual Information Results:
  tri_mi: 13.897452327003366
  bi_mi_1: 12.184091316913978
  bi_mi_2: 12.334438527742783
Selecting the first 92 target PCs and running PID for convnext_base_classification and eca_nfnet_l0_classification 😀
Source 1 shape: (1000, 92), Source 2 shape: (1000, 92)
Shared target shape: (1000, 92)

Bias correction is enabled for PID calculation:True.

Calculating PID using Tilde...

Results after selecting the first 92 target PCs:
PID Results:
  red: 12.288331994497746
  unq1: 0.0
  unq2: 0.14853437792052304
  syn: 1.5733462135295326
Mutual Information Results:
  tri_mi: 14.010212585947802
  bi_mi_1: 12.288331994497746
  bi_mi_2: 12.436866372418269
Selecting the first 93 target PCs and running PID for convnext_base_classification and eca_nfnet_l0_classification 😀
Source 1 shape: (1000, 93), Source 2 shape: (1000, 93)
Shared target shape: (1000, 93)

Bias correction is enabled for PID calculation:True.

Calculating PID using Tilde...

Results after selecting the first 93 target PCs:
PID Results:
  red: 12.32449751553245
  unq1: 0.0
  unq2: 0.16295935061038946
  syn: 1.5792898352395177
Mutual Information Results:
  tri_mi: 14.066746701382357
  bi_mi_1: 12.32449751553245
  bi_mi_2: 12.48745686614284
Selecting the first 94 target PCs and running PID for convnext_base_classification and eca_nfnet_l0_classification 😀
Source 1 shape: (1000, 94), Source 2 shape: (1000, 94)
Shared target shape: (1000, 94)

Bias correction is enabled for PID calculation:True.

Calculating PID using Tilde...

Results after selecting the first 94 target PCs:
PID Results:
  red: 12.416074788621422
  unq1: 0.0
  unq2: 0.10565161341441254
  syn: 1.626058146539581
Mutual Information Results:
  tri_mi: 14.147784548575416
  bi_mi_1: 12.416074788621422
  bi_mi_2: 12.521726402035835
Selecting the first 95 target PCs and running PID for convnext_base_classification and eca_nfnet_l0_classification 😀
Source 1 shape: (1000, 95), Source 2 shape: (1000, 95)
Shared target shape: (1000, 95)

Bias correction is enabled for PID calculation:True.

Calculating PID using Tilde...

Results after selecting the first 95 target PCs:
PID Results:
  red: 12.496340567366772
  unq1: 0.0
  unq2: 0.1092697561900664
  syn: 1.674222473749726
Mutual Information Results:
  tri_mi: 14.279832797306565
  bi_mi_1: 12.496340567366772
  bi_mi_2: 12.605610323556839
Selecting the first 96 target PCs and running PID for convnext_base_classification and eca_nfnet_l0_classification 😀
Source 1 shape: (1000, 96), Source 2 shape: (1000, 96)
Shared target shape: (1000, 96)

Bias correction is enabled for PID calculation:True.

Calculating PID using Tilde...

Results after selecting the first 96 target PCs:
PID Results:
  red: 12.534739693083733
  unq1: 0.0
  unq2: 0.1444061749363783
  syn: 1.6976864833392682
Mutual Information Results:
  tri_mi: 14.37683235135938
  bi_mi_1: 12.534739693083733
  bi_mi_2: 12.679145868020111
Selecting the first 97 target PCs and running PID for convnext_base_classification and eca_nfnet_l0_classification 😀
Source 1 shape: (1000, 97), Source 2 shape: (1000, 97)
Shared target shape: (1000, 97)

Bias correction is enabled for PID calculation:True.

Calculating PID using Tilde...

Results after selecting the first 97 target PCs:
PID Results:
  red: 12.65950647888229
  unq1: 0.0
  unq2: 0.12022553346310616
  syn: 1.7576807854388772
Mutual Information Results:
  tri_mi: 14.537412797784274
  bi_mi_1: 12.65950647888229
  bi_mi_2: 12.779732012345397
Selecting the first 98 target PCs and running PID for convnext_base_classification and eca_nfnet_l0_classification 😀
Source 1 shape: (1000, 98), Source 2 shape: (1000, 98)
Shared target shape: (1000, 98)

Bias correction is enabled for PID calculation:True.

Calculating PID using Tilde...

Results after selecting the first 98 target PCs:
PID Results:
  red: 12.69728008620391
  unq1: 0.0
  unq2: 0.11606695462619498
  syn: 1.7481294767111066
Mutual Information Results:
  tri_mi: 14.561476517541212
  bi_mi_1: 12.69728008620391
  bi_mi_2: 12.813347040830106
Selecting the first 99 target PCs and running PID for convnext_base_classification and eca_nfnet_l0_classification 😀
Source 1 shape: (1000, 99), Source 2 shape: (1000, 99)
Shared target shape: (1000, 99)

Bias correction is enabled for PID calculation:True.

Calculating PID using Tilde...

Results after selecting the first 99 target PCs:
PID Results:
  red: 12.700708516067543
  unq1: 0.0
  unq2: 0.12215104885608952
  syn: 1.7394039743070913
Mutual Information Results:
  tri_mi: 14.562263539230724
  bi_mi_1: 12.700708516067543
  bi_mi_2: 12.822859564923633
Selecting the first 100 target PCs and running PID for convnext_base_classification and eca_nfnet_l0_classification 😀
Source 1 shape: (1000, 100), Source 2 shape: (1000, 100)
Shared target shape: (1000, 100)

Bias correction is enabled for PID calculation:True.

Calculating PID using Tilde...

Results after selecting the first 100 target PCs:
PID Results:
  red: 12.747684867037293
  unq1: 0.0
  unq2: 0.12029295099919324
  syn: 1.7300517694591377
Mutual Information Results:
  tri_mi: 14.598029587495624
  bi_mi_1: 12.747684867037293
  bi_mi_2: 12.867977818036486
Selecting the first 101 target PCs and running PID for convnext_base_classification and eca_nfnet_l0_classification 😀
Source 1 shape: (1000, 101), Source 2 shape: (1000, 101)
Shared target shape: (1000, 101)

Bias correction is enabled for PID calculation:True.

Calculating PID using Tilde...
