------------------------------------
Thu 02 Jul 2026 12:18:22 IDT
SLURM_JOBID:		18694829
SLURM_JOB_NODELIST:	ise-cpu-intl-24
SLURM_SCRATCH_DIR:	
Allocated Resouces:	cpu - 4 / mem - 24576 MB / gpu - 
SLURM_GPU_INDEX:	
Running as ohadshee from golan.neuro account with normal QOS
------------------------------------
Project root directory: /home/ohadshee/Desktop/Partial-Information-Decomposition/external/mayas_project
Using device: cpu
Number of images: 73000
Image shape: (425, 425, 3), dtype: uint8
nsdID shape: (73000,), Shared1000 shape: (73000,)
Neural data shape: (10000, 8088)
Image IDs shape: (10000,)
Number of voxels: 8088
Number of projections for SRP: 7894
PCA on unique data completed.
PCA on shared held-out data completed.
Held-out variance explained saved to /home/ohadshee/Desktop/Partial-Information-Decomposition/pipeline/subj_PCs/results/subj01_heldout_pca_variance_explained.csv.
