all_atoms_positive: source1_dim=1
  gpid_tilde: timing repeat 1/5
  gpid_tilde: timing repeat 2/5
  gpid_tilde: timing repeat 3/5
  gpid_tilde: timing repeat 4/5
  gpid_tilde: timing repeat 5/5
  thin_pid: timing repeat 1/5
  thin_pid: timing repeat 2/5
  thin_pid: timing repeat 3/5
  thin_pid: timing repeat 4/5
  thin_pid: timing repeat 5/5
  eigen_pid: timing repeat 1/5
  eigen_pid: timing repeat 2/5
  eigen_pid: timing repeat 3/5
  eigen_pid: timing repeat 4/5
  eigen_pid: timing repeat 5/5
all_atoms_positive: source1_dim=51
  gpid_tilde: timing repeat 1/5
  gpid_tilde: timing repeat 2/5
  gpid_tilde: timing repeat 3/5
  gpid_tilde: timing repeat 4/5
  gpid_tilde: timing repeat 5/5
  thin_pid: timing repeat 1/5
  thin_pid: timing repeat 2/5
  thin_pid: timing repeat 3/5
  thin_pid: timing repeat 4/5
  thin_pid: timing repeat 5/5
  eigen_pid: timing repeat 1/5
  eigen_pid: timing repeat 2/5
  eigen_pid: timing repeat 3/5
  eigen_pid: timing repeat 4/5
  eigen_pid: timing repeat 5/5
all_atoms_positive: source1_dim=101
  gpid_tilde: timing repeat 1/5
  gpid_tilde: timing repeat 2/5
  gpid_tilde: timing repeat 3/5
  gpid_tilde: timing repeat 4/5
  gpid_tilde: timing repeat 5/5
  thin_pid: timing repeat 1/5
  thin_pid: timing repeat 2/5
  thin_pid: timing repeat 3/5
  thin_pid: timing repeat 4/5
  thin_pid: timing repeat 5/5
  eigen_pid: timing repeat 1/5
  eigen_pid: timing repeat 2/5
  eigen_pid: timing repeat 3/5
  eigen_pid: timing repeat 4/5
  eigen_pid: timing repeat 5/5
all_atoms_positive: source1_dim=151
  gpid_tilde: timing repeat 1/5
  gpid_tilde: timing repeat 2/5
  gpid_tilde: timing repeat 3/5
  gpid_tilde: timing repeat 4/5
  gpid_tilde: timing repeat 5/5
  thin_pid: timing repeat 1/5
  thin_pid: timing repeat 2/5
  thin_pid: timing repeat 3/5
  thin_pid: timing repeat 4/5
  thin_pid: timing repeat 5/5
  eigen_pid: timing repeat 1/5
  eigen_pid: timing repeat 2/5
  eigen_pid: timing repeat 3/5
  eigen_pid: timing repeat 4/5
  eigen_pid: timing repeat 5/5
all_atoms_positive: source1_dim=201
  gpid_tilde: timing repeat 1/5
  gpid_tilde: timing repeat 2/5
  gpid_tilde: timing repeat 3/5
  gpid_tilde: timing repeat 4/5
  gpid_tilde: timing repeat 5/5
  thin_pid: timing repeat 1/5
  thin_pid: timing repeat 2/5
  thin_pid: timing repeat 3/5
  thin_pid: timing repeat 4/5
  thin_pid: timing repeat 5/5
  eigen_pid: timing repeat 1/5
  eigen_pid: timing repeat 2/5
  eigen_pid: timing repeat 3/5
  eigen_pid: timing repeat 4/5
  eigen_pid: timing repeat 5/5
all_atoms_positive: source1_dim=251
  gpid_tilde: timing repeat 1/5
  gpid_tilde: timing repeat 2/5
  gpid_tilde: timing repeat 3/5
  gpid_tilde: timing repeat 4/5
  gpid_tilde: timing repeat 5/5
  thin_pid: timing repeat 1/5
  thin_pid: timing repeat 2/5
  thin_pid: timing repeat 3/5
  thin_pid: timing repeat 4/5
  thin_pid: timing repeat 5/5
  eigen_pid: timing repeat 1/5
  eigen_pid: timing repeat 2/5
  eigen_pid: timing repeat 3/5
  eigen_pid: timing repeat 4/5
  eigen_pid: timing repeat 5/5
all_atoms_positive: source1_dim=301
  gpid_tilde: timing repeat 1/5
  gpid_tilde: timing repeat 2/5
  gpid_tilde: timing repeat 3/5
  gpid_tilde: timing repeat 4/5
  gpid_tilde: timing repeat 5/5
  thin_pid: timing repeat 1/5
  thin_pid: timing repeat 2/5
  thin_pid: timing repeat 3/5
  thin_pid: timing repeat 4/5
  thin_pid: timing repeat 5/5
  eigen_pid: timing repeat 1/5
  eigen_pid: timing repeat 2/5
  eigen_pid: timing repeat 3/5
  eigen_pid: timing repeat 4/5
  eigen_pid: timing repeat 5/5
all_atoms_positive: source1_dim=351
  gpid_tilde: timing repeat 1/5
  gpid_tilde: timing repeat 2/5
  gpid_tilde: timing repeat 3/5
  gpid_tilde: timing repeat 4/5
  gpid_tilde: timing repeat 5/5
  thin_pid: timing repeat 1/5
  thin_pid: timing repeat 2/5
  thin_pid: timing repeat 3/5
  thin_pid: timing repeat 4/5
  thin_pid: timing repeat 5/5
  eigen_pid: timing repeat 1/5
  eigen_pid: timing repeat 2/5
  eigen_pid: timing repeat 3/5
  eigen_pid: timing repeat 4/5
  eigen_pid: timing repeat 5/5
all_atoms_positive: source1_dim=401
  gpid_tilde: timing repeat 1/5
  gpid_tilde: timing repeat 2/5
  gpid_tilde: timing repeat 3/5
  gpid_tilde: timing repeat 4/5
  gpid_tilde: timing repeat 5/5
  thin_pid: timing repeat 1/5
  thin_pid: timing repeat 2/5
  thin_pid: timing repeat 3/5
  thin_pid: timing repeat 4/5
  thin_pid: timing repeat 5/5
  eigen_pid: timing repeat 1/5
  eigen_pid: timing repeat 2/5
  eigen_pid: timing repeat 3/5
  eigen_pid: timing repeat 4/5
  eigen_pid: timing repeat 5/5
all_atoms_positive: source1_dim=451
  gpid_tilde: timing repeat 1/5
  gpid_tilde: timing repeat 2/5
  gpid_tilde: timing repeat 3/5
  gpid_tilde: timing repeat 4/5
  gpid_tilde: timing repeat 5/5
  thin_pid: timing repeat 1/5
  thin_pid: timing repeat 2/5
  thin_pid: timing repeat 3/5
  thin_pid: timing repeat 4/5
  thin_pid: timing repeat 5/5
  eigen_pid: timing repeat 1/5
  eigen_pid: timing repeat 2/5
  eigen_pid: timing repeat 3/5
  eigen_pid: timing repeat 4/5
  eigen_pid: timing repeat 5/5
all_atoms_positive: source1_dim=501
  gpid_tilde: timing repeat 1/5
  gpid_tilde: timing repeat 2/5
  gpid_tilde: timing repeat 3/5
  gpid_tilde: timing repeat 4/5
  gpid_tilde: timing repeat 5/5
  thin_pid: timing repeat 1/5
  thin_pid: timing repeat 2/5
  thin_pid: timing repeat 3/5
  thin_pid: timing repeat 4/5
  thin_pid: timing repeat 5/5
  eigen_pid: timing repeat 1/5
  eigen_pid: timing repeat 2/5
  eigen_pid: timing repeat 3/5
  eigen_pid: timing repeat 4/5
  eigen_pid: timing repeat 5/5
all_atoms_positive: source1_dim=551
  gpid_tilde: timing repeat 1/5
  gpid_tilde: timing repeat 2/5
  gpid_tilde: timing repeat 3/5
  gpid_tilde: timing repeat 4/5
  gpid_tilde: timing repeat 5/5
  thin_pid: timing repeat 1/5
  thin_pid: timing repeat 2/5
  thin_pid: timing repeat 3/5
  thin_pid: timing repeat 4/5
  thin_pid: timing repeat 5/5
  eigen_pid: timing repeat 1/5
  eigen_pid: timing repeat 2/5
  eigen_pid: timing repeat 3/5
  eigen_pid: timing repeat 4/5
  eigen_pid: timing repeat 5/5
all_atoms_positive: source1_dim=601
  gpid_tilde: timing repeat 1/5
  gpid_tilde: timing repeat 2/5
  gpid_tilde: timing repeat 3/5
  gpid_tilde: timing repeat 4/5
  gpid_tilde: timing repeat 5/5
  thin_pid: timing repeat 1/5
  thin_pid: timing repeat 2/5
  thin_pid: timing repeat 3/5
  thin_pid: timing repeat 4/5
  thin_pid: timing repeat 5/5
  eigen_pid: timing repeat 1/5
  eigen_pid: timing repeat 2/5
  eigen_pid: timing repeat 3/5
  eigen_pid: timing repeat 4/5
  eigen_pid: timing repeat 5/5
all_atoms_positive: source1_dim=651
  gpid_tilde: timing repeat 1/5
  gpid_tilde: timing repeat 2/5
  gpid_tilde: timing repeat 3/5
  gpid_tilde: timing repeat 4/5
  gpid_tilde: timing repeat 5/5
  thin_pid: timing repeat 1/5
  thin_pid: timing repeat 2/5
  thin_pid: timing repeat 3/5
  thin_pid: timing repeat 4/5
  thin_pid: timing repeat 5/5
  eigen_pid: timing repeat 1/5
  eigen_pid: timing repeat 2/5
  eigen_pid: timing repeat 3/5
  eigen_pid: timing repeat 4/5
  eigen_pid: timing repeat 5/5
all_atoms_positive: source1_dim=701
  gpid_tilde: timing repeat 1/5
  gpid_tilde: timing repeat 2/5
  gpid_tilde: timing repeat 3/5
  gpid_tilde: timing repeat 4/5
  gpid_tilde: timing repeat 5/5
  thin_pid: timing repeat 1/5
  thin_pid: timing repeat 2/5
  thin_pid: timing repeat 3/5
  thin_pid: timing repeat 4/5
  thin_pid: timing repeat 5/5
  eigen_pid: timing repeat 1/5
  eigen_pid: timing repeat 2/5
  eigen_pid: timing repeat 3/5
  eigen_pid: timing repeat 4/5
  eigen_pid: timing repeat 5/5
all_atoms_positive: source1_dim=751
  gpid_tilde: timing repeat 1/5
  gpid_tilde: timing repeat 2/5
  gpid_tilde: timing repeat 3/5
  gpid_tilde: timing repeat 4/5
  gpid_tilde: timing repeat 5/5
  thin_pid: timing repeat 1/5
  thin_pid: timing repeat 2/5
  thin_pid: timing repeat 3/5
  thin_pid: timing repeat 4/5
  thin_pid: timing repeat 5/5
  eigen_pid: timing repeat 1/5
  eigen_pid: timing repeat 2/5
  eigen_pid: timing repeat 3/5
  eigen_pid: timing repeat 4/5
  eigen_pid: timing repeat 5/5
all_atoms_positive: source1_dim=801
  gpid_tilde: timing repeat 1/5
  gpid_tilde: timing repeat 2/5
  gpid_tilde: timing repeat 3/5
  gpid_tilde: timing repeat 4/5
  gpid_tilde: t