
======================================================================
Running Test with N,P = (1000000, 100) and mode = simple

Experiment 1: snr = 5

Covariance matrix shape: torch.Size([300, 300])
dim_m1: 100, dim_m2: 100, dim_t: 100

======================================================================
Comparison of Variance Partitioning and PID Results
======================================================================
Results:
M1 R² (VP): 0.9291 | I(T;M1): 129.3179
M2 R² (VP): -0.0001 | I(T;M2): 0.0051
Both M1 and M2 R² (VP): 0.9609 | I(T;M1,M2): 129.4473

Unique to M1 (VP): 0.9610 | Unique(T;M1\M2): 129.3137
Unique to M2 (VP): 0.0317 | Unique(T;M2\M1): 0.0009
Common (VP): -0.0318 | Redundant (PID): 0.0041
Synergy (PID): 0.1285

======================================================================
Experiment 2: snr = 5 multivariate gaussian with different seeds
Traceback (most recent call last):
  File "/home/ohadshee/Desktop/Thesis_Ohad_Sheelo/supression_effect/supp_gauss_multivariate.py", line 334, in <module>
    main()
  File "/home/ohadshee/Desktop/Thesis_Ohad_Sheelo/supression_effect/supp_gauss_multivariate.py", line 299, in main
    vp_results, pid_results, mi_results = test_suppression(N, P, suppression_strength, rng_seed+2, mode=mode, snr=snr, method=method, mixing_dimension=mixing_dimension)
                                          ^^^^^^^^^^^^^^^^^^^^^^^^^^^^^^^^^^^^^^^^^^^^^^^^^^^^^^^^^^^^^^^^^^^^^^^^^^^^^^^^^^^^^^^^^^^^^^^^^^^^^^^^^^^^^^^^^^^^^^^^^^^^^^
  File "/home/ohadshee/Desktop/Thesis_Ohad_Sheelo/supression_effect/supp_gauss_multivariate.py", line 102, in test_suppression
    vp_results , t_m_dict = run_experiment(rng,suppression_strength,mode,N,P,mixing_dimension,snr,method) #Variance Partitioning and sources and target
                            ^^^^^^^^^^^^^^^^^^^^^^^^^^^^^^^^^^^^^^^^^^^^^^^^^^^^^^^^^^^^^^^^^^^^^^^^^^^^^
  File "/home/ohadshee/Desktop/Thesis_Ohad_Sheelo/toy_examples/toy_example.py", line 373, in run_experiment
    decomp = commonality_analysis(X_M1, X_M2, y_real, method=method)
             ^^^^^^^^^^^^^^^^^^^^^^^^^^^^^^^^^^^^^^^^^^^^^^^^^^^^^^^
  File "/home/ohadshee/Desktop/Thesis_Ohad_Sheelo/toy_examples/toy_example.py", line 141, in commonality_analysis
    modelA,r2_A = compute_r2_fn(features_A, target)
                  ^^^^^^^^^^^^^^^^^^^^^^^^^^^^^^^^^
  File "/home/ohadshee/Desktop/Thesis_Ohad_Sheelo/toy_examples/toy_example.py", line 134, in <lambda>
    compute_r2_fn = lambda X, y: compute_ridge_cv_r2(X, y, alphas)
                                 ^^^^^^^^^^^^^^^^^^^^^^^^^^^^^^^^^
  File "/home/ohadshee/Desktop/Thesis_Ohad_Sheelo/toy_examples/toy_example.py", line 55, in compute_ridge_cv_r2
    ridge_cv.fit(X, y)
  File "/home/ohadshee/anaconda3/envs/PID_env/lib/python3.12/site-packages/sklearn/base.py", line 1365, in wrapper
    return fit_method(estimator, *args, **kwargs)
           ^^^^^^^^^^^^^^^^^^^^^^^^^^^^^^^^^^^^^^
  File "/home/ohadshee/anaconda3/envs/PID_env/lib/python3.12/site-packages/sklearn/linear_model/_ridge.py", line 2694, in fit
    super().fit(X, y, sample_weight=sample_weight, **params)
  File "/home/ohadshee/anaconda3/envs/PID_env/lib/python3.12/site-packages/sklearn/linear_model/_ridge.py", line 2425, in fit
    estimator.fit(
  File "/home/ohadshee/anaconda3/envs/PID_env/lib/python3.12/site-packages/sklearn/linear_model/_ridge.py", line 2201, in fit
    alpha_score = self._score(
                  ^^^^^^^^^^^^
  File "/home/ohadshee/anaconda3/envs/PID_env/lib/python3.12/site-packages/sklearn/linear_model/_ridge.py", line 2261, in _score
    def _score(self, *, predictions, y, n_y, scorer, score_params):

KeyboardInterrupt
