
======================================================================
Running Test with N,P = (100000, 25) and mode = only_unq2_zero

Experiment 1: snr = 0.5
Using scalses: R=1, U=1, N=1, eps_y=9.858169063320439
Calculating bias correction terms...

Covariance matrix shape: torch.Size([75, 75])
dim_m1: 25, dim_m2: 25, dim_t: 25

======================================================================
Comparison of Variance Partitioning and PID Results
======================================================================
Results:
M1 R² (VP): 0.0001 | I(T;M1): 0.1247
M2 R² (VP): -0.0002 | I(T;M2): 0.0014
Both M1 and M2 R² (VP): 0.0095 | I(T;M1,M2): 0.1262

Unique to M1 (VP): 0.0097 | Unique(T;M1\M2): 0.1246
Unique to M2 (VP): 0.0094 | Unique(T;M2\M1): 0.0014
Common (VP): -0.0096 | Redundant (PID): 0.0000
Synergy (PID): 0.0001

======================================================================
Experiment 2: snr = 0.5 multivariate gaussian with different seeds
Using scalses: R=1, U=1, N=1, eps_y=9.614233784506165
Calculating bias correction terms...

Covariance matrix shape: torch.Size([75, 75])
dim_m1: 25, dim_m2: 25, dim_t: 25

======================================================================
Comparison of Variance Partitioning and PID Results
======================================================================
Results:
M1 R² (VP): 0.0001 | I(T;M1): 0.1354
M2 R² (VP): -0.0002 | I(T;M2): 0.0011
Both M1 and M2 R² (VP): 0.0104 | I(T;M1,M2): 0.1366

Unique to M1 (VP): 0.0105 | Unique(T;M1\M2): 0.1354
Unique to M2 (VP): 0.0102 | Unique(T;M2\M1): 0.0011
Common (VP): -0.0104 | Redundant (PID): 0.0000
Synergy (PID): 0.0001

======================================================================
Experiment 3: snr = 0.9
Using scalses: R=1, U=1, N=1, eps_y=5.476760590733577
Calculating bias correction terms...

Covariance matrix shape: torch.Size([75, 75])
dim_m1: 25, dim_m2: 25, dim_t: 25

======================================================================
Comparison of Variance Partitioning and PID Results
======================================================================
Results:
M1 R² (VP): 0.0036 | I(T;M1): 0.3945
M2 R² (VP): 0.0007 | I(T;M2): 0.0127
Both M1 and M2 R² (VP): 0.0316 | I(T;M1,M2): 0.4078

Unique to M1 (VP): 0.0309 | Unique(T;M1\M2): 0.3940
Unique to M2 (VP): 0.0280 | Unique(T;M2\M1): 0.0122
Common (VP): -0.0272 | Redundant (PID): 0.0005
Synergy (PID): 0.0010

======================================================================
Experiment 4: snr = 0.9 multivariate gaussian with different seeds
Using scalses: R=1, U=1, N=1, eps_y=5.341240991392314
Calculating bias correction terms...

Covariance matrix shape: torch.Size([75, 75])
dim_m1: 25, dim_m2: 25, dim_t: 25

======================================================================
Comparison of Variance Partitioning and PID Results
======================================================================
Results:
M1 R² (VP): 0.0040 | I(T;M1): 0.4210
M2 R² (VP): 0.0008 | I(T;M2): 0.0132
Both M1 and M2 R² (VP): 0.0337 | I(T;M1,M2): 0.4347

Unique to M1 (VP): 0.0329 | Unique(T;M1\M2): 0.4204
Unique to M2 (VP): 0.0297 | Unique(T;M2\M1): 0.0126
Common (VP): -0.0289 | Redundant (PID): 0.0005
Synergy (PID): 0.0011

======================================================================
Experiment 5: snr = 1.2 multivariate gaussian with different seeds
Using scalses: R=1, U=1, N=1, eps_y=4.164894619343166
Calculating bias correction terms...

Covariance matrix shape: torch.Size([75, 75])
dim_m1: 25, dim_m2: 25, dim_t: 25

======================================================================
Comparison of Variance Partitioning and PID Results
======================================================================
Results:
M1 R² (VP): 0.0103 | I(T;M1): 0.6632
M2 R² (VP): 0.0025 | I(T;M2): 0.0347
Both M1 and M2 R² (VP): 0.0540 | I(T;M1,M2): 0.7000

Unique to M1 (VP): 0.0515 | Unique(T;M1\M2): 0.6612
Unique to M2 (VP): 0.0436 | Unique(T;M2\M1): 0.0328
Common (VP): -0.0411 | Redundant (PID): 0.0020
Synergy (PID): 0.0040

======================================================================
Experiment 6: snr = 3
Using scalses: R=1, U=1, N=1, eps_y=1.6430281772200732
Calculating bias correction terms...

Covariance matrix shape: torch.Size([75, 75])
dim_m1: 25, dim_m2: 25, dim_t: 25

======================================================================
Comparison of Variance Partitioning and PID Results
======================================================================
Results:
M1 R² (VP): 0.1813 | I(T;M1): 2.9918
M2 R² (VP): 0.0575 | I(T;M2): 0.7435
Both M1 and M2 R² (VP): 0.2703 | I(T;M1,M2): 3.9454

Unique to M1 (VP): 0.2128 | Unique(T;M1\M2): 2.8366
Unique to M2 (VP): 0.0889 | Unique(T;M2\M1): 0.5883
Common (VP): -0.0314 | Redundant (PID): 0.1552
Synergy (PID): 0.3652

======================================================================
Experiment 7: snr = 5 multivariate gaussian with different seeds
Using scalses: R=1, U=1, N=1, eps_y=0.9995747086423599
Calculating bias correction terms...

Covariance matrix shape: torch.Size([75, 75])
dim_m1: 25, dim_m2: 25, dim_t: 25

======================================================================
Comparison of Variance Partitioning and PID Results
======================================================================
Results:
M1 R² (VP): 0.4441 | I(T;M1): 5.0790
M2 R² (VP): 0.1659 | I(T;M2): 2.2707
Both M1 and M2 R² (VP): 0.4999 | I(T;M1,M2): 8.6674

Unique to M1 (VP): 0.3340 | Unique(T;M1\M2): 4.3651
Unique to M2 (VP): 0.0558 | Unique(T;M2\M1): 1.5568
Common (VP): 0.1101 | Redundant (PID): 0.7139
Synergy (PID): 2.0316

All experiments completed.
