
======================================================================
Running Test with N,P = (100000, 50) and mode = only_unq2_zero

Experiment 1: snr = 0.5
Using scalses: R=1, U=1, N=1, eps_y=14.384789265126827
Calculating bias correction terms...

Covariance matrix shape: torch.Size([150, 150])
dim_m1: 50, dim_m2: 50, dim_t: 50

======================================================================
Comparison of Variance Partitioning and PID Results
======================================================================
Results:
M1 R² (VP): -0.0004 | I(T;M1): 0.0027
M2 R² (VP): -0.0005 | I(T;M2): 0.0008
Both M1 and M2 R² (VP): 0.0038 | I(T;M1,M2): 0.1209

Unique to M1 (VP): 0.0043 | Unique(T;M1\M2): 0.0027
Unique to M2 (VP): 0.0042 | Unique(T;M2\M1): 0.0008
Common (VP): -0.0047 | Redundant (PID): 0.0000
Synergy (PID): 0.1174

======================================================================
Experiment 2: snr = 0.5 multivariate gaussian with different seeds
Using scalses: R=1, U=1, N=1, eps_y=14.325023831307067
Calculating bias correction terms...

Covariance matrix shape: torch.Size([150, 150])
dim_m1: 50, dim_m2: 50, dim_t: 50

======================================================================
Comparison of Variance Partitioning and PID Results
======================================================================
Results:
M1 R² (VP): -0.0004 | I(T;M1): 0.0024
M2 R² (VP): -0.0005 | I(T;M2): 0.0008
Both M1 and M2 R² (VP): 0.0039 | I(T;M1,M2): 0.1219

Unique to M1 (VP): 0.0044 | Unique(T;M1\M2): 0.0024
Unique to M2 (VP): 0.0043 | Unique(T;M2\M1): 0.0008
Common (VP): -0.0048 | Redundant (PID): 0.0000
Synergy (PID): 0.1188

======================================================================
Experiment 3: snr = 0.9
Using scalses: R=1, U=1, N=1, eps_y=7.991549591737126
Calculating bias correction terms...

Covariance matrix shape: torch.Size([150, 150])
dim_m1: 50, dim_m2: 50, dim_t: 50

======================================================================
Comparison of Variance Partitioning and PID Results
======================================================================
Results:
M1 R² (VP): 0.0004 | I(T;M1): 0.0240
M2 R² (VP): -0.0003 | I(T;M2): 0.0063
Both M1 and M2 R² (VP): 0.0144 | I(T;M1,M2): 0.3890

Unique to M1 (VP): 0.0147 | Unique(T;M1\M2): 0.0239
Unique to M2 (VP): 0.0140 | Unique(T;M2\M1): 0.0063
Common (VP): -0.0143 | Redundant (PID): 0.0000
Synergy (PID): 0.3587

======================================================================
Experiment 4: snr = 0.9 multivariate gaussian with different seeds
Using scalses: R=1, U=1, N=1, eps_y=7.95834657294837
Calculating bias correction terms...

Covariance matrix shape: torch.Size([150, 150])
dim_m1: 50, dim_m2: 50, dim_t: 50

======================================================================
Comparison of Variance Partitioning and PID Results
======================================================================
Results:
M1 R² (VP): 0.0004 | I(T;M1): 0.0230
M2 R² (VP): -0.0003 | I(T;M2): 0.0059
Both M1 and M2 R² (VP): 0.0146 | I(T;M1,M2): 0.3916

Unique to M1 (VP): 0.0148 | Unique(T;M1\M2): 0.0230
Unique to M2 (VP): 0.0142 | Unique(T;M2\M1): 0.0059
Common (VP): -0.0144 | Redundant (PID): 0.0000
Synergy (PID): 0.3627

======================================================================
Experiment 5: snr = 3
Using scalses: R=1, U=1, N=1, eps_y=2.397464877521138
Traceback (most recent call last):
  File "/home/ohadshee/Desktop/Thesis_Ohad_Sheelo/supression_effect/supp_gauss_multivariate.py", line 340, in <module>
    main()
  File "/home/ohadshee/Desktop/Thesis_Ohad_Sheelo/supression_effect/supp_gauss_multivariate.py", line 328, in main
    vp_results, pid_results, mi_results = test_suppresion(N, P, suppresion_strength, rng_seed, mode=mode, snr=snr, method=method, mixing_dimension=mixing_dimension)
                                          ^^^^^^^^^^^^^^^^^^^^^^^^^^^^^^^^^^^^^^^^^^^^^^^^^^^^^^^^^^^^^^^^^^^^^^^^^^^^^^^^^^^^^^^^^^^^^^^^^^^^^^^^^^^^^^^^^^^^^^^^^^
  File "/home/ohadshee/Desktop/Thesis_Ohad_Sheelo/supression_effect/supp_gauss_multivariate.py", line 73, in test_suppresion
    vp_results , t_m_dict = run_experiment(rng,suppresion_strength,mode,N,P,mixing_dimension,snr,method) #Variance Partitioning and sources and target
                            ^^^^^^^^^^^^^^^^^^^^^^^^^^^^^^^^^^^^^^^^^^^^^^^^^^^^^^^^^^^^^^^^^^^^^^^^^^^^
  File "/home/ohadshee/Desktop/Thesis_Ohad_Sheelo/toy_examples/toy_example.py", line 373, in run_experiment
    decomp = commonality_analysis(X_M1, X_M2, y_real, method=method)
             ^^^^^^^^^^^^^^^^^^^^^^^^^^^^^^^^^^^^^^^^^^^^^^^^^^^^^^^
  File "/home/ohadshee/Desktop/Thesis_Ohad_Sheelo/toy_examples/toy_example.py", line 143, in commonality_analysis
    modelAB,r2_AB = compute_r2_fn(features_AB, target)
                    ^^^^^^^^^^^^^^^^^^^^^^^^^^^^^^^^^^
  File "/home/ohadshee/Desktop/Thesis_Ohad_Sheelo/toy_examples/toy_example.py", line 134, in <lambda>
    compute_r2_fn = lambda X, y: compute_ridge_cv_r2(X, y, alphas)
                                 ^^^^^^^^^^^^^^^^^^^^^^^^^^^^^^^^^
  File "/home/ohadshee/Desktop/Thesis_Ohad_Sheelo/toy_examples/toy_example.py", line 55, in compute_ridge_cv_r2
    ridge_cv.fit(X, y)
  File "/home/ohadshee/anaconda3/envs/PID_env/lib/python3.12/site-packages/sklearn/base.py", line 1365, in wrapper
    return fit_method(estimator, *args, **kwargs)
           ^^^^^^^^^^^^^^^^^^^^^^^^^^^^^^^^^^^^^^
  File "/home/ohadshee/anaconda3/envs/PID_env/lib/python3.12/site-packages/sklearn/linear_model/_ridge.py", line 2694, in fit
    super().fit(X, y, sample_weight=sample_weight, **params)
  File "/home/ohadshee/anaconda3/envs/PID_env/lib/python3.12/site-packages/sklearn/linear_model/_ridge.py", line 2425, in fit
    estimator.fit(
  File "/home/ohadshee/anaconda3/envs/PID_env/lib/python3.12/site-packages/sklearn/linear_model/_ridge.py", line 2201, in fit
    alpha_score = self._score(
                  ^^^^^^^^^^^^
  File "/home/ohadshee/anaconda3/envs/PID_env/lib/python3.12/site-packages/sklearn/linear_model/_ridge.py", line 2288, in _score
    _score = scorer(identity_estimator, predictions, y, **score_params)
             ^^^^^^^^^^^^^^^^^^^^^^^^^^^^^^^^^^^^^^^^^^^^^^^^^^^^^^^^^^
  File "/home/ohadshee/anaconda3/envs/PID_env/lib/python3.12/site-packages/sklearn/metrics/_scorer.py", line 308, in __call__
    return self._score(partial(_cached_call, None), estimator, X, y_true, **_kwargs)
           ^^^^^^^^^^^^^^^^^^^^^^^^^^^^^^^^^^^^^^^^^^^^^^^^^^^^^^^^^^^^^^^^^^^^^^^^^
  File "/home/ohadshee/anaconda3/envs/PID_env/lib/python3.12/site-packages/sklearn/metrics/_scorer.py", line 408, in _score
    return self._sign * self._score_func(y_true, y_pred, **scoring_kwargs)
                        ^^^^^^^^^^^^^^^^^^^^^^^^^^^^^^^^^^^^^^^^^^^^^^^^^^
  File "/home/ohadshee/anaconda3/envs/PID_env/lib/python3.12/site-packages/sklearn/utils/_param_validation.py", line 191, in wrapper
    return func(*args, **kwargs)
           ^^^^^^^^^^^^^^^^^^^^^
  File "/home/ohadshee/anaconda3/envs/PID_env/lib/python3.12/site-packages/sklearn/metrics/_regression.py", line 1292, in r2_score
    numerator = xp.sum(weight * (y_true - y_pred) ** 2, axis=0)
                ^^^^^^^^^^^^^^^^^^^^^^^^^^^^^^^^^^^^^^^^^^^^^^^
  File "/home/ohadshee/anaconda3/envs/PID_env/lib/python3.12/site-packages/numpy/_core/fromnumeric.py", line 2333, in _sum_dispatcher
    def _sum_dispatcher(a, axis=None, dtype=None, out=None, keepdims=None,
    
KeyboardInterrupt
