Sonic empirical covariance:
tensor([[ 1.0995e+00, -2.1845e-04, -2.5021e-04,  3.3698e-04, -2.6908e-04,
          5.9940e-01,  7.2964e-05, -4.7507e-05,  3.5741e-04, -2.2043e-04,
          5.9983e-01, -5.0828e-04, -1.3499e-04,  3.3101e-05, -1.9499e-04],
        [-2.1845e-04,  1.0997e+00,  1.2402e-04,  5.4930e-04, -2.1753e-04,
         -6.1004e-04,  6.0017e-01,  1.6350e-04,  2.0964e-04,  5.1174e-06,
          2.9654e-04,  5.9971e-01, -1.0453e-04,  1.0082e-04, -4.9825e-04],
        [-2.5021e-04,  1.2402e-04,  1.1007e+00, -9.0650e-05, -4.5151e-05,
         -3.0397e-04,  2.4294e-04,  6.0047e-01, -2.0369e-04, -4.7918e-06,
         -3.3363e-05, -1.2830e-04,  6.0054e-01,  5.0774e-05,  2.0546e-04],
        [ 3.3698e-04,  5.4930e-04, -9.0650e-05,  1.0999e+00, -2.1067e-04,
          1.8567e-04,  3.6430e-04,  1.0875e-04,  5.9970e-01,  6.9197e-06,
         -2.0089e-04,  2.9444e-04,  2.2892e-04,  5.9948e-01, -2.5861e-04],
        [-2.6908e-04, -2.1753e-04, -4.5151e-05, -2.1067e-04,  1.1006e+00,
          3.0418e-05,  5.3305e-05,  7.8849e-05,  1.0651e-04,  6.0057e-01,
         -3.5705e-04,  1.7328e-04,  3.3704e-04, -2.2261e-04,  6.0026e-01],
        [ 5.9940e-01, -6.1004e-04, -3.0397e-04,  1.8567e-04,  3.0418e-05,
          6.9950e-01, -2.4201e-04, -1.4880e-04,  1.0360e-05, -2.8380e-06,
          1.9952e-01, -5.4568e-04, -1.4874e-04,  5.7503e-05, -1.4420e-04],
        [ 7.2964e-05,  6.0017e-01,  2.4294e-04,  3.6430e-04,  5.3305e-05,
         -2.4201e-04,  7.0020e-01,  2.5060e-04,  3.4225e-05,  1.5484e-05,
          3.1505e-04,  1.9983e-01,  5.2801e-05,  1.2401e-04, -1.3220e-04],
        [-4.7507e-05,  1.6350e-04,  6.0047e-01,  1.0875e-04,  7.8849e-05,
         -1.4880e-04,  2.5060e-04,  7.0004e-01, -4.5504e-05,  1.2367e-04,
          8.1401e-05, -1.6291e-05,  2.0025e-01,  8.8478e-05,  2.0673e-04],
        [ 3.5741e-04,  2.0964e-04, -2.0369e-04,  5.9970e-01,  1.0651e-04,
          1.0360e-05,  3.4225e-05, -4.5504e-05,  6.9992e-01,  1.1259e-04,
         -1.0395e-04,  2.4836e-04,  2.8298e-04,  1.9960e-01, -6.1987e-05],
        [-2.2043e-04,  5.1174e-06, -4.7918e-06,  6.9197e-06,  6.0057e-01,
         -2.8380e-06,  1.5484e-05,  1.2367e-04,  1.1259e-04,  7.0042e-01,
         -2.5371e-04,  2.0347e-04,  1.7901e-04, -2.5979e-04,  2.0044e-01],
        [ 5.9983e-01,  2.9654e-04, -3.3363e-05, -2.0089e-04, -3.5705e-04,
          1.9952e-01,  3.1505e-04,  8.1401e-05, -1.0395e-04, -2.5371e-04,
          9.0040e-01,  3.9965e-05, -1.1301e-04, -5.0297e-05,  2.3691e-04],
        [-5.0828e-04,  5.9971e-01, -1.2830e-04,  2.9444e-04,  1.7328e-04,
         -5.4568e-04,  1.9983e-01, -1.6291e-05,  2.4836e-04,  2.0347e-04,
          3.9965e-05,  9.0031e-01, -1.5432e-06, -2.3920e-05, -1.5223e-04],
        [-1.3499e-04, -1.0453e-04,  6.0054e-01,  2.2892e-04,  3.3704e-04,
         -1.4874e-04,  5.2801e-05,  2.0025e-01,  2.8298e-04,  1.7901e-04,
         -1.1301e-04, -1.5432e-06,  9.0037e-01,  1.5610e-04,  1.6363e-04],
        [ 3.3101e-05,  1.0082e-04,  5.0774e-05,  5.9948e-01, -2.2261e-04,
          5.7503e-05,  1.2401e-04,  8.8478e-05,  1.9960e-01, -2.5979e-04,
         -5.0297e-05, -2.3920e-05,  1.5610e-04,  8.9955e-01,  4.2952e-04],
        [-1.9499e-04, -4.9825e-04,  2.0546e-04, -2.5861e-04,  6.0026e-01,
         -1.4420e-04, -1.3220e-04,  2.0673e-04, -6.1987e-05,  2.0044e-01,
          2.3691e-04, -1.5223e-04,  1.6363e-04,  4.2952e-04,  9.0019e-01]])

Shadow empirical covariance:
tensor([[ 1.1001e+00, -1.6340e-04, -8.8700e-04, -2.6779e-04,  6.2871e-05,
          5.9997e-01, -3.9489e-04, -3.0093e-04, -8.3638e-05,  1.5619e-04,
          6.0020e-01,  2.6407e-04, -3.5134e-04, -6.4518e-04, -3.4101e-04],
        [-1.6340e-04,  1.1002e+00, -4.6742e-04,  3.8082e-05, -1.9360e-04,
         -1.5000e-04,  6.0044e-01, -2.1508e-04, -3.1813e-04, -1.0298e-04,
          2.3615e-04,  5.9975e-01, -2.0384e-04,  3.5207e-04,  2.2927e-04],
        [-8.8700e-04, -4.6742e-04,  1.1003e+00,  1.2181e-04, -4.9704e-05,
         -5.9798e-04, -3.8777e-04,  6.0023e-01,  4.1183e-05,  4.6050e-04,
         -4.5227e-04, -2.1906e-04,  6.0001e-01,  5.4482e-04,  3.0071e-05],
        [-2.6779e-04,  3.8082e-05,  1.2181e-04,  1.1001e+00,  6.6315e-04,
         -1.6391e-04,  1.7508e-04, -1.2627e-04,  6.0010e-01,  1.6678e-04,
         -1.2570e-06, -3.2231e-04, -1.8447e-04,  6.0051e-01,  8.4433e-04],
        [ 6.2871e-05, -1.9360e-04, -4.9704e-05,  6.6315e-04,  1.1004e+00,
          9.1504e-05, -1.2049e-04,  4.5567e-05,  1.6574e-04,  6.0005e-01,
         -3.5358e-04, -1.1040e-04,  1.9700e-04,  1.4731e-04,  6.0040e-01],
        [ 5.9997e-01, -1.5000e-04, -5.9798e-04, -1.6391e-04,  9.1504e-05,
          6.9985e-01, -2.1276e-04, -2.5222e-04, -2.8197e-04,  3.6201e-04,
          1.9997e-01,  1.3507e-04, -1.0521e-04, -3.0027e-04, -2.5817e-04],
        [-3.9489e-04,  6.0044e-01, -3.8777e-04,  1.7508e-04, -1.2049e-04,
         -2.1276e-04,  7.0030e-01, -2.0355e-04, -2.0445e-04, -2.1187e-04,
         -3.7184e-04,  2.0026e-01, -5.1476e-05,  3.3499e-04,  1.9105e-04],
        [-3.0093e-04, -2.1508e-04,  6.0023e-01, -1.2627e-04,  4.5567e-05,
         -2.5222e-04, -2.0355e-04,  6.9989e-01, -7.5446e-05,  3.2605e-04,
         -1.7686e-04, -2.4933e-04,  2.0004e-01,  2.2444e-04,  6.1386e-05],
        [-8.3638e-05, -3.1813e-04,  4.1183e-05,  6.0010e-01,  1.6574e-04,
         -2.8197e-04, -2.0445e-04, -7.5446e-05,  7.0020e-01,  2.4979e-05,
          2.2769e-04, -4.8396e-04, -1.3542e-04,  2.0036e-01,  4.4085e-04],
        [ 1.5619e-04, -1.0298e-04,  4.6050e-04,  1.6678e-04,  6.0005e-01,
          3.6201e-04, -2.1187e-04,  3.2605e-04,  2.4979e-05,  6.9965e-01,
         -2.7943e-04, -4.1496e-05,  4.5031e-04, -2.5769e-04,  2.0007e-01],
        [ 6.0020e-01,  2.3615e-04, -4.5227e-04, -1.2570e-06, -3.5358e-04,
          1.9997e-01, -3.7184e-04, -1.7686e-04,  2.2769e-04, -2.7943e-04,
          9.0013e-01,  5.3005e-04, -3.2810e-04, -5.5435e-04, -3.8942e-04],
        [ 2.6407e-04,  5.9975e-01, -2.1906e-04, -3.2231e-04, -1.1040e-04,
          1.3507e-04,  2.0026e-01, -2.4933e-04, -4.8396e-04, -4.1496e-05,
          5.3005e-04,  8.9946e-01, -3.0753e-04,  1.2841e-04,  3.3550e-04],
        [-3.5134e-04, -2.0384e-04,  6.0001e-01, -1.8447e-04,  1.9700e-04,
         -1.0521e-04, -5.1476e-05,  2.0004e-01, -1.3542e-04,  4.5031e-04,
         -3.2810e-04, -3.0753e-04,  9.0002e-01,  2.3681e-04, -9.2921e-05],
        [-6.4518e-04,  3.5207e-04,  5.4482e-04,  6.0051e-01,  1.4731e-04,
         -3.0027e-04,  3.3499e-04,  2.2444e-04,  2.0036e-01, -2.5769e-04,
         -5.5435e-04,  1.2841e-04,  2.3681e-04,  9.0079e-01,  4.9112e-04],
        [-3.4101e-04,  2.2927e-04,  3.0071e-05,  8.4433e-04,  6.0040e-01,
         -2.5817e-04,  1.9105e-04,  6.1386e-05,  4.4085e-04,  2.0007e-01,
         -3.8942e-04,  3.3550e-04, -9.2921e-05,  4.9112e-04,  9.0022e-01]])

Difference: Sonic - Shadow
tensor([[-5.6747e-04, -5.5050e-05,  6.3679e-04,  6.0477e-04, -3.3195e-04,
         -5.7675e-04,  4.6785e-04,  2.5342e-04,  4.4105e-04, -3.7662e-04,
         -3.7270e-04, -7.7235e-04,  2.1635e-04,  6.7828e-04,  1.4602e-04],
        [-5.5050e-05, -4.8221e-04,  5.9144e-04,  5.1122e-04, -2.3934e-05,
         -4.6004e-04, -2.7139e-04,  3.7858e-04,  5.2777e-04,  1.0810e-04,
          6.0385e-05, -3.8115e-05,  9.9311e-05, -2.5125e-04, -7.2751e-04],
        [ 6.3679e-04,  5.9144e-04,  4.1563e-04, -2.1246e-04,  4.5533e-06,
          2.9400e-04,  6.3071e-04,  2.3932e-04, -2.4487e-04, -4.6529e-04,
          4.1891e-04,  9.0758e-05,  5.3563e-04, -4.9405e-04,  1.7539e-04],
        [ 6.0477e-04,  5.1122e-04, -2.1246e-04, -1.8366e-04, -8.7382e-04,
          3.4958e-04,  1.8922e-04,  2.3502e-04, -4.0579e-04, -1.5986e-04,
         -1.9963e-04,  6.1674e-04,  4.1338e-04, -1.0299e-03, -1.1029e-03],
        [-3.3195e-04, -2.3934e-05,  4.5533e-06, -8.7382e-04,  1.9446e-04,
         -6.1086e-05,  1.7379e-04,  3.3281e-05, -5.9233e-05,  5.2054e-04,
         -3.4676e-06,  2.8367e-04,  1.4004e-04, -3.6992e-04, -1.3207e-04],
        [-5.7675e-04, -4.6004e-04,  2.9400e-04,  3.4958e-04, -6.1086e-05,
         -3.5197e-04, -2.9243e-05,  1.0341e-04,  2.9233e-04, -3.6485e-04,
         -4.4987e-04, -6.8075e-04, -4.3527e-05,  3.5777e-04,  1.1398e-04],
        [ 4.6785e-04, -2.7139e-04,  6.3071e-04,  1.8922e-04,  1.7379e-04,
         -2.9243e-05, -1.0149e-04,  4.5415e-04,  2.3867e-04,  2.2736e-04,
          6.8689e-04, -4.3544e-04,  1.0428e-04, -2.1098e-04, -3.2325e-04],
        [ 2.5342e-04,  3.7858e-04,  2.3932e-04,  2.3502e-04,  3.3281e-05,
          1.0341e-04,  4.5415e-04,  1.5232e-04,  2.9943e-05, -2.0237e-04,
          2.5826e-04,  2.3304e-04,  2.1042e-04, -1.3596e-04,  1.4534e-04],
        [ 4.4105e-04,  5.2777e-04, -2.4487e-04, -4.0579e-04, -5.9233e-05,
          2.9233e-04,  2.3867e-04,  2.9943e-05, -2.8370e-04,  8.7611e-05,
         -3.3163e-04,  7.3232e-04,  4.1840e-04, -7.6233e-04, -5.0284e-04],
        [-3.7662e-04,  1.0810e-04, -4.6529e-04, -1.5986e-04,  5.2054e-04,
         -3.6485e-04,  2.2736e-04, -2.0237e-04,  8.7611e-05,  7.6909e-04,
          2.5722e-05,  2.4496e-04, -2.7130e-04, -2.0960e-06,  3.6442e-04],
        [-3.7270e-04,  6.0385e-05,  4.1891e-04, -1.9963e-04, -3.4676e-06,
         -4.4987e-04,  6.8689e-04,  2.5826e-04, -3.3163e-04,  2.5722e-05,
          2.6995e-04, -4.9009e-04,  2.1508e-04,  5.0406e-04,  6.2633e-04],
        [-7.7235e-04, -3.8115e-05,  9.0758e-05,  6.1674e-04,  2.8367e-04,
         -6.8075e-04, -4.3544e-04,  2.3304e-04,  7.3232e-04,  2.4496e-04,
         -4.9009e-04,  8.4305e-04,  3.0598e-04, -1.5233e-04, -4.8772e-04],
        [ 2.1635e-04,  9.9311e-05,  5.3563e-04,  4.1338e-04,  1.4004e-04,
         -4.3527e-05,  1.0428e-04,  2.1042e-04,  4.1840e-04, -2.7130e-04,
          2.1508e-04,  3.0598e-04,  3.4337e-04, -8.0703e-05,  2.5655e-04],
        [ 6.7828e-04, -2.5125e-04, -4.9405e-04, -1.0299e-03, -3.6992e-04,
          3.5777e-04, -2.1098e-04, -1.3596e-04, -7.6233e-04, -2.0960e-06,
          5.0406e-04, -1.5233e-04, -8.0703e-05, -1.2447e-03, -6.1598e-05],
        [ 1.4602e-04, -7.2751e-04,  1.7539e-04, -1.1029e-03, -1.3207e-04,
          1.1398e-04, -3.2325e-04,  1.4534e-04, -5.0284e-04,  3.6442e-04,
          6.2633e-04, -4.8772e-04,  2.5655e-04, -6.1598e-05, -3.0964e-05]])

Max absolute difference:
0.001244656368609709

Are covariance matrices close?
True✅

Covariance matrix shape: torch.Size([15, 15])
dim_m1: 5, dim_m2: 5, dim_t: 5

Covariance matrix shape: torch.Size([15, 15])
dim_m1: 5, dim_m2: 5, dim_t: 5

============================================================
      PARTIAL INFORMATION DECOMPOSITION (PID) RESULTS       
============================================================

Sonic:
  PID Decomposition:
    Redundancy (Red):     0.0583
    Unique 1 (Unq1):      1.0711
    Unique 2 (Unq2):      0.1055
    Synergy (Syn):        0.0919
  Mutual Information:
    I(M1;T):              1.1294
    I(M2;T):              0.1638
    I(M1,M2;T):           1.3269

Shadow:
  PID Decomposition:
    Redundancy (Red):     0.0585
    Unique 1 (Unq1):      1.0718
    Unique 2 (Unq2):      0.1057
    Synergy (Syn):        0.0916
  Mutual Information:
    I(M1;T):              1.1303
    I(M2;T):              0.1642
    I(M1,M2;T):           1.3276

============================================================
                COMPARISON: SONIC vs SHADOW                 
============================================================

PID Decomposition Differences:
  Redundancy (Red):     0.0583 - 0.0585 = -0.0002
  Unique 1 (Unq1):      1.0711 - 1.0718 = -0.0007
  Unique 2 (Unq2):      0.1055 - 0.1057 = -0.0002
  Synergy (Syn):        0.0919 - 0.0916 = 0.0003

Mutual Information Differences:
  I(M1;T):              1.1294 - 1.1303 = -0.0009
  I(M2;T):              0.1638 - 0.1642 = -0.0004
  I(M1,M2;T):           1.3269 - 1.3276 = -0.0007

============================================================
