
======================================================================
Experiment 1: snr = 0.5
Calculating bias correction terms...

Covariance matrix shape: torch.Size([150, 150])
dim_m1: 50, dim_m2: 50, dim_t: 50

======================================================================
Comparison of Variance Partitioning and PID Results
======================================================================
Results:
M1 R² (VP): 0.0363 | I(T;M1): 0.9269
M2 R² (VP): -0.0001 | I(T;M2): 0.0000
Both M1 and M2 R² (VP): 0.3301 | I(T;M1,M2): 10.0181

Unique to M1 (VP): 0.3301 | Unique(T;M1\M2): 0.9268
Unique to M2 (VP): 0.2937 | Unique(T;M2\M1): -0.0000
Common (VP): -0.2938 | Redundant (PID): 0.0000
Synergy (PID): 9.0912

======================================================================
Experiment 2: snr = 0.5 multivariate gaussian with different seeds
Calculating bias correction terms...

Covariance matrix shape: torch.Size([150, 150])
dim_m1: 50, dim_m2: 50, dim_t: 50

======================================================================
Comparison of Variance Partitioning and PID Results
======================================================================
Results:
M1 R² (VP): 0.0380 | I(T;M1): 0.9704
M2 R² (VP): -0.0001 | I(T;M2): 0.0000
Both M1 and M2 R² (VP): 0.3363 | I(T;M1,M2): 10.2516

Unique to M1 (VP): 0.3364 | Unique(T;M1\M2): 0.9704
Unique to M2 (VP): 0.2983 | Unique(T;M2\M1): -0.0000
Common (VP): -0.2984 | Redundant (PID): 0.0000
Synergy (PID): 9.2812

======================================================================
Experiment 3: snr = 0.9
Calculating bias correction terms...

Covariance matrix shape: torch.Size([150, 150])
dim_m1: 50, dim_m2: 50, dim_t: 50

======================================================================
Comparison of Variance Partitioning and PID Results
======================================================================
Results:
M1 R² (VP): 0.1755 | I(T;M1): 4.8243
M2 R² (VP): -0.0001 | I(T;M2): 0.0000
Both M1 and M2 R² (VP): 0.6123 | I(T;M1,M2): 23.6880

Unique to M1 (VP): 0.6123 | Unique(T;M1\M2): 4.8241
Unique to M2 (VP): 0.4368 | Unique(T;M2\M1): -0.0002
Common (VP): -0.4369 | Redundant (PID): 0.0002
Synergy (PID): 18.8639

======================================================================
Experiment 4: snr = 0.9 multivariate gaussian with different seeds
Calculating bias correction terms...

Covariance matrix shape: torch.Size([150, 150])
dim_m1: 50, dim_m2: 50, dim_t: 50

======================================================================
Comparison of Variance Partitioning and PID Results
======================================================================
Results:
M1 R² (VP): 0.1811 | I(T;M1): 4.9968
M2 R² (VP): -0.0001 | I(T;M2): 0.0000
Both M1 and M2 R² (VP): 0.6189 | I(T;M1,M2): 24.1191

Unique to M1 (VP): 0.6189 | Unique(T;M1\M2): 4.9966
Unique to M2 (VP): 0.4378 | Unique(T;M2\M1): -0.0002
Common (VP): -0.4378 | Redundant (PID): 0.0002
Synergy (PID): 19.1225

======================================================================
Experiment 5: snr = 3
Calculating bias correction terms...

Covariance matrix shape: torch.Size([150, 150])
dim_m1: 50, dim_m2: 50, dim_t: 50

======================================================================
Comparison of Variance Partitioning and PID Results
======================================================================
Results:
M1 R² (VP): 0.7674 | I(T;M1): 36.4669
M2 R² (VP): -0.0000 | I(T;M2): 0.0001
Both M1 and M2 R² (VP): 0.9380 | I(T;M1,M2): 69.5188

Unique to M1 (VP): 0.9381 | Unique(T;M1\M2): 36.4659
Unique to M2 (VP): 0.1706 | Unique(T;M2\M1): -0.0009
Common (VP): -0.1706 | Redundant (PID): 0.0010
Synergy (PID): 33.0529

======================================================================
Experiment 6: snr = 5 multivariate gaussian with different seeds
Calculating bias correction terms...

Covariance matrix shape: torch.Size([150, 150])
dim_m1: 50, dim_m2: 50, dim_t: 50

======================================================================
Comparison of Variance Partitioning and PID Results
======================================================================
Results:
M1 R² (VP): 0.9057 | I(T;M1): 59.0257
M2 R² (VP): -0.0000 | I(T;M2): 0.0003
Both M1 and M2 R² (VP): 0.9720 | I(T;M1,M2): 89.3814

Unique to M1 (VP): 0.9720 | Unique(T;M1\M2): 59.0243
Unique to M2 (VP): 0.0663 | Unique(T;M2\M1): -0.0011
Common (VP): -0.0664 | Redundant (PID): 0.0014
Synergy (PID): 30.3568

All experiments completed.
