
Running Gaussian Univariate target and sources simple example...

======================================================================
Experiment 1: snr = 0.95

======================================================================
Simple Example with RNG seed 42 and Noise seed 24
======================================================================
ridge_cv analysis of target (y_real):
- R²_A: 0.3122
- R²_B: -0.0035
- R²_AB: 0.4391
- unique_A: 0.4426
- unique_B: 0.1268
- common: -0.1304
- unexplained: 0.5609

Full covariance matrix shape: torch.Size([6, 6])

Covariance matrix shape: torch.Size([6, 6])
dim_m1: 2, dim_m2: 2, dim_t: 2

Idep PID results:
- red: 0.0002
- unq0: 0.3602
- unq1: 0.0006
- syn: 0.2135

======================================================================
Comparison of Variance Partitioning and PID Results
======================================================================
Results:
M1 R² (VP): 0.3122 | I(T;M1): 0.3604
M2 R² (VP): -0.0035 | I(T;M2): 0.0008
Both M1 and M2 R² (VP): 0.4391 | I(T;M1,M2): 0.5744

Unique to M1 (VP): 0.4426 | Unique(T;M1\M2): 0.3602
Unique to M2 (VP): 0.1268 | Unique(T;M2\M1): 0.0006
Common (VP): -0.1304 | Redundant (PID): 0.0002
Synergy (PID): 0.2135

Suppression effect detected: M2 is a suppressor variable.❗❗❗

======================================================================
Experiment 2: snr = 0.95 univariate gaussian with different seeds

======================================================================
Simple Example with RNG seed 44 and Noise seed 26
======================================================================
ridge_cv analysis of target (y_real):
- R²_A: 0.2293
- R²_B: -0.0034
- R²_AB: 0.3318
- unique_A: 0.3352
- unique_B: 0.1025
- common: -0.1058
- unexplained: 0.6682

Full covariance matrix shape: torch.Size([6, 6])

Covariance matrix shape: torch.Size([6, 6])
dim_m1: 2, dim_m2: 2, dim_t: 2

Idep PID results:
- red: 0.0001
- unq0: 0.2851
- unq1: 0.0008
- syn: 0.2156

======================================================================
Comparison of Variance Partitioning and PID Results
======================================================================
Results:
M1 R² (VP): 0.2293 | I(T;M1): 0.2851
M2 R² (VP): -0.0034 | I(T;M2): 0.0009
Both M1 and M2 R² (VP): 0.3318 | I(T;M1,M2): 0.5015

Unique to M1 (VP): 0.3352 | Unique(T;M1\M2): 0.2851
Unique to M2 (VP): 0.1025 | Unique(T;M2\M1): 0.0008
Common (VP): -0.1058 | Redundant (PID): 0.0001
Synergy (PID): 0.2156

Suppression effect detected: M2 is a suppressor variable.❗❗❗

======================================================================
Experiment 3: snr = 0.9

======================================================================
Simple Example with RNG seed 42 and Noise seed 24
======================================================================
ridge_cv analysis of target (y_real):
- R²_A: 0.2945
- R²_B: -0.0036
- R²_AB: 0.4133
- unique_A: 0.4169
- unique_B: 0.1189
- common: -0.1224
- unexplained: 0.5867

Full covariance matrix shape: torch.Size([6, 6])

Covariance matrix shape: torch.Size([6, 6])
dim_m1: 2, dim_m2: 2, dim_t: 2

Idep PID results:
- red: 0.0002
- unq0: 0.3365
- unq1: 0.0006
- syn: 0.1932

======================================================================
Comparison of Variance Partitioning and PID Results
======================================================================
Results:
M1 R² (VP): 0.2945 | I(T;M1): 0.3367
M2 R² (VP): -0.0036 | I(T;M2): 0.0008
Both M1 and M2 R² (VP): 0.4133 | I(T;M1,M2): 0.5304

Unique to M1 (VP): 0.4169 | Unique(T;M1\M2): 0.3365
Unique to M2 (VP): 0.1189 | Unique(T;M2\M1): 0.0006
Common (VP): -0.1224 | Redundant (PID): 0.0002
Synergy (PID): 0.1932

Suppression effect detected: M2 is a suppressor variable.❗❗❗

======================================================================
Experiment 4: snr = 0.9 univariate gaussian with different seeds

======================================================================
Simple Example with RNG seed 44 and Noise seed 26
======================================================================
ridge_cv analysis of target (y_real):
- R²_A: 0.2184
- R²_B: -0.0034
- R²_AB: 0.3160
- unique_A: 0.3194
- unique_B: 0.0977
- common: -0.1010
- unexplained: 0.6840

Full covariance matrix shape: torch.Size([6, 6])

Covariance matrix shape: torch.Size([6, 6])
dim_m1: 2, dim_m2: 2, dim_t: 2

Idep PID results:
- red: 0.0001
- unq0: 0.2688
- unq1: 0.0008
- syn: 0.1963

======================================================================
Comparison of Variance Partitioning and PID Results
======================================================================
Results:
M1 R² (VP): 0.2184 | I(T;M1): 0.2689
M2 R² (VP): -0.0034 | I(T;M2): 0.0009
Both M1 and M2 R² (VP): 0.3160 | I(T;M1,M2): 0.4661

Unique to M1 (VP): 0.3194 | Unique(T;M1\M2): 0.2688
Unique to M2 (VP): 0.0977 | Unique(T;M2\M1): 0.0008
Common (VP): -0.1010 | Redundant (PID): 0.0001
Synergy (PID): 0.1963

Suppression effect detected: M2 is a suppressor variable.❗❗❗

======================================================================
Experiment 5: snr = 0.8

======================================================================
Simple Example with RNG seed 42 and Noise seed 24
======================================================================
ridge_cv analysis of target (y_real):
- R²_A: 0.2566
- R²_B: -0.0036
- R²_AB: 0.3587
- unique_A: 0.3622
- unique_B: 0.1021
- common: -0.1057
- unexplained: 0.6413

Full covariance matrix shape: torch.Size([6, 6])

Covariance matrix shape: torch.Size([6, 6])
dim_m1: 2, dim_m2: 2, dim_t: 2

Idep PID results:
- red: 0.0001
- unq0: 0.2876
- unq1: 0.0006
- syn: 0.1548

======================================================================
Comparison of Variance Partitioning and PID Results
======================================================================
Results:
M1 R² (VP): 0.2566 | I(T;M1): 0.2877
M2 R² (VP): -0.0036 | I(T;M2): 0.0007
Both M1 and M2 R² (VP): 0.3587 | I(T;M1,M2): 0.4431

Unique to M1 (VP): 0.3622 | Unique(T;M1\M2): 0.2876
Unique to M2 (VP): 0.1021 | Unique(T;M2\M1): 0.0006
Common (VP): -0.1057 | Redundant (PID): 0.0001
Synergy (PID): 0.1548

Suppression effect detected: M2 is a suppressor variable.❗❗❗

======================================================================
Experiment 6: snr = 0.8 univariate gaussian with different seeds

======================================================================
Simple Example with RNG seed 43 and Noise seed 25
======================================================================
ridge_cv analysis of target (y_real):
- R²_A: 0.2747
- R²_B: -0.0035
- R²_AB: 0.3664
- unique_A: 0.3699
- unique_B: 0.0917
- common: -0.0952
- unexplained: 0.6336

Full covariance matrix shape: torch.Size([6, 6])

Covariance matrix shape: torch.Size([6, 6])
dim_m1: 2, dim_m2: 2, dim_t: 2

Idep PID results:
- red: 0.0003
- unq0: 0.2862
- unq1: 0.0004
- syn: 0.1476

======================================================================
Comparison of Variance Partitioning and PID Results
======================================================================
Results:
M1 R² (VP): 0.2747 | I(T;M1): 0.2865
M2 R² (VP): -0.0035 | I(T;M2): 0.0007
Both M1 and M2 R² (VP): 0.3664 | I(T;M1,M2): 0.4345

Unique to M1 (VP): 0.3699 | Unique(T;M1\M2): 0.2862
Unique to M2 (VP): 0.0917 | Unique(T;M2\M1): 0.0004
Common (VP): -0.0952 | Redundant (PID): 0.0003
Synergy (PID): 0.1476

Suppression effect detected: M2 is a suppressor variable.❗❗❗

All experiments completed.
