
======================================================================
Experiment 1: snr = 0.5
Calculating bias correction terms...

Covariance matrix shape: torch.Size([150, 150])
dim_m1: 50, dim_m2: 50, dim_t: 50

======================================================================
Comparison of Variance Partitioning and PID Results
======================================================================
Results:
M1 R² (VP): 0.0000 | I(T;M1): 0.0024
M2 R² (VP): -0.0000 | I(T;M2): 0.0006
Both M1 and M2 R² (VP): 0.0048 | I(T;M1,M2): 0.1240

Unique to M1 (VP): 0.0049 | Unique(T;M1\M2): 0.0024
Unique to M2 (VP): 0.0048 | Unique(T;M2\M1): 0.0006
Common (VP): -0.0048 | Redundant (PID): 0.0000
Synergy (PID): 0.1210

======================================================================
Experiment 2: snr = 0.5 multivariate gaussian with different seeds
Calculating bias correction terms...

Covariance matrix shape: torch.Size([150, 150])
dim_m1: 50, dim_m2: 50, dim_t: 50

======================================================================
Comparison of Variance Partitioning and PID Results
======================================================================
Results:
M1 R² (VP): 0.0000 | I(T;M1): 0.0025
M2 R² (VP): -0.0000 | I(T;M2): 0.0006
Both M1 and M2 R² (VP): 0.0050 | I(T;M1,M2): 0.1267

Unique to M1 (VP): 0.0050 | Unique(T;M1\M2): 0.0025
Unique to M2 (VP): 0.0049 | Unique(T;M2\M1): 0.0006
Common (VP): -0.0049 | Redundant (PID): 0.0000
Synergy (PID): 0.1236

======================================================================
Experiment 3: snr = 0.9
Calculating bias correction terms...

Covariance matrix shape: torch.Size([150, 150])
dim_m1: 50, dim_m2: 50, dim_t: 50

======================================================================
Comparison of Variance Partitioning and PID Results
======================================================================
Results:
M1 R² (VP): 0.0009 | I(T;M1): 0.0241
M2 R² (VP): 0.0002 | I(T;M2): 0.0061
Both M1 and M2 R² (VP): 0.0157 | I(T;M1,M2): 0.3988

Unique to M1 (VP): 0.0155 | Unique(T;M1\M2): 0.0241
Unique to M2 (VP): 0.0148 | Unique(T;M2\M1): 0.0061
Common (VP): -0.0146 | Redundant (PID): 0.0000
Synergy (PID): 0.3686

======================================================================
Experiment 4: snr = 0.9 multivariate gaussian with different seeds
Calculating bias correction terms...

Covariance matrix shape: torch.Size([150, 150])
dim_m1: 50, dim_m2: 50, dim_t: 50

======================================================================
Comparison of Variance Partitioning and PID Results
======================================================================
Results:
M1 R² (VP): 0.0010 | I(T;M1): 0.0255
M2 R² (VP): 0.0002 | I(T;M2): 0.0065
Both M1 and M2 R² (VP): 0.0161 | I(T;M1,M2): 0.4089

Unique to M1 (VP): 0.0159 | Unique(T;M1\M2): 0.0255
Unique to M2 (VP): 0.0152 | Unique(T;M2\M1): 0.0065
Common (VP): -0.0149 | Redundant (PID): 0.0000
Synergy (PID): 0.3769

======================================================================
Experiment 5: snr = 3
Calculating bias correction terms...

Covariance matrix shape: torch.Size([150, 150])
dim_m1: 50, dim_m2: 50, dim_t: 50

======================================================================
Comparison of Variance Partitioning and PID Results
======================================================================
Results:
M1 R² (VP): 0.0690 | I(T;M1): 1.7877
M2 R² (VP): 0.0198 | I(T;M2): 0.5009
Both M1 and M2 R² (VP): 0.1513 | I(T;M1,M2): 4.1023

Unique to M1 (VP): 0.1315 | Unique(T;M1\M2): 1.7533
Unique to M2 (VP): 0.0823 | Unique(T;M2\M1): 0.4664
Common (VP): -0.0625 | Redundant (PID): 0.0344
Synergy (PID): 1.8482

======================================================================
Experiment 6: snr = 5 multivariate gaussian with different seeds
Calculating bias correction terms...

Covariance matrix shape: torch.Size([150, 150])
dim_m1: 50, dim_m2: 50, dim_t: 50

======================================================================
Comparison of Variance Partitioning and PID Results
======================================================================
Results:
M1 R² (VP): 0.2655 | I(T;M1): 7.7155
M2 R² (VP): 0.0894 | I(T;M2): 2.3425
Both M1 and M2 R² (VP): 0.3470 | I(T;M1,M2): 10.6557

Unique to M1 (VP): 0.2576 | Unique(T;M1\M2): 7.1140
Unique to M2 (VP): 0.0815 | Unique(T;M2\M1): 1.7410
Common (VP): 0.0079 | Redundant (PID): 0.6015
Synergy (PID): 1.1992

All experiments completed.
