Loaded 4 completed seeds from: /home/ohadshee/Desktop/Thesis_Ohad_Sheelo/simulation_results/Toy_Example/only_unq2_zero/seed_runs_cca_toyexample_supp_gauss_multivariate.csv
Skipping seed 0 (already completed).
Skipping seed 1 (already completed).
Skipping seed 2 (already completed).
Skipping seed 3 (already completed).

Running seed 4 (5/100)...
Using scalses: R=1, U=1, N=1, eps_y=1.4166649844896742
/home/ohadshee/anaconda3/envs/PID_env/lib/python3.12/site-packages/sklearn/cross_decomposition/_pls.py:104: ConvergenceWarning: Maximum number of iterations reached
  warnings.warn("Maximum number of iterations reached", ConvergenceWarning)
/home/ohadshee/Desktop/Thesis_Ohad_Sheelo/supression_effect/supp_gauss_multivariate.py:118: UserWarning: To copy construct from a tensor, it is recommended to use sourceTensor.detach().clone() or sourceTensor.detach().clone().requires_grad_(True), rather than torch.tensor(sourceTensor).
  M1 = torch.tensor(M1)
/home/ohadshee/Desktop/Thesis_Ohad_Sheelo/supression_effect/supp_gauss_multivariate.py:119: UserWarning: To copy construct from a tensor, it is recommended to use sourceTensor.detach().clone() or sourceTensor.detach().clone().requires_grad_(True), rather than torch.tensor(sourceTensor).
  M2 = torch.tensor(M2)

Covariance matrix shape: torch.Size([82, 82])
dim_m1: 16, dim_m2: 16, dim_t: 50

Running seed 5 (6/100)...
Using scalses: R=1, U=1, N=1, eps_y=1.4012725767066647
/home/ohadshee/anaconda3/envs/PID_env/lib/python3.12/site-packages/sklearn/cross_decomposition/_pls.py:104: ConvergenceWarning: Maximum number of iterations reached
  warnings.warn("Maximum number of iterations reached", ConvergenceWarning)
/home/ohadshee/Desktop/Thesis_Ohad_Sheelo/supression_effect/supp_gauss_multivariate.py:118: UserWarning: To copy construct from a tensor, it is recommended to use sourceTensor.detach().clone() or sourceTensor.detach().clone().requires_grad_(True), rather than torch.tensor(sourceTensor).
  M1 = torch.tensor(M1)
/home/ohadshee/Desktop/Thesis_Ohad_Sheelo/supression_effect/supp_gauss_multivariate.py:119: UserWarning: To copy construct from a tensor, it is recommended to use sourceTensor.detach().clone() or sourceTensor.detach().clone().requires_grad_(True), rather than torch.tensor(sourceTensor).
  M2 = torch.tensor(M2)

Covariance matrix shape: torch.Size([82, 82])
dim_m1: 16, dim_m2: 16, dim_t: 50

Running seed 6 (7/100)...
Using scalses: R=1, U=1, N=1, eps_y=1.4321546163258363
/home/ohadshee/anaconda3/envs/PID_env/lib/python3.12/site-packages/sklearn/cross_decomposition/_pls.py:104: ConvergenceWarning: Maximum number of iterations reached
  warnings.warn("Maximum number of iterations reached", ConvergenceWarning)
/home/ohadshee/Desktop/Thesis_Ohad_Sheelo/supression_effect/supp_gauss_multivariate.py:118: UserWarning: To copy construct from a tensor, it is recommended to use sourceTensor.detach().clone() or sourceTensor.detach().clone().requires_grad_(True), rather than torch.tensor(sourceTensor).
  M1 = torch.tensor(M1)
/home/ohadshee/Desktop/Thesis_Ohad_Sheelo/supression_effect/supp_gauss_multivariate.py:119: UserWarning: To copy construct from a tensor, it is recommended to use sourceTensor.detach().clone() or sourceTensor.detach().clone().requires_grad_(True), rather than torch.tensor(sourceTensor).
  M2 = torch.tensor(M2)

Covariance matrix shape: torch.Size([82, 82])
dim_m1: 16, dim_m2: 16, dim_t: 50

Running seed 7 (8/100)...
Using scalses: R=1, U=1, N=1, eps_y=1.4094560799630063
/home/ohadshee/anaconda3/envs/PID_env/lib/python3.12/site-packages/sklearn/cross_decomposition/_pls.py:104: ConvergenceWarning: Maximum number of iterations reached
  warnings.warn("Maximum number of iterations reached", ConvergenceWarning)
/home/ohadshee/Desktop/Thesis_Ohad_Sheelo/supression_effect/supp_gauss_multivariate.py:118: UserWarning: To copy construct from a tensor, it is recommended to use sourceTensor.detach().clone() or sourceTensor.detach().clone().requires_grad_(True), rather than torch.tensor(sourceTensor).
  M1 = torch.tensor(M1)
/home/ohadshee/Desktop/Thesis_Ohad_Sheelo/supression_effect/supp_gauss_multivariate.py:119: UserWarning: To copy construct from a tensor, it is recommended to use sourceTensor.detach().clone() or sourceTensor.detach().clone().requires_grad_(True), rather than torch.tensor(sourceTensor).
  M2 = torch.tensor(M2)

Covariance matrix shape: torch.Size([82, 82])
dim_m1: 16, dim_m2: 16, dim_t: 50

Running seed 8 (9/100)...
Using scalses: R=1, U=1, N=1, eps_y=1.396687840228379
/home/ohadshee/anaconda3/envs/PID_env/lib/python3.12/site-packages/sklearn/cross_decomposition/_pls.py:104: ConvergenceWarning: Maximum number of iterations reached
  warnings.warn("Maximum number of iterations reached", ConvergenceWarning)
/home/ohadshee/Desktop/Thesis_Ohad_Sheelo/supression_effect/supp_gauss_multivariate.py:118: UserWarning: To copy construct from a tensor, it is recommended to use sourceTensor.detach().clone() or sourceTensor.detach().clone().requires_grad_(True), rather than torch.tensor(sourceTensor).
  M1 = torch.tensor(M1)
/home/ohadshee/Desktop/Thesis_Ohad_Sheelo/supression_effect/supp_gauss_multivariate.py:119: UserWarning: To copy construct from a tensor, it is recommended to use sourceTensor.detach().clone() or sourceTensor.detach().clone().requires_grad_(True), rather than torch.tensor(sourceTensor).
  M2 = torch.tensor(M2)

Covariance matrix shape: torch.Size([82, 82])
dim_m1: 16, dim_m2: 16, dim_t: 50

Running seed 9 (10/100)...
Using scalses: R=1, U=1, N=1, eps_y=1.3719974173102338
/home/ohadshee/anaconda3/envs/PID_env/lib/python3.12/site-packages/sklearn/cross_decomposition/_pls.py:104: ConvergenceWarning: Maximum number of iterations reached
  warnings.warn("Maximum number of iterations reached", ConvergenceWarning)
/home/ohadshee/Desktop/Thesis_Ohad_Sheelo/supression_effect/supp_gauss_multivariate.py:118: UserWarning: To copy construct from a tensor, it is recommended to use sourceTensor.detach().clone() or sourceTensor.detach().clone().requires_grad_(True), rather than torch.tensor(sourceTensor).
  M1 = torch.tensor(M1)
/home/ohadshee/Desktop/Thesis_Ohad_Sheelo/supression_effect/supp_gauss_multivariate.py:119: UserWarning: To copy construct from a tensor, it is recommended to use sourceTensor.detach().clone() or sourceTensor.detach().clone().requires_grad_(True), rather than torch.tensor(sourceTensor).
  M2 = torch.tensor(M2)

Covariance matrix shape: torch.Size([82, 82])
dim_m1: 16, dim_m2: 16, dim_t: 50

Intermediate summary after 10 runs:

======================================================================
CA + PID component summary across 10 seeds (start=0)
======================================================================
CA_R²_X1: mean=0.252723, std=0.005722
CA_R²_X2: mean=0.084342, std=0.002246
CA_R²_X12: mean=0.335686, std=0.005055
CA_unique_X1: mean=0.251344, std=0.002815
CA_unique_X2: mean=0.082963, std=0.000682
CA_common: mean=0.001379, std=0.002921
CA_unexplained: mean=0.664314, std=0.005055
PID_red: mean=0.176353, std=0.008803
PID_unq1: mean=2.161088, std=0.052467
PID_unq2: mean=0.543129, std=0.011093
PID_syn: mean=0.394477, std=0.012301
I(M1;T): mean=2.337441, std=0.061266
I(M2;T): mean=0.719482, std=0.019894
I(M1,M2;T): mean=3.275046, std=0.060423

Running seed 10 (11/100)...
Using scalses: R=1, U=1, N=1, eps_y=1.41479609788119
/home/ohadshee/anaconda3/envs/PID_env/lib/python3.12/site-packages/sklearn/cross_decomposition/_pls.py:104: ConvergenceWarning: Maximum number of iterations reached
  warnings.warn("Maximum number of iterations reached", ConvergenceWarning)
/home/ohadshee/Desktop/Thesis_Ohad_Sheelo/supression_effect/supp_gauss_multivariate.py:118: UserWarning: To copy construct from a tensor, it is recommended to use sourceTensor.detach().clone() or sourceTensor.detach().clone().requires_grad_(True), rather than torch.tensor(sourceTensor).
  M1 = torch.tensor(M1)
/home/ohadshee/Desktop/Thesis_Ohad_Sheelo/supression_effect/supp_gauss_multivariate.py:119: UserWarning: To copy construct from a tensor, it is recommended to use sourceTensor.detach().clone() or sourceTensor.detach().clone().requires_grad_(True), rather than torch.tensor(sourceTensor).
  M2 = torch.tensor(M2)

Covariance matrix shape: torch.Size
Covariance matrix shape: torch.Size([150, 150])
dim_m1: 50, dim_m2: 50, dim_t: 50

Running seed 36 (37/100)...
Using scalses: R=1, U=1, N=1, eps_y=1.4069292138536662

Covariance matrix shape: torch.Size([150, 150])
dim_m1: 50, dim_m2: 50, dim_t: 50

Running seed 37 (38/100)...
Using scalses: R=1, U=1, N=1, eps_y=1.3757991887248977

Covariance matrix shape: torch.Size([150, 150])
dim_m1: 50, dim_m2: 50, dim_t: 50

Running seed 38 (39/100)...
Using scalses: R=1, U=1, N=1, eps_y=1.4010811472422844

Covariance matrix shape: torch.Size([150, 150])
dim_m1: 50, dim_m2: 50, dim_t: 50

Running seed 39 (40/100)...
Using scalses: R=1, U=1, N=1, eps_y=1.4695535632799772

Covariance matrix shape: torch.Size([150, 150])
dim_m1: 50, dim_m2: 50, dim_t: 50

Intermediate summary after 40 runs:

======================================================================
CA + PID component summary across 40 seeds (start=0)
======================================================================
CA_R²_X1: mean=0.251310, std=0.008876
CA_R²_X2: mean=0.083841, std=0.003438
CA_R²_X12: mean=0.334453, std=0.007914
CA_unique_X1: mean=0.250612, std=0.004477
CA_unique_X2: mean=0.083144, std=0.000963
CA_common: mean=0.000698, std=0.004401
CA_unexplained: mean=0.665547, std=0.007914
PID_red: mean=0.531578, std=0.031304
PID_unq1: mean=6.681980, std=0.117721
PID_unq2: mean=1.659012, std=0.062398
PID_syn: mean=1.310282, std=0.084704
I(M1;T): mean=7.213558, std=0.149012
I(M2;T): mean=2.190589, std=0.093700
I(M1,M2;T): mean=10.182851, std=0.296080

Running seed 40 (41/100)...
Using scalses: R=1, U=1, N=1, eps_y=1.4123939015304348

Covariance matrix shape: torch.Size([150, 150])
dim_m1: 50, dim_m2: 50, dim_t: 50

Running seed 41 (42/100)...
Using scalses: R=1, U=1, N=1, eps_y=1.4469904498544672

Covariance matrix shape: torch.Size([150, 150])
dim_m1: 50, dim_m2: 50, dim_t: 50

Running seed 42 (43/100)...
Using scalses: R=1, U=1, N=1, eps_y=1.4496895619048935

Covariance matrix shape: torch.Size([150, 150])
dim_m1: 50, dim_m2: 50, dim_t: 50

Running seed 43 (44/100)...
Using scalses: R=1, U=1, N=1, eps_y=1.4153084448052329

Covariance matrix shape: torch.Size([150, 150])
dim_m1: 50, dim_m2: 50, dim_t: 50

Running seed 44 (45/100)...
Using scalses: R=1, U=1, N=1, eps_y=1.3775162958070304

Covariance matrix shape: torch.Size([150, 150])
dim_m1: 50, dim_m2: 50, dim_t: 50

Running seed 45 (46/100)...
Using scalses: R=1, U=1, N=1, eps_y=1.4480524735103129

Covariance matrix shape: torch.Size([150, 150])
dim_m1: 50, dim_m2: 50, dim_t: 50

Running seed 46 (47/100)...
Using scalses: R=1, U=1, N=1, eps_y=1.397937982386243

Covariance matrix shape: torch.Size([150, 150])
dim_m1: 50, dim_m2: 50, dim_t: 50

Running seed 47 (48/100)...
Using scalses: R=1, U=1, N=1, eps_y=1.4122444432620933

Covariance matrix shape: torch.Size([150, 150])
dim_m1: 50, dim_m2: 50, dim_t: 50

Running seed 48 (49/100)...
Using scalses: R=1, U=1, N=1, eps_y=1.4212453086443824

Covariance matrix shape: torch.Size([150, 150])
dim_m1: 50, dim_m2: 50, dim_t: 50

Running seed 49 (50/100)...
Using scalses: R=1, U=1, N=1, eps_y=1.4006346776569003

Covariance matrix shape: torch.Size([150, 150])
dim_m1: 50, dim_m2: 50, dim_t: 50

Intermediate summary after 50 runs:

======================================================================
CA + PID component summary across 50 seeds (start=0)
======================================================================
CA_R²_X1: mean=0.250784, std=0.008765
CA_R²_X2: mean=0.083638, std=0.003396
CA_R²_X12: mean=0.333985, std=0.007812
CA_unique_X1: mean=0.250347, std=0.004417
CA_unique_X2: mean=0.083202, std=0.000954
CA_common: mean=0.000437, std=0.004349
CA_unexplained: mean=0.666015, std=0.007812
PID_red: mean=0.529704, std=0.030926
PID_unq1: mean=6.675012, std=0.116124
PID_unq2: mean=1.655340, std=0.061639
PID_syn: mean=1.305189, std=0.083691
I(M1;T): mean=7.204717, std=0.147036
I(M2;T): mean=2.185044, std=0.092562
I(M1,M2;T): mean=10.165246, std=0.292328

Running seed 50 (51/100)...
Using scalses: R=1, U=1, N=1, eps_y=1.3680470336499517

Covariance matrix shape: torch.Size([150, 150])
dim_m1: 50, dim_m2: 50, dim_t: 50

Running seed 51 (52/100)...
Using scalses: R=1, U=1, N=1, eps_y=1.425278205733352

Covariance matrix shape: torch.Size([150, 150])
dim_m1: 50, dim_m2: 50, dim_t: 50

Running seed 52 (53/100)...
Using scalses: R=1, U=1, N=1, eps_y=1.411027906323744

Covariance matrix shape: torch.Size([150, 150])
dim_m1: 50, dim_m2: 50, dim_t: 50

Running seed 53 (54/100)...
Using scalses: R=1, U=1, N=1, eps_y=1.4320285850925027

Covariance matrix shape: torch.Size([150, 150])
dim_m1: 50, dim_m2: 50, dim_t: 50

Running seed 54 (55/100)...
Using scalses: R=1, U=1, N=1, eps_y=1.3802880254391505

Covariance matrix shape: torch.Size([150, 150])
dim_m1: 50, dim_m2: 50, dim_t: 50

Running seed 55 (56/100)...
Using scalses: R=1, U=1, N=1, eps_y=1.4192430604173385

Covariance matrix shape: torch.Size([150, 150])
dim_m1: 50, dim_m2: 50, dim_t: 50

Running seed 56 (57/100)...
Using scalses: R=1, U=1, N=1, eps_y=1.4200369877378285

Covariance matrix shape: torch.Size([150, 150])
dim_m1: 50, dim_m2: 50, dim_t: 50

Running seed 57 (58/100)...
Using scalses: R=1, U=1, N=1, eps_y=1.396529969274644

Covariance matrix shape: torch.Size([150, 150])
dim_m1: 50, dim_m2: 50, dim_t: 50

Running seed 58 (59/100)...
Using scalses: R=1, U=1, N=1, eps_y=1.3842576476984556

Covariance matrix shape: torch.Size([150, 150])
dim_m1: 50, dim_m2: 50, dim_t: 50

Running seed 59 (60/100)...
Using scalses: R=1, U=1, N=1, eps_y=1.4436333782084063

Covariance matrix shape: torch.Size([150, 150])
dim_m1: 50, dim_m2: 50, dim_t: 50

Intermediate summary after 60 runs:

======================================================================
CA + PID component summary across 60 seeds (start=0)
======================================================================
CA_R²_X1: mean=0.251035, std=0.008724
CA_R²_X2: mean=0.083735, std=0.003384
CA_R²_X12: mean=0.334209, std=0.007770
CA_unique_X1: mean=0.250474, std=0.004386
CA_unique_X2: mean=0.083175, std=0.000955
CA_common: mean=0.000560, std=0.004339
CA_unexplained: mean=0.665791, std=0.007770
PID_red: mean=0.530593, std=0.030859
PID_unq1: mean=6.678360, std=0.115254
PID_unq2: mean=1.657093, std=0.061408
PID_syn: mean=1.307600, std=0.083580
I(M1;T): mean=7.208953, std=0.146098
I(M2;T): mean=2.187686, std=0.092265
I(M1,M2;T): mean=10.173646, std=0.291047

Running seed 60 (61/100)...
Using scalses: R=1, U=1, N=1, eps_y=1.4480778379429553

Covariance matrix shape: torch.Size([150, 150])
dim_m1: 50, dim_m2: 50, dim_t: 50

Running seed 61 (62/100)...
Using scalses: R=1, U=1, N=1, eps_y=1.4352284990568036

Covariance matrix shape: torch.Size([150, 150])
dim_m1: 50, dim_m2: 50, dim_t: 50

Running seed 62 (63/100)...
Using scalses: R=1, U=1, N=1, eps_y=1.4564583987296147

Covariance matrix shape: torch.Size([150, 150])
dim_m1: 50, dim_m2: 50, dim_t: 50

Running seed 63 (64/100)...
Using scalses: R=1, U=1, N=1, eps_y=1.4267888176849743

Covariance matrix shape: torch.Size([150, 150])
dim_m1: 50, dim_m2: 50, dim_t: 50

Running seed 64 (65/100)...
Using scalses: R=1, U=1, N=1, eps_y=1.403265207179824

Covariance matrix shape: torch.Size([150, 150])
dim_m1: 50, dim_m2: 50, dim_t: 50

Running seed 65 (66/100)...
Using scalses: R=1, U=1, N=1, eps_y=1.4072878018216768

Covariance matrix shape: torch.Size([150, 150])
dim_m1: 50, dim_m2: 50, dim_t: 50

Running seed 66 (67/100)...
Using scalses: R=1, U=1, N=1, eps_y=1.420163143134777

Covariance matrix shape: torch.Size([150, 150])
dim_m1: 50, dim_m2: 50, dim_t: 50

Running seed 67 (68/100)...
Using scalses: R=1, U=1, N=1, eps_y=1.403220931627858

Covariance matrix shape: torch.Size([150, 150])
dim_m1: 50, dim_m2: 50, dim_t: 50

Running seed 68 (69/100)...
Using scalses: R=1, U=1, N=1, eps_y=1.4048814335075883

Covariance matrix shape: torch.Size([150, 150])
dim_m1: 50, dim_m2: 50, dim_t: 50

Running seed 69 (70/100)...
Using scalses: R=1, U=1, N=1, eps_y=1.420857124210831

Covariance matrix shape: torch.Size([150, 150])
dim_m1: 50, dim_m2: 50, dim_t: 50

Intermediate summary after 70 runs:

======================================================================
CA + PID component summary across 70 seeds (start=0)
======================================================================
CA_R²_X1: mean=0.250475, std=0.008524
CA_R²_X2: mean=0.083518, std=0.003307
CA_R²_X12: mean=0.333711, std=0.007591
CA_unique_X1: mean=0.250193, std=0.004285
CA_unique_X2: mean=0.083236, std=0.000934
CA_common: mean=0.000282, std=0.004240
CA_unexplained: mean=0.666289, std=0.007591
PID_red: mean=0.528586, std=0.030138
PID_unq1: mean=6.670979, std=0.112588
PID_unq2: mean=1.653161, std=0.060024
PID_syn: mean=1.302139, std=0.081609
I(M1;T): mean=7.199566, std=0.142711
I(M2;T): mean=2.181748, std=0.090160
I(M1,M2;T): mean=10.154866, std=0.284305

Running seed 70 (71/100)...
Using scalses: R=1, U=1, N=1, eps_y=1.41262381436434

Covariance matrix shape: torch.Size([150, 150])
dim_m1: 50, dim_m2: 50, dim_t: 50

Running seed 71 (72/100)...
Using scalses: R=1, U=1, N=1, eps_y=1.4265961768671858

Covariance matrix shape: torch.Size([150, 150])
dim_m1: 50, dim_m2: 50, dim_t: 50

Running seed 72 (73/100)...
Using scalses: R=1, U=1, N=1, eps_y=1.4441354995255993

Covariance matrix shape: torch.Size([150, 150])
dim_m1: 50, dim_m2: 50, dim_t: 50

Running seed 73 (74/100)...
Using scalses: R=1, U=1, N=1, eps_y=1.3960789154309494

Covariance matrix shape: torch.Size([150, 150])
dim_m1: 50, dim_m2: 50, dim_t: 50

Running seed 74 (75/100)...
Using scalses: R=1, U=1, N=1, eps_y=1.4178531939224661

Covariance matrix shape: torch.Size([150, 150])
dim_m1: 50, dim_m2: 50, dim_t: 50

Running seed 75 (76/100)...
Using scalses: R=1, U=1, N=1, eps_y=1.4162896073415523

Covariance matrix shape: torch.Size([150, 150])
dim_m1: 50, dim_m2: 50, dim_t: 50

Running seed 76 (77/100)...
Using scalses: R=1, U=1, N=1, eps_y=1.4208239507916172

Covariance matrix shape: torch.Size([150, 150])
dim_m1: 50, dim_m2: 50, dim_t: 50

Running seed 77 (78/100)...
Using scalses: R=1, U=1, N=1, eps_y=1.3783334069049706

Covariance matrix shape: torch.Size([150, 150])
dim_m1: 50, dim_m2: 50, dim_t: 50

Running seed 78 (79/100)...
Using scalses: R=1, U=1, N=1, eps_y=1.38329426828703

Covariance matrix shape: torch.Size([150, 150])
dim_m1: 50, dim_m2: 50, dim_t: 50

Running seed 79 (80/100)...
Using scalses: R=1, U=1, N=1, eps_y=1.4043348692609614

Covariance matrix shape: torch.Size([150, 150])
dim_m1: 50, dim_m2: 50, dim_t: 50

Intermediate summary after 80 runs:

======================================================================
CA + PID component summary across 80 seeds (start=0)
======================================================================
CA_R²_X1: mean=0.250616, std=0.008326
CA_R²_X2: mean=0.083573, std=0.003230
CA_R²_X12: mean=0.333837, std=0.007415
CA_unique_X1: mean=0.250264, std=0.004186
CA_unique_X2: mean=0.083221, std=0.000913
CA_common: mean=0.000352, std=0.004142
CA_unexplained: mean=0.666163, std=0.007415
PID_red: mean=0.529075, std=0.029456
PID_unq1: mean=6.672809, std=0.109977
PID_unq2: mean=1.654182, std=0.058610
PID_syn: mean=1.303445, std=0.079785
I(M1;T): mean=7.201884, std=0.139418
I(M2;T): mean=2.183257, std=0.088064
I(M1,M2;T): mean=10.159512, std=0.277774

Running seed 80 (81/100)...
Using scalses: R=1, U=1, N=1, eps_y=1.4280260386806307

Covariance matrix shape: torch.Size([150, 150])
dim_m1: 50, dim_m2: 50, dim_t: 50

Running seed 81 (82/100)...
Using scalses: R=1, U=1, N=1, eps_y=1.3973290150713609

Covariance matrix shape: torch.Size([150, 150])
dim_m1: 50, dim_m2: 50, dim_t: 50

Running seed 82 (83/100)...
Using scalses: R=1, U=1, N=1, eps_y=1.3833229271439498

Covariance matrix shape: torch.Size([150, 150])
dim_m1: 50, dim_m2: 50, dim_t: 50

Running seed 83 (84/100)...
Using scalses: R=1, U=1, N=1, eps_y=1.3965968585686181

Covariance matrix shape: torch.Size([150, 150])
dim_m1: 50, dim_m2: 50, dim_t: 50

Running seed 84 (85/100)...
Using scalses: R=1, U=1, N=1, eps_y=1.4390346427943934

Covariance matrix shape: torch.Size([150, 150])
dim_m1: 50, dim_m2: 50, dim_t: 50

Running seed 85 (86/100)...
Using scalses: R=1, U=1, N=1, eps_y=1.4199350402115847

Covariance matrix shape: torch.Size([150, 150])
dim_m1: 50, dim_m2: 50, dim_t: 50

Running seed 86 (87/100)...
Using scalses: R=1, U=1, N=1, eps_y=1.4192962202771235

Covariance matrix shape: torch.Size([150, 150])
dim_m1: 50, dim_m2: 50, dim_t: 50

Running seed 87 (88/100)...
Using scalses: R=1, U=1, N=1, eps_y=1.4252690768689678

Covariance matrix shape: torch.Size([150, 150])
dim_m1: 50, dim_m2: 50, dim_t: 50

Running seed 88 (89/100)...
Using scalses: R=1, U=1, N=1, eps_y=1.4139069744597967

Covariance matrix shape: torch.Size([150, 150])
dim_m1: 50, dim_m2: 50, dim_t: 50

Running seed 89 (90/100)...
Using scalses: R=1, U=1, N=1, eps_y=1.4203075785461465

Covariance matrix shape: torch.Size([150, 150])
dim_m1: 50, dim_m2: 50, dim_t: 50

Intermediate summary after 90 runs:

======================================================================
CA + PID component summary across 90 seeds (start=0)
======================================================================
CA_R²_X1: mean=0.250548, std=0.008075
CA_R²_X2: mean=0.083545, std=0.003133
CA_R²_X12: mean=0.333780, std=0.007189
CA_unique_X1: mean=0.250235, std=0.004057
CA_unique_X2: mean=0.083232, std=0.000887
CA_common: mean=0.000313, std=0.004020
CA_unexplained: mean=0.666220, std=0.007189
PID_red: mean=0.528814, std=0.028581
PID_unq1: mean=6.672090, std=0.106576
PID_unq2: mean=1.653672, std=0.056863
PID_syn: mean=1.302720, std=0.077424
I(M1;T): mean=7.200904, std=0.135142
I(M2;T): mean=2.182486, std=0.085441
I(M1,M2;T): mean=10.157296, std=0.269390

Running seed 90 (91/100)...
Using scalses: R=1, U=1, N=1, eps_y=1.4342923794612994

Covariance matrix shape: torch.Size([150, 150])
dim_m1: 50, dim_m2: 50, dim_t: 50

Running seed 91 (92/100)...
Using scalses: R=1, U=1, N=1, eps_y=1.4239629777129272

Covariance matrix shape: torch.Size([150, 150])
dim_m1: 50, dim_m2: 50, dim_t: 50

Running seed 92 (93/100)...
Using scalses: R=1, U=1, N=1, eps_y=1.4084564634508505

Covariance matrix shape: torch.Size([150, 150])
dim_m1: 50, dim_m2: 50, dim_t: 50

Running seed 93 (94/100)...
Using scalses: R=1, U=1, N=1, eps_y=1.421511944263488

Covariance matrix shape: torch.Size([150, 150])
dim_m1: 50, dim_m2: 50, dim_t: 50

Running seed 94 (95/100)...
Using scalses: R=1, U=1, N=1, eps_y=1.4188991265724245

Covariance matrix shape: torch.Size([150, 150])
dim_m1: 50, dim_m2: 50, dim_t: 50

Running seed 95 (96/100)...
Using scalses: R=1, U=1, N=1, eps_y=1.3880236874827498

Covariance matrix shape: torch.Size([150, 150])
dim_m1: 50, dim_m2: 50, dim_t: 50

Running seed 96 (97/100)...
Using scalses: R=1, U=1, N=1, eps_y=1.3812736974935553

Covariance matrix shape: torch.Size([150, 150])
dim_m1: 50, dim_m2: 50, dim_t: 50

Running seed 97 (98/100)...
Using scalses: R=1, U=1, N=1, eps_y=1.4008518279855315

Covariance matrix shape: torch.Size([150, 150])
dim_m1: 50, dim_m2: 50, dim_t: 50

Running seed 98 (99/100)...
Using scalses: R=1, U=1, N=1, eps_y=1.4045936241638324

Covariance matrix shape: torch.Size([150, 150])
dim_m1: 50, dim_m2: 50, dim_t: 50

Running seed 99 (100/100)...
Using scalses: R=1, U=1, N=1, eps_y=1.376257637527271

Covariance matrix shape: torch.Size([150, 150])
dim_m1: 50, dim_m2: 50, dim_t: 50

Intermediate summary after 100 runs:

======================================================================
CA + PID component summary across 100 seeds (start=0)
======================================================================
CA_R²_X1: mean=0.250800, std=0.007972
CA_R²_X2: mean=0.083643, std=0.003094
CA_R²_X12: mean=0.334005, std=0.007096
CA_unique_X1: mean=0.250363, std=0.004003
CA_unique_X2: mean=0.083205, std=0.000877
CA_common: mean=0.000437, std=0.003970
CA_unexplained: mean=0.665995, std=0.007096
PID_red: mean=0.529701, std=0.028237
PID_unq1: mean=6.675460, std=0.105170
PID_unq2: mean=1.655438, std=0.056127
PID_syn: mean=1.305119, std=0.076515
I(M1;T): mean=7.205161, std=0.133393
I(M2;T): mean=2.185138, std=0.084361
I(M1,M2;T): mean=10.165718, std=0.265998

======================================================================
CA + PID component summary across 100 seeds (start=0)
======================================================================
CA_R²_X1: mean=0.250800, std=0.007972
CA_R²_X2: mean=0.083643, std=0.003094
CA_R²_X12: mean=0.334005, std=0.007096
CA_unique_X1: mean=0.250363, std=0.004003
CA_unique_X2: mean=0.083205, std=0.000877
CA_common: mean=0.000437, std=0.003970
CA_unexplained: mean=0.665995, std=0.007096
PID_red: mean=0.529701, std=0.028237
PID_unq1: mean=6.675460, std=0.105170
PID_unq2: mean=1.655438, std=0.056127
PID_syn: mean=1.305119, std=0.076515
I(M1;T): mean=7.205161, std=0.133393
I(M2;T): mean=2.185138, std=0.084361
I(M1,M2;T): mean=10.165718, std=0.265998

Saved all seed run results to: /home/ohadshee/Desktop/Thesis_Ohad_Sheelo/simulation_results/Toy_Example/only_unq2_zero/seed_runs_residual_toyexample_supp_gauss_multivariate.csv
Saved summary to: /home/ohadshee/Desktop/Thesis_Ohad_Sheelo/simulation_results/Toy_Example/only_unq2_zero/seed_summary_residual_toyexample_supp_gauss_multivariate.csv
ng scalses: R=1, U=1, N=1, eps_y=1.3967776604162405
/home/ohadshee/anaconda3/envs/PID_env/lib/python3.12/site-packages/sklearn/cross_decomposition/_pls.py:104: ConvergenceWarning: Maximum number of iterations reached
  warnings.warn("Maximum number of iterations reached", ConvergenceWarning)
/home/ohadshee/Desktop/Thesis_Ohad_Sheelo/supression_effect/supp_gauss_multivariate.py:118: UserWarning: To copy construct from a tensor, it is recommended to use sourceTensor.detach().clone() or sourceTensor.detach().clone().requires_grad_(True), rather than torch.tensor(sourceTensor).
  M1 = torch.tensor(M1)
/home/ohadshee/Desktop/Thesis_Ohad_Sheelo/supression_effect/supp_gauss_multivariate.py:119: UserWarning: To copy construct from a tensor, it is recommended to use sourceTensor.detach().clone() or sourceTensor.detach().clone().requires_grad_(True), rather than torch.tensor(sourceTensor).
  M2 = torch.tensor(M2)

Covariance matrix shape: torch.Size([82, 82])
dim_m1: 16, dim_m2: 16, dim_t: 50

Running seed 28 (29/100)...
Using scalses: R=1, U=1, N=1, eps_y=1.4173578178872828
/home/ohadshee/anaconda3/envs/PID_env/lib/python3.12/site-packages/sklearn/cross_decomposition/_pls.py:104: ConvergenceWarning: Maximum number of iterations reached
  warnings.warn("Maximum number of iterations reached", ConvergenceWarning)
