------------------------------------
Mon 29 Jun 2026 11:52:40 IDT
SLURM_JOBID:		18558083
SLURM_JOB_NODELIST:	ise-cpu256-09
SLURM_SCRATCH_DIR:	/scratch/ohadshee/18558083
Allocated Resouces:	cpu - 8 / mem -  MB / gpu - 1
SLURM_GPU_INDEX:	0
Running as ohadshee from golan.neuro account with golan-neuro QOS
------------------------------------
/var/spool/slurmd/job18558083/slurm_script: line 9: activate: No such file or directory
Warning: You are sending unauthenticated requests to the HF Hub. Please set a HF_TOKEN to enable higher rate limits and faster downloads.
Project root directory: /home/ohadshee/Desktop/Partial-Information-Decomposition/external/mayas_project
Using device: cuda
Number of images: 73000
Image shape: (425, 425, 3), dtype: uint8
nsdID shape: (73000,), Shared1000 shape: (73000,)
Neural data shape: (10000, 8088)
Image IDs shape: (10000,)
Number of voxels: 8088
Number of projections for SRP: 7894
Model options for crossvit_base_240_classification: {'model_name': 'crossvit_base_240', 'train_type': 'classification', 'train_data': 'imagenet', 'model_source': 'timm', 'call': "get_timm_model('crossvit_base_240', pretrained = True)"}
Image transforms for crossvit_base_240_classification: Compose(
    Resize(size=(224, 224), interpolation=bicubic, max_size=None, antialias=True)
    MaybeToTensor()
    Normalize(mean=tensor([0.4850, 0.4560, 0.4060]), std=tensor([0.2290, 0.2240, 0.2250]))
)
Loaded model: crossvit_base_240_classification
Ordered layers from model: ['Conv2d-1', 'PatchEmbed-1', 'Dropout-1', 'Conv2d-2', 'PatchEmbed-2', 'Dropout-2', 'LayerNorm-1', 'Linear-1', 'Identity-1', 'Identity-2', 'Identity-3', 'Linear-2', 'Dropout-3', 'Attention-1', 'Identity-4', 'Identity-5', 'LayerNorm-2', 'Linear-3', 'GELU-1', 'Dropout-4', 'Identity-6', 'Linear-4', 'Dropout-5', 'Mlp-1', 'Identity-7', 'Identity-8', 'Block-1', 'LayerNorm-3', 'Linear-5', 'Identity-9', 'Identity-10', 'Identity-11', 'Linear-6', 'Dropout-6', 'Attention-2', 'Identity-12', 'Identity-13', 'LayerNorm-4', 'Linear-7', 'GELU-2', 'Dropout-7', 'Identity-14', 'Linear-8', 'Dropout-8', 'Mlp-2', 'Identity-15', 'Identity-16', 'Block-2', 'LayerNorm-5', 'Linear-9', 'Identity-17', 'Identity-18', 'Identity-19', 'Linear-10', 'Dropout-9', 'Attention-3', 'Identity-20', 'Identity-21', 'LayerNorm-6', 'Linear-11', 'GELU-3', 'Dropout-10', 'Identity-22', 'Linear-12', 'Dropout-11', 'Mlp-3', 'Identity-23', 'Identity-24', 'Block-3', 'LayerNorm-7', 'Linear-13', 'Identity-25', 'Identity-26', 'Identity-27', 'Linear-14', 'Dropout-12', 'Attention-4', 'Identity-28', 'Identity-29', 'LayerNorm-8', 'Linear-15', 'GELU-4', 'Dropout-13', 'Identity-30', 'Linear-16', 'Dropout-14', 'Mlp-4', 'Identity-31', 'Identity-32', 'Block-4', 'LayerNorm-9', 'Linear-17', 'Identity-33', 'Identity-34', 'Identity-35', 'Linear-18', 'Dropout-15', 'Attention-5', 'Identity-36', 'Identity-37', 'LayerNorm-10', 'Linear-19', 'GELU-5', 'Dropout-16', 'Identity-38', 'Linear-20', 'Dropout-17', 'Mlp-5', 'Identity-39', 'Identity-40', 'Block-5', 'LayerNorm-11', 'GELU-6', 'Linear-21', 'LayerNorm-12', 'GELU-7', 'Linear-22', 'LayerNorm-13', 'Linear-23', 'Linear-24', 'Linear-25', 'Dropout-18', 'Linear-26', 'Dropout-19', 'CrossAttention-1', 'Identity-41', 'CrossAttentionBlock-1', 'LayerNorm-14', 'GELU-8', 'Linear-27', 'LayerNorm-15', 'Linear-28', 'Linear-29', 'Linear-30', 'Dropout-20', 'Linear-31', 'Dropout-21', 'CrossAttention-3', 'Identity-42', 'CrossAttentionBlock-2', 'LayerNorm-16', 'GELU-9', 'Linear-32', 'MultiScaleBlock-1-1', 'MultiScaleBlock-1-2', 'LayerNorm-17', 'Linear-33', 'Identity-43', 'Identity-44', 'Identity-45', 'Linear-34', 'Dropout-22', 'Attention-10', 'Identity-46', 'Identity-47', 'LayerNorm-18', 'Linear-35', 'GELU-10', 'Dropout-23', 'Identity-48', 'Linear-36', 'Dropout-24', 'Mlp-6', 'Identity-49', 'Identity-50', 'Block-10', 'LayerNorm-19', 'Linear-37', 'Identity-51', 'Identity-52', 'Identity-53', 'Linear-38', 'Dropout-25', 'Attention-11', 'Identity-54', 'Identity-55', 'LayerNorm-20', 'Linear-39', 'GELU-11', 'Dropout-26', 'Identity-56', 'Linear-40', 'Dropout-27', 'Mlp-7', 'Identity-57', 'Identity-58', 'Block-11', 'LayerNorm-21', 'Linear-41', 'Identity-59', 'Identity-60', 'Identity-61', 'Linear-42', 'Dropout-28', 'Attention-12', 'Identity-62', 'Identity-63', 'LayerNorm-22', 'Linear-43', 'GELU-12', 'Dropout-29', 'Identity-64', 'Linear-44', 'Dropout-30', 'Mlp-8', 'Identity-65', 'Identity-66', 'Block-12', 'LayerNorm-23', 'Linear-45', 'Identity-67', 'Identity-68', 'Identity-69', 'Linear-46', 'Dropout-31', 'Attention-13', 'Identity-70', 'Identity-71', 'LayerNorm-24', 'Linear-47', 'GELU-13', 'Dropout-32', 'Identity-72', 'Linear-48', 'Dropout-33', 'Mlp-9', 'Identity-73', 'Identity-74', 'Block-13', 'LayerNorm-25', 'Linear-49', 'Identity-75', 'Identity-76', 'Identity-77', 'Linear-50', 'Dropout-34', 'Attention-14', 'Identity-78', 'Identity-79', 'LayerNorm-26', 'Linear-51', 'GELU-14', 'Dropout-35', 'Identity-80', 'Linear-52', 'Dropout-36', 'Mlp-10', 'Identity-81', 'Identity-82', 'Block-14', 'LayerNorm-27', 'GELU-15', 'Linear-53', 'LayerNorm-28', 'GELU-16', 'Linear-54', 'LayerNorm-29', 'Linear-55', 'Linear-56', 'Linear-57', 'Dropout-37', 'Linear-58', 'Dropout-38', 'CrossAttention-5', 'Identity-83', 'CrossAttentionBlock-3', 'LayerNorm-30', 'GELU-17', 'Linear-59', 'LayerNorm-31', 'Linear-60', 'Linear-61', 'Linear-62', 'Dropout-39', 'Linear-63', 'Dropout-40', 'CrossAttention-7', 'Identity-84', 'CrossAttentionBlock-4', 'LayerNorm-32', 'GELU-18', 'Linear-64', 'MultiScaleBlock-3-1', 'MultiScaleBlock-3-2', 'LayerNorm-33', 'Linear-65', 'Identity-85', 'Identity-86', 'Identity-87', 'Linear-66', 'Dropout-41', 'Attention-19', 'Identity-88', 'Identity-89', 'LayerNorm-34', 'Linear-67', 'GELU-19', 'Dropout-42', 'Identity-90', 'Linear-68', 'Dropout-43', 'Mlp-11', 'Identity-91', 'Identity-92', 'Block-19', 'LayerNorm-35', 'Linear-69', 'Identity-93', 'Identity-94', 'Identity-95', 'Linear-70', 'Dropout-44', 'Attention-20', 'Identity-96', 'Identity-97', 'LayerNorm-36', 'Linear-71', 'GELU-20', 'Dropout-45', 'Identity-98', 'Linear-72', 'Dropout-46', 'Mlp-12', 'Identity-99', 'Identity-100', 'Block-20', 'LayerNorm-37', 'Linear-73', 'Identity-101', 'Identity-102', 'Identity-103', 'Linear-74', 'Dropout-47', 'Attention-21', 'Identity-104', 'Identity-105', 'LayerNorm-38', 'Linear-75', 'GELU-21', 'Dropout-48', 'Identity-106', 'Linear-76', 'Dropout-49', 'Mlp-13', 'Identity-107', 'Identity-108', 'Block-21', 'LayerNorm-39', 'Linear-77', 'Identity-109', 'Identity-110', 'Identity-111', 'Linear-78', 'Dropout-50', 'Attention-22', 'Identity-112', 'Identity-113', 'LayerNorm-40', 'Linear-79', 'GELU-22', 'Dropout-51', 'Identity-114', 'Linear-80', 'Dropout-52', 'Mlp-14', 'Identity-115', 'Identity-116', 'Block-22', 'LayerNorm-41', 'Linear-81', 'Identity-117', 'Identity-118', 'Identity-119', 'Linear-82', 'Dropout-53', 'Attention-23', 'Identity-120', 'Identity-121', 'LayerNorm-42', 'Linear-83', 'GELU-23', 'Dropout-54', 'Identity-122', 'Linear-84', 'Dropout-55', 'Mlp-15', 'Identity-123', 'Identity-124', 'Block-23', 'LayerNorm-43', 'GELU-24', 'Linear-85', 'LayerNorm-44', 'GELU-25', 'Linear-86', 'LayerNorm-45', 'Linear-87', 'Linear-88', 'Linear-89', 'Dropout-56', 'Linear-90', 'Dropout-57', 'CrossAttention-9', 'Identity-125', 'CrossAttentionBlock-5', 'LayerNorm-46', 'GELU-26', 'Linear-91', 'LayerNorm-47', 'Linear-92', 'Linear-93', 'Linear-94', 'Dropout-58', 'Linear-95', 'Dropout-59', 'CrossAttention-11', 'Identity-126', 'CrossAttentionBlock-6', 'LayerNorm-48', 'GELU-27', 'Linear-96', 'MultiScaleBlock-5-1', 'MultiScaleBlock-5-2', 'LayerNorm-49', 'LayerNorm-50', 'Dropout-60', 'Dropout-61', 'Linear-97', 'Linear-98', 'CrossVit-1']
Total number of layers: 430
Model options for ResNet50-SimCLR_selfsupervised: {'model_name': 'ResNet50-SimCLR', 'train_type': 'selfsupervised', 'train_data': 'imagenet', 'model_source': 'vissl', 'call': "get_vissl_model('ResNet50-SimCLR')"}
Image transforms for ResNet50-SimCLR_selfsupervised: Compose(
    Resize(size=(224, 224), interpolation=bilinear, max_size=None, antialias=True)
    ToTensor()
    Normalize(mean=[0.485, 0.456, 0.406], std=[0.229, 0.224, 0.225])
)
Loaded model: ResNet50-SimCLR_selfsupervised
Ordered layers from model: ['Conv2d-1', 'BatchNorm2d-1', 'ReLU-1', 'MaxPool2d-1', 'Conv2d-2', 'BatchNorm2d-2', 'ReLU-2', 'Conv2d-3', 'BatchNorm2d-3', 'ReLU-3', 'Conv2d-4', 'BatchNorm2d-4', 'Conv2d-5', 'BatchNorm2d-5', 'ReLU-4', 'Bottleneck-1', 'Conv2d-6', 'BatchNorm2d-6', 'ReLU-5', 'Conv2d-7', 'BatchNorm2d-7', 'ReLU-6', 'Conv2d-8', 'BatchNorm2d-8', 'ReLU-7', 'Bottleneck-2', 'Conv2d-9', 'BatchNorm2d-9', 'ReLU-8', 'Conv2d-10', 'BatchNorm2d-10', 'ReLU-9', 'Conv2d-11', 'BatchNorm2d-11', 'ReLU-10', 'Bottleneck-3', 'Conv2d-12', 'BatchNorm2d-12', 'ReLU-11', 'Conv2d-13', 'BatchNorm2d-13', 'ReLU-12', 'Conv2d-14', 'BatchNorm2d-14', 'Conv2d-15', 'BatchNorm2d-15', 'ReLU-13', 'Bottleneck-4', 'Conv2d-16', 'BatchNorm2d-16', 'ReLU-14', 'Conv2d-17', 'BatchNorm2d-17', 'ReLU-15', 'Conv2d-18', 'BatchNorm2d-18', 'ReLU-16', 'Bottleneck-5', 'Conv2d-19', 'BatchNorm2d-19', 'ReLU-17', 'Conv2d-20', 'BatchNorm2d-20', 'ReLU-18', 'Conv2d-21', 'BatchNorm2d-21', 'ReLU-19', 'Bottleneck-6', 'Conv2d-22', 'BatchNorm2d-22', 'ReLU-20', 'Conv2d-23', 'BatchNorm2d-23', 'ReLU-21', 'Conv2d-24', 'BatchNorm2d-24', 'ReLU-22', 'Bottleneck-7', 'Conv2d-25', 'BatchNorm2d-25', 'ReLU-23', 'Conv2d-26', 'BatchNorm2d-26', 'ReLU-24', 'Conv2d-27', 'BatchNorm2d-27', 'Conv2d-28', 'BatchNorm2d-28', 'ReLU-25', 'Bottleneck-8', 'Conv2d-29', 'BatchNorm2d-29', 'ReLU-26', 'Conv2d-30', 'BatchNorm2d-30', 'ReLU-27', 'Conv2d-31', 'BatchNorm2d-31', 'ReLU-28', 'Bottleneck-9', 'Conv2d-32', 'BatchNorm2d-32', 'ReLU-29', 'Conv2d-33', 'BatchNorm2d-33', 'ReLU-30', 'Conv2d-34', 'BatchNorm2d-34', 'ReLU-31', 'Bottleneck-10', 'Conv2d-35', 'BatchNorm2d-35', 'ReLU-32', 'Conv2d-36', 'BatchNorm2d-36', 'ReLU-33', 'Conv2d-37', 'BatchNorm2d-37', 'ReLU-34', 'Bottleneck-11', 'Conv2d-38', 'BatchNorm2d-38', 'ReLU-35', 'Conv2d-39', 'BatchNorm2d-39', 'ReLU-36', 'Conv2d-40', 'BatchNorm2d-40', 'ReLU-37', 'Bottleneck-12', 'Conv2d-41', 'BatchNorm2d-41', 'ReLU-38', 'Conv2d-42', 'BatchNorm2d-42', 'ReLU-39', 'Conv2d-43', 'BatchNorm2d-43', 'ReLU-40', 'Bottleneck-13', 'Conv2d-44', 'BatchNorm2d-44', 'ReLU-41', 'Conv2d-45', 'BatchNorm2d-45', 'ReLU-42', 'Conv2d-46', 'BatchNorm2d-46', 'Conv2d-47', 'BatchNorm2d-47', 'ReLU-43', 'Bottleneck-14', 'Conv2d-48', 'BatchNorm2d-48', 'ReLU-44', 'Conv2d-49', 'BatchNorm2d-49', 'ReLU-45', 'Conv2d-50', 'BatchNorm2d-50', 'ReLU-46', 'Bottleneck-15', 'Conv2d-51', 'BatchNorm2d-51', 'ReLU-47', 'Conv2d-52', 'BatchNorm2d-52', 'ReLU-48', 'Conv2d-53', 'BatchNorm2d-53', 'ReLU-49', 'Bottleneck-16', 'AdaptiveAvgPool2d-1', 'Identity-1', 'ResNet-1']
Total number of layers: 175

==================================================
Processing layer: LayerNorm-38 from model: crossvit_base_240_classification

For model crossvit_base_240_classification Layer LayerNorm-38: Extracting features for 1000 images in batches of 500...
Feature Extraction (Batch):   0%|          | 0/1 [00:00<?, ?it/s]Feature Extraction (Batch): 100%|██████████| 1/1 [00:02<00:00,  2.48s/it]Feature Extraction (Batch): 100%|██████████| 1/1 [00:02<00:00,  2.48s/it]
Feature Extraction (Batch):   0%|          | 0/1 [00:00<?, ?it/s]Feature Extraction (Batch): 100%|██████████| 1/1 [00:02<00:00,  2.48s/it]Feature Extraction (Batch): 100%|██████████| 1/1 [00:02<00:00,  2.48s/it]
Feature extraction for model crossvit_base_240_classification layer LayerNorm-38 completed in 10.97 seconds.

==================================================
Processing layer: Conv2d-51 from model: ResNet50-SimCLR_selfsupervised

For model ResNet50-SimCLR_selfsupervised Layer Conv2d-51: Extracting features for 1000 images in batches of 500...
Feature Extraction (Batch):   0%|          | 0/1 [00:00<?, ?it/s]Feature Extraction (Batch): 100%|██████████| 1/1 [00:01<00:00,  1.33s/it]Feature Extraction (Batch): 100%|██████████| 1/1 [00:01<00:00,  1.33s/it]
Feature Extraction (Batch):   0%|          | 0/1 [00:00<?, ?it/s]Feature Extraction (Batch): 100%|██████████| 1/1 [00:01<00:00,  1.32s/it]Feature Extraction (Batch): 100%|██████████| 1/1 [00:01<00:00,  1.32s/it]
Feature extraction for model ResNet50-SimCLR_selfsupervised layer Conv2d-51 completed in 5.00 seconds.

Running PID with Source 1: crossvit_base_240_classification and Source 2: ResNet50-SimCLR_selfsupervised 😀

Target PCA projection applied with target shape: (1000, 20)

Ridge regression preprocessing applied with training size: 500 and test size: 500
PID Results:
  red: 4.428670289428615
  unq1: 0.09690881965155107
  unq2: 0.11076935730966397
  syn: 0.33781226923629504
Mutual Information Results:
  tri_mi: 4.974160735626125
  bi_mi_1: 4.525579109080166
  bi_mi_2: 4.539439646738279

PID computation completed successfully.
for models: crossvit_base_240_classification and ResNet50-SimCLR_selfsupervised
