Sonic empirical covariance:
tensor([[5.0547, 2.6679, 2.9119],
        [2.6679, 3.3259, 0.7855],
        [2.9119, 0.7855, 4.6754]])

Shadow empirical covariance:
tensor([[5.7461, 3.0651, 3.1132],
        [3.0651, 3.3963, 1.0419],
        [3.1132, 1.0419, 4.6656]])

Difference: Sonic - Shadow
tensor([[-0.6915, -0.3972, -0.2012],
        [-0.3972, -0.0704, -0.2564],
        [-0.2012, -0.2564,  0.0097]])

Max absolute difference:
0.6914703280419001

Are covariance matrices close?
False [NO]

============================================================
                     TILDE PID RESULTS                      
============================================================

Sonic:
  PID Decomposition:
    Redundancy (Red):     0.0285
    Unique 1 (Unq1):      0.2914
    Unique 2 (Unq2):      0.0000
    Synergy (Syn):        0.0739
  Mutual Information:
    I(M1;T):              0.3199
    I(M2;T):              0.0285
    I(M1,M2;T):           0.3937

Shadow:
  PID Decomposition:
    Redundancy (Red):     0.0505
    Unique 1 (Unq1):      0.2724
    Unique 2 (Unq2):      0.0000
    Synergy (Syn):        0.0539
  Mutual Information:
    I(M1;T):              0.3229
    I(M2;T):              0.0505
    I(M1,M2;T):           0.3768

============================================================
                COMPARISON: SONIC vs SHADOW                 
============================================================

PID Decomposition Differences:
  Redundancy (Red)     : 0.0285 - 0.0505 = -0.0220
  Unique 1 (Unq1)      : 0.2914 - 0.2724 = 0.0189
  Unique 2 (Unq2)      : 0.0000 - 0.0000 = 0.0000
  Synergy (Syn)        : 0.0739 - 0.0539 = 0.0199

Mutual Information Differences:
  I(M1;T)              : 0.3199 - 0.3229 = -0.0031
  I(M2;T)              : 0.0285 - 0.0505 = -0.0220
  I(M1,M2;T)           : 0.3937 - 0.3768 = 0.0169

============================================================
                   R IDEPGAUSS.R RESULTS                    
============================================================

Sonic:
  R Idep PID:
    unique_X1   : 0.215039
    unique_X2   : 0.013075
    redundancy  : 0.007170
    synergy     : 0.038618
  R MMI PID:
    unique_X1   : 0.201964
    unique_X2   : 0.000000
    redundancy  : 0.020245
    synergy     : 0.051693

Shadow:
  R Idep PID:
    unique_X1   : 0.211786
    unique_X2   : 0.022943
    redundancy  : 0.012538
    synergy     : 0.014943
  R MMI PID:
    unique_X1   : 0.188843
    unique_X2   : 0.000000
    redundancy  : 0.035482
    synergy     : 0.037886

============================================================
                PYTHON IDEP vs R IDEPGAUSS.R                
============================================================

Sonic:
  unique_X1   : Python  0.215039 | R  0.215039 | diff -0.000000
  unique_X2   : Python  0.013075 | R  0.013075 | diff  0.000000
  redundancy  : Python  0.007170 | R  0.007170 | diff -0.000000
  synergy     : Python  0.038618 | R  0.038618 | diff  0.000000

Shadow:
  unique_X1   : Python  0.211786 | R  0.211786 | diff -0.000000
  unique_X2   : Python  0.022943 | R  0.022943 | diff  0.000000
  redundancy  : Python  0.012538 | R  0.012538 | diff -0.000000
  synergy     : Python  0.014943 | R  0.014943 | diff -0.000000

============================================================
                 TILDE PID vs R IDEPGAUSS.R                 
============================================================

Sonic:
  unique_X1   : Python  0.291373 | R  0.215039 | diff  0.076333
  unique_X2   : Python  0.000000 | R  0.013075 | diff -0.013075
  redundancy  : Python  0.028485 | R  0.007170 | diff  0.021315
  synergy     : Python  0.073854 | R  0.038618 | diff  0.035236

Shadow:
  unique_X1   : Python  0.272443 | R  0.211786 | diff  0.060656
  unique_X2   : Python  0.000000 | R  0.022943 | diff -0.022943
  redundancy  : Python  0.050467 | R  0.012538 | diff  0.037928
  synergy     : Python  0.053935 | R  0.014943 | diff  0.038992

============================================================
