all_atoms_positive: source1_dim=1
  gpid_tilde: timing repeat 1/20
  gpid_tilde: timing repeat 2/20
  gpid_tilde: timing repeat 3/20
  gpid_tilde: timing repeat 4/20
  gpid_tilde: timing repeat 5/20
  gpid_tilde: timing repeat 6/20
  gpid_tilde: timing repeat 7/20
  gpid_tilde: timing repeat 8/20
  gpid_tilde: timing repeat 9/20
  gpid_tilde: timing repeat 10/20
  gpid_tilde: timing repeat 11/20
  gpid_tilde: timing repeat 12/20
  gpid_tilde: timing repeat 13/20
  gpid_tilde: timing repeat 14/20
  gpid_tilde: timing repeat 15/20
  gpid_tilde: timing repeat 16/20
  gpid_tilde: timing repeat 17/20
  gpid_tilde: timing repeat 18/20
  gpid_tilde: timing repeat 19/20
  gpid_tilde: timing repeat 20/20
  thin_pid: timing repeat 1/20
  thin_pid: timing repeat 2/20
  thin_pid: timing repeat 3/20
  thin_pid: timing repeat 4/20
  thin_pid: timing repeat 5/20
  thin_pid: timing repeat 6/20
  thin_pid: timing repeat 7/20
  thin_pid: timing repeat 8/20
  thin_pid: timing repeat 9/20
  thin_pid: timing repeat 10/20
  thin_pid: timing repeat 11/20
  thin_pid: timing repeat 12/20
  thin_pid: timing repeat 13/20
  thin_pid: timing repeat 14/20
  thin_pid: timing repeat 15/20
  thin_pid: timing repeat 16/20
  thin_pid: timing repeat 17/20
  thin_pid: timing repeat 18/20
  thin_pid: timing repeat 19/20
  thin_pid: timing repeat 20/20
  eigen_pid: timing repeat 1/20
  eigen_pid: timing repeat 2/20
  eigen_pid: timing repeat 3/20
  eigen_pid: timing repeat 4/20
  eigen_pid: timing repeat 5/20
  eigen_pid: timing repeat 6/20
  eigen_pid: timing repeat 7/20
  eigen_pid: timing repeat 8/20
  eigen_pid: timing repeat 9/20
  eigen_pid: timing repeat 10/20
  eigen_pid: timing repeat 11/20
  eigen_pid: timing repeat 12/20
  eigen_pid: timing repeat 13/20
  eigen_pid: timing repeat 14/20
  eigen_pid: timing repeat 15/20
  eigen_pid: timing repeat 16/20
  eigen_pid: timing repeat 17/20
  eigen_pid: timing repeat 18/20
  eigen_pid: timing repeat 19/20
  eigen_pid: timing repeat 20/20
all_atoms_positive: source1_dim=51
  gpid_tilde: timing repeat 1/20
  gpid_tilde: timing repeat 2/20
  gpid_tilde: timing repeat 3/20
  gpid_tilde: timing repeat 4/20
  gpid_tilde: timing repeat 5/20
  gpid_tilde: timing repeat 6/20
  gpid_tilde: timing repeat 7/20
  gpid_tilde: timing repeat 8/20
  gpid_tilde: timing repeat 9/20
  gpid_tilde: timing repeat 10/20
  gpid_tilde: timing repeat 11/20
  gpid_tilde: timing repeat 12/20
  gpid_tilde: timing repeat 13/20
  gpid_tilde: timing repeat 14/20
  gpid_tilde: timing repeat 15/20
  gpid_tilde: timing repeat 16/20
  gpid_tilde: timing repeat 17/20
  gpid_tilde: timing repeat 18/20
  gpid_tilde: timing repeat 19/20
  gpid_tilde: timing repeat 20/20
  thin_pid: timing repeat 1/20
  thin_pid: timing repeat 2/20
  thin_pid: timing repeat 3/20
  thin_pid: timing repeat 4/20
  thin_pid: timing repeat 5/20
  thin_pid: timing repeat 6/20
  thin_pid: timing repeat 7/20
  thin_pid: timing repeat 8/20
  thin_pid: timing repeat 9/20
  thin_pid: timing repeat 10/20
  thin_pid: timing repeat 11/20
  thin_pid: timing repeat 12/20
  thin_pid: timing repeat 13/20
  thin_pid: timing repeat 14/20
  thin_pid: timing repeat 15/20
  thin_pid: timing repeat 16/20
  thin_pid: timing repeat 17/20
  thin_pid: timing repeat 18/20
  thin_pid: timing repeat 19/20
  thin_pid: timing repeat 20/20
  eigen_pid: timing repeat 1/20
  eigen_pid: timing repeat 2/20
  eigen_pid: timing repeat 3/20
  eigen_pid: timing repeat 4/20
  eigen_pid: timing repeat 5/20
  eigen_pid: timing repeat 6/20
  eigen_pid: timing repeat 7/20
  eigen_pid: timing repeat 8/20
  eigen_pid: timing repeat 9/20
  eigen_pid: timing repeat 10/20
  eigen_pid: timing repeat 11/20
  eigen_pid: timing repeat 12/20
  eigen_pid: timing repeat 13/20
  eigen_pid: timing repeat 14/20
  eigen_pid: timing repeat 15/20
  eigen_pid: timing repeat 16/20
  eigen_pid: timing repeat 17/20
  eigen_pid: timing repeat 18/20
  eigen_pid: timing repeat 19/20
  eigen_pid: timing repeat 20/20
all_atoms_positive: source1_dim=101
  gpid_tilde: timing repeat 1/20
  gpid_tilde: timing repeat 2/20
  gpid_tilde: timing repeat 3/20
  gpid_tilde: timing repeat 4/20
  gpid_tilde: timing repeat 5/20
  gpid_tilde: timing repeat 6/20
  gpid_tilde: timing repeat 7/20
  gpid_tilde: timing repeat 8/20
  gpid_tilde: timing repeat 9/20
  gpid_tilde: timing repeat 10/20
  gpid_tilde: timing repeat 11/20
  gpid_tilde: timing repeat 12/20
  gpid_tilde: timing repeat 13/20
  gpid_tilde: timing repeat 14/20
  gpid_tilde: timing repeat 15/20
  gpid_tilde: timing repeat 16/20
  gpid_tilde: timing repeat 17/20
  gpid_tilde: timing repeat 18/20
  gpid_tilde: timing repeat 19/20
  gpid_tilde: timing repeat 20/20
  thin_pid: timing repeat 1/20
  thin_pid: timing repeat 2/20
  thin_pid: timing repeat 3/20
  thin_pid: timing repeat 4/20
  thin_pid: timing repeat 5/20
  thin_pid: timing repeat 6/20
  thin_pid: timing repeat 7/20
  thin_pid: timing repeat 8/20
  thin_pid: timing repeat 9/20
  thin_pid: timing repeat 10/20
  thin_pid: timing repeat 11/20
  thin_pid: timing repeat 12/20
  thin_pid: timing repeat 13/20
  thin_pid: timing repeat 14/20
  thin_pid: timing repeat 15/20
  thin_pid: timing repeat 16/20
  thin_pid: timing repeat 17/20
  thin_pid: timing repeat 18/20
  thin_pid: timing repeat 19/20
  thin_pid: timing repeat 20/20
  eigen_pid: timing repeat 1/20
  eigen_pid: timing repeat 2/20
  eigen_pid: timing repeat 3/20
  eigen_pid: timing repeat 4/20
  eigen_pid: timing repeat 5/20
  eigen_pid: timing repeat 6/20
  eigen_pid: timing repeat 7/20
  eigen_pid: timing repeat 8/20
  eigen_pid: timing repeat 9/20
  eigen_pid: timing repeat 10/20
  eigen_pid: timing repeat 11/20
  eigen_pid: timing repeat 12/20
  eigen_pid: timing repeat 13/20
  eigen_pid: timing repeat 14/20
  eigen_pid: timing repeat 15/20
  eigen_pid: timing repeat 16/20
  eigen_pid: timing repeat 17/20
  eigen_pid: timing repeat 18/20
  eigen_pid: timing repeat 19/20
  eigen_pid: timing repeat 20/20
all_atoms_positive: source1_dim=151
  gpid_tilde: timing repeat 1/20
  gpid_tilde: timing repeat 2/20
  gpid_tilde: timing repeat 3/20
  gpid_tilde: timing repeat 4/20
  gpid_tilde: timing repeat 5/20
  gpid_tilde: timing repeat 6/20
  gpid_tilde: timing repeat 7/20
  gpid_tilde: timing repeat 8/20
  gpid_tilde: timing repeat 9/20
  gpid_tilde: timing repeat 10/20
  gpid_tilde: timing repeat 11/20
  gpid_tilde: timing repeat 12/20
  gpid_tilde: timing repeat 13/20
  gpid_tilde: timing repeat 14/20
  gpid_tilde: timing repeat 15/20
  gpid_tilde: timing repeat 16/20
  gpid_tilde: timing repeat 17/20
  gpid_tilde: timing repeat 18/20
  gpid_tilde: timing repeat 19/20
  gpid_tilde: timing repeat 20/20
  thin_pid: timing repeat 1/20
  thin_pid: timing repeat 2/20
  thin_pid: timing repeat 3/20
  thin_pid: timing repeat 4/20
  thin_pid: timing repeat 5/20
  thin_pid: timing repeat 6/20
  thin_pid: timing repeat 7/20
  thin_pid: timing repeat 8/20
  thin_pid: timing repeat 9/20
  thin_pid: timing repeat 10/20
  thin_pid: timing repeat 11/20
  thin_pid: timing repeat 12/20
  thin_pid: timing repeat 13/20
  thin_pid: timing repeat 14/20
  thin_pid: timing repeat 15/20
  thin_pid: timing repeat 16/20
  thin_pid: timing repeat 17/20
  thin_pid: timing repeat 18/20
  thin_pid: timing repeat 19/20
  thin_pid: timing repeat 20/20
  eigen_pid: timing repeat 1/20
  eigen_pid: timing repeat 2/20
  eigen_pid: timing repeat 3/20
  eigen_pid: timing repeat 4/20
  eigen_pid: timing repeat 5/20
  eigen_pid: timing repeat 6/20
  eigen_pid: timing repeat 7/20
  eigen_pid: timing repeat 8/20
  eigen_pid: timing repeat 9/20
  eigen_pid: timing repeat 10/20
  eigen_pid: timing repeat 11/20
  eigen_pid: timing repeat 12/20
  eigen_pid: timing repeat 13/20
  eigen_pid: timing repeat 14/20
  eigen_pid: timing repeat 15/20
  eigen_pid: timing repeat 16/20
  eigen_pid: timing repeat 17/20
  eigen_pid: timing repeat 18/20
  eigen_pid: timing repeat 19/20
  eigen_pid: timing repeat 20/20
all_atoms_positive: source1_dim=201
  gpid_tilde: timing repeat 1/20
  gpid_tilde: timing repeat 2/20
  gpid_tilde: timing repeat 3/20
  gpid_tilde: timing repeat 4/20
  gpid_tilde: timing repeat 5/20
  gpid_tilde: timing repeat 6/20
  gpid_tilde: timing repeat 7/20
  gpid_tilde: timing repeat 8/20
  gpid_tilde: timing repeat 9/20
  gpid_tilde: timing repeat 10/20
  gpid_tilde: timing repeat 11/20
  gpid_tilde: timing repeat 12/20
  gpid_tilde: timing repeat 13/20
  gpid_tilde: timing repeat 14/20
  gpid_tilde: timing repeat 15/20
  gpid_tilde: timing repeat 16/20
  gpid_tilde: timing repeat 17/20
  gpid_tilde: timing repeat 18/20
  gpid_tilde: timing repeat 19/20
  gpid_tilde: timing repeat 20/20
  thin_pid: timing repeat 1/20
  thin_pid: timing repeat 2/20
  thin_pid: timing repeat 3/20
  thin_pid: timing repeat 4/20
  thin_pid: timing repeat 5/20
  thin_pid: timing repeat 6/20
  thin_pid: timing repeat 7/20
  thin_pid: timing repeat 8/20
  thin_pid: timing repeat 9/20
  thin_pid: timing repeat 10/20
  thin_pid: timing repeat 11/20
  thin_pid: timing repeat 12/20
  thin_pid: timing repeat 13/20
  thin_pid: timing repeat 14/20
  thin_pid: timing repeat 15/20
  thin_pid: timing repeat 16/20
  thin_pid: timing repeat 17/20
  thin_pid: timing repeat 18/20
  thin_pid: timing repeat 19/20
  thin_pid: timing repeat 20/20
  eigen_pid: timing repeat 1/20
  eigen_pid: timing repeat 2/20
  eigen_pid: timing repeat 3/20
  eigen_pid: timing repeat 4/20
  eigen_pid: timing repeat 5/20
  eigen_pid: timing repeat 6/20
  eigen_pid: timing repeat 7/20
  eigen_pid: timing repeat 8/20
  eigen_pid: timing repeat 9/20
  eigen_pid: timing repeat 10/20
  eigen_pid: timing repeat 11/20
  eigen_pid: timing repeat 12/20
  eigen_pid: timing repeat 13/20
  eigen_pid: timing repeat 14/20
  eigen_pid: timing repeat 15/20
  eigen_pid: timing repeat 16/20
  eigen_pid: timing repeat 17/20
  eigen_pid: timing repeat 18/20
  eigen_pid: timing repeat 19/20
  eigen_pid: timing repeat 20/20
all_atoms_positive: source1_dim=251
  gpid_tilde: timing repeat 1/20
  gpid_tilde: timing repeat 2/20
  gpid_tilde: timing repeat 3/20
  gpid_tilde: timing repeat 4/20
  gpid_tilde: timing repeat 5/20
  gpid_tilde: timing repeat 6/20
  gpid_tilde: timing repeat 7/20
  gpid_tilde: timing repeat 8/20
  gpid_tilde: timing repeat 9/20
  gpid_tilde: timing repeat 10/20
  gpid_tilde: timing repeat 11/20
  gpid_tilde: timing repeat 12/20
  gpid_tilde: timing repeat 13/20
  gpid_tilde: timing repeat 14/20
  gpid_tilde: timing repeat 15/20
  gpid_tilde: timing repeat 16/20
  gpid_tilde: timing repeat 17/20
  gpid_tilde: timing repeat 18/20
  gpid_tilde: timing repeat 19/20
  gpid_tilde: timing repeat 20/20
  thin_pid: timing repeat 1/20
  thin_pid: timing repeat 2/20
  thin_pid: timing repeat 3/20
  thin_pid: timing repeat 4/20
  thin_pid: timing repeat 5/20
  thin_pid: timing repeat 6/20
  thin_pid: timing repeat 7/20
  thin_pid: timing repeat 8/20
  thin_pid: timing repeat 9/20
  thin_pid: timing repeat 10/20
  thin_pid: timing repeat 11/20
  thin_pid: timing repeat 12/20
  thin_pid: timing repeat 13/20
  thin_pid: timing repeat 14/20
  thin_pid: timing repeat 15/20
  thin_pid: timing repeat 16/20
  thin_pid: timing repeat 17/20
  thin_pid: timing repeat 18/20
  thin_pid: timing repeat 19/20
  thin_pid: timing repeat 20/20
  eigen_pid: timing repeat 1/20
  eigen_pid: timing repeat 2/20
  eigen_pid: timing repeat 3/20
  eigen_pid: timing repeat 4/20
  eigen_pid: timing repeat 5/20
  eigen_pid: timing repeat 6/20
  eigen_pid: timing repeat 7/20
  eigen_pid: timing repeat 8/20
  eigen_pid: timing repeat 9/20
  eigen_pid: timing repeat 10/20
  eigen_pid: timing repeat 11/20
  eigen_pid: timing repeat 12/20
  eigen_pid: timing repeat 13/20
  eigen_pid: timing repeat 14/20
  eigen_pid: timing repeat 15/20
  eigen_pid: timing repeat 16/20
  eigen_pid: timing repeat 17/20
  eigen_pid: timing repeat 18/20
  eigen_pid: timing repeat 19/20
  eigen_pid: timing repeat 20/20
all_atoms_positive: source1_dim=301
  gpid_tilde: timing repeat 1/20
  gpid_tilde: timing repeat 2/20
  gpid_tilde: timing repeat 3/20
  gpid_tilde: timing repeat 4/20
  gpid_tilde: timing repeat 5/20
  gpid_tilde: timing repeat 6/20
  gpid_tilde: timing repeat 7/20
  gpid_tilde: timing repeat 8/20
  gpid_tilde: timing repeat 9/20
  gpid_tilde: timing repeat 10/20
  gpid_tilde: timing repeat 11/20
  gpid_tilde: timing repeat 12/20
  gpid_tilde: timing repeat 13/20
  gpid_tilde: timing repeat 14/20
  gpid_tilde: timing repeat 15/20
  gpid_tilde: timing repeat 16/20
  gpid_tilde: timing repeat 17/20
  gpid_tilde: timing repeat 18/20
  gpid_tilde: timing repeat 19/20
  gpid_tilde: timing repeat 20/20
  thin_pid: timing repeat 1/20
  thin_pid: timing repeat 2/20
  thin_pid: timing repeat 3/20
  thin_pid: timing repeat 4/20
  thin_pid: timing repeat 5/20
  thin_pid: timing repeat 6/20
  thin_pid: timing repeat 7/20
  thin_pid: timing repeat 8/20
  thin_pid: timing repeat 9/20
  thin_pid: timing repeat 10/20
  thin_pid: timing repeat 11/20
  thin_pid: timing repeat 12/20
  thin_pid: timing repeat 13/20
  thin_pid: timing repeat 14/20
  thin_pid: timing repeat 15/20
  thin_pid: timing repeat 16/20
  thin_pid: timing repeat 17/20
  thin_pid: timing repeat 18/20
  thin_pid: timing repeat 19/20
  thin_pid: timing repeat 20/20
  eigen_pid: timing repeat 1/20
  eigen_pid: timing repeat 2/20
  eigen_pid: timing repeat 3/20
  eigen_pid: timing repeat 4/20
  eigen_pid: timing repeat 5/20
  eigen_pid: timing repeat 6/20
  eigen_pid: timing repeat 7/20
  eigen_pid: timing repeat 8/20
  eigen_pid: timing repeat 9/20
  eigen_pid: timing repeat 10/20
  eigen_pid: timing repeat 11/20
  eigen_pid: timing repeat 12/20
  eigen_pid: timing repeat 13/20
  eigen_pid: timing repeat 14/20
  eigen_pid: timing repeat 15/20
  eigen_pid: timing repeat 16/20
  eigen_pid: timing repeat 17/20
  eigen_pid: timing repeat 18/20
  eigen_pid: timing repeat 19/20
  eigen_pid: timing repeat 20/20
all_atoms_positive: source1_dim=351
  gpid_tilde: timing repeat 1/20
  gpid_tilde: timing repeat 2/20
  gpid_tilde: timing repeat 3/20
  gpid_tilde: timing repeat 4/20
  gpid_tilde: timing repeat 5/20
  gpid_tilde: timing repeat 6/20
  gpid_tilde: timing repeat 7/20
  gpid_tilde: timing repeat 8/20
  gpid_tilde: timing repeat 9/20
  gpid_tilde: timing repeat 10/20
  gpid_tilde: timing repeat 11/20
  gpid_tilde: timing repeat 12/20
  gpid_tilde: timing repeat 13/20
  gpid_tilde: timing repeat 14/20
  gpid_tilde: timing repeat 15/20
  gpid_tilde: timing repeat 16/20
  gpid_tilde: timing repeat 17/20
  gpid_tilde: timing repeat 18/20
  gpid_tilde: timing repeat 19/20
  gpid_tilde: timing repeat 20/20
  thin_pid: timing repeat 1/20
  thin_pid: timing repeat 2/20
  thin_pid: timing repeat 3/20
  thin_pid: timing repeat 4/20
  thin_pid: timing repeat 5/20
  thin_pid: timing repeat 6/20
  thin_pid: timing repeat 7/20
  thin_pid: timing repeat 8/20
  thin_pid: timing repeat 9/20
  thin_pid: timing repeat 10/20
  thin_pid: timing repeat 11/20
  thin_pid: timing repeat 12/20
  thin_pid: timing repeat 13/20
  thin_pid: timing repeat 14/20
  thin_pid: timing repeat 15/20
  thin_pid: timing repeat 16/20
  thin_pid: timing repeat 17/20
  thin_pid: timing repeat 18/20
  thin_pid: timing repeat 19/20
  thin_pid: timing repeat 20/20
  eigen_pid: timing repeat 1/20
  eigen_pid: timing repeat 2/20
  eigen_pid: timing repeat 3/20
  eigen_pid: timing repeat 4/20
  eigen_pid: timing repeat 5/20
  eigen_pid: timing repeat 6/20
  eigen_pid: timing repeat 7/20
  eigen_pid: timing repeat 8/20
  eigen_pid: timing repeat 9/20
  eigen_pid: timing repeat 10/20
  eigen_pid: timing repeat 11/20
  eigen_pid: timing repeat 12/20
  eigen_pid: timing repeat 13/20
  eigen_pid: timing repeat 14/20
  eigen_pid: timing repeat 15/20
  eigen_pid: timing repeat 16/20
  eigen_pid: timing repeat 17/20
  eigen_pid: timing repeat 18/20
  eigen_pid: timing repeat 19/20
  eigen_pid: timing repeat 20/20
all_atoms_positive: source1_dim=401
  gpid_tilde: timing repeat 1/20
  gpid_tilde: timing repeat 2/20
  gpid_tilde: timing repeat 3/20
  gpid_tilde: timing repeat 4/20
  gpid_tilde: timing repeat 5/20
  gpid_tilde: timing repeat 6/20
  gpid_tilde: timing repeat 7/20
  gpid_tilde: timing repeat 8/20
  gpid_tilde: timing repeat 9/20
  gpid_tilde: timing repeat 10/20
  gpid_tilde: timing repeat 11/20
  gpid_tilde: timing repeat 12/20
  gpid_tilde: timing repeat 13/20
  gpid_tilde: timing repeat 14/20
  gpid_tilde: timing repeat 15/20
  gpid_tilde: timing repeat 16/20
  gpid_tilde: timing repeat 17/20
  gpid_tilde: timing repeat 18/20
  gpid_tilde: timing repeat 19/20
  gpid_tilde: timing repeat 20/20
  thin_pid: timing repeat 1/20
  thin_pid: timing repeat 2/20
  thin_pid: timing repeat 3/20
  thin_pid: timing repeat 4/20
  thin_pid: timing repeat 5/20
  thin_pid: timing repeat 6/20
  thin_pid: timing repeat 7/20
  thin_pid: timing repeat 8/20
  thin_pid: timing repeat 9/20
  thin_pid: timing repeat 10/20
  thin_pid: timing repeat 11/20
  thin_pid: timing repeat 12/20
  thin_pid: timing repeat 13/20
  thin_pid: timing repeat 14/20
  thin_pid: timing repeat 15/20
  thin_pid: timing repeat 16/20
  thin_pid: timing repeat 17/20
  thin_pid: timing repeat 18/20
  thin_pid: timing repeat 19/20
  thin_pid: timing repeat 20/20
  eigen_pid: timing repeat 1/20
  eigen_pid: timing repeat 2/20
  eigen_pid: timing repeat 3/20
  eigen_pid: timing repeat 4/20
  eigen_pid: timing repeat 5/20
  eigen_pid: timing repeat 6/20
  eigen_pid: timing repeat 7/20
  eigen_pid: timing repeat 8/20
  eigen_pid: timing repeat 9/20
  eigen_pid: timing repeat 10/20
  eigen_pid: timing repeat 11/20
  eigen_pid: timing repeat 12/20
  eigen_pid: timing repeat 13/20
  eigen_pid: timing repeat 14/20
  eigen_pid: timing repeat 15/20
  eigen_pid: timing repeat 16/20
  eigen_pid: timing repeat 17/20
  eigen_pid: timing repeat 18/20
  eigen_pid: timing repeat 19/20
  eigen_pid: timing repeat 20/20
all_atoms_positive: source1_dim=451
  gpid_tilde: timing repeat 1/20
  gpid_tilde: timing repeat 2/20
  gpid_tilde: timing repeat 3/20
  gpid_tilde: timing repeat 4/20
  gpid_tilde: timing repeat 5/20
  gpid_tilde: timing repeat 6/20
  gpid_tilde: timing repeat 7/20
  gpid_tilde: timing repeat 8/20
  gpid_tilde: timing repeat 9/20
  gpid_tilde: timing repeat 10/20
  gpid_tilde: timing repeat 11/20
  gpid_tilde: timing repeat 12/20
  gpid_tilde: timing repeat 13/20
  gpid_tilde: timing repeat 14/20
  gpid_tilde: timing repeat 15/20
  gpid_tilde: timing repeat 16/20
  gpid_tilde: timing repeat 17/20
  gpid_tilde: timing repeat 18/20
  gpid_tilde: timing repeat 19/20
  gpid_tilde: timing repeat 20/20
  thin_pid: timing repeat 1/20
  thin_pid: timing repeat 2/20
  thin_pid: timing repeat 3/20
  thin_pid: timing repeat 4/20
  thin_pid: timing repeat 5/20
  thin_pid: timing repeat 6/20
  thin_pid: timing repeat 7/20
  thin_pid: timing repeat 8/20
  thin_pid: timing repeat 9/20
  thin_pid: timing repeat 10/20
  thin_pid: timing repeat 11/20
  thin_pid: timing repeat 12/20
  thin_pid: timing repeat 13/20
  thin_pid: timing repeat 14/20
  thin_pid: timing repeat 15/20
  thin_pid: timing repeat 16/20
  thin_pid: timing repeat 17/20
  thin_pid: timing repeat 18/20
  thin_pid: timing repeat 19/20
  thin_pid: timing repeat 20/20
  eigen_pid: timing repeat 1/20
  eigen_pid: timing repeat 2/20
  eigen_pid: timing repeat 3/20
  eigen_pid: timing repeat 4/20
  eigen_pid: timing repeat 5/20
  eigen_pid: timing repeat 6/20
  eigen_pid: timing repeat 7/20
  eigen_pid: timing repeat 8/20
  eigen_pid: timing repeat 9/20
  eigen_pid: timing repeat 10/20
  eigen_pid: timing repeat 11/20
  eigen_pid: timing repeat 12/20
  eigen_pid: timing repeat 13/20
  eigen_pid: timing repeat 14/20
  eigen_pid: timing repeat 15/20
  eigen_pid: timing repeat 16/20
  eigen_pid: timing repeat 17/20
  eigen_pid: timing repeat 18/20
  eigen_pid: timing repeat 19/20
  eigen_pid: timing repeat 20/20
all_atoms_positive: source1_dim=501
  gpid_tilde: timing repeat 1/20
  gpid_tilde: timing repeat 2/20
  gpid_tilde: timing repeat 3/20
  gpid_tilde: timing repeat 4/20
  gpid_tilde: timing repeat 5/20
  gpid_tilde: timing repeat 6/20
  gpid_tilde: timing repeat 7/20
  gpid_tilde: timing repeat 8/20
  gpid_tilde: timing repeat 9/20
  gpid_tilde: timing repeat 10/20
  gpid_tilde: timing repeat 11/20
  gpid_tilde: timing repeat 12/20
  gpid_tilde: timing repeat 13/20
  gpid_tilde: timing repeat 14/20
  gpid_tilde: timing repeat 15/20
  gpid_tilde: timing repeat 16/20
  gpid_tilde: timing repeat 17/20
  gpid_tilde: timing repeat 18/20
  gpid_tilde: timing repeat 19/20
  gpid_tilde: timing repeat 20/20
  thin_pid: timing repeat 1/20
  thin_pid: timing repeat 2/20
  thin_pid: timing repeat 3/20
  thin_pid: timing repeat 4/20
  thin_pid: timing repeat 5/20
  thin_pid: timing repeat 6/20
  thin_pid: timing repeat 7/20
  thin_pid: timing repeat 8/20
  thin_pid: timing repeat 9/20
  thin_pid: timing repeat 10/20
  thin_pid: timing repeat 11/20
  thin_pid: timing repeat 12/20
  thin_pid: timing repeat 13/20
  thin_pid: timing repeat 14/20
  thin_pid: timing repeat 15/20
  thin_pid: timing repeat 16/20
  thin_pid: timing repeat 17/20
  thin_pid: timing repeat 18/20
  thin_pid: timing repeat 19/20
  thin_pid: timing repeat 20/20
  eigen_pid: timing repeat 1/20
  eigen_pid: timing repeat 2/20
  eigen_pid: timing repeat 3/20
  eigen_pid: timing repeat 4/20
  eigen_pid: timing repeat 5/20
  eigen_pid: timing repeat 6/20
  eigen_pid: timing repeat 7/20
  eigen_pid: timing repeat 8/20
  eigen_pid: timing repeat 9/20
  eigen_pid: timing repeat 10/20
  eigen_pid: timing repeat 11/20
  eigen_pid: timing repeat 12/20
  eigen_pid: timing repeat 13/20
  eigen_pid: timing repeat 14/20
  eigen_pid: timing repeat 15/20
  eigen_pid: timing repeat 16/20
  eigen_pid: timing repeat 17/20
  eigen_pid: timing repeat 18/20
  eigen_pid: timing repeat 19/20
  eigen_pid: timing repeat 20/20
all_atoms_positive: source1_dim=551
  gpid_tilde: timing repeat 1/20
  gpid_tilde: timing repeat 2/20
  gpid_tilde: timing repeat 3/20
  gpid_tilde: timing repeat 4/20
  gpid_tilde: timing repeat 5/20
  gpid_tilde: timing repeat 6/20
  gpid_tilde: timing repeat 7/20
  gpid_tilde: timing repeat 8/20
  gpid_tilde: timing repeat 9/20
  gpid_tilde: timing repeat 10/20
  gpid_tilde: timing repeat 11/20
  gpid_tilde: timing repeat 12/20
  gpid_tilde: timing repeat 13/20
  gpid_tilde: timing repeat 14/20
  gpid_tilde: timing repeat 15/20
  gpid_tilde: timing repeat 16/20
  gpid_tilde: timing repeat 17/20
  gpid_tilde: timing repeat 18/20
  gpid_tilde: timing repeat 19/20
  gpid_tilde: timing repeat 20/20
  thin_pid: timing repeat 1/20
  thin_pid: timing repeat 2/20
  thin_pid: timing repeat 3/20
  thin_pid: timing repeat 4/20
  thin_pid: timing repeat 5/20
  thin_pid: timing repeat 6/20
  thin_pid: timing repeat 7/20
  thin_pid: timing repeat 8/20
  thin_pid: timing repeat 9/20
  thin_pid: timing repeat 10/20
  thin_pid: timing repeat 11/20
  thin_pid: timing repeat 12/20
  thin_pid: timing repeat 13/20
  thin_pid: timing repeat 14/20
  thin_pid: timing repeat 15/20
  thin_pid: timing repeat 16/20
  thin_pid: timing repeat 17/20
  thin_pid: timing repeat 18/20
  thin_pid: timing repeat 19/20
  thin_pid: timing repeat 20/20
  eigen_pid: timing repeat 1/20
  eigen_pid: timing repeat 2/20
  eigen_pid: timing repeat 3/20
  eigen_pid: timing repeat 4/20
  eigen_pid: timing repeat 5/20
  eigen_pid: timing repeat 6/20
  eigen_pid: timing repeat 7/20
  eigen_pid: timing repeat 8/20
  eigen_pid: timing repeat 9/20
  eigen_pid: timing repeat 10/20
  eigen_pid: timing repeat 11/20
  eigen_pid: timing repeat 12/20
  eigen_pid: timing repeat 13/20
  eigen_pid: timing repeat 14/20
  eigen_pid: timing repeat 15/20
  eigen_pid: timing repeat 16/20
  eigen_pid: timing repeat 17/20
  eigen_pid: timing repeat 18/20
  eigen_pid: timing repeat 19/20
  eigen_pid: timing repeat 20/20
all_atoms_positive: source1_dim=601
  gpid_tilde: timing repeat 1/20
  gpid_tilde: timing repeat 2/20
  gpid_tilde: timing repeat 3/20
  gpid_tilde: timing repeat 4/20
  gpid_tilde: timing repeat 5/20
  gpid_tilde: timing repeat 6/20
  gpid_tilde: timing repeat 7/20
  gpid_tilde: timing repeat 8/20
  gpid_tilde: timing repeat 9/20
  gpid_tilde: timing repeat 10/20
  gpid_tilde: timing repeat 11/20
  gpid_tilde: timing repeat 12/20
  gpid_tilde: timing repeat 13/20
  gpid_tilde: timing repeat 14/20
  gpid_tilde: timing repeat 15/20
  gpid_tilde: timing repeat 16/20
  gpid_tilde: timing repeat 17/20
  gpid_tilde: timing repeat 18/20
  gpid_tilde: timing repeat 19/20
  gpid_tilde: timing repeat 20/20
  thin_pid: timing repeat 1/20
  thin_pid: timing repeat 2/20
  thin_pid: timing repeat 3/20
  thin_pid: timing repeat 4/20
  thin_pid: timing repeat 5/20
  thin_pid: timing repeat 6/20
  thin_pid: timing repeat 7/20
  thin_pid: timing repeat 8/20
  thin_pid: timing repeat 9/20
  thin_pid: timing repeat 10/20
  thin_pid: timing repeat 11/20
  thin_pid: timing repeat 12/20
  thin_pid: timing repeat 13/20
  thin_pid: timing repeat 14/20
  thin_pid: timing repeat 15/20
  thin_pid: timing repeat 16/20
  thin_pid: timing repeat 17/20
  thin_pid: timing repeat 18/20
  thin_pid: timing repeat 19/20
  thin_pid: timing repeat 20/20
  eigen_pid: timing repeat 1/20
  eigen_pid: timing repeat 2/20
  eigen_pid: timing repeat 3/20
  eigen_pid: timing repeat 4/20
  eigen_pid: timing repeat 5/20
  eigen_pid: timing repeat 6/20
  eigen_pid: timing repeat 7/20
  eigen_pid: timing repeat 8/20
  eigen_pid: timing repeat 9/20
  eigen_pid: timing repeat 10/20
  eigen_pid: timing repeat 11/20
  eigen_pid: timing repeat 12/20
  eigen_pid: timing repeat 13/20
  eigen_pid: timing repeat 14/20
  eigen_pid: timing repeat 15/20
  eigen_pid: timing repeat 16/20
  eigen_pid: timing repeat 17/20
  eigen_pid: timing repeat 18/20
  eigen_pid: timing repeat 19/20
  eigen_pid: timing repeat 20/20
all_atoms_positive: source1_dim=651
  gpid_tilde: timing repeat 1/20
  gpid_tilde: timing repeat 2/20
  gpid_tilde: timing repeat 3/20
  gpid_tilde: timing repeat 4/20
  gpid_tilde: timing repeat 5/20
  gpid_tilde: timing repeat 6/20
  gpid_tilde: timing repeat 7/20
  gpid_tilde: timing repeat 8/20
  gpid_tilde: timing repeat 9/20
  gpid_tilde: timing repeat 10/20
  gpid_tilde: timing repeat 11/20
  gpid_tilde: timing repeat 12/20
  gpid_tilde: timing repeat 13/20
  gpid_tilde: timing repeat 14/20
  gpid_tilde: timing repeat 15/20
  gpid_tilde: timing repeat 16/20
  gpid_tilde: timing repeat 17/20
  gpid_tilde: timing repeat 18/20
  gpid_tilde: timing repeat 19/20
  gpid_tilde: timing repeat 20/20
Traceback (most recent call last):
  File "/home/ohadshee/Desktop/Thesis_Ohad_Sheelo/Simulations/Theoretical_Examples/Covariance/run_gaussian_pid_examples.py", line 456, in <module>
    for output_path in main(args.results_csv_path, args.summary_csv_path, args.plot_path, args.yaml_path):
                       ^^^^^^^^^^^^^^^^^^^^^^^^^^^^^^^^^^^^^^^^^^^^^^^^^^^^^^^^^^^^^^^^^^^^^^^^^^^^^^^^^^
  File "/home/ohadshee/Desktop/Thesis_Ohad_Sheelo/Simulations/Theoretical_Examples/Covariance/run_gaussian_pid_examples.py", line 438, in main
    write_rows_to_csv(paths[0], rows, list(RESULT_COLUMNS))
  File "/home/ohadshee/Desktop/Thesis_Ohad_Sheelo/Simulations/evil_twin/evil_twin_pid_batch_utils.py", line 103, in write_rows_to_csv
    writer.writerows(rows)
  File "/home/ohadshee/anaconda3/lib/python3.12/csv.py", line 167, in writerows
    return self.writer.writerows(map(self._dict_to_list, rowdicts))
           ^^^^^^^^^^^^^^^^^^^^^^^^^^^^^^^^^^^^^^^^^^^^^^^^^^^^^^^^
OSError: [Errno 28] No space left on device
