------------------------------------
Wed 01 Jul 2026 19:22:06 IDT
SLURM_JOBID:		18646719
SLURM_JOB_NODELIST:	ise-6000p-01
SLURM_SCRATCH_DIR:	/scratch/ohadshee/18646719
Allocated Resouces:	cpu - 8 / mem -  MB / gpu - 1
SLURM_GPU_INDEX:	3
Running as ohadshee from golan.neuro account with golan-neuro QOS
------------------------------------
Project root directory: /home/ohadshee/Desktop/Partial-Information-Decomposition/external/mayas_project
Using device: cuda
Number of images: 73000
Image shape: (425, 425, 3), dtype: uint8
nsdID shape: (73000,), Shared1000 shape: (73000,)
Neural data shape: (10000, 8088)
Image IDs shape: (10000,)
Number of voxels: 8088
Number of projections for SRP: 7894

Loaded full OTC target with shape (10000, 8088).
Skipping pair: nf_resnet50_classification, nf_resnet50_classification (self-pair or already completed)
Skipping pair: nf_resnet50_classification, hardcorenas_f_classification (self-pair or already completed)
Skipping pair: nf_resnet50_classification, eca_nfnet_l0_classification (self-pair or already completed)
Skipping pair: nf_resnet50_classification, resnet50_classification (self-pair or already completed)
Skipping pair: nf_resnet50_classification, semnasnet_100_classification (self-pair or already completed)
Skipping pair: nf_resnet50_classification, cspresnet50_classification (self-pair or already completed)
Skipping pair: nf_resnet50_classification, mobilenetv3_large_100_classification (self-pair or already completed)
Skipping pair: nf_resnet50_classification, ghostnet_100_classification (self-pair or already completed)
Skipping pair: nf_resnet50_classification, convnext_base_classification (self-pair or already completed)
Skipping pair: nf_resnet50_classification, xcit_nano_12_p8_224_classification (self-pair or already completed)
Skipping pair: nf_resnet50_classification, xcit_nano_12_p16_224_classification (self-pair or already completed)
Skipping pair: nf_resnet50_classification, swin_large_patch4_window7_224_classification (self-pair or already completed)
Skipping pair: nf_resnet50_classification, jx_nest_tiny_classification (self-pair or already completed)
Skipping pair: nf_resnet50_classification, pit_ti_224_classification (self-pair or already completed)
Skipping pair: nf_resnet50_classification, vit_base_patch32_224_classification (self-pair or already completed)
Skipping pair: nf_resnet50_classification, vit_base_patch16_224_classification (self-pair or already completed)
Skipping pair: nf_resnet50_classification, tnt_s_patch16_224_classification (self-pair or already completed)
Skipping pair: nf_resnet50_classification, crossvit_base_240_classification (self-pair or already completed)
Skipping pair: nf_resnet50_classification, deit_base_patch16_224_classification (self-pair or already completed)
Skipping pair: nf_resnet50_classification, levit_128_classification (self-pair or already completed)
Skipping pair: nf_resnet50_classification, coat_lite_tiny_classification (self-pair or already completed)
Skipping pair: nf_resnet50_classification, visformer_small_classification (self-pair or already completed)
Skipping pair: nf_resnet50_classification, convit_base_classification (self-pair or already completed)
Skipping pair: nf_resnet50_classification, ViT-B_32_clip (self-pair or already completed)
Skipping pair: nf_resnet50_classification, RN50_clip (self-pair or already completed)
Skipping pair: nf_resnet50_classification, RN101_clip (self-pair or already completed)
Skipping pair: nf_resnet50_classification, ViT-L_14_clip (self-pair or already completed)
Skipping pair: nf_resnet50_classification, ResNet50-SimCLR_selfsupervised (self-pair or already completed)
Skipping pair: nf_resnet50_classification, ResNet50-DeepClusterV2-2x224_selfsupervised (self-pair or already completed)
Skipping pair: nf_resnet50_classification, ResNet50-SwAV-BS4096-2x224_selfsupervised (self-pair or already completed)
Skipping pair: nf_resnet50_classification, ResNet50-PIRL_selfsupervised (self-pair or already completed)
Skipping pair: nf_resnet50_classification, ResNet50-ClusterFit-16K-RotNet_selfsupervised (self-pair or already completed)
Skipping pair: nf_resnet50_classification, ResNet50-MoCoV2-BS256_selfsupervised (self-pair or already completed)
Model options for nf_resnet50_classification: {'model_name': 'nf_resnet50', 'train_type': 'classification', 'train_data': 'imagenet', 'model_source': 'timm', 'call': "get_timm_model('nf_resnet50', pretrained = True)"}
Image transforms for nf_resnet50_classification: Compose(
    Resize(size=(224, 224), interpolation=bicubic, max_size=None, antialias=True)
    MaybeToTensor()
    Normalize(mean=tensor([0.4850, 0.4560, 0.4060]), std=tensor([0.2290, 0.2240, 0.2250]))
)
Loaded model: nf_resnet50_classification
Ordered layers from model: ['ScaledStdConv2d-1', 'MaxPool2d-1', 'ReLU-1', 'Identity-1', 'ScaledStdConv2d-2', 'DownsampleAvg-1', 'ScaledStdConv2d-3', 'ReLU-2', 'ScaledStdConv2d-4', 'ReLU-3', 'ScaledStdConv2d-5', 'Identity-2', 'NormFreeBlock-1', 'ReLU-4', 'ScaledStdConv2d-6', 'ReLU-5', 'ScaledStdConv2d-7', 'ReLU-6', 'ScaledStdConv2d-8', 'Identity-3', 'NormFreeBlock-2', 'ReLU-7', 'ScaledStdConv2d-9', 'ReLU-8', 'ScaledStdConv2d-10', 'ReLU-9', 'ScaledStdConv2d-11', 'Identity-4', 'NormFreeBlock-3', 'ReLU-10', 'AvgPool2d-1', 'ScaledStdConv2d-12', 'DownsampleAvg-2', 'ScaledStdConv2d-13', 'ReLU-11', 'ScaledStdConv2d-14', 'ReLU-12', 'ScaledStdConv2d-15', 'Identity-5', 'NormFreeBlock-4', 'ReLU-13', 'ScaledStdConv2d-16', 'ReLU-14', 'ScaledStdConv2d-17', 'ReLU-15', 'ScaledStdConv2d-18', 'Identity-6', 'NormFreeBlock-5', 'ReLU-16', 'ScaledStdConv2d-19', 'ReLU-17', 'ScaledStdConv2d-20', 'ReLU-18', 'ScaledStdConv2d-21', 'Identity-7', 'NormFreeBlock-6', 'ReLU-19', 'ScaledStdConv2d-22', 'ReLU-20', 'ScaledStdConv2d-23', 'ReLU-21', 'ScaledStdConv2d-24', 'Identity-8', 'NormFreeBlock-7', 'ReLU-22', 'AvgPool2d-2', 'ScaledStdConv2d-25', 'DownsampleAvg-3', 'ScaledStdConv2d-26', 'ReLU-23', 'ScaledStdConv2d-27', 'ReLU-24', 'ScaledStdConv2d-28', 'Identity-9', 'NormFreeBlock-8', 'ReLU-25', 'ScaledStdConv2d-29', 'ReLU-26', 'ScaledStdConv2d-30', 'ReLU-27', 'ScaledStdConv2d-31', 'Identity-10', 'NormFreeBlock-9', 'ReLU-28', 'ScaledStdConv2d-32', 'ReLU-29', 'ScaledStdConv2d-33', 'ReLU-30', 'ScaledStdConv2d-34', 'Identity-11', 'NormFreeBlock-10', 'ReLU-31', 'ScaledStdConv2d-35', 'ReLU-32', 'ScaledStdConv2d-36', 'ReLU-33', 'ScaledStdConv2d-37', 'Identity-12', 'NormFreeBlock-11', 'ReLU-34', 'ScaledStdConv2d-38', 'ReLU-35', 'ScaledStdConv2d-39', 'ReLU-36', 'ScaledStdConv2d-40', 'Identity-13', 'NormFreeBlock-12', 'ReLU-37', 'ScaledStdConv2d-41', 'ReLU-38', 'ScaledStdConv2d-42', 'ReLU-39', 'ScaledStdConv2d-43', 'Identity-14', 'NormFreeBlock-13', 'ReLU-40', 'AvgPool2d-3', 'ScaledStdConv2d-44', 'DownsampleAvg-4', 'ScaledStdConv2d-45', 'ReLU-41', 'ScaledStdConv2d-46', 'ReLU-42', 'ScaledStdConv2d-47', 'Identity-15', 'NormFreeBlock-14', 'ReLU-43', 'ScaledStdConv2d-48', 'ReLU-44', 'ScaledStdConv2d-49', 'ReLU-45', 'ScaledStdConv2d-50', 'Identity-16', 'NormFreeBlock-15', 'ReLU-46', 'ScaledStdConv2d-51', 'ReLU-47', 'ScaledStdConv2d-52', 'ReLU-48', 'ScaledStdConv2d-53', 'Identity-17', 'NormFreeBlock-16', 'Identity-18', 'ReLU-49', 'AdaptiveAvgPool2d-1', 'Flatten-1', 'SelectAdaptivePool2d-1', 'Dropout-1', 'Linear-1', 'Identity-19', 'ClassifierHead-1', 'NormFreeNet-1']
Total number of layers: 152
Empty layer shape for layer NormFreeBlock-16: torch.Size([1, 2048, 7, 7])
Empty layer features flattened shape for layer NormFreeBlock-16: torch.Size([1, 100352])
Stimulus batch shape: (128,)
DataLoader created with batch size: 16
Extracted and cached features for model: nf_resnet50_classification
Model options for dino_vitb16_selfsupervised: {'model_name': 'dino_vitb16', 'train_type': 'selfsupervised', 'train_data': 'imagenet', 'model_source': 'dino', 'call': "torch.hub.load('facebookresearch/dino:main', 'dino_vitb16')"}
Image transforms for dino_vitb16_selfsupervised: Compose(
    Resize(size=(224, 224), interpolation=bilinear, max_size=None, antialias=True)
    ToTensor()
    Normalize(mean=[0.485, 0.456, 0.406], std=[0.229, 0.224, 0.225])
)
