------------------------------------
Wed 15 Jul 2026 18:00:07 IDT
SLURM_JOBID:		19387524
SLURM_JOB_NODELIST:	ise-cpu256-29
SLURM_SCRATCH_DIR:	/scratch/ohadshee/19387524
Allocated Resouces:	cpu - 4 / mem - 49152 MB / gpu - 
SLURM_GPU_INDEX:	
Running as ohadshee from golan.neuro account with normal QOS
------------------------------------
Running on host: ise-cpu256-29.auth.ad.bgu.ac.il
Job ID: 19387524
CPUs per task: 4
Python path: /home/ohadshee/.conda/envs/pid_env/bin/python
Conda environment: pid_env
Project root directory: /home/ohadshee/Desktop/Partial-Information-Decomposition/external/mayas_project
Using device: cpu

Running full-OTC PID experiment with config: ridge_otc_config!!!

========================================================================
OTC PID PIPELINE WORKFLOW
Started at: 2026-07-15T18:00:22+03:00
========================================================================

1. Target extraction
   Configured function: prepare_target
   Resolved callable: pipeline.pipeline_phases.sources_target_features.prepare_target
   Signature: (hdf_path: pathlib.Path, pkl_info_path: pathlib.Path, neural_data_path: pathlib.Path, n_samples: int = None) -> dict
   Runtime RNG injected: False
   Dynamic inputs: configured keyword inputs
   Configured kwargs (target_kwargs):
      {'hdf_path': PosixPath('/groups/golan_neurogroup/bml_group/datasets/nsddata/nsddata_stimuli/stimuli/nsd/nsd_stimuli.hdf5'),
       'pkl_info_path': PosixPath('/groups/golan_neurogroup/bml_group/datasets/nsddata/nsddata/experiments/nsd/nsd_stim_info_merged.pkl'),
       'neural_data_path': PosixPath('/groups/golan_neurogroup/bml_group/datasets/nsddata/otc_betas/otc_betas_per_stim/subj01_OTC_betas_per_stimulus.zarr'),
       'n_samples': None}

2. Sources extraction
   Configured function: nsd_sources
   Resolved callable: pipeline.pipeline_utils.nsd_sources
   Signature: (model_name_1: 'str', model_name_2: 'str') -> 'dict[str, dict[str, Any]]'
   Runtime RNG injected: False
   Dynamic inputs: configured keyword inputs
   Configured kwargs (sources_kwargs):
      {'model_name_1': 'xcit_nano_12_p8_224_classification',
       'model_name_2': 'resnet50_classification'}

3. Layer selection
   Configured function: overall_best_layer
   Resolved callable: pipeline.pipeline_utils.overall_best_layer_for_sources
   Signature: (sources: 'dict[str, dict[str, Any]]', path_to_results: 'str | Path') -> 'dict[str, int]'
   Runtime RNG injected: False
   Dynamic inputs: sources <- step 2
   Configured kwargs (choose_layer_kwargs):
      {'path_to_results': PosixPath('/home/ohadshee/Desktop/Partial-Information-Decomposition/external/mayas_project/results_shared/encoding/best_layers/subj01_OTC_all_models_best_layer_overall.csv')}

4. Feature extraction X1
   Configured function: nsd_feature_extraction
   Resolved callable: pipeline.pipeline_utils.nsd_feature_extraction
   Signature: (source_context: 'dict[str, Any]', layer_index: 'int', target_context: 'dict[str, Any]', batch_size_process: 'int', batch_size_dataloader: 'int' = 128) -> 'Any'
   Runtime RNG injected: False
   Dynamic inputs: sources['X1'], selected_layers['X1'], target_context
   Configured kwargs (feature_extraction_kwargs):
      {'batch_size_process': 120}

5. Feature extraction X2
   Configured function: nsd_feature_extraction
   Resolved callable: pipeline.pipeline_utils.nsd_feature_extraction
   Signature: (source_context: 'dict[str, Any]', layer_index: 'int', target_context: 'dict[str, Any]', batch_size_process: 'int', batch_size_dataloader: 'int' = 128) -> 'Any'
   Runtime RNG injected: False
   Dynamic inputs: sources['X2'], selected_layers['X2'], target_context
   Configured kwargs (feature_extraction_kwargs):
      {'batch_size_process': 120}

6. Preprocessing
   Configured function: scale_func
   Resolved callable: pipeline.pipeline_phases.preprocessing_layer.scale_func
   Signature: (source1: numpy.ndarray, source2: numpy.ndarray, target: numpy.ndarray, source1_scaler_path: str | pathlib.Path, source2_scaler_path: str | pathlib.Path, target_scaler_path: str | pathlib.Path) -> tuple[numpy.ndarray, numpy.ndarray, numpy.ndarray]
   Runtime RNG injected: False
   Dynamic inputs: source_1, source_2, target
   Configured kwargs (preprocess_kwargs):
      {'source1_scaler_path': PosixPath('/home/ohadshee/Desktop/Partial-Information-Decomposition/pipeline/ridge_find_alpha/results/scalers_alphalog(5,20)/alphas2.0_per_pc_xcit_nano_12_p8_224_classification_predictor_scaler.pkl'),
       'source2_scaler_path': PosixPath('/home/ohadshee/Desktop/Partial-Information-Decomposition/pipeline/ridge_find_alpha/results/scalers_alphalog(5,20)/alphas2.0_per_pc_xcit_nano_12_p16_224_classification_predictor_scaler.pkl'),
       'target_scaler_path': PosixPath('/home/ohadshee/Desktop/Partial-Information-Decomposition/pipeline/subj_PCs/saved_pcs/pca_by_variance=60/subj01_scaler_model.pkl')}

7. Feature manipulation
   Configured function: feature_manipulation_ridge
   Resolved callable: pipeline.pipeline_phases.feature_manipulations.feature_manipulation_ridge
   Signature: (source1: numpy.ndarray, source2: numpy.ndarray, target: numpy.ndarray, target_context: collections.abc.Mapping[str, typing.Any], seed: int, model_name_1: str, model_name_2: str, pc_target_path: str | pathlib.Path, alphas_source1_path: str | pathlib.Path, alphas_source2_path: str | pathlib.Path) -> tuple[numpy.ndarray, numpy.ndarray, numpy.ndarray]
   Runtime RNG injected: False
   Dynamic inputs: source_1, source_2, target
   Configured kwargs (feature_manipulation_kwargs):
      {'pc_target_path': PosixPath('/home/ohadshee/Desktop/Partial-Information-Decomposition/pipeline/subj_PCs/saved_pcs/pca_by_variance=60/subj01_pca_model.pkl'),
       'alphas_source1_path': PosixPath('/home/ohadshee/Desktop/Partial-Information-Decomposition/pipeline/ridge_find_alpha/models_dir/alphas2.0_per_pc_xcit_nano_12_p8_224_classification.npz'),
       'alphas_source2_path': PosixPath('/home/ohadshee/Desktop/Partial-Information-Decomposition/pipeline/ridge_find_alpha/models_dir/alphas2.0_per_pc_xcit_nano_12_p16_224_classification.npz'),
       'model_name_1': 'xcit_nano_12_p8_224_classification',
       'model_name_2': 'resnet50_classification',
       'seed': 88}

8. PID calculation
   Configured function: pid_calc
   Resolved callable: pipeline.pipeline_utils.pid_calc_adapter
   Signature: (target: 'Any', source_1: 'Any', source_2: 'Any', method: 'str', config: 'dict[str, Any] | None' = None, rng_seed: 'int' = 56, **pid_kwargs: 'Any') -> 'dict[str, Any]'
   Runtime RNG injected: False
   Dynamic inputs: target, source_1, source_2
   Configured kwargs (pid_kwargs):
      {'method': 'tilde',
       'rng_seed': 88,
       'config': {'device': 'cuda', 'bias_correction': True}}

9. PID report
   Configured function: print_pid_mi
   Resolved callable: pipeline.pipeline_utils.print_pid_mi_adapter
   Signature: (pid_results: 'dict[str, Any]', context: 'dict[str, Any]', **report_kwargs: 'Any') -> 'Any'
   Runtime RNG injected: False
   Dynamic inputs: pid_results, pipeline context
   Configured kwargs (report_kwargs):
      {}

========================================================================
Beginning OTC pipeline execution
========================================================================
Number of images: 73000
Image shape: (425, 425, 3), dtype: uint8
nsdID shape: (73000,), Shared1000 shape: (73000,)
Neural data shape: (10000, 8088)
Image IDs shape: (10000,)
Number of voxels: 8088
Number of projections for SRP: 7894

Loaded target with shape (10000, 8088).
Model options for xcit_nano_12_p8_224_classification: {'model_name': 'xcit_nano_12_p8_224', 'train_type': 'classification', 'train_data': 'imagenet', 'model_source': 'timm', 'call': "get_timm_model('xcit_nano_12_p8_224', pretrained = True)"}
Image transforms for xcit_nano_12_p8_224_classification: Compose(
    Resize(size=(224, 224), interpolation=bicubic, max_size=None, antialias=True)
    MaybeToTensor()
    Normalize(mean=tensor([0.4850, 0.4560, 0.4060]), std=tensor([0.2290, 0.2240, 0.2250]))
)
Loaded model: xcit_nano_12_p8_224_classification
Ordered layers from model: ['Conv2d-1', 'BatchNorm2d-1', 'GELU-1', 'Conv2d-2', 'BatchNorm2d-2', 'GELU-2', 'Conv2d-3', 'BatchNorm2d-3', 'ConvPatchEmbed-1-1', 'PositionalEncodingFourier-1', 'Dropout-1', 'LayerNorm-1', 'Linear-1', 'Dropout-2', 'Linear-2', 'Dropout-3', 'XCA-1', 'Identity-1', 'LayerNorm-2', 'Conv2d-5', 'GELU-3', 'BatchNorm2d-4', 'Conv2d-6', 'LPI-1', 'Identity-2', 'LayerNorm-3', 'Linear-3', 'GELU-4', 'Dropout-4', 'Identity-3', 'Linear-4', 'Dropout-5', 'Mlp-1', 'Identity-4', 'XCABlock-1', 'LayerNorm-4', 'Linear-5', 'Dropout-6', 'Linear-6', 'Dropout-7', 'XCA-3', 'Identity-5', 'LayerNorm-5', 'Conv2d-7', 'GELU-5', 'BatchNorm2d-5', 'Conv2d-8', 'LPI-2', 'Identity-6', 'LayerNorm-6', 'Linear-7', 'GELU-6', 'Dropout-8', 'Identity-7', 'Linear-8', 'Dropout-9', 'Mlp-2', 'Identity-8', 'XCABlock-2', 'LayerNorm-7', 'Linear-9', 'Dropout-10', 'Linear-10', 'Dropout-11', 'XCA-5', 'Identity-9', 'LayerNorm-8', 'Conv2d-9', 'GELU-7', 'BatchNorm2d-6', 'Conv2d-10', 'LPI-3', 'Identity-10', 'LayerNorm-9', 'Linear-11', 'GELU-8', 'Dropout-12', 'Identity-11', 'Linear-12', 'Dropout-13', 'Mlp-3', 'Identity-12', 'XCABlock-3', 'LayerNorm-10', 'Linear-13', 'Dropout-14', 'Linear-14', 'Dropout-15', 'XCA-7', 'Identity-13', 'LayerNorm-11', 'Conv2d-11', 'GELU-9', 'BatchNorm2d-7', 'Conv2d-12', 'LPI-4', 'Identity-14', 'LayerNorm-12', 'Linear-15', 'GELU-10', 'Dropout-16', 'Identity-15', 'Linear-16', 'Dropout-17', 'Mlp-4', 'Identity-16', 'XCABlock-4', 'LayerNorm-13', 'Linear-17', 'Dropout-18', 'Linear-18', 'Dropout-19', 'XCA-9', 'Identity-17', 'LayerNorm-14', 'Conv2d-13', 'GELU-11', 'BatchNorm2d-8', 'Conv2d-14', 'LPI-5', 'Identity-18', 'LayerNorm-15', 'Linear-19', 'GELU-12', 'Dropout-20', 'Identity-19', 'Linear-20', 'Dropout-21', 'Mlp-5', 'Identity-20', 'XCABlock-5', 'LayerNorm-16', 'Linear-21', 'Dropout-22', 'Linear-22', 'Dropout-23', 'XCA-11', 'Identity-21', 'LayerNorm-17', 'Conv2d-15', 'GELU-13', 'BatchNorm2d-9', 'Conv2d-16', 'LPI-6', 'Identity-22', 'LayerNorm-18', 'Linear-23', 'GELU-14', 'Dropout-24', 'Identity-23', 'Linear-24', 'Dropout-25', 'Mlp-6', 'Identity-24', 'XCABlock-6', 'LayerNorm-19', 'Linear-25', 'Dropout-26', 'Linear-26', 'Dropout-27', 'XCA-13', 'Identity-25', 'LayerNorm-20', 'Conv2d-17', 'GELU-15', 'BatchNorm2d-10', 'Conv2d-18', 'LPI-7', 'Identity-26', 'LayerNorm-21', 'Linear-27', 'GELU-16', 'Dropout-28', 'Identity-27', 'Linear-28', 'Dropout-29', 'Mlp-7', 'Identity-28', 'XCABlock-7', 'LayerNorm-22', 'Linear-29', 'Dropout-30', 'Linear-30', 'Dropout-31', 'XCA-15', 'Identity-29', 'LayerNorm-23', 'Conv2d-19', 'GELU-17', 'BatchNorm2d-11', 'Conv2d-20', 'LPI-8', 'Identity-30', 'LayerNorm-24', 'Linear-31', 'GELU-18', 'Dropout-32', 'Identity-31', 'Linear-32', 'Dropout-33', 'Mlp-8', 'Identity-32', 'XCABlock-8', 'LayerNorm-25', 'Linear-33', 'Dropout-34', 'Linear-34', 'Dropout-35', 'XCA-17', 'Identity-33', 'LayerNorm-26', 'Conv2d-21', 'GELU-19', 'BatchNorm2d-12', 'Conv2d-22', 'LPI-9', 'Identity-34', 'LayerNorm-27', 'Linear-35', 'GELU-20', 'Dropout-36', 'Identity-35', 'Linear-36', 'Dropout-37', 'Mlp-9', 'Identity-36', 'XCABlock-9', 'LayerNorm-28', 'Linear-37', 'Dropout-38', 'Linear-38', 'Dropout-39', 'XCA-19', 'Identity-37', 'LayerNorm-29', 'Conv2d-23', 'GELU-21', 'BatchNorm2d-13', 'Conv2d-24', 'LPI-10', 'Identity-38', 'LayerNorm-30', 'Linear-39', 'GELU-22', 'Dropout-40', 'Identity-39', 'Linear-40', 'Dropout-41', 'Mlp-10', 'Identity-40', 'XCABlock-10', 'LayerNorm-31', 'Linear-41', 'Dropout-42', 'Linear-42', 'Dropout-43', 'XCA-21', 'Identity-41', 'LayerNorm-32', 'Conv2d-25', 'GELU-23', 'BatchNorm2d-14', 'Conv2d-26', 'LPI-11', 'Identity-42', 'LayerNorm-33', 'Linear-43', 'GELU-24', 'Dropout-44', 'Identity-43', 'Linear-44', 'Dropout-45', 'Mlp-11', 'Identity-44', 'XCABlock-11', 'LayerNorm-34', 'Linear-45', 'Dropout-46', 'Linear-46', 'Dropout-47', 'XCA-23', 'Identity-45', 'LayerNorm-35', 'Conv2d-27', 'GELU-25', 'BatchNorm2d-15', 'Conv2d-28', 'LPI-12', 'Identity-46', 'LayerNorm-36', 'Linear-47', 'GELU-26', 'Dropout-48', 'Identity-47', 'Linear-48', 'Dropout-49', 'Mlp-12', 'Identity-48', 'XCABlock-12', 'LayerNorm-37', 'Linear-49', 'Linear-50', 'Linear-51', 'Linear-52', 'Dropout-50', 'ClassAttn-1', 'Identity-49', 'LayerNorm-38', 'Linear-53', 'GELU-27', 'Dropout-51', 'Identity-50', 'Linear-54', 'Dropout-52', 'Mlp-13', 'Identity-51', 'ClassAttentionBlock-1', 'LayerNorm-39', 'Linear-55', 'Linear-56', 'Linear-57', 'Linear-58', 'Dropout-53', 'ClassAttn-2', 'Identity-52', 'LayerNorm-40', 'Linear-59', 'GELU-28', 'Dropout-54', 'Identity-53', 'Linear-60', 'Dropout-55', 'Mlp-14', 'Identity-54', 'ClassAttentionBlock-2', 'LayerNorm-41', 'Dropout-56', 'Linear-61', 'Xcit-1']
Total number of layers: 339
Model options for resnet50_classification: {'model_name': 'resnet50', 'train_type': 'classification', 'train_data': 'imagenet', 'model_source': 'torchvision', 'call': "get_torchvision_model('models.resnet50', True)"}
Image transforms for resnet50_classification: Compose(
    Resize(size=(224, 224), interpolation=bilinear, max_size=None, antialias=True)
    ToTensor()
    Normalize(mean=[0.485, 0.456, 0.406], std=[0.229, 0.224, 0.225])
)
Loaded model: resnet50_classification
Ordered layers from model: ['Conv2d-1', 'BatchNorm2d-1', 'ReLU-1', 'MaxPool2d-1', 'Conv2d-2', 'BatchNorm2d-2', 'ReLU-2', 'Conv2d-3', 'BatchNorm2d-3', 'ReLU-3', 'Conv2d-4', 'BatchNorm2d-4', 'Conv2d-5', 'BatchNorm2d-5', 'ReLU-4', 'Bottleneck-1', 'Conv2d-6', 'BatchNorm2d-6', 'ReLU-5', 'Conv2d-7', 'BatchNorm2d-7', 'ReLU-6', 'Conv2d-8', 'BatchNorm2d-8', 'ReLU-7', 'Bottleneck-2', 'Conv2d-9', 'BatchNorm2d-9', 'ReLU-8', 'Conv2d-10', 'BatchNorm2d-10', 'ReLU-9', 'Conv2d-11', 'BatchNorm2d-11', 'ReLU-10', 'Bottleneck-3', 'Conv2d-12', 'BatchNorm2d-12', 'ReLU-11', 'Conv2d-13', 'BatchNorm2d-13', 'ReLU-12', 'Conv2d-14', 'BatchNorm2d-14', 'Conv2d-15', 'BatchNorm2d-15', 'ReLU-13', 'Bottleneck-4', 'Conv2d-16', 'BatchNorm2d-16', 'ReLU-14', 'Conv2d-17', 'BatchNorm2d-17', 'ReLU-15', 'Conv2d-18', 'BatchNorm2d-18', 'ReLU-16', 'Bottleneck-5', 'Conv2d-19', 'BatchNorm2d-19', 'ReLU-17', 'Conv2d-20', 'BatchNorm2d-20', 'ReLU-18', 'Conv2d-21', 'BatchNorm2d-21', 'ReLU-19', 'Bottleneck-6', 'Conv2d-22', 'BatchNorm2d-22', 'ReLU-20', 'Conv2d-23', 'BatchNorm2d-23', 'ReLU-21', 'Conv2d-24', 'BatchNorm2d-24', 'ReLU-22', 'Bottleneck-7', 'Conv2d-25', 'BatchNorm2d-25', 'ReLU-23', 'Conv2d-26', 'BatchNorm2d-26', 'ReLU-24', 'Conv2d-27', 'BatchNorm2d-27', 'Conv2d-28', 'BatchNorm2d-28', 'ReLU-25', 'Bottleneck-8', 'Conv2d-29', 'BatchNorm2d-29', 'ReLU-26', 'Conv2d-30', 'BatchNorm2d-30', 'ReLU-27', 'Conv2d-31', 'BatchNorm2d-31', 'ReLU-28', 'Bottleneck-9', 'Conv2d-32', 'BatchNorm2d-32', 'ReLU-29', 'Conv2d-33', 'BatchNorm2d-33', 'ReLU-30', 'Conv2d-34', 'BatchNorm2d-34', 'ReLU-31', 'Bottleneck-10', 'Conv2d-35', 'BatchNorm2d-35', 'ReLU-32', 'Conv2d-36', 'BatchNorm2d-36', 'ReLU-33', 'Conv2d-37', 'BatchNorm2d-37', 'ReLU-34', 'Bottleneck-11', 'Conv2d-38', 'BatchNorm2d-38', 'ReLU-35', 'Conv2d-39', 'BatchNorm2d-39', 'ReLU-36', 'Conv2d-40', 'BatchNorm2d-40', 'ReLU-37', 'Bottleneck-12', 'Conv2d-41', 'BatchNorm2d-41', 'ReLU-38', 'Conv2d-42', 'BatchNorm2d-42', 'ReLU-39', 'Conv2d-43', 'BatchNorm2d-43', 'ReLU-40', 'Bottleneck-13', 'Conv2d-44', 'BatchNorm2d-44', 'ReLU-41', 'Conv2d-45', 'BatchNorm2d-45', 'ReLU-42', 'Conv2d-46', 'BatchNorm2d-46', 'Conv2d-47', 'BatchNorm2d-47', 'ReLU-43', 'Bottleneck-14', 'Conv2d-48', 'BatchNorm2d-48', 'ReLU-44', 'Conv2d-49', 'BatchNorm2d-49', 'ReLU-45', 'Conv2d-50', 'BatchNorm2d-50', 'ReLU-46', 'Bottleneck-15', 'Conv2d-51', 'BatchNorm2d-51', 'ReLU-47', 'Conv2d-52', 'BatchNorm2d-52', 'ReLU-48', 'Conv2d-53', 'BatchNorm2d-53', 'ReLU-49', 'Bottleneck-16', 'AdaptiveAvgPool2d-1', 'Linear-1', 'ResNet-1']
Total number of layers: 175

==================================================
Processing layer: Linear-43 from model: xcit_nano_12_p8_224_classification

For model xcit_nano_12_p8_224_classification Layer Linear-43: Extracting features for 10000 images in batches of 120...
