------------------------------------
Tue 14 Jul 2026 15:54:37 IDT
SLURM_JOBID:		19371620
SLURM_JOB_NODELIST:	ise-cpu256-13
SLURM_SCRATCH_DIR:	/scratch/ohadshee/19371620
Allocated Resouces:	cpu - 4 / mem - 131072 MB / gpu - 
SLURM_GPU_INDEX:	
Running as ohadshee from golan.neuro account with normal QOS
------------------------------------
Running on host: ise-cpu256-13.auth.ad.bgu.ac.il
Job ID: 19371620
CPUs per task: 4
Python path: /home/ohadshee/.conda/envs/pid_env/bin/python
Conda environment: pid_env
Project root directory: /home/ohadshee/Desktop/Partial-Information-Decomposition/external/mayas_project
Using device: cpu

Chosen model: xcit_nano_12_p8_224_classification
Number of images: 73000
Image shape: (425, 425, 3), dtype: uint8
nsdID shape: (73000,), Shared1000 shape: (73000,)
Neural data shape: (10000, 8088)
Image IDs shape: (10000,)
Number of voxels: 8088
Number of projections for SRP: 7894
Model options for xcit_nano_12_p8_224_classification: {'model_name': 'xcit_nano_12_p8_224', 'train_type': 'classification', 'train_data': 'imagenet', 'model_source': 'timm', 'call': "get_timm_model('xcit_nano_12_p8_224', pretrained = True)"}
Image transforms for xcit_nano_12_p8_224_classification: Compose(
    Resize(size=(224, 224), interpolation=bicubic, max_size=None, antialias=True)
    MaybeToTensor()
    Normalize(mean=tensor([0.4850, 0.4560, 0.4060]), std=tensor([0.2290, 0.2240, 0.2250]))
)
Loaded model: xcit_nano_12_p8_224_classification
Ordered layers from model: ['Conv2d-1', 'BatchNorm2d-1', 'GELU-1', 'Conv2d-2', 'BatchNorm2d-2', 'GELU-2', 'Conv2d-3', 'BatchNorm2d-3', 'ConvPatchEmbed-1-1', 'PositionalEncodingFourier-1', 'Dropout-1', 'LayerNorm-1', 'Linear-1', 'Dropout-2', 'Linear-2', 'Dropout-3', 'XCA-1', 'Identity-1', 'LayerNorm-2', 'Conv2d-5', 'GELU-3', 'BatchNorm2d-4', 'Conv2d-6', 'LPI-1', 'Identity-2', 'LayerNorm-3', 'Linear-3', 'GELU-4', 'Dropout-4', 'Identity-3', 'Linear-4', 'Dropout-5', 'Mlp-1', 'Identity-4', 'XCABlock-1', 'LayerNorm-4', 'Linear-5', 'Dropout-6', 'Linear-6', 'Dropout-7', 'XCA-3', 'Identity-5', 'LayerNorm-5', 'Conv2d-7', 'GELU-5', 'BatchNorm2d-5', 'Conv2d-8', 'LPI-2', 'Identity-6', 'LayerNorm-6', 'Linear-7', 'GELU-6', 'Dropout-8', 'Identity-7', 'Linear-8', 'Dropout-9', 'Mlp-2', 'Identity-8', 'XCABlock-2', 'LayerNorm-7', 'Linear-9', 'Dropout-10', 'Linear-10', 'Dropout-11', 'XCA-5', 'Identity-9', 'LayerNorm-8', 'Conv2d-9', 'GELU-7', 'BatchNorm2d-6', 'Conv2d-10', 'LPI-3', 'Identity-10', 'LayerNorm-9', 'Linear-11', 'GELU-8', 'Dropout-12', 'Identity-11', 'Linear-12', 'Dropout-13', 'Mlp-3', 'Identity-12', 'XCABlock-3', 'LayerNorm-10', 'Linear-13', 'Dropout-14', 'Linear-14', 'Dropout-15', 'XCA-7', 'Identity-13', 'LayerNorm-11', 'Conv2d-11', 'GELU-9', 'BatchNorm2d-7', 'Conv2d-12', 'LPI-4', 'Identity-14', 'LayerNorm-12', 'Linear-15', 'GELU-10', 'Dropout-16', 'Identity-15', 'Linear-16', 'Dropout-17', 'Mlp-4', 'Identity-16', 'XCABlock-4', 'LayerNorm-13', 'Linear-17', 'Dropout-18', 'Linear-18', 'Dropout-19', 'XCA-9', 'Identity-17', 'LayerNorm-14', 'Conv2d-13', 'GELU-11', 'BatchNorm2d-8', 'Conv2d-14', 'LPI-5', 'Identity-18', 'LayerNorm-15', 'Linear-19', 'GELU-12', 'Dropout-20', 'Identity-19', 'Linear-20', 'Dropout-21', 'Mlp-5', 'Identity-20', 'XCABlock-5', 'LayerNorm-16', 'Linear-21', 'Dropout-22', 'Linear-22', 'Dropout-23', 'XCA-11', 'Identity-21', 'LayerNorm-17', 'Conv2d-15', 'GELU-13', 'BatchNorm2d-9', 'Conv2d-16', 'LPI-6', 'Identity-22', 'LayerNorm-18', 'Linear-23', 'GELU-14', 'Dropout-24', 'Identity-23', 'Linear-24', 'Dropout-25', 'Mlp-6', 'Identity-24', 'XCABlock-6', 'LayerNorm-19', 'Linear-25', 'Dropout-26', 'Linear-26', 'Dropout-27', 'XCA-13', 'Identity-25', 'LayerNorm-20', 'Conv2d-17', 'GELU-15', 'BatchNorm2d-10', 'Conv2d-18', 'LPI-7', 'Identity-26', 'LayerNorm-21', 'Linear-27', 'GELU-16', 'Dropout-28', 'Identity-27', 'Linear-28', 'Dropout-29', 'Mlp-7', 'Identity-28', 'XCABlock-7', 'LayerNorm-22', 'Linear-29', 'Dropout-30', 'Linear-30', 'Dropout-31', 'XCA-15', 'Identity-29', 'LayerNorm-23', 'Conv2d-19', 'GELU-17', 'BatchNorm2d-11', 'Conv2d-20', 'LPI-8', 'Identity-30', 'LayerNorm-24', 'Linear-31', 'GELU-18', 'Dropout-32', 'Identity-31', 'Linear-32', 'Dropout-33', 'Mlp-8', 'Identity-32', 'XCABlock-8', 'LayerNorm-25', 'Linear-33', 'Dropout-34', 'Linear-34', 'Dropout-35', 'XCA-17', 'Identity-33', 'LayerNorm-26', 'Conv2d-21', 'GELU-19', 'BatchNorm2d-12', 'Conv2d-22', 'LPI-9', 'Identity-34', 'LayerNorm-27', 'Linear-35', 'GELU-20', 'Dropout-36', 'Identity-35', 'Linear-36', 'Dropout-37', 'Mlp-9', 'Identity-36', 'XCABlock-9', 'LayerNorm-28', 'Linear-37', 'Dropout-38', 'Linear-38', 'Dropout-39', 'XCA-19', 'Identity-37', 'LayerNorm-29', 'Conv2d-23', 'GELU-21', 'BatchNorm2d-13', 'Conv2d-24', 'LPI-10', 'Identity-38', 'LayerNorm-30', 'Linear-39', 'GELU-22', 'Dropout-40', 'Identity-39', 'Linear-40', 'Dropout-41', 'Mlp-10', 'Identity-40', 'XCABlock-10', 'LayerNorm-31', 'Linear-41', 'Dropout-42', 'Linear-42', 'Dropout-43', 'XCA-21', 'Identity-41', 'LayerNorm-32', 'Conv2d-25', 'GELU-23', 'BatchNorm2d-14', 'Conv2d-26', 'LPI-11', 'Identity-42', 'LayerNorm-33', 'Linear-43', 'GELU-24', 'Dropout-44', 'Identity-43', 'Linear-44', 'Dropout-45', 'Mlp-11', 'Identity-44', 'XCABlock-11', 'LayerNorm-34', 'Linear-45', 'Dropout-46', 'Linear-46', 'Dropout-47', 'XCA-23', 'Identity-45', 'LayerNorm-35', 'Conv2d-27', 'GELU-25', 'BatchNorm2d-15', 'Conv2d-28', 'LPI-12', 'Identity-46', 'LayerNorm-36', 'Linear-47', 'GELU-26', 'Dropout-48', 'Identity-47', 'Linear-48', 'Dropout-49', 'Mlp-12', 'Identity-48', 'XCABlock-12', 'LayerNorm-37', 'Linear-49', 'Linear-50', 'Linear-51', 'Linear-52', 'Dropout-50', 'ClassAttn-1', 'Identity-49', 'LayerNorm-38', 'Linear-53', 'GELU-27', 'Dropout-51', 'Identity-50', 'Linear-54', 'Dropout-52', 'Mlp-13', 'Identity-51', 'ClassAttentionBlock-1', 'LayerNorm-39', 'Linear-55', 'Linear-56', 'Linear-57', 'Linear-58', 'Dropout-53', 'ClassAttn-2', 'Identity-52', 'LayerNorm-40', 'Linear-59', 'GELU-28', 'Dropout-54', 'Identity-53', 'Linear-60', 'Dropout-55', 'Mlp-14', 'Identity-54', 'ClassAttentionBlock-2', 'LayerNorm-41', 'Dropout-56', 'Linear-61', 'Xcit-1']
Total number of layers: 339

==================================================
Processing layer: Linear-43 from model: xcit_nano_12_p8_224_classification

For model xcit_nano_12_p8_224_classification Layer Linear-43: Extracting features for 9000 images in batches of 28...
Feature extraction for model xcit_nano_12_p8_224_classification layer Linear-43 completed in 724.22 seconds.
Finding best ridge alphas for 98 target PCs using 401408 features and 9000 samples.
Using alphas: 10^4 to 10^20, 50 values spaced logarithmically.
[Pipeline] .... (step 1 of 2) Processing standardscaler, total=  32.0s
[Pipeline] ........... (step 2 of 2) Processing ridgecv, total=15.0min

Selected alpha and cross-validated R² for each PC:
Finished finding best ridge alphas for each target PC.✅

PC   1: alpha = 1.9307e+06, CV R² = 0.191097

PC   2: alpha = 910298, CV R² = 0.587912

PC   3: alpha = 910298, CV R² = 0.615809

PC   4: alpha = 910298, CV R² = 0.369069

PC   5: alpha = 910298, CV R² = 0.429642

PC   6: alpha = 910298, CV R² = 0.179648

PC   7: alpha = 910298, CV R² = 0.370053

PC   8: alpha = 1.9307e+06, CV R² = 0.213568

PC   9: alpha = 1.9307e+06, CV R² = 0.154497

PC  10: alpha = 1.9307e+06, CV R² = 0.127793

PC  11: alpha = 910298, CV R² = 0.279643

PC  12: alpha = 1.9307e+06, CV R² = 0.099057

PC  13: alpha = 1.9307e+06, CV R² = 0.172390

PC  14: alpha = 1.9307e+06, CV R² = 0.197701

PC  15: alpha = 1.9307e+06, CV R² = 0.223002

PC  16: alpha = 1.9307e+06, CV R² = 0.165230

PC  17: alpha = 1.9307e+06, CV R² = 0.211043

PC  18: alpha = 1.9307e+06, CV R² = 0.103516

PC  19: alpha = 1.9307e+06, CV R² = 0.137336

PC  20: alpha = 1.9307e+06, CV R² = 0.130583

PC  21: alpha = 1.9307e+06, CV R² = 0.086818

PC  22: alpha = 4.09492e+06, CV R² = 0.061868

PC  23: alpha = 4.09492e+06, CV R² = 0.031123

PC  24: alpha = 1.9307e+06, CV R² = 0.076492

PC  25: alpha = 1.9307e+06, CV R² = 0.074075

PC  26: alpha = 4.09492e+06, CV R² = 0.032451

PC  27: alpha = 4.09492e+06, CV R² = 0.039589

PC  28: alpha = 4.09492e+06, CV R² = 0.058793

PC  29: alpha = 1.9307e+06, CV R² = 0.093341

PC  30: alpha = 4.09492e+06, CV R² = 0.023434

PC  31: alpha = 1.9307e+06, CV R² = 0.030406

PC  32: alpha = 1.9307e+06, CV R² = 0.105758

PC  33: alpha = 1.9307e+06, CV R² = 0.121206

PC  34: alpha = 4.09492e+06, CV R² = 0.051466

PC  35: alpha = 910298, CV R² = 0.147994

PC  36: alpha = 1.9307e+06, CV R² = 0.093711

PC  37: alpha = 4.09492e+06, CV R² = 0.032742

PC  38: alpha = 1.9307e+06, CV R² = 0.101415

PC  39: alpha = 1.9307e+06, CV R² = 0.080823

PC  40: alpha = 4.09492e+06, CV R² = 0.043226

PC  41: alpha = 1.9307e+06, CV R² = 0.101887

PC  42: alpha = 4.09492e+06, CV R² = 0.067282

PC  43: alpha = 1.9307e+06, CV R² = 0.053155

PC  44: alpha = 1.9307e+06, CV R² = 0.093841

PC  45: alpha = 4.09492e+06, CV R² = 0.034197

PC  46: alpha = 1.9307e+06, CV R² = 0.139526

PC  47: alpha = 4.09492e+06, CV R² = 0.047689

PC  48: alpha = 1.9307e+06, CV R² = 0.042245

PC  49: alpha = 4.09492e+06, CV R² = 0.046349

PC  50: alpha = 1.9307e+06, CV R² = 0.061926

PC  51: alpha = 1.9307e+06, CV R² = 0.088501

PC  52: alpha = 4.09492e+06, CV R² = 0.029872

PC  53: alpha = 1.9307e+06, CV R² = 0.097480

PC  54: alpha = 1.9307e+06, CV R² = 0.066768

PC  55: alpha = 4.09492e+06, CV R² = 0.030724

PC  56: alpha = 1.9307e+06, CV R² = 0.069772

PC  57: alpha = 1.9307e+06, CV R² = 0.126840

PC  58: alpha = 4.09492e+06, CV R² = 0.038213

PC  59: alpha = 4.09492e+06, CV R² = 0.063360

PC  60: alpha = 1.9307e+06, CV R² = 0.035785

PC  61: alpha = 4.09492e+06, CV R² = 0.032077

PC  62: alpha = 4.09492e+06, CV R² = 0.029254

PC  63: alpha = 4.09492e+06, CV R² = 0.045943

PC  64: alpha = 4.09492e+06, CV R² = 0.024431

PC  65: alpha = 4.09492e+06, CV R² = 0.032990

PC  66: alpha = 4.09492e+06, CV R² = 0.025573

PC  67: alpha = 4.09492e+06, CV R² = 0.026068

PC  68: alpha = 4.09492e+06, CV R² = 0.038948

PC  69: alpha = 4.09492e+06, CV R² = 0.037590

PC  70: alpha = 1.9307e+06, CV R² = 0.042208

PC  71: alpha = 4.09492e+06, CV R² = 0.021844

PC  72: alpha = 4.09492e+06, CV R² = 0.024519

PC  73: alpha = 4.09492e+06, CV R² = 0.028483

PC  74: alpha = 4.09492e+06, CV R² = 0.034236

PC  75: alpha = 4.09492e+06, CV R² = 0.045936

PC  76: alpha = 8.68511e+06, CV R² = 0.013747

PC  77: alpha = 4.09492e+06, CV R² = 0.030837

PC  78: alpha = 8.68511e+06, CV R² = 0.017013

PC  79: alpha = 1.9307e+06, CV R² = 0.054605

PC  80: alpha = 4.09492e+06, CV R² = 0.030277

PC  81: alpha = 4.09492e+06, CV R² = 0.030303

PC  82: alpha = 1.9307e+06, CV R² = 0.069077

PC  83: alpha = 4.09492e+06, CV R² = 0.043088

PC  84: alpha = 1.9307e+06, CV R² = 0.060452

PC  85: alpha = 4.09492e+06, CV R² = 0.026196

PC  86: alpha = 8.68511e+06, CV R² = 0.008888

PC  87: alpha = 4.09492e+06, CV R² = 0.043600

PC  88: alpha = 4.09492e+06, CV R² = 0.013260

PC  89: alpha = 4.09492e+06, CV R² = 0.014910

PC  90: alpha = 4.09492e+06, CV R² = 0.053754

PC  91: alpha = 4.09492e+06, CV R² = 0.021151

PC  92: alpha = 4.09492e+06, CV R² = 0.035584

PC  93: alpha = 4.09492e+06, CV R² = 0.024846

PC  94: alpha = 8.68511e+06, CV R² = 0.010342

PC  95: alpha = 4.09492e+06, CV R² = 0.026850

PC  96: alpha = 4.09492e+06, CV R² = 0.018760

PC  97: alpha = 4.09492e+06, CV R² = 0.009543

PC  98: alpha = 4.09492e+06, CV R² = 0.024952

Mean cross-validated R² across PCs: 0.090335

======================================================================================

Chosen model: xcit_nano_12_p16_224_classification
Number of images: 73000
Image shape: (425, 425, 3), dtype: uint8
nsdID shape: (73000,), Shared1000 shape: (73000,)
Neural data shape: (10000, 8088)
Image IDs shape: (10000,)
Number of voxels: 8088
Number of projections for SRP: 7894
Model options for xcit_nano_12_p16_224_classification: {'model_name': 'xcit_nano_12_p16_224', 'train_type': 'classification', 'train_data': 'imagenet', 'model_source': 'timm', 'call': "get_timm_model('xcit_nano_12_p16_224', pretrained = True)"}
Image transforms for xcit_nano_12_p16_224_classification: Compose(
    Resize(size=(224, 224), interpolation=bicubic, max_size=None, antialias=True)
    MaybeToTensor()
    Normalize(mean=tensor([0.4850, 0.4560, 0.4060]), std=tensor([0.2290, 0.2240, 0.2250]))
)
Loaded model: xcit_nano_12_p16_224_classification
Ordered layers from model: ['Conv2d-1', 'BatchNorm2d-1', 'GELU-1', 'Conv2d-2', 'BatchNorm2d-2', 'GELU-2', 'Conv2d-3', 'BatchNorm2d-3', 'GELU-3', 'Conv2d-4', 'BatchNorm2d-4', 'ConvPatchEmbed-1-1', 'PositionalEncodingFourier-1', 'Dropout-1', 'LayerNorm-1', 'Linear-1', 'Dropout-2', 'Linear-2', 'Dropout-3', 'XCA-1', 'Identity-1', 'LayerNorm-2', 'Conv2d-6', 'GELU-4', 'BatchNorm2d-5', 'Conv2d-7', 'LPI-1', 'Identity-2', 'LayerNorm-3', 'Linear-3', 'GELU-5', 'Dropout-4', 'Identity-3', 'Linear-4', 'Dropout-5', 'Mlp-1', 'Identity-4', 'XCABlock-1', 'LayerNorm-4', 'Linear-5', 'Dropout-6', 'Linear-6', 'Dropout-7', 'XCA-3', 'Identity-5', 'LayerNorm-5', 'Conv2d-8', 'GELU-6', 'BatchNorm2d-6', 'Conv2d-9', 'LPI-2', 'Identity-6', 'LayerNorm-6', 'Linear-7', 'GELU-7', 'Dropout-8', 'Identity-7', 'Linear-8', 'Dropout-9', 'Mlp-2', 'Identity-8', 'XCABlock-2', 'LayerNorm-7', 'Linear-9', 'Dropout-10', 'Linear-10', 'Dropout-11', 'XCA-5', 'Identity-9', 'LayerNorm-8', 'Conv2d-10', 'GELU-8', 'BatchNorm2d-7', 'Conv2d-11', 'LPI-3', 'Identity-10', 'LayerNorm-9', 'Linear-11', 'GELU-9', 'Dropout-12', 'Identity-11', 'Linear-12', 'Dropout-13', 'Mlp-3', 'Identity-12', 'XCABlock-3', 'LayerNorm-10', 'Linear-13', 'Dropout-14', 'Linear-14', 'Dropout-15', 'XCA-7', 'Identity-13', 'LayerNorm-11', 'Conv2d-12', 'GELU-10', 'BatchNorm2d-8', 'Conv2d-13', 'LPI-4', 'Identity-14', 'LayerNorm-12', 'Linear-15', 'GELU-11', 'Dropout-16', 'Identity-15', 'Linear-16', 'Dropout-17', 'Mlp-4', 'Identity-16', 'XCABlock-4', 'LayerNorm-13', 'Linear-17', 'Dropout-18', 'Linear-18', 'Dropout-19', 'XCA-9', 'Identity-17', 'LayerNorm-14', 'Conv2d-14', 'GELU-12', 'BatchNorm2d-9', 'Conv2d-15', 'LPI-5', 'Identity-18', 'LayerNorm-15', 'Linear-19', 'GELU-13', 'Dropout-20', 'Identity-19', 'Linear-20', 'Dropout-21', 'Mlp-5', 'Identity-20', 'XCABlock-5', 'LayerNorm-16', 'Linear-21', 'Dropout-22', 'Linear-22', 'Dropout-23', 'XCA-11', 'Identity-21', 'LayerNorm-17', 'Conv2d-16', 'GELU-14', 'BatchNorm2d-10', 'Conv2d-17', 'LPI-6', 'Identity-22', 'LayerNorm-18', 'Linear-23', 'GELU-15', 'Dropout-24', 'Identity-23', 'Linear-24', 'Dropout-25', 'Mlp-6', 'Identity-24', 'XCABlock-6', 'LayerNorm-19', 'Linear-25', 'Dropout-26', 'Linear-26', 'Dropout-27', 'XCA-13', 'Identity-25', 'LayerNorm-20', 'Conv2d-18', 'GELU-16', 'BatchNorm2d-11', 'Conv2d-19', 'LPI-7', 'Identity-26', 'LayerNorm-21', 'Linear-27', 'GELU-17', 'Dropout-28', 'Identity-27', 'Linear-28', 'Dropout-29', 'Mlp-7', 'Identity-28', 'XCABlock-7', 'LayerNorm-22', 'Linear-29', 'Dropout-30', 'Linear-30', 'Dropout-31', 'XCA-15', 'Identity-29', 'LayerNorm-23', 'Conv2d-20', 'GELU-18', 'BatchNorm2d-12', 'Conv2d-21', 'LPI-8', 'Identity-30', 'LayerNorm-24', 'Linear-31', 'GELU-19', 'Dropout-32', 'Identity-31', 'Linear-32', 'Dropout-33', 'Mlp-8', 'Identity-32', 'XCABlock-8', 'LayerNorm-25', 'Linear-33', 'Dropout-34', 'Linear-34', 'Dropout-35', 'XCA-17', 'Identity-33', 'LayerNorm-26', 'Conv2d-22', 'GELU-20', 'BatchNorm2d-13', 'Conv2d-23', 'LPI-9', 'Identity-34', 'LayerNorm-27', 'Linear-35', 'GELU-21', 'Dropout-36', 'Identity-35', 'Linear-36', 'Dropout-37', 'Mlp-9', 'Identity-36', 'XCABlock-9', 'LayerNorm-28', 'Linear-37', 'Dropout-38', 'Linear-38', 'Dropout-39', 'XCA-19', 'Identity-37', 'LayerNorm-29', 'Conv2d-24', 'GELU-22', 'BatchNorm2d-14', 'Conv2d-25', 'LPI-10', 'Identity-38', 'LayerNorm-30', 'Linear-39', 'GELU-23', 'Dropout-40', 'Identity-39', 'Linear-40', 'Dropout-41', 'Mlp-10', 'Identity-40', 'XCABlock-10', 'LayerNorm-31', 'Linear-41', 'Dropout-42', 'Linear-42', 'Dropout-43', 'XCA-21', 'Identity-41', 'LayerNorm-32', 'Conv2d-26', 'GELU-24', 'BatchNorm2d-15', 'Conv2d-27', 'LPI-11', 'Identity-42', 'LayerNorm-33', 'Linear-43', 'GELU-25', 'Dropout-44', 'Identity-43', 'Linear-44', 'Dropout-45', 'Mlp-11', 'Identity-44', 'XCABlock-11', 'LayerNorm-34', 'Linear-45', 'Dropout-46', 'Linear-46', 'Dropout-47', 'XCA-23', 'Identity-45', 'LayerNorm-35', 'Conv2d-28', 'GELU-26', 'BatchNorm2d-16', 'Conv2d-29', 'LPI-12', 'Identity-46', 'LayerNorm-36', 'Linear-47', 'GELU-27', 'Dropout-48', 'Identity-47', 'Linear-48', 'Dropout-49', 'Mlp-12', 'Identity-48', 'XCABlock-12', 'LayerNorm-37', 'Linear-49', 'Linear-50', 'Linear-51', 'Linear-52', 'Dropout-50', 'ClassAttn-1', 'Identity-49', 'LayerNorm-38', 'Linear-53', 'GELU-28', 'Dropout-51', 'Identity-50', 'Linear-54', 'Dropout-52', 'Mlp-13', 'Identity-51', 'ClassAttentionBlock-1', 'LayerNorm-39', 'Linear-55', 'Linear-56', 'Linear-57', 'Linear-58', 'Dropout-53', 'ClassAttn-2', 'Identity-52', 'LayerNorm-40', 'Linear-59', 'GELU-29', 'Dropout-54', 'Identity-53', 'Linear-60', 'Dropout-55', 'Mlp-14', 'Identity-54', 'ClassAttentionBlock-2', 'LayerNorm-41', 'Dropout-56', 'Linear-61', 'Xcit-1']
Total number of layers: 342

==================================================
Processing layer: LPI-10 from model: xcit_nano_12_p16_224_classification

For model xcit_nano_12_p16_224_classification Layer LPI-10: Extracting features for 9000 images in batches of 28...
Feature extraction for model xcit_nano_12_p16_224_classification layer LPI-10 completed in 248.44 seconds.
Finding best ridge alphas for 98 target PCs using 25088 features and 9000 samples.
Using alphas: 10^4 to 10^20, 50 values spaced logarithmically.
[Pipeline] .... (step 1 of 2) Processing standardscaler, total=   1.6s
[Pipeline] ........... (step 2 of 2) Processing ridgecv, total= 2.3min

Selected alpha and cross-validated R² for each PC:
Finished finding best ridge alphas for each target PC.✅

PC   1: alpha = 202359, CV R² = 0.202835

PC   2: alpha = 95409.5, CV R² = 0.596904

PC   3: alpha = 95409.5, CV R² = 0.607754

PC   4: alpha = 95409.5, CV R² = 0.396672

PC   5: alpha = 44984.3, CV R² = 0.448669

PC   6: alpha = 202359, CV R² = 0.201539

PC   7: alpha = 95409.5, CV R² = 0.386628

PC   8: alpha = 202359, CV R² = 0.231976

PC   9: alpha = 202359, CV R² = 0.158145

PC  10: alpha = 202359, CV R² = 0.129150

PC  11: alpha = 95409.5, CV R² = 0.323940

PC  12: alpha = 202359, CV R² = 0.124230

PC  13: alpha = 202359, CV R² = 0.196853

PC  14: alpha = 202359, CV R² = 0.211304

PC  15: alpha = 202359, CV R² = 0.239383

PC  16: alpha = 202359, CV R² = 0.187516

PC  17: alpha = 95409.5, CV R² = 0.232469

PC  18: alpha = 202359, CV R² = 0.123116

PC  19: alpha = 202359, CV R² = 0.154284

PC  20: alpha = 95409.5, CV R² = 0.154825

PC  21: alpha = 202359, CV R² = 0.094115

PC  22: alpha = 202359, CV R² = 0.066792

PC  23: alpha = 429193, CV R² = 0.034390

PC  24: alpha = 202359, CV R² = 0.090485

PC  25: alpha = 202359, CV R² = 0.076908

PC  26: alpha = 429193, CV R² = 0.034925

PC  27: alpha = 429193, CV R² = 0.043379

PC  28: alpha = 202359, CV R² = 0.075350

PC  29: alpha = 95409.5, CV R² = 0.096588

PC  30: alpha = 429193, CV R² = 0.032457

PC  31: alpha = 202359, CV R² = 0.039230

PC  32: alpha = 202359, CV R² = 0.120088

PC  33: alpha = 95409.5, CV R² = 0.136939

PC  34: alpha = 202359, CV R² = 0.059198

PC  35: alpha = 95409.5, CV R² = 0.150887

PC  36: alpha = 202359, CV R² = 0.098603

PC  37: alpha = 429193, CV R² = 0.040969

PC  38: alpha = 202359, CV R² = 0.115595

PC  39: alpha = 202359, CV R² = 0.083810

PC  40: alpha = 429193, CV R² = 0.049448

PC  41: alpha = 95409.5, CV R² = 0.119143

PC  42: alpha = 202359, CV R² = 0.084559

PC  43: alpha = 202359, CV R² = 0.063982

PC  44: alpha = 202359, CV R² = 0.094503

PC  45: alpha = 202359, CV R² = 0.049361

PC  46: alpha = 95409.5, CV R² = 0.164518

PC  47: alpha = 202359, CV R² = 0.059538

PC  48: alpha = 202359, CV R² = 0.065912

PC  49: alpha = 202359, CV R² = 0.056728

PC  50: alpha = 202359, CV R² = 0.077687

PC  51: alpha = 202359, CV R² = 0.093404

PC  52: alpha = 202359, CV R² = 0.037143

PC  53: alpha = 202359, CV R² = 0.116024

PC  54: alpha = 202359, CV R² = 0.083854

PC  55: alpha = 429193, CV R² = 0.036741

PC  56: alpha = 202359, CV R² = 0.084120

PC  57: alpha = 95409.5, CV R² = 0.133621

PC  58: alpha = 202359, CV R² = 0.055233

PC  59: alpha = 202359, CV R² = 0.075861

PC  60: alpha = 202359, CV R² = 0.042826

PC  61: alpha = 202359, CV R² = 0.034820

PC  62: alpha = 202359, CV R² = 0.047749

PC  63: alpha = 202359, CV R² = 0.068919

PC  64: alpha = 202359, CV R² = 0.026703

PC  65: alpha = 202359, CV R² = 0.053870

PC  66: alpha = 429193, CV R² = 0.028825

PC  67: alpha = 429193, CV R² = 0.027419

PC  68: alpha = 202359, CV R² = 0.046334

PC  69: alpha = 202359, CV R² = 0.049798

PC  70: alpha = 202359, CV R² = 0.061255

PC  71: alpha = 429193, CV R² = 0.033653

PC  72: alpha = 202359, CV R² = 0.033171

PC  73: alpha = 429193, CV R² = 0.033292

PC  74: alpha = 429193, CV R² = 0.036174

PC  75: alpha = 202359, CV R² = 0.056245

PC  76: alpha = 429193, CV R² = 0.019639

PC  77: alpha = 429193, CV R² = 0.036489

PC  78: alpha = 429193, CV R² = 0.027488

PC  79: alpha = 202359, CV R² = 0.053992

PC  80: alpha = 202359, CV R² = 0.037837

PC  81: alpha = 202359, CV R² = 0.038604

PC  82: alpha = 202359, CV R² = 0.082042

PC  83: alpha = 202359, CV R² = 0.056820

PC  84: alpha = 202359, CV R² = 0.071691

PC  85: alpha = 429193, CV R² = 0.037012

PC  86: alpha = 429193, CV R² = 0.017150

PC  87: alpha = 202359, CV R² = 0.060531

PC  88: alpha = 429193, CV R² = 0.018818

PC  89: alpha = 429193, CV R² = 0.016742

PC  90: alpha = 202359, CV R² = 0.055818

PC  91: alpha = 429193, CV R² = 0.027291

PC  92: alpha = 202359, CV R² = 0.054744

PC  93: alpha = 202359, CV R² = 0.033361

PC  94: alpha = 429193, CV R² = 0.012074

PC  95: alpha = 202359, CV R² = 0.036267

PC  96: alpha = 202359, CV R² = 0.027963

PC  97: alpha = 429193, CV R² = 0.015723

PC  98: alpha = 202359, CV R² = 0.032538

Mean cross-validated R² across PCs: 0.101551

======================================================================================

Chosen model: swin_large_patch4_window7_224_classification
Number of images: 73000
Image shape: (425, 425, 3), dtype: uint8
nsdID shape: (73000,), Shared1000 shape: (73000,)
Neural data shape: (10000, 8088)
Image IDs shape: (10000,)
Number of voxels: 8088
Number of projections for SRP: 7894
Model options for swin_large_patch4_window7_224_classification: {'model_name': 'swin_large_patch4_window7_224', 'train_type': 'classification', 'train_data': 'imagenet', 'model_source': 'timm', 'call': "get_timm_model('swin_large_patch4_window7_224', pretrained = True)"}
Image transforms for swin_large_patch4_window7_224_classification: Compose(
    Resize(size=(224, 224), interpolation=bicubic, max_size=None, antialias=True)
    MaybeToTensor()
    Normalize(mean=tensor([0.4850, 0.4560, 0.4060]), std=tensor([0.2290, 0.2240, 0.2250]))
)
Loaded model: swin_large_patch4_window7_224_classification
Ordered layers from model: ['Conv2d-1', 'LayerNorm-1', 'PatchEmbed-1', 'Identity-1', 'LayerNorm-2', 'Identity-2', 'LayerNorm-3', 'Linear-3', 'GELU-1', 'Dropout-3', 'Identity-3', 'Linear-4', 'Dropout-4', 'Mlp-1', 'Identity-4', 'SwinTransformerBlock-1', 'LayerNorm-4', 'DropPath-1', 'LayerNorm-5', 'Linear-7', 'GELU-2', 'Dropout-7', 'Identity-5', 'Linear-8', 'Dropout-8', 'Mlp-2', 'DropPath-2', 'SwinTransformerBlock-2', 'SwinTransformerStage-1', 'LayerNorm-6', 'Linear-9', 'PatchMerging-1', 'LayerNorm-7', 'DropPath-3', 'LayerNorm-8', 'Linear-12', 'GELU-3', 'Dropout-11', 'Identity-6', 'Linear-13', 'Dropout-12', 'Mlp-3', 'DropPath-4', 'SwinTransformerBlock-3', 'LayerNorm-9', 'DropPath-5', 'LayerNorm-10', 'Linear-16', 'GELU-4', 'Dropout-15', 'Identity-7', 'Linear-17', 'Dropout-16', 'Mlp-4', 'DropPath-6', 'SwinTransformerBlock-4', 'SwinTransformerStage-2', 'LayerNorm-11', 'Linear-18', 'PatchMerging-2', 'LayerNorm-12', 'DropPath-7', 'LayerNorm-13', 'Linear-21', 'GELU-5', 'Dropout-19', 'Identity-8', 'Linear-22', 'Dropout-20', 'Mlp-5', 'DropPath-8', 'SwinTransformerBlock-5', 'LayerNorm-14', 'DropPath-9', 'LayerNorm-15', 'Linear-25', 'GELU-6', 'Dropout-23', 'Identity-9', 'Linear-26', 'Dropout-24', 'Mlp-6', 'DropPath-10', 'SwinTransformerBlock-6', 'LayerNorm-16', 'DropPath-11', 'LayerNorm-17', 'Linear-29', 'GELU-7', 'Dropout-27', 'Identity-10', 'Linear-30', 'Dropout-28', 'Mlp-7', 'DropPath-12', 'SwinTransformerBlock-7', 'LayerNorm-18', 'DropPath-13', 'LayerNorm-19', 'Linear-33', 'GELU-8', 'Dropout-31', 'Identity-11', 'Linear-34', 'Dropout-32', 'Mlp-8', 'DropPath-14', 'SwinTransformerBlock-8', 'LayerNorm-20', 'DropPath-15', 'LayerNorm-21', 'Linear-37', 'GELU-9', 'Dropout-35', 'Identity-12', 'Linear-38', 'Dropout-36', 'Mlp-9', 'DropPath-16', 'SwinTransformerBlock-9', 'LayerNorm-22', 'DropPath-17', 'LayerNorm-23', 'Linear-41', 'GELU-10', 'Dropout-39', 'Identity-13', 'Linear-42', 'Dropout-40', 'Mlp-10', 'DropPath-18', 'SwinTransformerBlock-10', 'LayerNorm-24', 'DropPath-19', 'LayerNorm-25', 'Linear-45', 'GELU-11', 'Dropout-43', 'Identity-14', 'Linear-46', 'Dropout-44', 'Mlp-11', 'DropPath-20', 'SwinTransformerBlock-11', 'LayerNorm-26', 'DropPath-21', 'LayerNorm-27', 'Linear-49', 'GELU-12', 'Dropout-47', 'Identity-15', 'Linear-50', 'Dropout-48', 'Mlp-12', 'DropPath-22', 'SwinTransformerBlock-12', 'LayerNorm-28', 'DropPath-23', 'LayerNorm-29', 'Linear-53', 'GELU-13', 'Dropout-51', 'Identity-16', 'Linear-54', 'Dropout-52', 'Mlp-13', 'DropPath-24', 'SwinTransformerBlock-13', 'LayerNorm-30', 'DropPath-25', 'LayerNorm-31', 'Linear-57', 'GELU-14', 'Dropout-55', 'Identity-17', 'Linear-58', 'Dropout-56', 'Mlp-14', 'DropPath-26', 'SwinTransformerBlock-14', 'LayerNorm-32', 'DropPath-27', 'LayerNorm-33', 'Linear-61', 'GELU-15', 'Dropout-59', 'Identity-18', 'Linear-62', 'Dropout-60', 'Mlp-15', 'DropPath-28', 'SwinTransformerBlock-15', 'LayerNorm-34', 'DropPath-29', 'LayerNorm-35', 'Linear-65', 'GELU-16', 'Dropout-63', 'Identity-19', 'Linear-66', 'Dropout-64', 'Mlp-16', 'DropPath-30', 'SwinTransformerBlock-16', 'LayerNorm-36', 'DropPath-31', 'LayerNorm-37', 'Linear-69', 'GELU-17', 'Dropout-67', 'Identity-20', 'Linear-70', 'Dropout-68', 'Mlp-17', 'DropPath-32', 'SwinTransformerBlock-17', 'LayerNorm-38', 'DropPath-33', 'LayerNorm-39', 'Linear-73', 'GELU-18', 'Dropout-71', 'Identity-21', 'Linear-74', 'Dropout-72', 'Mlp-18', 'DropPath-34', 'SwinTransformerBlock-18', 'LayerNorm-40', 'DropPath-35', 'LayerNorm-41', 'Linear-77', 'GELU-19', 'Dropout-75', 'Identity-22', 'Linear-78', 'Dropout-76', 'Mlp-19', 'DropPath-36', 'SwinTransformerBlock-19', 'LayerNorm-42', 'DropPath-37', 'LayerNorm-43', 'Linear-81', 'GELU-20', 'Dropout-79', 'Identity-23', 'Linear-82', 'Dropout-80', 'Mlp-20', 'DropPath-38', 'SwinTransformerBlock-20', 'LayerNorm-44', 'DropPath-39', 'LayerNorm-45', 'Linear-85', 'GELU-21', 'Dropout-83', 'Identity-24', 'Linear-86', 'Dropout-84', 'Mlp-21', 'DropPath-40', 'SwinTransformerBlock-21', 'LayerNorm-46', 'DropPath-41', 'LayerNorm-47', 'Linear-89', 'GELU-22', 'Dropout-87', 'Identity-25', 'Linear-90', 'Dropout-88', 'Mlp-22', 'DropPath-42', 'SwinTransformerBlock-22', 'SwinTransformerStage-3', 'LayerNorm-48', 'Linear-91', 'PatchMerging-3', 'LayerNorm-49', 'Linear-92', 'Softmax-23', 'Dropout-89', 'Linear-93', 'Dropout-90', 'WindowAttention-23', 'DropPath-43', 'LayerNorm-50', 'Linear-94', 'GELU-23', 'Dropout-91', 'Identity-26', 'Linear-95', 'Dropout-92', 'Mlp-23', 'DropPath-44', 'SwinTransformerBlock-23', 'LayerNorm-51', 'Linear-96', 'Softmax-24', 'Dropout-93', 'Linear-97', 'Dropout-94', 'WindowAttention-24', 'DropPath-45', 'LayerNorm-52', 'Linear-98', 'GELU-24', 'Dropout-95', 'Identity-27', 'Linear-99', 'Dropout-96', 'Mlp-24', 'DropPath-46', 'SwinTransformerBlock-24', 'SwinTransformerStage-4', 'LayerNorm-53', 'FastAdaptiveAvgPool-1', 'Identity-28', 'SelectAdaptivePool2d-1', 'Dropout-97', 'Linear-100', 'Identity-29', 'ClassifierHead-1', 'SwinTransformer-29']
Total number of layers: 326

==================================================
Processing layer: Linear-92 from model: swin_large_patch4_window7_224_classification

For model swin_large_patch4_window7_224_classification Layer Linear-92: Extracting features for 9000 images in batches of 28...
Feature extraction for model swin_large_patch4_window7_224_classification layer Linear-92 completed in 5609.45 seconds.
Finding best ridge alphas for 98 target PCs using 225792 features and 9000 samples.
Using alphas: 10^4 to 10^20, 50 values spaced logarithmically.
[Pipeline] .... (step 1 of 2) Processing standardscaler, total=  13.7s
[Pipeline] ........... (step 2 of 2) Processing ridgecv, total= 8.7min

Selected alpha and cross-validated R² for each PC:
Finished finding best ridge alphas for each target PC.✅

PC   1: alpha = 1.9307e+06, CV R² = 0.226715

PC   2: alpha = 429193, CV R² = 0.667810

PC   3: alpha = 429193, CV R² = 0.690444

PC   4: alpha = 429193, CV R² = 0.451037

PC   5: alpha = 429193, CV R² = 0.498571

PC   6: alpha = 429193, CV R² = 0.266764

PC   7: alpha = 429193, CV R² = 0.451169

PC   8: alpha = 910298, CV R² = 0.263766

PC   9: alpha = 910298, CV R² = 0.192559

PC  10: alpha = 910298, CV R² = 0.169878

PC  11: alpha = 910298, CV R² = 0.388640

PC  12: alpha = 1.9307e+06, CV R² = 0.140882

PC  13: alpha = 910298, CV R² = 0.230216

PC  14: alpha = 910298, CV R² = 0.247599

PC  15: alpha = 910298, CV R² = 0.287937

PC  16: alpha = 910298, CV R² = 0.237704

PC  17: alpha = 910298, CV R² = 0.275613

PC  18: alpha = 910298, CV R² = 0.160115

PC  19: alpha = 910298, CV R² = 0.196230

PC  20: alpha = 910298, CV R² = 0.203661

PC  21: alpha = 1.9307e+06, CV R² = 0.120078

PC  22: alpha = 1.9307e+06, CV R² = 0.088901

PC  23: alpha = 1.9307e+06, CV R² = 0.047969

PC  24: alpha = 1.9307e+06, CV R² = 0.098543

PC  25: alpha = 910298, CV R² = 0.112456

PC  26: alpha = 1.9307e+06, CV R² = 0.053081

PC  27: alpha = 1.9307e+06, CV R² = 0.069269

PC  28: alpha = 1.9307e+06, CV R² = 0.109866

PC  29: alpha = 910298, CV R² = 0.111026

PC  30: alpha = 1.9307e+06, CV R² = 0.041908

PC  31: alpha = 1.9307e+06, CV R² = 0.058413

PC  32: alpha = 910298, CV R² = 0.148770

PC  33: alpha = 910298, CV R² = 0.181343

PC  34: alpha = 1.9307e+06, CV R² = 0.076687

PC  35: alpha = 910298, CV R² = 0.185256

PC  36: alpha = 910298, CV R² = 0.117653

PC  37: alpha = 1.9307e+06, CV R² = 0.055730

PC  38: alpha = 910298, CV R² = 0.151809

PC  39: alpha = 910298, CV R² = 0.108724

PC  40: alpha = 1.9307e+06, CV R² = 0.067979

PC  41: alpha = 910298, CV R² = 0.155450

PC  42: alpha = 910298, CV R² = 0.116031

PC  43: alpha = 1.9307e+06, CV R² = 0.076720

PC  44: alpha = 910298, CV R² = 0.132938

PC  45: alpha = 1.9307e+06, CV R² = 0.061937

PC  46: alpha = 910298, CV R² = 0.219909

PC  47: alpha = 1.9307e+06, CV R² = 0.075767

PC  48: alpha = 910298, CV R² = 0.085679

PC  49: alpha = 1.9307e+06, CV R² = 0.068530

PC  50: alpha = 910298, CV R² = 0.099451

PC  51: alpha = 910298, CV R² = 0.125430

PC  52: alpha = 1.9307e+06, CV R² = 0.049157

PC  53: alpha = 910298, CV R² = 0.147257

PC  54: alpha = 1.9307e+06, CV R² = 0.104290

PC  55: alpha = 1.9307e+06, CV R² = 0.066558

PC  56: alpha = 910298, CV R² = 0.111656

PC  57: alpha = 910298, CV R² = 0.171153

PC  58: alpha = 1.9307e+06, CV R² = 0.079496

PC  59: alpha = 1.9307e+06, CV R² = 0.095281

PC  60: alpha = 910298, CV R² = 0.067349

PC  61: alpha = 1.9307e+06, CV R² = 0.051063

PC  62: alpha = 1.9307e+06, CV R² = 0.064698

PC  63: alpha = 1.9307e+06, CV R² = 0.096937

PC  64: alpha = 1.9307e+06, CV R² = 0.038758

PC  65: alpha = 1.9307e+06, CV R² = 0.068442

PC  66: alpha = 1.9307e+06, CV R² = 0.048914

PC  67: alpha = 1.9307e+06, CV R² = 0.036298

PC  68: alpha = 1.9307e+06, CV R² = 0.056382

PC  69: alpha = 910298, CV R² = 0.068913

PC  70: alpha = 1.9307e+06, CV R² = 0.073212

PC  71: alpha = 1.9307e+06, CV R² = 0.046091

PC  72: alpha = 1.9307e+06, CV R² = 0.044225

PC  73: alpha = 1.9307e+06, CV R² = 0.045199

PC  74: alpha = 1.9307e+06, CV R² = 0.050745

PC  75: alpha = 1.9307e+06, CV R² = 0.068877

PC  76: alpha = 4.09492e+06, CV R² = 0.023152

PC  77: alpha = 1.9307e+06, CV R² = 0.050202

PC  78: alpha = 1.9307e+06, CV R² = 0.028398

PC  79: alpha = 1.9307e+06, CV R² = 0.070873

PC  80: alpha = 1.9307e+06, CV R² = 0.060286

PC  81: alpha = 1.9307e+06, CV R² = 0.048661

PC  82: alpha = 910298, CV R² = 0.109301

PC  83: alpha = 1.9307e+06, CV R² = 0.072851

PC  84: alpha = 910298, CV R² = 0.094207

PC  85: alpha = 1.9307e+06, CV R² = 0.050054

PC  86: alpha = 1.9307e+06, CV R² = 0.025094

PC  87: alpha = 910298, CV R² = 0.069244

PC  88: alpha = 4.09492e+06, CV R² = 0.025106

PC  89: alpha = 4.09492e+06, CV R² = 0.024327

PC  90: alpha = 1.9307e+06, CV R² = 0.075448

PC  91: alpha = 1.9307e+06, CV R² = 0.033293

PC  92: alpha = 910298, CV R² = 0.074894

PC  93: alpha = 1.9307e+06, CV R² = 0.052333

PC  94: alpha = 1.9307e+06, CV R² = 0.018811

PC  95: alpha = 1.9307e+06, CV R² = 0.048479

PC  96: alpha = 1.9307e+06, CV R² = 0.033553

PC  97: alpha = 1.9307e+06, CV R² = 0.020959

PC  98: alpha = 1.9307e+06, CV R² = 0.053008

Mean cross-validated R² across PCs: 0.126368

======================================================================================

Chosen model: jx_nest_tiny_classification
Number of images: 73000
Image shape: (425, 425, 3), dtype: uint8
nsdID shape: (73000,), Shared1000 shape: (73000,)
Neural data shape: (10000, 8088)
Image IDs shape: (10000,)
Number of voxels: 8088
Number of projections for SRP: 7894
Model options for jx_nest_tiny_classification: {'model_name': 'jx_nest_tiny', 'train_type': 'classification', 'train_data': 'imagenet', 'model_source': 'timm', 'call': "get_timm_model('jx_nest_tiny', pretrained = True)"}
Image transforms for jx_nest_tiny_classification: Compose(
    Resize(size=(224, 224), interpolation=bicubic, max_size=None, antialias=True)
    MaybeToTensor()
    Normalize(mean=tensor([0.4850, 0.4560, 0.4060]), std=tensor([0.2290, 0.2240, 0.2250]))
)
Loaded model: jx_nest_tiny_classification
Ordered layers from model: ['Conv2d-1', 'Identity-1', 'PatchEmbed-1', 'Identity-2', 'LayerNorm-1', 'Linear-1', 'Linear-2', 'Dropout-1', 'Attention-1', 'Identity-3', 'LayerNorm-2', 'Linear-3', 'GELU-1', 'Dropout-2', 'Identity-4', 'Linear-4', 'Dropout-3', 'Mlp-1', 'Identity-5', 'TransformerLayer-1', 'LayerNorm-3', 'Linear-5', 'Linear-6', 'Dropout-4', 'Attention-2', 'DropPath-1', 'LayerNorm-4', 'Linear-7', 'GELU-2', 'Dropout-5', 'Identity-6', 'Linear-8', 'Dropout-6', 'Mlp-2', 'DropPath-2', 'TransformerLayer-2', 'NestLevel-1', 'Conv2d-2', 'LayerNorm-5', 'MaxPool2dSame-1', 'ConvPool-1', 'LayerNorm-6', 'Linear-9', 'Linear-10', 'Dropout-7', 'Attention-3', 'DropPath-3', 'LayerNorm-7', 'Linear-11', 'GELU-3', 'Dropout-8', 'Identity-7', 'Linear-12', 'Dropout-9', 'Mlp-3', 'DropPath-4', 'TransformerLayer-3', 'LayerNorm-8', 'Linear-13', 'Linear-14', 'Dropout-10', 'Attention-4', 'DropPath-5', 'LayerNorm-9', 'Linear-15', 'GELU-4', 'Dropout-11', 'Identity-8', 'Linear-16', 'Dropout-12', 'Mlp-4', 'DropPath-6', 'TransformerLayer-4', 'NestLevel-2', 'Conv2d-3', 'LayerNorm-10', 'MaxPool2dSame-2', 'ConvPool-2', 'LayerNorm-11', 'Linear-17', 'Linear-18', 'Dropout-13', 'Attention-5', 'DropPath-7', 'LayerNorm-12', 'Linear-19', 'GELU-5', 'Dropout-14', 'Identity-9', 'Linear-20', 'Dropout-15', 'Mlp-5', 'DropPath-8', 'TransformerLayer-5', 'LayerNorm-13', 'Linear-21', 'Linear-22', 'Dropout-16', 'Attention-6', 'DropPath-9', 'LayerNorm-14', 'Linear-23', 'GELU-6', 'Dropout-17', 'Identity-10', 'Linear-24', 'Dropout-18', 'Mlp-6', 'DropPath-10', 'TransformerLayer-6', 'LayerNorm-15', 'Linear-25', 'Linear-26', 'Dropout-19', 'Attention-7', 'DropPath-11', 'LayerNorm-16', 'Linear-27', 'GELU-7', 'Dropout-20', 'Identity-11', 'Linear-28', 'Dropout-21', 'Mlp-7', 'DropPath-12', 'TransformerLayer-7', 'LayerNorm-17', 'Linear-29', 'Linear-30', 'Dropout-22', 'Attention-8', 'DropPath-13', 'LayerNorm-18', 'Linear-31', 'GELU-8', 'Dropout-23', 'Identity-12', 'Linear-32', 'Dropout-24', 'Mlp-8', 'DropPath-14', 'TransformerLayer-8', 'LayerNorm-19', 'Linear-33', 'Linear-34', 'Dropout-25', 'Attention-9', 'DropPath-15', 'LayerNorm-20', 'Linear-35', 'GELU-9', 'Dropout-26', 'Identity-13', 'Linear-36', 'Dropout-27', 'Mlp-9', 'DropPath-16', 'TransformerLayer-9', 'LayerNorm-21', 'Linear-37', 'Linear-38', 'Dropout-28', 'Attention-10', 'DropPath-17', 'LayerNorm-22', 'Linear-39', 'GELU-10', 'Dropout-29', 'Identity-14', 'Linear-40', 'Dropout-30', 'Mlp-10', 'DropPath-18', 'TransformerLayer-10', 'LayerNorm-23', 'Linear-41', 'Linear-42', 'Dropout-31', 'Attention-11', 'DropPath-19', 'LayerNorm-24', 'Linear-43', 'GELU-11', 'Dropout-32', 'Identity-15', 'Linear-44', 'Dropout-33', 'Mlp-11', 'DropPath-20', 'TransformerLayer-11', 'LayerNorm-25', 'Linear-45', 'Linear-46', 'Dropout-34', 'Attention-12', 'DropPath-21', 'LayerNorm-26', 'Linear-47', 'GELU-12', 'Dropout-35', 'Identity-16', 'Linear-48', 'Dropout-36', 'Mlp-12', 'DropPath-22', 'TransformerLayer-12', 'NestLevel-3', 'LayerNorm-27', 'AdaptiveAvgPool2d-1', 'Flatten-1', 'SelectAdaptivePool2d-1', 'Dropout-37', 'Linear-49', 'Nest-4']
Total number of layers: 214

==================================================
Processing layer: LayerNorm-20 from model: jx_nest_tiny_classification

For model jx_nest_tiny_classification Layer LayerNorm-20: Extracting features for 9000 images in batches of 28...
Feature extraction for model jx_nest_tiny_classification layer LayerNorm-20 completed in 1188.54 seconds.
Finding best ridge alphas for 98 target PCs using 75264 features and 9000 samples.
Using alphas: 10^4 to 10^20, 50 values spaced logarithmically.
[Pipeline] .... (step 1 of 2) Processing standardscaler, total=   4.5s
[Pipeline] ........... (step 2 of 2) Processing ridgecv, total= 3.7min

Selected alpha and cross-validated R² for each PC:
Finished finding best ridge alphas for each target PC.✅

PC   1: alpha = 429193, CV R² = 0.219509

PC   2: alpha = 202359, CV R² = 0.635296

PC   3: alpha = 95409.5, CV R² = 0.667225

PC   4: alpha = 202359, CV R² = 0.432734

PC   5: alpha = 95409.5, CV R² = 0.498874

PC   6: alpha = 202359, CV R² = 0.245052

PC   7: alpha = 202359, CV R² = 0.424383

PC   8: alpha = 202359, CV R² = 0.252640

PC   9: alpha = 429193, CV R² = 0.180865

PC  10: alpha = 202359, CV R² = 0.154536

PC  11: alpha = 202359, CV R² = 0.357750

PC  12: alpha = 429193, CV R² = 0.128064

PC  13: alpha = 202359, CV R² = 0.215618

PC  14: alpha = 202359, CV R² = 0.228615

PC  15: alpha = 202359, CV R² = 0.261852

PC  16: alpha = 202359, CV R² = 0.221026

PC  17: alpha = 202359, CV R² = 0.270427

PC  18: alpha = 202359, CV R² = 0.148216

PC  19: alpha = 202359, CV R² = 0.180277

PC  20: alpha = 202359, CV R² = 0.186330

PC  21: alpha = 202359, CV R² = 0.111577

PC  22: alpha = 429193, CV R² = 0.075190

PC  23: alpha = 910298, CV R² = 0.039248

PC  24: alpha = 202359, CV R² = 0.113214

PC  25: alpha = 429193, CV R² = 0.100437

PC  26: alpha = 429193, CV R² = 0.049143

PC  27: alpha = 429193, CV R² = 0.066713

PC  28: alpha = 429193, CV R² = 0.099543

PC  29: alpha = 202359, CV R² = 0.120440

PC  30: alpha = 429193, CV R² = 0.040439

PC  31: alpha = 429193, CV R² = 0.056000

PC  32: alpha = 429193, CV R² = 0.139699

PC  33: alpha = 202359, CV R² = 0.171287

PC  34: alpha = 429193, CV R² = 0.070042

PC  35: alpha = 202359, CV R² = 0.195652

PC  36: alpha = 202359, CV R² = 0.131114

PC  37: alpha = 429193, CV R² = 0.051712

PC  38: alpha = 202359, CV R² = 0.148387

PC  39: alpha = 202359, CV R² = 0.116310

PC  40: alpha = 429193, CV R² = 0.063183

PC  41: alpha = 202359, CV R² = 0.142221

PC  42: alpha = 429193, CV R² = 0.105217

PC  43: alpha = 429193, CV R² = 0.077390

PC  44: alpha = 202359, CV R² = 0.117149

PC  45: alpha = 429193, CV R² = 0.062404

PC  46: alpha = 202359, CV R² = 0.192867

PC  47: alpha = 429193, CV R² = 0.069864

PC  48: alpha = 429193, CV R² = 0.080132

PC  49: alpha = 429193, CV R² = 0.068758

PC  50: alpha = 202359, CV R² = 0.094576

PC  51: alpha = 202359, CV R² = 0.114089

PC  52: alpha = 429193, CV R² = 0.042993

PC  53: alpha = 429193, CV R² = 0.136049

PC  54: alpha = 429193, CV R² = 0.090285

PC  55: alpha = 429193, CV R² = 0.053466

PC  56: alpha = 429193, CV R² = 0.097657

PC  57: alpha = 202359, CV R² = 0.160889

PC  58: alpha = 429193, CV R² = 0.061761

PC  59: alpha = 202359, CV R² = 0.098945

PC  60: alpha = 429193, CV R² = 0.063851

PC  61: alpha = 429193, CV R² = 0.049092

PC  62: alpha = 429193, CV R² = 0.058799

PC  63: alpha = 429193, CV R² = 0.080643

PC  64: alpha = 429193, CV R² = 0.032169

PC  65: alpha = 429193, CV R² = 0.061070

PC  66: alpha = 429193, CV R² = 0.046070

PC  67: alpha = 429193, CV R² = 0.037169

PC  68: alpha = 429193, CV R² = 0.058390

PC  69: alpha = 429193, CV R² = 0.069953

PC  70: alpha = 429193, CV R² = 0.071073

PC  71: alpha = 429193, CV R² = 0.047337

PC  72: alpha = 429193, CV R² = 0.042780

PC  73: alpha = 429193, CV R² = 0.041876

PC  74: alpha = 429193, CV R² = 0.055753

PC  75: alpha = 429193, CV R² = 0.068006

PC  76: alpha = 910298, CV R² = 0.026705

PC  77: alpha = 429193, CV R² = 0.046084

PC  78: alpha = 910298, CV R² = 0.030338

PC  79: alpha = 429193, CV R² = 0.069404

PC  80: alpha = 429193, CV R² = 0.048497

PC  81: alpha = 429193, CV R² = 0.046183

PC  82: alpha = 429193, CV R² = 0.104746

PC  83: alpha = 429193, CV R² = 0.070882

PC  84: alpha = 429193, CV R² = 0.091119

PC  85: alpha = 429193, CV R² = 0.050040

PC  86: alpha = 429193, CV R² = 0.026220

PC  87: alpha = 202359, CV R² = 0.072248

PC  88: alpha = 910298, CV R² = 0.024705

PC  89: alpha = 910298, CV R² = 0.024044

PC  90: alpha = 429193, CV R² = 0.072834

PC  91: alpha = 429193, CV R² = 0.032290

PC  92: alpha = 202359, CV R² = 0.068998

PC  93: alpha = 429193, CV R² = 0.041002

PC  94: alpha = 910298, CV R² = 0.019104

PC  95: alpha = 429193, CV R² = 0.048405

PC  96: alpha = 429193, CV R² = 0.030291

PC  97: alpha = 429193, CV R² = 0.027393

PC  98: alpha = 429193, CV R² = 0.054762

Mean cross-validated R² across PCs: 0.119854

======================================================================================

Chosen model: pit_ti_224_classification
Number of images: 73000
Image shape: (425, 425, 3), dtype: uint8
nsdID shape: (73000,), Shared1000 shape: (73000,)
Neural data shape: (10000, 8088)
Image IDs shape: (10000,)
Number of voxels: 8088
Number of projections for SRP: 7894
Model options for pit_ti_224_classification: {'model_name': 'pit_ti_224', 'train_type': 'classification', 'train_data': 'imagenet', 'model_source': 'timm', 'call': "get_timm_model('pit_ti_224', pretrained = True)"}
Image transforms for pit_ti_224_classification: Compose(
    Resize(size=(224, 224), interpolation=bicubic, max_size=None, antialias=True)
    MaybeToTensor()
    Normalize(mean=tensor([0.4850, 0.4560, 0.4060]), std=tensor([0.2290, 0.2240, 0.2250]))
)
Loaded model: pit_ti_224_classification
Ordered layers from model: ['Conv2d-1', 'ConvEmbedding-1', 'Dropout-1', 'Identity-1', 'LayerNorm-1', 'Linear-1', 'Identity-2', 'Identity-3', 'Identity-4', 'Linear-2', 'Dropout-2', 'Attention-1', 'Identity-5', 'Identity-6', 'LayerNorm-2', 'Linear-3', 'GELU-1', 'Dropout-3', 'Identity-7', 'Linear-4', 'Dropout-4', 'Mlp-1', 'Identity-8', 'Identity-9', 'Block-1', 'LayerNorm-3', 'Linear-5', 'Identity-10', 'Identity-11', 'Identity-12', 'Linear-6', 'Dropout-5', 'Attention-2', 'Identity-13', 'Identity-14', 'LayerNorm-4', 'Linear-7', 'GELU-2', 'Dropout-6', 'Identity-15', 'Linear-8', 'Dropout-7', 'Mlp-2', 'Identity-16', 'Identity-17', 'Block-2', 'Transformer-1-1', 'Transformer-1-2', 'Conv2d-2', 'Linear-9', 'Pooling-1-1', 'Pooling-1-2', 'Identity-18', 'LayerNorm-5', 'Linear-10', 'Identity-19', 'Identity-20', 'Identity-21', 'Linear-11', 'Dropout-8', 'Attention-3', 'Identity-22', 'Identity-23', 'LayerNorm-6', 'Linear-12', 'GELU-3', 'Dropout-9', 'Identity-24', 'Linear-13', 'Dropout-10', 'Mlp-3', 'Identity-25', 'Identity-26', 'Block-3', 'LayerNorm-7', 'Linear-14', 'Identity-27', 'Identity-28', 'Identity-29', 'Linear-15', 'Dropout-11', 'Attention-4', 'Identity-30', 'Identity-31', 'LayerNorm-8', 'Linear-16', 'GELU-4', 'Dropout-12', 'Identity-32', 'Linear-17', 'Dropout-13', 'Mlp-4', 'Identity-33', 'Identity-34', 'Block-4', 'LayerNorm-9', 'Linear-18', 'Identity-35', 'Identity-36', 'Identity-37', 'Linear-19', 'Dropout-14', 'Attention-5', 'Identity-38', 'Identity-39', 'LayerNorm-10', 'Linear-20', 'GELU-5', 'Dropout-15', 'Identity-40', 'Linear-21', 'Dropout-16', 'Mlp-5', 'Identity-41', 'Identity-42', 'Block-5', 'LayerNorm-11', 'Linear-22', 'Identity-43', 'Identity-44', 'Identity-45', 'Linear-23', 'Dropout-17', 'Attention-6', 'Identity-46', 'Identity-47', 'LayerNorm-12', 'Linear-24', 'GELU-6', 'Dropout-18', 'Identity-48', 'Linear-25', 'Dropout-19', 'Mlp-6', 'Identity-49', 'Identity-50', 'Block-6', 'LayerNorm-13', 'Linear-26', 'Identity-51', 'Identity-52', 'Identity-53', 'Linear-27', 'Dropout-20', 'Attention-7', 'Identity-54', 'Identity-55', 'LayerNorm-14', 'Linear-28', 'GELU-7', 'Dropout-21', 'Identity-56', 'Linear-29', 'Dropout-22', 'Mlp-7', 'Identity-57', 'Identity-58', 'Block-7', 'LayerNorm-15', 'Linear-30', 'Identity-59', 'Identity-60', 'Identity-61', 'Linear-31', 'Dropout-23', 'Attention-8', 'Identity-62', 'Identity-63', 'LayerNorm-16', 'Linear-32', 'GELU-8', 'Dropout-24', 'Identity-64', 'Linear-33', 'Dropout-25', 'Mlp-8', 'Identity-65', 'Identity-66', 'Block-8', 'Transformer-3-1', 'Transformer-3-2', 'Conv2d-3', 'Linear-34', 'Pooling-3-1', 'Pooling-3-2', 'Identity-67', 'LayerNorm-17', 'Linear-35', 'Identity-68', 'Identity-69', 'Identity-70', 'Linear-36', 'Dropout-26', 'Attention-9', 'Identity-71', 'Identity-72', 'LayerNorm-18', 'Linear-37', 'GELU-9', 'Dropout-27', 'Identity-73', 'Linear-38', 'Dropout-28', 'Mlp-9', 'Identity-74', 'Identity-75', 'Block-9', 'LayerNorm-19', 'Linear-39', 'Identity-76', 'Identity-77', 'Identity-78', 'Linear-40', 'Dropout-29', 'Attention-10', 'Identity-79', 'Identity-80', 'LayerNorm-20', 'Linear-41', 'GELU-10', 'Dropout-30', 'Identity-81', 'Linear-42', 'Dropout-31', 'Mlp-10', 'Identity-82', 'Identity-83', 'Block-10', 'LayerNorm-21', 'Linear-43', 'Identity-84', 'Identity-85', 'Identity-86', 'Linear-44', 'Dropout-32', 'Attention-11', 'Identity-87', 'Identity-88', 'LayerNorm-22', 'Linear-45', 'GELU-11', 'Dropout-33', 'Identity-89', 'Linear-46', 'Dropout-34', 'Mlp-11', 'Identity-90', 'Identity-91', 'Block-11', 'LayerNorm-23', 'Linear-47', 'Identity-92', 'Identity-93', 'Identity-94', 'Linear-48', 'Dropout-35', 'Attention-12', 'Identity-95', 'Identity-96', 'LayerNorm-24', 'Linear-49', 'GELU-12', 'Dropout-36', 'Identity-97', 'Linear-50', 'Dropout-37', 'Mlp-12', 'Identity-98', 'Identity-99', 'Block-12', 'Transformer-5-1', 'Transformer-5-2', 'LayerNorm-25', 'Dropout-38', 'Linear-51', 'PoolingVisionTransformer-1']
Total number of layers: 276

==================================================
Processing layer: LayerNorm-19 from model: pit_ti_224_classification

For model pit_ti_224_classification Layer LayerNorm-19: Extracting features for 9000 images in batches of 28...
Feature extraction for model pit_ti_224_classification layer LayerNorm-19 completed in 227.41 seconds.
Finding best ridge alphas for 98 target PCs using 12800 features and 9000 samples.
Using alphas: 10^4 to 10^20, 50 values spaced logarithmically.
[Pipeline] .... (step 1 of 2) Processing standardscaler, total=   0.7s
[Pipeline] ........... (step 2 of 2) Processing ridgecv, total= 1.7min

Selected alpha and cross-validated R² for each PC:
Finished finding best ridge alphas for each target PC.✅

PC   1: alpha = 95409.5, CV R² = 0.213097

PC   2: alpha = 44984.3, CV R² = 0.599413

PC   3: alpha = 44984.3, CV R² = 0.637015

PC   4: alpha = 44984.3, CV R² = 0.406567

PC   5: alpha = 21209.5, CV R² = 0.484046

PC   6: alpha = 95409.5, CV R² = 0.209727

PC   7: alpha = 44984.3, CV R² = 0.410599

PC   8: alpha = 95409.5, CV R² = 0.240507

PC   9: alpha = 95409.5, CV R² = 0.165263

PC  10: alpha = 95409.5, CV R² = 0.137060

PC  11: alpha = 44984.3, CV R² = 0.343213

PC  12: alpha = 95409.5, CV R² = 0.124932

PC  13: alpha = 95409.5, CV R² = 0.212936

PC  14: alpha = 95409.5, CV R² = 0.221781

PC  15: alpha = 44984.3, CV R² = 0.254586

PC  16: alpha = 95409.5, CV R² = 0.203322

PC  17: alpha = 44984.3, CV R² = 0.260545

PC  18: alpha = 95409.5, CV R² = 0.134228

PC  19: alpha = 95409.5, CV R² = 0.162722

PC  20: alpha = 95409.5, CV R² = 0.165336

PC  21: alpha = 95409.5, CV R² = 0.104078

PC  22: alpha = 202359, CV R² = 0.065903

PC  23: alpha = 202359, CV R² = 0.037367

PC  24: alpha = 95409.5, CV R² = 0.100315

PC  25: alpha = 95409.5, CV R² = 0.086941

PC  26: alpha = 95409.5, CV R² = 0.042479

PC  27: alpha = 202359, CV R² = 0.051919

PC  28: alpha = 95409.5, CV R² = 0.089002

PC  29: alpha = 44984.3, CV R² = 0.110312

PC  30: alpha = 202359, CV R² = 0.034646

PC  31: alpha = 95409.5, CV R² = 0.048222

PC  32: alpha = 95409.5, CV R² = 0.125215

PC  33: alpha = 44984.3, CV R² = 0.152965

PC  34: alpha = 95409.5, CV R² = 0.065172

PC  35: alpha = 44984.3, CV R² = 0.165611

PC  36: alpha = 95409.5, CV R² = 0.111606

PC  37: alpha = 202359, CV R² = 0.042292

PC  38: alpha = 44984.3, CV R² = 0.132052

PC  39: alpha = 44984.3, CV R² = 0.103094

PC  40: alpha = 95409.5, CV R² = 0.057866

PC  41: alpha = 44984.3, CV R² = 0.129964

PC  42: alpha = 95409.5, CV R² = 0.091994

PC  43: alpha = 95409.5, CV R² = 0.069189

PC  44: alpha = 95409.5, CV R² = 0.103722

PC  45: alpha = 95409.5, CV R² = 0.055635

PC  46: alpha = 44984.3, CV R² = 0.184728

PC  47: alpha = 95409.5, CV R² = 0.063548

PC  48: alpha = 95409.5, CV R² = 0.065288

PC  49: alpha = 95409.5, CV R² = 0.056240

PC  50: alpha = 95409.5, CV R² = 0.079544

PC  51: alpha = 95409.5, CV R² = 0.102583

PC  52: alpha = 95409.5, CV R² = 0.042189

PC  53: alpha = 95409.5, CV R² = 0.128839

PC  54: alpha = 95409.5, CV R² = 0.088791

PC  55: alpha = 95409.5, CV R² = 0.047374

PC  56: alpha = 95409.5, CV R² = 0.088614

PC  57: alpha = 95409.5, CV R² = 0.146244

PC  58: alpha = 95409.5, CV R² = 0.062618

PC  59: alpha = 95409.5, CV R² = 0.085122

PC  60: alpha = 95409.5, CV R² = 0.056858

PC  61: alpha = 95409.5, CV R² = 0.043205

PC  62: alpha = 95409.5, CV R² = 0.049147

PC  63: alpha = 95409.5, CV R² = 0.068032

PC  64: alpha = 202359, CV R² = 0.029974

PC  65: alpha = 95409.5, CV R² = 0.058320

PC  66: alpha = 95409.5, CV R² = 0.041683

PC  67: alpha = 202359, CV R² = 0.030947

PC  68: alpha = 95409.5, CV R² = 0.053115

PC  69: alpha = 95409.5, CV R² = 0.060948

PC  70: alpha = 95409.5, CV R² = 0.070693

PC  71: alpha = 202359, CV R² = 0.037158

PC  72: alpha = 95409.5, CV R² = 0.039957

PC  73: alpha = 202359, CV R² = 0.038039

PC  74: alpha = 95409.5, CV R² = 0.048813

PC  75: alpha = 95409.5, CV R² = 0.064266

PC  76: alpha = 202359, CV R² = 0.022583

PC  77: alpha = 95409.5, CV R² = 0.047449

PC  78: alpha = 202359, CV R² = 0.029356

PC  79: alpha = 95409.5, CV R² = 0.068584

PC  80: alpha = 95409.5, CV R² = 0.044628

PC  81: alpha = 95409.5, CV R² = 0.047427

PC  82: alpha = 95409.5, CV R² = 0.093381

PC  83: alpha = 95409.5, CV R² = 0.058675

PC  84: alpha = 95409.5, CV R² = 0.081806

PC  85: alpha = 202359, CV R² = 0.037538

PC  86: alpha = 202359, CV R² = 0.020656

PC  87: alpha = 95409.5, CV R² = 0.065368

PC  88: alpha = 202359, CV R² = 0.020682

PC  89: alpha = 202359, CV R² = 0.018553

PC  90: alpha = 95409.5, CV R² = 0.062040

PC  91: alpha = 202359, CV R² = 0.033413

PC  92: alpha = 95409.5, CV R² = 0.060253

PC  93: alpha = 202359, CV R² = 0.033809

PC  94: alpha = 202359, CV R² = 0.017820

PC  95: alpha = 95409.5, CV R² = 0.041225

PC  96: alpha = 202359, CV R² = 0.026019

PC  97: alpha = 202359, CV R² = 0.024968

PC  98: alpha = 95409.5, CV R² = 0.045946

Mean cross-validated R² across PCs: 0.110199

======================================================================================

Chosen model: vit_base_patch32_224_classification
Number of images: 73000
Image shape: (425, 425, 3), dtype: uint8
nsdID shape: (73000,), Shared1000 shape: (73000,)
Neural data shape: (10000, 8088)
Image IDs shape: (10000,)
Number of voxels: 8088
Number of projections for SRP: 7894
Model options for vit_base_patch32_224_classification: {'model_name': 'vit_base_patch32_224', 'train_type': 'classification', 'train_data': 'imagenet', 'model_source': 'timm', 'call': "get_timm_model('vit_base_patch32_224', pretrained = True)"}
Image transforms for vit_base_patch32_224_classification: Compose(
    Resize(size=(224, 224), interpolation=bicubic, max_size=None, antialias=True)
    MaybeToTensor()
    Normalize(mean=tensor([0.4850, 0.4560, 0.4060]), std=tensor([0.2290, 0.2240, 0.2250]))
)
Loaded model: vit_base_patch32_224_classification
Ordered layers from model: ['Conv2d-1', 'Identity-1', 'PatchEmbed-1', 'Dropout-1', 'Identity-2', 'Identity-3', 'LayerNorm-1', 'Linear-1', 'Identity-4', 'Identity-5', 'Identity-6', 'Linear-2', 'Dropout-2', 'Attention-1', 'Identity-7', 'Identity-8', 'LayerNorm-2', 'Linear-3', 'GELU-1', 'Dropout-3', 'Identity-9', 'Linear-4', 'Dropout-4', 'Mlp-1', 'Identity-10', 'Identity-11', 'Block-1', 'LayerNorm-3', 'Linear-5', 'Identity-12', 'Identity-13', 'Identity-14', 'Linear-6', 'Dropout-5', 'Attention-2', 'Identity-15', 'Identity-16', 'LayerNorm-4', 'Linear-7', 'GELU-2', 'Dropout-6', 'Identity-17', 'Linear-8', 'Dropout-7', 'Mlp-2', 'Identity-18', 'Identity-19', 'Block-2', 'LayerNorm-5', 'Linear-9', 'Identity-20', 'Identity-21', 'Identity-22', 'Linear-10', 'Dropout-8', 'Attention-3', 'Identity-23', 'Identity-24', 'LayerNorm-6', 'Linear-11', 'GELU-3', 'Dropout-9', 'Identity-25', 'Linear-12', 'Dropout-10', 'Mlp-3', 'Identity-26', 'Identity-27', 'Block-3', 'LayerNorm-7', 'Linear-13', 'Identity-28', 'Identity-29', 'Identity-30', 'Linear-14', 'Dropout-11', 'Attention-4', 'Identity-31', 'Identity-32', 'LayerNorm-8', 'Linear-15', 'GELU-4', 'Dropout-12', 'Identity-33', 'Linear-16', 'Dropout-13', 'Mlp-4', 'Identity-34', 'Identity-35', 'Block-4', 'LayerNorm-9', 'Linear-17', 'Identity-36', 'Identity-37', 'Identity-38', 'Linear-18', 'Dropout-14', 'Attention-5', 'Identity-39', 'Identity-40', 'LayerNorm-10', 'Linear-19', 'GELU-5', 'Dropout-15', 'Identity-41', 'Linear-20', 'Dropout-16', 'Mlp-5', 'Identity-42', 'Identity-43', 'Block-5', 'LayerNorm-11', 'Linear-21', 'Identity-44', 'Identity-45', 'Identity-46', 'Linear-22', 'Dropout-17', 'Attention-6', 'Identity-47', 'Identity-48', 'LayerNorm-12', 'Linear-23', 'GELU-6', 'Dropout-18', 'Identity-49', 'Linear-24', 'Dropout-19', 'Mlp-6', 'Identity-50', 'Identity-51', 'Block-6', 'LayerNorm-13', 'Linear-25', 'Identity-52', 'Identity-53', 'Identity-54', 'Linear-26', 'Dropout-20', 'Attention-7', 'Identity-55', 'Identity-56', 'LayerNorm-14', 'Linear-27', 'GELU-7', 'Dropout-21', 'Identity-57', 'Linear-28', 'Dropout-22', 'Mlp-7', 'Identity-58', 'Identity-59', 'Block-7', 'LayerNorm-15', 'Linear-29', 'Identity-60', 'Identity-61', 'Identity-62', 'Linear-30', 'Dropout-23', 'Attention-8', 'Identity-63', 'Identity-64', 'LayerNorm-16', 'Linear-31', 'GELU-8', 'Dropout-24', 'Identity-65', 'Linear-32', 'Dropout-25', 'Mlp-8', 'Identity-66', 'Identity-67', 'Block-8', 'LayerNorm-17', 'Linear-33', 'Identity-68', 'Identity-69', 'Identity-70', 'Linear-34', 'Dropout-26', 'Attention-9', 'Identity-71', 'Identity-72', 'LayerNorm-18', 'Linear-35', 'GELU-9', 'Dropout-27', 'Identity-73', 'Linear-36', 'Dropout-28', 'Mlp-9', 'Identity-74', 'Identity-75', 'Block-9', 'LayerNorm-19', 'Linear-37', 'Identity-76', 'Identity-77', 'Identity-78', 'Linear-38', 'Dropout-29', 'Attention-10', 'Identity-79', 'Identity-80', 'LayerNorm-20', 'Linear-39', 'GELU-10', 'Dropout-30', 'Identity-81', 'Linear-40', 'Dropout-31', 'Mlp-10', 'Identity-82', 'Identity-83', 'Block-10', 'LayerNorm-21', 'Linear-41', 'Identity-84', 'Identity-85', 'Identity-86', 'Linear-42', 'Dropout-32', 'Attention-11', 'Identity-87', 'Identity-88', 'LayerNorm-22', 'Linear-43', 'GELU-11', 'Dropout-33', 'Identity-89', 'Linear-44', 'Dropout-34', 'Mlp-11', 'Identity-90', 'Identity-91', 'Block-11', 'LayerNorm-23', 'Linear-45', 'Identity-92', 'Identity-93', 'Identity-94', 'Linear-46', 'Dropout-35', 'Attention-12', 'Identity-95', 'Identity-96', 'LayerNorm-24', 'Linear-47', 'GELU-12', 'Dropout-36', 'Identity-97', 'Linear-48', 'Dropout-37', 'Mlp-12', 'Identity-98', 'Identity-99', 'Block-12', 'LayerNorm-25', 'Identity-100', 'Dropout-38', 'Linear-49', 'VisionTransformer-1']
Total number of layers: 263

==================================================
Processing layer: Identity-84 from model: vit_base_patch32_224_classification

For model vit_base_patch32_224_classification Layer Identity-84: Extracting features for 9000 images in batches of 28...
Feature extraction for model vit_base_patch32_224_classification layer Identity-84 completed in 746.23 seconds.
Finding best ridge alphas for 98 target PCs using 38400 features and 9000 samples.
Using alphas: 10^4 to 10^20, 50 values spaced logarithmically.
[Pipeline] .... (step 1 of 2) Processing standardscaler, total=   2.3s
[Pipeline] ........... (step 2 of 2) Processing ridgecv, total= 2.5min

Selected alpha and cross-validated R² for each PC:
Finished finding best ridge alphas for each target PC.✅

PC   1: alpha = 202359, CV R² = 0.207255

PC   2: alpha = 95409.5, CV R² = 0.602550

PC   3: alpha = 95409.5, CV R² = 0.645353

PC   4: alpha = 95409.5, CV R² = 0.403903

PC   5: alpha = 95409.5, CV R² = 0.470017

PC   6: alpha = 202359, CV R² = 0.216645

PC   7: alpha = 95409.5, CV R² = 0.404926

PC   8: alpha = 202359, CV R² = 0.237495

PC   9: alpha = 202359, CV R² = 0.162552

PC  10: alpha = 202359, CV R² = 0.147160

PC  11: alpha = 95409.5, CV R² = 0.325029

PC  12: alpha = 202359, CV R² = 0.110054

PC  13: alpha = 202359, CV R² = 0.205523

PC  14: alpha = 202359, CV R² = 0.222181

PC  15: alpha = 202359, CV R² = 0.247579

PC  16: alpha = 202359, CV R² = 0.204913

PC  17: alpha = 202359, CV R² = 0.241438

PC  18: alpha = 202359, CV R² = 0.131219

PC  19: alpha = 202359, CV R² = 0.163917

PC  20: alpha = 202359, CV R² = 0.172798

PC  21: alpha = 202359, CV R² = 0.104718

PC  22: alpha = 429193, CV R² = 0.072402

PC  23: alpha = 429193, CV R² = 0.039276

PC  24: alpha = 202359, CV R² = 0.094462

PC  25: alpha = 202359, CV R² = 0.093268

PC  26: alpha = 429193, CV R² = 0.042808

PC  27: alpha = 429193, CV R² = 0.054386

PC  28: alpha = 202359, CV R² = 0.089251

PC  29: alpha = 202359, CV R² = 0.096568

PC  30: alpha = 429193, CV R² = 0.035006

PC  31: alpha = 202359, CV R² = 0.041842

PC  32: alpha = 202359, CV R² = 0.125664

PC  33: alpha = 202359, CV R² = 0.147583

PC  34: alpha = 429193, CV R² = 0.059828

PC  35: alpha = 202359, CV R² = 0.148158

PC  36: alpha = 202359, CV R² = 0.099358

PC  37: alpha = 429193, CV R² = 0.047658

PC  38: alpha = 202359, CV R² = 0.129963

PC  39: alpha = 202359, CV R² = 0.094636

PC  40: alpha = 429193, CV R² = 0.060695

PC  41: alpha = 202359, CV R² = 0.124466

PC  42: alpha = 202359, CV R² = 0.093613

PC  43: alpha = 202359, CV R² = 0.070046

PC  44: alpha = 202359, CV R² = 0.095384

PC  45: alpha = 202359, CV R² = 0.044841

PC  46: alpha = 202359, CV R² = 0.170667

PC  47: alpha = 429193, CV R² = 0.057401

PC  48: alpha = 202359, CV R² = 0.067529

PC  49: alpha = 202359, CV R² = 0.054383

PC  50: alpha = 202359, CV R² = 0.082404

PC  51: alpha = 202359, CV R² = 0.102164

PC  52: alpha = 429193, CV R² = 0.041938

PC  53: alpha = 202359, CV R² = 0.118931

PC  54: alpha = 202359, CV R² = 0.081833

PC  55: alpha = 429193, CV R² = 0.045237

PC  56: alpha = 202359, CV R² = 0.083370

PC  57: alpha = 202359, CV R² = 0.147356

PC  58: alpha = 202359, CV R² = 0.058627

PC  59: alpha = 202359, CV R² = 0.069839

PC  60: alpha = 202359, CV R² = 0.053991

PC  61: alpha = 429193, CV R² = 0.041112

PC  62: alpha = 429193, CV R² = 0.051099

PC  63: alpha = 202359, CV R² = 0.077094

PC  64: alpha = 429193, CV R² = 0.032120

PC  65: alpha = 429193, CV R² = 0.053863

PC  66: alpha = 429193, CV R² = 0.037911

PC  67: alpha = 429193, CV R² = 0.027232

PC  68: alpha = 429193, CV R² = 0.048149

PC  69: alpha = 202359, CV R² = 0.054702

PC  70: alpha = 429193, CV R² = 0.059094

PC  71: alpha = 429193, CV R² = 0.035970

PC  72: alpha = 202359, CV R² = 0.040112

PC  73: alpha = 429193, CV R² = 0.032388

PC  74: alpha = 429193, CV R² = 0.049455

PC  75: alpha = 429193, CV R² = 0.065441

PC  76: alpha = 429193, CV R² = 0.021963

PC  77: alpha = 429193, CV R² = 0.039370

PC  78: alpha = 429193, CV R² = 0.026272

PC  79: alpha = 202359, CV R² = 0.070017

PC  80: alpha = 202359, CV R² = 0.049987

PC  81: alpha = 429193, CV R² = 0.045041

PC  82: alpha = 202359, CV R² = 0.089789

PC  83: alpha = 429193, CV R² = 0.057266

PC  84: alpha = 202359, CV R² = 0.081566

PC  85: alpha = 429193, CV R² = 0.041444

PC  86: alpha = 429193, CV R² = 0.024088

PC  87: alpha = 202359, CV R² = 0.053358

PC  88: alpha = 429193, CV R² = 0.020464

PC  89: alpha = 429193, CV R² = 0.019787

PC  90: alpha = 429193, CV R² = 0.057632

PC  91: alpha = 429193, CV R² = 0.029342

PC  92: alpha = 202359, CV R² = 0.065909

PC  93: alpha = 429193, CV R² = 0.036695

PC  94: alpha = 429193, CV R² = 0.016848

PC  95: alpha = 429193, CV R² = 0.041960

PC  96: alpha = 429193, CV R² = 0.024491

PC  97: alpha = 429193, CV R² = 0.021714

PC  98: alpha = 429193, CV R² = 0.041124

Mean cross-validated R² across PCs: 0.107611

======================================================================================

Chosen model: vit_base_patch16_224_classification
Number of images: 73000
Image shape: (425, 425, 3), dtype: uint8
nsdID shape: (73000,), Shared1000 shape: (73000,)
Neural data shape: (10000, 8088)
Image IDs shape: (10000,)
Number of voxels: 8088
Number of projections for SRP: 7894
Model options for vit_base_patch16_224_classification: {'model_name': 'vit_base_patch16_224', 'train_type': 'classification', 'train_data': 'imagenet', 'model_source': 'timm', 'call': "get_timm_model('vit_base_patch16_224', pretrained = True)"}
Image transforms for vit_base_patch16_224_classification: Compose(
    Resize(size=(224, 224), interpolation=bicubic, max_size=None, antialias=True)
    MaybeToTensor()
    Normalize(mean=tensor([0.4850, 0.4560, 0.4060]), std=tensor([0.2290, 0.2240, 0.2250]))
)
Loaded model: vit_base_patch16_224_classification
Ordered layers from model: ['Conv2d-1', 'Identity-1', 'PatchEmbed-1', 'Dropout-1', 'Identity-2', 'Identity-3', 'LayerNorm-1', 'Linear-1', 'Identity-4', 'Identity-5', 'Identity-6', 'Linear-2', 'Dropout-2', 'Attention-1', 'Identity-7', 'Identity-8', 'LayerNorm-2', 'Linear-3', 'GELU-1', 'Dropout-3', 'Identity-9', 'Linear-4', 'Dropout-4', 'Mlp-1', 'Identity-10', 'Identity-11', 'Block-1', 'LayerNorm-3', 'Linear-5', 'Identity-12', 'Identity-13', 'Identity-14', 'Linear-6', 'Dropout-5', 'Attention-2', 'Identity-15', 'Identity-16', 'LayerNorm-4', 'Linear-7', 'GELU-2', 'Dropout-6', 'Identity-17', 'Linear-8', 'Dropout-7', 'Mlp-2', 'Identity-18', 'Identity-19', 'Block-2', 'LayerNorm-5', 'Linear-9', 'Identity-20', 'Identity-21', 'Identity-22', 'Linear-10', 'Dropout-8', 'Attention-3', 'Identity-23', 'Identity-24', 'LayerNorm-6', 'Linear-11', 'GELU-3', 'Dropout-9', 'Identity-25', 'Linear-12', 'Dropout-10', 'Mlp-3', 'Identity-26', 'Identity-27', 'Block-3', 'LayerNorm-7', 'Linear-13', 'Identity-28', 'Identity-29', 'Identity-30', 'Linear-14', 'Dropout-11', 'Attention-4', 'Identity-31', 'Identity-32', 'LayerNorm-8', 'Linear-15', 'GELU-4', 'Dropout-12', 'Identity-33', 'Linear-16', 'Dropout-13', 'Mlp-4', 'Identity-34', 'Identity-35', 'Block-4', 'LayerNorm-9', 'Linear-17', 'Identity-36', 'Identity-37', 'Identity-38', 'Linear-18', 'Dropout-14', 'Attention-5', 'Identity-39', 'Identity-40', 'LayerNorm-10', 'Linear-19', 'GELU-5', 'Dropout-15', 'Identity-41', 'Linear-20', 'Dropout-16', 'Mlp-5', 'Identity-42', 'Identity-43', 'Block-5', 'LayerNorm-11', 'Linear-21', 'Identity-44', 'Identity-45', 'Identity-46', 'Linear-22', 'Dropout-17', 'Attention-6', 'Identity-47', 'Identity-48', 'LayerNorm-12', 'Linear-23', 'GELU-6', 'Dropout-18', 'Identity-49', 'Linear-24', 'Dropout-19', 'Mlp-6', 'Identity-50', 'Identity-51', 'Block-6', 'LayerNorm-13', 'Linear-25', 'Identity-52', 'Identity-53', 'Identity-54', 'Linear-26', 'Dropout-20', 'Attention-7', 'Identity-55', 'Identity-56', 'LayerNorm-14', 'Linear-27', 'GELU-7', 'Dropout-21', 'Identity-57', 'Linear-28', 'Dropout-22', 'Mlp-7', 'Identity-58', 'Identity-59', 'Block-7', 'LayerNorm-15', 'Linear-29', 'Identity-60', 'Identity-61', 'Identity-62', 'Linear-30', 'Dropout-23', 'Attention-8', 'Identity-63', 'Identity-64', 'LayerNorm-16', 'Linear-31', 'GELU-8', 'Dropout-24', 'Identity-65', 'Linear-32', 'Dropout-25', 'Mlp-8', 'Identity-66', 'Identity-67', 'Block-8', 'LayerNorm-17', 'Linear-33', 'Identity-68', 'Identity-69', 'Identity-70', 'Linear-34', 'Dropout-26', 'Attention-9', 'Identity-71', 'Identity-72', 'LayerNorm-18', 'Linear-35', 'GELU-9', 'Dropout-27', 'Identity-73', 'Linear-36', 'Dropout-28', 'Mlp-9', 'Identity-74', 'Identity-75', 'Block-9', 'LayerNorm-19', 'Linear-37', 'Identity-76', 'Identity-77', 'Identity-78', 'Linear-38', 'Dropout-29', 'Attention-10', 'Identity-79', 'Identity-80', 'LayerNorm-20', 'Linear-39', 'GELU-10', 'Dropout-30', 'Identity-81', 'Linear-40', 'Dropout-31', 'Mlp-10', 'Identity-82', 'Identity-83', 'Block-10', 'LayerNorm-21', 'Linear-41', 'Identity-84', 'Identity-85', 'Identity-86', 'Linear-42', 'Dropout-32', 'Attention-11', 'Identity-87', 'Identity-88', 'LayerNorm-22', 'Linear-43', 'GELU-11', 'Dropout-33', 'Identity-89', 'Linear-44', 'Dropout-34', 'Mlp-11', 'Identity-90', 'Identity-91', 'Block-11', 'LayerNorm-23', 'Linear-45', 'Identity-92', 'Identity-93', 'Identity-94', 'Linear-46', 'Dropout-35', 'Attention-12', 'Identity-95', 'Identity-96', 'LayerNorm-24', 'Linear-47', 'GELU-12', 'Dropout-36', 'Identity-97', 'Linear-48', 'Dropout-37', 'Mlp-12', 'Identity-98', 'Identity-99', 'Block-12', 'LayerNorm-25', 'Identity-100', 'Dropout-38', 'Linear-49', 'VisionTransformer-1']
Total number of layers: 263

==================================================
Processing layer: Identity-76 from model: vit_base_patch16_224_classification

For model vit_base_patch16_224_classification Layer Identity-76: Extracting features for 9000 images in batches of 28...
