------------------------------------
Tue 21 Jul 2026 19:29:50 IDT
SLURM_JOBID:		19482650
SLURM_JOB_NODELIST:	ise-cpu-intl-22
SLURM_SCRATCH_DIR:	
Allocated Resouces:	cpu - 4 / mem - 24576 MB / gpu - 
SLURM_GPU_INDEX:	
Running as ohadshee from golan.neuro account with normal QOS
------------------------------------
Running on host: ise-cpu-intl-22.auth.ad.bgu.ac.il
Job ID: 19482650
CPUs per task: 4
Python path: /home/ohadshee/.conda/envs/pid_env/bin/python
Conda environment: pid_env
Project root directory: /home/ohadshee/Desktop/Partial-Information-Decomposition/external/mayas_project
Using device: cpu
Number of images: 73000
Image shape: (425, 425, 3), dtype: uint8
nsdID shape: (73000,), Shared1000 shape: (73000,)
Neural data shape: (10000, 8088)
Image IDs shape: (10000,)
Number of voxels: 8088
Number of projections for SRP: 7894

Loaded target with shape (10000, 8088).
Loaded subject subj01 with 9000 unique images and 1000 shared held-out images.
Unique neural data shape after limiting to max_features=100: (9000, 8088)

Running Eigenvector PCA with cross-validation!!!
Using default PCA fitting function (SVD)!!!
Processing sample 1 of 9000...
Skipping sample 0 (already completed)✅
Processing sample 2 of 9000...
Skipping sample 1 (already completed)✅
Processing sample 3 of 9000...
Skipping sample 2 (already completed)✅
Processing sample 4 of 9000...
Skipping sample 3 (already completed)✅
Processing sample 5 of 9000...
Skipping sample 4 (already completed)✅
Processing sample 6 of 9000...
Skipping sample 5 (already completed)✅
Processing sample 7 of 9000...
Skipping sample 6 (already completed)✅
Processing sample 8 of 9000...
Skipping sample 7 (already completed)✅
Processing sample 9 of 9000...
Skipping sample 8 (already completed)✅
Processing sample 10 of 9000...
Skipping sample 9 (already completed)✅
Processing sample 11 of 9000...
Skipping sample 10 (already completed)✅
Processing sample 12 of 9000...
Skipping sample 11 (already completed)✅
Processing sample 13 of 9000...
Skipping sample 12 (already completed)✅
Processing sample 14 of 9000...
Skipping sample 13 (already completed)✅
Processing sample 15 of 9000...
Skipping sample 14 (already completed)✅
Processing sample 16 of 9000...
Skipping sample 15 (already completed)✅
Processing sample 17 of 9000...
Skipping sample 16 (already completed)✅
Processing sample 18 of 9000...
Skipping sample 17 (already completed)✅
Processing sample 19 of 9000...
Skipping sample 18 (already completed)✅
Processing sample 20 of 9000...
Skipping sample 19 (already completed)✅
Processing sample 21 of 9000...
Skipping sample 20 (already completed)✅
Processing sample 22 of 9000...
Skipping sample 21 (already completed)✅
Processing sample 23 of 9000...
Skipping sample 22 (already completed)✅
Processing sample 24 of 9000...
Skipping sample 23 (already completed)✅
Processing sample 25 of 9000...
Skipping sample 24 (already completed)✅
Processing sample 26 of 9000...
Skipping sample 25 (already completed)✅
Processing sample 27 of 9000...
Skipping sample 26 (already completed)✅
Processing sample 28 of 9000...
Skipping sample 27 (already completed)✅
Processing sample 29 of 9000...
Skipping sample 28 (already completed)✅
Processing sample 30 of 9000...
Skipping sample 29 (already completed)✅
Processing sample 31 of 9000...
Skipping sample 30 (already completed)✅
Processing sample 32 of 9000...
Skipping sample 31 (already completed)✅
Processing sample 33 of 9000...
Skipping sample 32 (already completed)✅
Processing sample 34 of 9000...
Skipping sample 33 (already completed)✅
Processing sample 35 of 9000...
Skipping sample 34 (already completed)✅
Processing sample 36 of 9000...
Skipping sample 35 (already completed)✅
Processing sample 37 of 9000...
Skipping sample 36 (already completed)✅
Processing sample 38 of 9000...
Skipping sample 37 (already completed)✅
Processing sample 39 of 9000...
Skipping sample 38 (already completed)✅
Processing sample 40 of 9000...
Skipping sample 39 (already completed)✅
Processing sample 41 of 9000...
Skipping sample 40 (already completed)✅
Processing sample 42 of 9000...
Skipping sample 41 (already completed)✅
Processing sample 43 of 9000...
Skipping sample 42 (already completed)✅
Processing sample 44 of 9000...
Skipping sample 43 (already completed)✅
Processing sample 45 of 9000...
Skipping sample 44 (already completed)✅
Processing sample 46 of 9000...
Skipping sample 45 (already completed)✅
Processing sample 47 of 9000...
Skipping sample 46 (already completed)✅
Processing sample 48 of 9000...
Skipping sample 47 (already completed)✅
Processing sample 49 of 9000...
Skipping sample 48 (already completed)✅
Processing sample 50 of 9000...
Skipping sample 49 (already completed)✅
Processing sample 51 of 9000...
Skipping sample 50 (already completed)✅
Processing sample 52 of 9000...
Skipping sample 51 (already completed)✅
Processing sample 53 of 9000...
Skipping sample 52 (already completed)✅
Processing sample 54 of 9000...
Skipping sample 53 (already completed)✅
Processing sample 55 of 9000...
Skipping sample 54 (already completed)✅
Processing sample 56 of 9000...
Skipping sample 55 (already completed)✅
Processing sample 57 of 9000...
Skipping sample 56 (already completed)✅
Processing sample 58 of 9000...
Skipping sample 57 (already completed)✅
Processing sample 59 of 9000...
Skipping sample 58 (already completed)✅
Processing sample 60 of 9000...
Skipping sample 59 (already completed)✅
Processing sample 61 of 9000...
Skipping sample 60 (already completed)✅
Processing sample 62 of 9000...
Skipping sample 61 (already completed)✅
Processing sample 63 of 9000...
Skipping sample 62 (already completed)✅
Processing sample 64 of 9000...
Skipping sample 63 (already completed)✅
Processing sample 65 of 9000...
Skipping sample 64 (already completed)✅
Processing sample 66 of 9000...
Skipping sample 65 (already completed)✅
Processing sample 67 of 9000...
Skipping sample 66 (already completed)✅
Processing sample 68 of 9000...
Skipping sample 67 (already completed)✅
Processing sample 69 of 9000...
Skipping sample 68 (already completed)✅
Processing sample 70 of 9000...
Skipping sample 69 (already completed)✅
Processing sample 71 of 9000...
Skipping sample 70 (already completed)✅
Processing sample 72 of 9000...
Skipping sample 71 (already completed)✅
Processing sample 73 of 9000...
Skipping sample 72 (already completed)✅
Processing sample 74 of 9000...
Skipping sample 73 (already completed)✅
Processing sample 75 of 9000...
Skipping sample 74 (already completed)✅
Processing sample 76 of 9000...
Skipping sample 75 (already completed)✅
Processing sample 77 of 9000...
Skipping sample 76 (already completed)✅
Processing sample 78 of 9000...
Skipping sample 77 (already completed)✅
Processing sample 79 of 9000...
Skipping sample 78 (already completed)✅
Processing sample 80 of 9000...
Skipping sample 79 (already completed)✅
Processing sample 81 of 9000...
Skipping sample 80 (already completed)✅
Processing sample 82 of 9000...
Skipping sample 81 (already completed)✅
Processing sample 83 of 9000...
Skipping sample 82 (already completed)✅
Processing sample 84 of 9000...
Skipping sample 83 (already completed)✅
Processing sample 85 of 9000...
Skipping sample 84 (already completed)✅
Processing sample 86 of 9000...
Skipping sample 85 (already completed)✅
Processing sample 87 of 9000...
Skipping sample 86 (already completed)✅
Processing sample 88 of 9000...
Skipping sample 87 (already completed)✅
Processing sample 89 of 9000...
Skipping sample 88 (already completed)✅
Processing sample 90 of 9000...
Skipping sample 89 (already completed)✅
Processing sample 91 of 9000...
Skipping sample 90 (already completed)✅
Processing sample 92 of 9000...
Skipping sample 91 (already completed)✅
Processing sample 93 of 9000...
Skipping sample 92 (already completed)✅
Processing sample 94 of 9000...
Skipping sample 93 (already completed)✅
Processing sample 95 of 9000...
Skipping sample 94 (already completed)✅
Processing sample 96 of 9000...
Skipping sample 95 (already completed)✅
Processing sample 97 of 9000...
Skipping sample 96 (already completed)✅
Processing sample 98 of 9000...
Skipping sample 97 (already completed)✅
Processing sample 99 of 9000...
Skipping sample 98 (already completed)✅
Processing sample 100 of 9000...
Skipping sample 99 (already completed)✅
Processing sample 101 of 9000...
Skipping sample 100 (already completed)✅
Processing sample 102 of 9000...
Skipping sample 101 (already completed)✅
Processing sample 103 of 9000...
Skipping sample 102 (already completed)✅
Processing sample 104 of 9000...
Skipping sample 103 (already completed)✅
Processing sample 105 of 9000...
Skipping sample 104 (already completed)✅
Processing sample 106 of 9000...
Skipping sample 105 (already completed)✅
Processing sample 107 of 9000...
Skipping sample 106 (already completed)✅
Processing sample 108 of 9000...
Skipping sample 107 (already completed)✅
Processing sample 109 of 9000...
Skipping sample 108 (already completed)✅
Processing sample 110 of 9000...
Skipping sample 109 (already completed)✅
Processing sample 111 of 9000...
Skipping sample 110 (already completed)✅
Processing sample 112 of 9000...
Skipping sample 111 (already completed)✅
Processing sample 113 of 9000...
Skipping sample 112 (already completed)✅
Processing sample 114 of 9000...
Skipping sample 113 (already completed)✅
Processing sample 115 of 9000...
Skipping sample 114 (already completed)✅
Processing sample 116 of 9000...
Skipping sample 115 (already completed)✅
Processing sample 117 of 9000...
Skipping sample 116 (already completed)✅
Processing sample 118 of 9000...
Skipping sample 117 (already completed)✅
Processing sample 119 of 9000...
Skipping sample 118 (already completed)✅
Processing sample 120 of 9000...
Skipping sample 119 (already completed)✅
Processing sample 121 of 9000...
Skipping sample 120 (already completed)✅
Processing sample 122 of 9000...
Skipping sample 121 (already completed)✅
Processing sample 123 of 9000...
Skipping sample 122 (already completed)✅
Processing sample 124 of 9000...
Skipping sample 123 (already completed)✅
Processing sample 125 of 9000...
Skipping sample 124 (already completed)✅
Processing sample 126 of 9000...
Skipping sample 125 (already completed)✅
Processing sample 127 of 9000...
Skipping sample 126 (already completed)✅
Processing sample 128 of 9000...
Skipping sample 127 (already completed)✅
Processing sample 129 of 9000...
Skipping sample 128 (already completed)✅
Processing sample 130 of 9000...
Skipping sample 129 (already completed)✅
Processing sample 131 of 9000...
Skipping sample 130 (already completed)✅
Processing sample 132 of 9000...
Skipping sample 131 (already completed)✅
Processing sample 133 of 9000...
Skipping sample 132 (already completed)✅
Processing sample 134 of 9000...
Skipping sample 133 (already completed)✅
Processing sample 135 of 9000...
Skipping sample 134 (already completed)✅
Processing sample 136 of 9000...
Skipping sample 135 (already completed)✅
Processing sample 137 of 9000...
Skipping sample 136 (already completed)✅
Processing sample 138 of 9000...
Skipping sample 137 (already completed)✅
Processing sample 139 of 9000...
Skipping sample 138 (already completed)✅
Processing sample 140 of 9000...
Skipping sample 139 (already completed)✅
Processing sample 141 of 9000...
Skipping sample 140 (already completed)✅
Processing sample 142 of 9000...
Skipping sample 141 (already completed)✅
Processing sample 143 of 9000...
Skipping sample 142 (already completed)✅
Processing sample 144 of 9000...
Skipping sample 143 (already completed)✅
Processing sample 145 of 9000...
Skipping sample 144 (already completed)✅
Processing sample 146 of 9000...
Skipping sample 145 (already completed)✅
Processing sample 147 of 9000...
Skipping sample 146 (already completed)✅
Processing sample 148 of 9000...
Skipping sample 147 (already completed)✅
Processing sample 149 of 9000...
Skipping sample 148 (already completed)✅
Processing sample 150 of 9000...
Skipping sample 149 (already completed)✅
Processing sample 151 of 9000...
Skipping sample 150 (already completed)✅
Processing sample 152 of 9000...
Skipping sample 151 (already completed)✅
Processing sample 153 of 9000...
Skipping sample 152 (already completed)✅
Processing sample 154 of 9000...
Skipping sample 153 (already completed)✅
Processing sample 155 of 9000...
Skipping sample 154 (already completed)✅
Processing sample 156 of 9000...
Skipping sample 155 (already completed)✅
Processing sample 157 of 9000...
Skipping sample 156 (already completed)✅
Processing sample 158 of 9000...
Skipping sample 157 (already completed)✅
Processing sample 159 of 9000...
Skipping sample 158 (already completed)✅
Processing sample 160 of 9000...
Skipping sample 159 (already completed)✅
Processing sample 161 of 9000...
Skipping sample 160 (already completed)✅
Processing sample 162 of 9000...
Skipping sample 161 (already completed)✅
Processing sample 163 of 9000...
Skipping sample 162 (already completed)✅
Processing sample 164 of 9000...
Skipping sample 163 (already completed)✅
Processing sample 165 of 9000...
Skipping sample 164 (already completed)✅
Processing sample 166 of 9000...
Skipping sample 165 (already completed)✅
Processing sample 167 of 9000...
Skipping sample 166 (already completed)✅
Processing sample 168 of 9000...
Skipping sample 167 (already completed)✅
Processing sample 169 of 9000...
Skipping sample 168 (already completed)✅
Processing sample 170 of 9000...
Skipping sample 169 (already completed)✅
Processing sample 171 of 9000...
Skipping sample 170 (already completed)✅
Processing sample 172 of 9000...
Skipping sample 171 (already completed)✅
Processing sample 173 of 9000...
Skipping sample 172 (already completed)✅
Processing sample 174 of 9000...
Skipping sample 173 (already completed)✅
Processing sample 175 of 9000...
Skipping sample 174 (already completed)✅
Processing sample 176 of 9000...
Skipping sample 175 (already completed)✅
Processing sample 177 of 9000...
Skipping sample 176 (already completed)✅
Processing sample 178 of 9000...
Skipping sample 177 (already completed)✅
Processing sample 179 of 9000...
Skipping sample 178 (already completed)✅
Processing sample 180 of 9000...
Skipping sample 179 (already completed)✅
Processing sample 181 of 9000...
Skipping sample 180 (already completed)✅
Processing sample 182 of 9000...
Skipping sample 181 (already completed)✅
Processing sample 183 of 9000...
Processing component 10 of 100...✅
Processing component 20 of 100...✅
Processing component 30 of 100...✅
Processing component 40 of 100...✅
Processing component 50 of 100...✅
Processing component 60 of 100...✅
Processing component 70 of 100...✅
Processing component 80 of 100...✅
Processing component 90 of 100...✅
Processing component 100 of 100...✅
Checkpoint saved. Elapsed time: 2770.27 seconds.
Processing sample 184 of 9000...
Processing component 10 of 100...✅
Processing component 20 of 100...✅
Processing component 30 of 100...✅
Processing component 40 of 100...✅
Processing component 50 of 100...✅
Processing component 60 of 100...✅
Processing component 70 of 100...✅
Processing component 80 of 100...✅
Processing component 90 of 100...✅
Processing component 100 of 100...✅
Checkpoint saved. Elapsed time: 5568.55 seconds.
Processing sample 185 of 9000...
Processing component 10 of 100...✅
Processing component 20 of 100...✅
Processing component 30 of 100...✅
Processing component 40 of 100...✅
Processing component 50 of 100...✅
Processing component 60 of 100...✅
Processing component 70 of 100...✅
Processing component 80 of 100...✅
Processing component 90 of 100...✅
Processing component 100 of 100...✅
Checkpoint saved. Elapsed time: 8189.23 seconds.
Processing sample 186 of 9000...
Processing component 10 of 100...✅
Processing component 20 of 100...✅
Processing component 30 of 100...✅
Processing component 40 of 100...✅
Processing component 50 of 100...✅
Processing component 60 of 100...✅
Processing component 70 of 100...✅
Processing component 80 of 100...✅
Processing component 90 of 100...✅
Processing component 100 of 100...✅
Checkpoint saved. Elapsed time: 10760.49 seconds.
Processing sample 187 of 9000...
Processing component 10 of 100...✅
Processing component 20 of 100...✅
Processing component 30 of 100...✅
Processing component 40 of 100...✅
Processing component 50 of 100...✅
Processing component 60 of 100...✅
Processing component 70 of 100...✅
Processing component 80 of 100...✅
Processing component 90 of 100...✅
Processing component 100 of 100...✅
Checkpoint saved. Elapsed time: 13398.70 seconds.
Processing sample 188 of 9000...
Processing component 10 of 100...✅
Processing component 20 of 100...✅
Processing component 30 of 100...✅
Processing component 40 of 100...✅
Processing component 50 of 100...✅
Processing component 60 of 100...✅
Processing component 70 of 100...✅
Processing component 80 of 100...✅
Processing component 90 of 100...✅
Processing component 100 of 100...✅
Checkpoint saved. Elapsed time: 16103.29 seconds.
Processing sample 189 of 9000...
Processing component 10 of 100...✅
Processing component 20 of 100...✅
Processing component 30 of 100...✅
Processing component 40 of 100...✅
Processing component 50 of 100...✅
Processing component 60 of 100...✅
Processing component 70 of 100...✅
Processing component 80 of 100...✅
Processing component 90 of 100...✅
Processing component 100 of 100...✅
Checkpoint saved. Elapsed time: 18909.24 seconds.
Processing sample 190 of 9000...
Processing component 10 of 100...✅
Processing component 20 of 100...✅
Processing component 30 of 100...✅
Processing component 40 of 100...✅
Processing component 50 of 100...✅
Processing component 60 of 100...✅
Processing component 70 of 100...✅
Processing component 80 of 100...✅
Processing component 90 of 100...✅
Processing component 100 of 100...✅
Checkpoint saved. Elapsed time: 21674.87 seconds.
Processing sample 191 of 9000...
Processing component 10 of 100...✅
Processing component 20 of 100...✅
Processing component 30 of 100...✅
Processing component 40 of 100...✅
Processing component 50 of 100...✅
Processing component 60 of 100...✅
Processing component 70 of 100...✅
Processing component 80 of 100...✅
Processing component 90 of 100...✅
Processing component 100 of 100...✅
Checkpoint saved. Elapsed time: 24417.54 seconds.
Processing sample 192 of 9000...
Processing component 10 of 100...✅
Processing component 20 of 100...✅
Processing component 30 of 100...✅
Processing component 40 of 100...✅
Processing component 50 of 100...✅
Processing component 60 of 100...✅
Processing component 70 of 100...✅
Processing component 80 of 100...✅
Processing component 90 of 100...✅
Processing component 100 of 100...✅
Checkpoint saved. Elapsed time: 27163.49 seconds.
Processing sample 193 of 9000...
Processing component 10 of 100...✅
Processing component 20 of 100...✅
Processing component 30 of 100...✅
Processing component 40 of 100...✅
Processing component 50 of 100...✅
Processing component 60 of 100...✅
Processing component 70 of 100...✅
Processing component 80 of 100...✅
Processing component 90 of 100...✅
Processing component 100 of 100...✅
Checkpoint saved. Elapsed time: 29998.73 seconds.
Processing sample 194 of 9000...
Processing component 10 of 100...✅
Processing component 20 of 100...✅
Processing component 30 of 100...✅
Processing component 40 of 100...✅
Processing component 50 of 100...✅
Processing component 60 of 100...✅
Processing component 70 of 100...✅
Processing component 80 of 100...✅
Processing component 90 of 100...✅
Processing component 100 of 100...✅
Checkpoint saved. Elapsed time: 32872.72 seconds.
Processing sample 195 of 9000...
Processing component 10 of 100...✅
Processing component 20 of 100...✅
Processing component 30 of 100...✅
Processing component 40 of 100...✅
Processing component 50 of 100...✅
Processing component 60 of 100...✅
Processing component 70 of 100...✅
Processing component 80 of 100...✅
Processing component 90 of 100...✅
Processing component 100 of 100...✅
Checkpoint saved. Elapsed time: 35734.73 seconds.
Processing sample 196 of 9000...
Processing component 10 of 100...✅
Processing component 20 of 100...✅
Processing component 30 of 100...✅
Processing component 40 of 100...✅
Processing component 50 of 100...✅
Processing component 60 of 100...✅
Processing component 70 of 100...✅
Processing component 80 of 100...✅
Processing component 90 of 100...✅
Processing component 100 of 100...✅
Checkpoint saved. Elapsed time: 38612.51 seconds.
Processing sample 197 of 9000...
Processing component 10 of 100...✅
Processing component 20 of 100...✅
Processing component 30 of 100...✅
Processing component 40 of 100...✅
Processing component 50 of 100...✅
Processing component 60 of 100...✅
Processing component 70 of 100...✅
Processing component 80 of 100...✅
Processing component 90 of 100...✅
Processing component 100 of 100...✅
Checkpoint saved. Elapsed time: 41524.38 seconds.
Processing sample 198 of 9000...
Processing component 10 of 100...✅
Processing component 20 of 100...✅
Processing component 30 of 100...✅
Processing component 40 of 100...✅
Processing component 50 of 100...✅
Processing component 60 of 100...✅
Processing component 70 of 100...✅
Processing component 80 of 100...✅
Processing component 90 of 100...✅
Processing component 100 of 100...✅
Checkpoint saved. Elapsed time: 44510.78 seconds.
Processing sample 199 of 9000...
Processing component 10 of 100...✅
Processing component 20 of 100...✅
Processing component 30 of 100...✅
Processing component 40 of 100...✅
Processing component 50 of 100...✅
Processing component 60 of 100...✅
Processing component 70 of 100...✅
Processing component 80 of 100...✅
Processing component 90 of 100...✅
Processing component 100 of 100...✅
Checkpoint saved. Elapsed time: 49159.53 seconds.
Processing sample 200 of 9000...
Processing component 10 of 100...✅
Processing component 20 of 100...✅
Processing component 30 of 100...✅
Processing component 40 of 100...✅
Processing component 50 of 100...✅
Processing component 60 of 100...✅
Processing component 70 of 100...✅
Processing component 80 of 100...✅
Processing component 90 of 100...✅
Processing component 100 of 100...✅
Checkpoint saved. Elapsed time: 61968.13 seconds.
Processing sample 201 of 9000...
Processing component 10 of 100...✅
Processing component 20 of 100...✅
Processing component 30 of 100...✅
Processing component 40 of 100...✅
Processing component 50 of 100...✅
Processing component 60 of 100...✅
Processing component 70 of 100...✅
Processing component 80 of 100...✅
Processing component 90 of 100...✅
Processing component 100 of 100...✅
Checkpoint saved. Elapsed time: 66079.33 seconds.
Processing sample 202 of 9000...
Processing component 10 of 100...✅
Processing component 20 of 100...✅
Processing component 30 of 100...✅
Processing component 40 of 100...✅
Processing component 50 of 100...✅
Processing component 60 of 100...✅
Processing component 70 of 100...✅
Processing component 80 of 100...✅
Processing component 90 of 100...✅
Processing component 100 of 100...✅
Checkpoint saved. Elapsed time: 69215.33 seconds.
Processing sample 203 of 9000...
Processing component 10 of 100...✅
Processing component 20 of 100...✅
Processing component 30 of 100...✅
Processing component 40 of 100...✅
Processing component 50 of 100...✅
Processing component 60 of 100...✅
Processing component 70 of 100...✅
Processing component 80 of 100...✅
Processing component 90 of 100...✅
Processing component 100 of 100...✅
Checkpoint saved. Elapsed time: 83267.17 seconds.
Processing sample 204 of 9000...
Processing component 10 of 100...✅
Processing component 20 of 100...✅
Processing component 30 of 100...✅
Processing component 40 of 100...✅
Processing component 50 of 100...✅
Processing component 60 of 100...✅
Processing component 70 of 100...✅
Processing component 80 of 100...✅
Processing component 90 of 100...✅
Processing component 100 of 100...✅
Checkpoint saved. Elapsed time: 87561.04 seconds.
Processing sample 205 of 9000...
Processing component 10 of 100...✅
Processing component 20 of 100...✅
Processing component 30 of 100...✅
Processing component 40 of 100...✅
Processing component 50 of 100...✅
Processing component 60 of 100...✅
Processing component 70 of 100...✅
Processing component 80 of 100...✅
Processing component 90 of 100...✅
Processing component 100 of 100...✅
Checkpoint saved. Elapsed time: 93279.24 seconds.
Processing sample 206 of 9000...
Processing component 10 of 100...✅
Processing component 20 of 100...✅
Processing component 30 of 100...✅
Processing component 40 of 100...✅
Processing component 50 of 100...✅
Processing component 60 of 100...✅
Processing component 70 of 100...✅
Processing component 80 of 100...✅
Processing component 90 of 100...✅
Processing component 100 of 100...✅
Checkpoint saved. Elapsed time: 96522.23 seconds.
Processing sample 207 of 9000...
Processing component 10 of 100...✅
Processing component 20 of 100...✅
Processing component 30 of 100...✅
Processing component 40 of 100...✅
Processing component 50 of 100...✅
Processing component 60 of 100...✅
Processing component 70 of 100...✅
Processing component 80 of 100...✅
Processing component 90 of 100...✅
Processing component 100 of 100...✅
Checkpoint saved. Elapsed time: 99739.83 seconds.
Processing sample 208 of 9000...
Processing component 10 of 100...✅
Processing component 20 of 100...✅
Processing component 30 of 100...✅
Processing component 40 of 100...✅
Processing component 50 of 100...✅
Processing component 60 of 100...✅
Processing component 70 of 100...✅
Processing component 80 of 100...✅
Processing component 90 of 100...✅
Processing component 100 of 100...✅
Checkpoint saved. Elapsed time: 102832.19 seconds.
Processing sample 209 of 9000...
Processing component 10 of 100...✅
Processing component 20 of 100...✅
Processing component 30 of 100...✅
Processing component 40 of 100...✅
Processing component 50 of 100...✅
Processing component 60 of 100...✅
Processing component 70 of 100...✅
Processing component 80 of 100...✅
Processing component 90 of 100...✅
Processing component 100 of 100...✅
Checkpoint saved. Elapsed time: 106709.76 seconds.
Processing sample 210 of 9000...
Processing component 10 of 100...✅
Processing component 20 of 100...✅
Processing component 30 of 100...✅
Processing component 40 of 100...✅
Processing component 50 of 100...✅
Processing component 60 of 100...✅
Processing component 70 of 100...✅
Processing component 80 of 100...✅
Processing component 90 of 100...✅
Processing component 100 of 100...✅
Checkpoint saved. Elapsed time: 115303.89 seconds.
Processing sample 211 of 9000...
Processing component 10 of 100...✅
Processing component 20 of 100...✅
Processing component 30 of 100...✅
Processing component 40 of 100...✅
Processing component 50 of 100...✅
Processing component 60 of 100...✅
Processing component 70 of 100...✅
Processing component 80 of 100...✅
Processing component 90 of 100...✅
Processing component 100 of 100...✅
Checkpoint saved. Elapsed time: 124566.53 seconds.
Processing sample 212 of 9000...
Processing component 10 of 100...✅
Processing component 20 of 100...✅
Processing component 30 of 100...✅
Processing component 40 of 100...✅
Processing component 50 of 100...✅
Processing component 60 of 100...✅
Processing component 70 of 100...✅
Processing component 80 of 100...✅
Processing component 90 of 100...✅
Processing component 100 of 100...✅
Checkpoint saved. Elapsed time: 133458.27 seconds.
Processing sample 213 of 9000...
Processing component 10 of 100...✅
Processing component 20 of 100...✅
Processing component 30 of 100...✅
Processing component 40 of 100...✅
Processing component 50 of 100...✅
Processing component 60 of 100...✅
Processing component 70 of 100...✅
Processing component 80 of 100...✅
Processing component 90 of 100...✅
Processing component 100 of 100...✅
Checkpoint saved. Elapsed time: 136684.79 seconds.
Processing sample 214 of 9000...
Processing component 10 of 100...✅
Processing component 20 of 100...✅
Processing component 30 of 100...✅
Processing component 40 of 100...✅
Processing component 50 of 100...✅
Processing component 60 of 100...✅
Processing component 70 of 100...✅
Processing component 80 of 100...✅
Processing component 90 of 100...✅
Processing component 100 of 100...✅
Checkpoint saved. Elapsed time: 139859.05 seconds.
Processing sample 215 of 9000...
Processing component 10 of 100...✅
Processing component 20 of 100...✅
Processing component 30 of 100...✅
Processing component 40 of 100...✅
Processing component 50 of 100...✅
Processing component 60 of 100...✅
Processing component 70 of 100...✅
Processing component 80 of 100...✅
Processing component 90 of 100...✅
Processing component 100 of 100...✅
Checkpoint saved. Elapsed time: 143229.67 seconds.
Processing sample 216 of 9000...
Processing component 10 of 100...✅
Processing component 20 of 100...✅
Processing component 30 of 100...✅
Processing component 40 of 100...✅
Processing component 50 of 100...✅
Processing component 60 of 100...✅
Processing component 70 of 100...✅
Processing component 80 of 100...✅
Processing component 90 of 100...✅
Processing component 100 of 100...✅
Checkpoint saved. Elapsed time: 146416.99 seconds.
Processing sample 217 of 9000...
Processing component 10 of 100...✅
Processing component 20 of 100...✅
Processing component 30 of 100...✅
Processing component 40 of 100...✅
Processing component 50 of 100...✅
Processing component 60 of 100...✅
Processing component 70 of 100...✅
Processing component 80 of 100...✅
Processing component 90 of 100...✅
Processing component 100 of 100...✅
Checkpoint saved. Elapsed time: 149570.96 seconds.
Processing sample 218 of 9000...
Processing component 10 of 100...✅
Processing component 20 of 100...✅
Processing component 30 of 100...✅
Processing component 40 of 100...✅
Processing component 50 of 100...✅
Processing component 60 of 100...✅
Processing component 70 of 100...✅
Processing component 80 of 100...✅
Processing component 90 of 100...✅
Processing component 100 of 100...✅
Checkpoint saved. Elapsed time: 181924.52 seconds.
Processing sample 219 of 9000...
Processing component 10 of 100...✅
Processing component 20 of 100...✅
Processing component 30 of 100...✅
Processing component 40 of 100...✅
Processing component 50 of 100...✅
Processing component 60 of 100...✅
Processing component 70 of 100...✅
Processing component 80 of 100...✅
Processing component 90 of 100...✅
Processing component 100 of 100...✅
Checkpoint saved. Elapsed time: 189094.35 seconds.
Processing sample 220 of 9000...
Processing component 10 of 100...✅
Processing component 20 of 100...✅
Processing component 30 of 100...✅
Processing component 40 of 100...✅
Processing component 50 of 100...✅
Processing component 60 of 100...✅
Processing component 70 of 100...✅
Processing component 80 of 100...✅
Processing component 90 of 100...✅
Processing component 100 of 100...✅
Checkpoint saved. Elapsed time: 192207.94 seconds.
Processing sample 221 of 9000...
Processing component 10 of 100...✅
Processing component 20 of 100...✅
Processing component 30 of 100...✅
Processing component 40 of 100...✅
Processing component 50 of 100...✅
Processing component 60 of 100...✅
Processing component 70 of 100...✅
Processing component 80 of 100...✅
Processing component 90 of 100...✅
Processing component 100 of 100...✅
Checkpoint saved. Elapsed time: 195148.24 seconds.
Processing sample 222 of 9000...
Processing component 10 of 100...✅
Processing component 20 of 100...✅
Processing component 30 of 100...✅
Processing component 40 of 100...✅
Processing component 50 of 100...✅
Processing component 60 of 100...✅
Processing component 70 of 100...✅
Processing component 80 of 100...✅
Processing component 90 of 100...✅
Processing component 100 of 100...✅
Checkpoint saved. Elapsed time: 198032.15 seconds.
Processing sample 223 of 9000...
Processing component 10 of 100...✅
Processing component 20 of 100...✅
Processing component 30 of 100...✅
Processing component 40 of 100...✅
Processing component 50 of 100...✅
Processing component 60 of 100...✅
Processing component 70 of 100...✅
Processing component 80 of 100...✅
Processing component 90 of 100...✅
Processing component 100 of 100...✅
Checkpoint saved. Elapsed time: 200953.30 seconds.
Processing sample 224 of 9000...
Processing component 10 of 100...✅
Processing component 20 of 100...✅
Processing component 30 of 100...✅
Processing component 40 of 100...✅
Processing component 50 of 100...✅
Processing component 60 of 100...✅
Processing component 70 of 100...✅
Processing component 80 of 100...✅
Processing component 90 of 100...✅
Processing component 100 of 100...✅
Checkpoint saved. Elapsed time: 203834.04 seconds.
Processing sample 225 of 9000...
Processing component 10 of 100...✅
Processing component 20 of 100...✅
Processing component 30 of 100...✅
Processing component 40 of 100...✅
Processing component 50 of 100...✅
Processing component 60 of 100...✅
Processing component 70 of 100...✅
Processing component 80 of 100...✅
Processing component 90 of 100...✅
Processing component 100 of 100...✅
Checkpoint saved. Elapsed time: 206708.35 seconds.
Processing sample 226 of 9000...
Processing component 10 of 100...✅
Processing component 20 of 100...✅
Processing component 30 of 100...✅
Processing component 40 of 100...✅
Processing component 50 of 100...✅
Processing component 60 of 100...✅
Processing component 70 of 100...✅
Processing component 80 of 100...✅
Processing component 90 of 100...✅
Processing component 100 of 100...✅
Checkpoint saved. Elapsed time: 209587.11 seconds.
Processing sample 227 of 9000...
Processing component 10 of 100...✅
Processing component 20 of 100...✅
Processing component 30 of 100...✅
Processing component 40 of 100...✅
Processing component 50 of 100...✅
Processing component 60 of 100...✅
Processing component 70 of 100...✅
Processing component 80 of 100...✅
Processing component 90 of 100...✅
Processing component 100 of 100...✅
Checkpoint saved. Elapsed time: 212435.15 seconds.
Processing sample 228 of 9000...
Processing component 10 of 100...✅
Processing component 20 of 100...✅
Processing component 30 of 100...✅
Processing component 40 of 100...✅
Processing component 50 of 100...✅
Processing component 60 of 100...✅
Processing component 70 of 100...✅
Processing component 80 of 100...✅
Processing component 90 of 100...✅
Processing component 100 of 100...✅
Checkpoint saved. Elapsed time: 215311.74 seconds.
Processing sample 229 of 9000...
Processing component 10 of 100...✅
Processing component 20 of 100...✅
Processing component 30 of 100...✅
Processing component 40 of 100...✅
Processing component 50 of 100...✅
Processing component 60 of 100...✅
Processing component 70 of 100...✅
Processing component 80 of 100...✅
Processing component 90 of 100...✅
Processing component 100 of 100...✅
Checkpoint saved. Elapsed time: 218428.95 seconds.
Processing sample 230 of 9000...
Processing component 10 of 100...✅
Processing component 20 of 100...✅
Processing component 30 of 100...✅
Processing component 40 of 100...✅
Processing component 50 of 100...✅
Processing component 60 of 100...✅
Processing component 70 of 100...✅
Processing component 80 of 100...✅
Processing component 90 of 100...✅
Processing component 100 of 100...✅
Checkpoint saved. Elapsed time: 221625.21 seconds.
Processing sample 231 of 9000...
Processing component 10 of 100...✅
Processing component 20 of 100...✅
Processing component 30 of 100...✅
Processing component 40 of 100...✅
Processing component 50 of 100...✅
Processing component 60 of 100...✅
Processing component 70 of 100...✅
Processing component 80 of 100...✅
Processing component 90 of 100...✅
Processing component 100 of 100...✅
Checkpoint saved. Elapsed time: 224494.15 seconds.
Processing sample 232 of 9000...
Processing component 10 of 100...✅
Processing component 20 of 100...✅
Processing component 30 of 100...✅
Processing component 40 of 100...✅
Processing component 50 of 100...✅
Processing component 60 of 100...✅
Processing component 70 of 100...✅
Processing component 80 of 100...✅
Processing component 90 of 100...✅
Processing component 100 of 100...✅
Checkpoint saved. Elapsed time: 227300.32 seconds.
Processing sample 233 of 9000...
Processing component 10 of 100...✅
Processing component 20 of 100...✅
Processing component 30 of 100...✅
Processing component 40 of 100...✅
Processing component 50 of 100...✅
Processing component 60 of 100...✅
Processing component 70 of 100...✅
Processing component 80 of 100...✅
Processing component 90 of 100...✅
Processing component 100 of 100...✅
Checkpoint saved. Elapsed time: 230125.20 seconds.
Processing sample 234 of 9000...
Processing component 10 of 100...✅
Processing component 20 of 100...✅
Processing component 30 of 100...✅
Processing component 40 of 100...✅
Processing component 50 of 100...✅
Processing component 60 of 100...✅
Processing component 70 of 100...✅
Processing component 80 of 100...✅
Processing component 90 of 100...✅
Processing component 100 of 100...✅
Checkpoint saved. Elapsed time: 232931.16 seconds.
Processing sample 235 of 9000...
Processing component 10 of 100...✅
Processing component 20 of 100...✅
Processing component 30 of 100...✅
Processing component 40 of 100...✅
Processing component 50 of 100...✅
Processing component 60 of 100...✅
Processing component 70 of 100...✅
Processing component 80 of 100...✅
Processing component 90 of 100...✅
Processing component 100 of 100...✅
Checkpoint saved. Elapsed time: 236127.04 seconds.
Processing sample 236 of 9000...
Processing component 10 of 100...✅
Processing component 20 of 100...✅
Processing component 30 of 100...✅
Processing component 40 of 100...✅
Processing component 50 of 100...✅
Processing component 60 of 100...✅
Processing component 70 of 100...✅
Processing component 80 of 100...✅
Processing component 90 of 100...✅
Processing component 100 of 100...✅
Checkpoint saved. Elapsed time: 239424.62 seconds.
Processing sample 237 of 9000...
Processing component 10 of 100...✅
Processing component 20 of 100...✅
Processing component 30 of 100...✅
Processing component 40 of 100...✅
Processing component 50 of 100...✅
Processing component 60 of 100...✅
Processing component 70 of 100...✅
Processing component 80 of 100...✅
Processing component 90 of 100...✅
Processing component 100 of 100...✅
Checkpoint saved. Elapsed time: 242778.78 seconds.
Processing sample 238 of 9000...
Processing component 10 of 100...✅
Processing component 20 of 100...✅
Processing component 30 of 100...✅
Processing component 40 of 100...✅
Processing component 50 of 100...✅
Processing component 60 of 100...✅
Processing component 70 of 100...✅
Processing component 80 of 100...✅
Processing component 90 of 100...✅
Processing component 100 of 100...✅
Checkpoint saved. Elapsed time: 246095.92 seconds.
Processing sample 239 of 9000...
Processing component 10 of 100...✅
Processing component 20 of 100...✅
Processing component 30 of 100...✅
Processing component 40 of 100...✅
Processing component 50 of 100...✅
Processing component 60 of 100...✅
Processing component 70 of 100...✅
Processing component 80 of 100...✅
Processing component 90 of 100...✅
Processing component 100 of 100...✅
Checkpoint saved. Elapsed time: 249095.49 seconds.
Processing sample 240 of 9000...
Processing component 10 of 100...✅
Processing component 20 of 100...✅
Processing component 30 of 100...✅
Processing component 40 of 100...✅
Processing component 50 of 100...✅
Processing component 60 of 100...✅
Processing component 70 of 100...✅
Processing component 80 of 100...✅
Processing component 90 of 100...✅
Processing component 100 of 100...✅
Checkpoint saved. Elapsed time: 252059.14 seconds.
Processing sample 241 of 9000...
Processing component 10 of 100...✅
Processing component 20 of 100...✅
Processing component 30 of 100...✅
Processing component 40 of 100...✅
Processing component 50 of 100...✅
Processing component 60 of 100...✅
Processing component 70 of 100...✅
Processing component 80 of 100...✅
Processing component 90 of 100...✅
Processing component 100 of 100...✅
Checkpoint saved. Elapsed time: 255022.89 seconds.
Processing sample 242 of 9000...
Processing component 10 of 100...✅
Processing component 20 of 100...✅
Processing component 30 of 100...✅
Processing component 40 of 100...✅
Processing component 50 of 100...✅
Processing component 60 of 100...✅
Processing component 70 of 100...✅
Processing component 80 of 100...✅
Processing component 90 of 100...✅
Processing component 100 of 100...✅
Checkpoint saved. Elapsed time: 257983.90 seconds.
Processing sample 243 of 9000...
Processing component 10 of 100...✅
Processing component 20 of 100...✅
Processing component 30 of 100...✅
Processing component 40 of 100...✅
Processing component 50 of 100...✅
Processing component 60 of 100...✅
Processing component 70 of 100...✅
Processing component 80 of 100...✅
Processing component 90 of 100...✅
Processing component 100 of 100...✅
Checkpoint saved. Elapsed time: 260933.91 seconds.
Processing sample 244 of 9000...
Processing component 10 of 100...✅
Processing component 20 of 100...✅
Processing component 30 of 100...✅
Processing component 40 of 100...✅
Processing component 50 of 100...✅
Processing component 60 of 100...✅
Processing component 70 of 100...✅
Processing component 80 of 100...✅
Processing component 90 of 100...✅
Processing component 100 of 100...✅
Checkpoint saved. Elapsed time: 263877.63 seconds.
Processing sample 245 of 9000...
Processing component 10 of 100...✅
Processing component 20 of 100...✅
Processing component 30 of 100...✅
Processing component 40 of 100...✅
Processing component 50 of 100...✅
Processing component 60 of 100...✅
Processing component 70 of 100...✅
Processing component 80 of 100...✅
Processing component 90 of 100...✅
Processing component 100 of 100...✅
Checkpoint saved. Elapsed time: 266820.43 seconds.
Processing sample 246 of 9000...
Processing component 10 of 100...✅
Processing component 20 of 100...✅
Processing component 30 of 100...✅
Processing component 40 of 100...✅
Processing component 50 of 100...✅
Processing component 60 of 100...✅
Processing component 70 of 100...✅
Processing component 80 of 100...✅
Processing component 90 of 100...✅
Processing component 100 of 100...✅
Checkpoint saved. Elapsed time: 269764.23 seconds.
Processing sample 247 of 9000...
Processing component 10 of 100...✅
Processing component 20 of 100...✅
Processing component 30 of 100...✅
Processing component 40 of 100...✅
Processing component 50 of 100...✅
Processing component 60 of 100...✅
Processing component 70 of 100...✅
Processing component 80 of 100...✅
Processing component 90 of 100...✅
Processing component 100 of 100...✅
Checkpoint saved. Elapsed time: 272670.69 seconds.
Processing sample 248 of 9000...
Processing component 10 of 100...✅
Processing component 20 of 100...✅
Processing component 30 of 100...✅
Processing component 40 of 100...✅
Processing component 50 of 100...✅
Processing component 60 of 100...✅
Processing component 70 of 100...✅
Processing component 80 of 100...✅
Processing component 90 of 100...✅
Processing component 100 of 100...✅
Checkpoint saved. Elapsed time: 275567.83 seconds.
Processing sample 249 of 9000...
Processing component 10 of 100...✅
Processing component 20 of 100...✅
Processing component 30 of 100...✅
Processing component 40 of 100...✅
Processing component 50 of 100...✅
Processing component 60 of 100...✅
Processing component 70 of 100...✅
Processing component 80 of 100...✅
Processing component 90 of 100...✅
Processing component 100 of 100...✅
Checkpoint saved. Elapsed time: 278452.14 seconds.
Processing sample 250 of 9000...
Processing component 10 of 100...✅
Processing component 20 of 100...✅
Processing component 30 of 100...✅
Processing component 40 of 100...✅
Processing component 50 of 100...✅
Processing component 60 of 100...✅
Processing component 70 of 100...✅
Processing component 80 of 100...✅
Processing component 90 of 100...✅
Processing component 100 of 100...✅
Checkpoint saved. Elapsed time: 281329.80 seconds.
Processing sample 251 of 9000...
Processing component 10 of 100...✅
Processing component 20 of 100...✅
Processing component 30 of 100...✅
Processing component 40 of 100...✅
Processing component 50 of 100...✅
Processing component 60 of 100...✅
Processing component 70 of 100...✅
Processing component 80 of 100...✅
Processing component 90 of 100...✅
Processing component 100 of 100...✅
Checkpoint saved. Elapsed time: 284099.44 seconds.
Processing sample 252 of 9000...
Processing component 10 of 100...✅
Processing component 20 of 100...✅
Processing component 30 of 100...✅
Processing component 40 of 100...✅
Processing component 50 of 100...✅
Processing component 60 of 100...✅
Processing component 70 of 100...✅
Processing component 80 of 100...✅
Processing component 90 of 100...✅
Processing component 100 of 100...✅
Checkpoint saved. Elapsed time: 286800.03 seconds.
Processing sample 253 of 9000...
Processing component 10 of 100...✅
Processing component 20 of 100...✅
Processing component 30 of 100...✅
Processing component 40 of 100...✅
Processing component 50 of 100...✅
Processing component 60 of 100...✅
Processing component 70 of 100...✅
Processing component 80 of 100...✅
Processing component 90 of 100...✅
Processing component 100 of 100...✅
Checkpoint saved. Elapsed time: 289513.49 seconds.
Processing sample 254 of 9000...
Processing component 10 of 100...✅
Processing component 20 of 100...✅
Processing component 30 of 100...✅
Processing component 40 of 100...✅
Processing component 50 of 100...✅
Processing component 60 of 100...✅
Processing component 70 of 100...✅
Processing component 80 of 100...✅
Processing component 90 of 100...✅
Processing component 100 of 100...✅
Checkpoint saved. Elapsed time: 292235.30 seconds.
Processing sample 255 of 9000...
Processing component 10 of 100...✅
Processing component 20 of 100...✅
Processing component 30 of 100...✅
Processing component 40 of 100...✅
Processing component 50 of 100...✅
Processing component 60 of 100...✅
Processing component 70 of 100...✅
Processing component 80 of 100...✅
Processing component 90 of 100...✅
Processing component 100 of 100...✅
Checkpoint saved. Elapsed time: 294793.75 seconds.
Processing sample 256 of 9000...
Processing component 10 of 100...✅
Processing component 20 of 100...✅
Processing component 30 of 100...✅
Processing component 40 of 100...✅
Processing component 50 of 100...✅
Processing component 60 of 100...✅
Processing component 70 of 100...✅
Processing component 80 of 100...✅
Processing component 90 of 100...✅
Processing component 100 of 100...✅
Checkpoint saved. Elapsed time: 297340.27 seconds.
Processing sample 257 of 9000...
Processing component 10 of 100...✅
Processing component 20 of 100...✅
Processing component 30 of 100...✅
Processing component 40 of 100...✅
Processing component 50 of 100...✅
Processing component 60 of 100...✅
Processing component 70 of 100...✅
Processing component 80 of 100...✅
Processing component 90 of 100...✅
Processing component 100 of 100...✅
Checkpoint saved. Elapsed time: 299890.30 seconds.
Processing sample 258 of 9000...
Processing component 10 of 100...✅
Processing component 20 of 100...✅
Processing component 30 of 100...✅
Processing component 40 of 100...✅
Processing component 50 of 100...✅
Processing component 60 of 100...✅
Processing component 70 of 100...✅
Processing component 80 of 100...✅
Processing component 90 of 100...✅
Processing component 100 of 100...✅
Checkpoint saved. Elapsed time: 302429.21 seconds.
Processing sample 259 of 9000...
Processing component 10 of 100...✅
Processing component 20 of 100...✅
Processing component 30 of 100...✅
Processing component 40 of 100...✅
Processing component 50 of 100...✅
Processing component 60 of 100...✅
Processing component 70 of 100...✅
Processing component 80 of 100...✅
Processing component 90 of 100...✅
Processing component 100 of 100...✅
Checkpoint saved. Elapsed time: 304958.82 seconds.
Processing sample 260 of 9000...
Processing component 10 of 100...✅
Processing component 20 of 100...✅
Processing component 30 of 100...✅
Processing component 40 of 100...✅
Processing component 50 of 100...✅
Processing component 60 of 100...✅
Processing component 70 of 100...✅
Processing component 80 of 100...✅
Processing component 90 of 100...✅
Processing component 100 of 100...✅
Checkpoint saved. Elapsed time: 307476.95 seconds.
Processing sample 261 of 9000...
Processing component 10 of 100...✅
Processing component 20 of 100...✅
Processing component 30 of 100...✅
Processing component 40 of 100...✅
Processing component 50 of 100...✅
Processing component 60 of 100...✅
Processing component 70 of 100...✅
Processing component 80 of 100...✅
Processing component 90 of 100...✅
Processing component 100 of 100...✅
Checkpoint saved. Elapsed time: 309988.96 seconds.
Processing sample 262 of 9000...
Processing component 10 of 100...✅
Processing component 20 of 100...✅
Processing component 30 of 100...✅
Processing component 40 of 100...✅
Processing component 50 of 100...✅
Processing component 60 of 100...✅
Processing component 70 of 100...✅
Processing component 80 of 100...✅
Processing component 90 of 100...✅
Processing component 100 of 100...✅
Checkpoint saved. Elapsed time: 312509.76 seconds.
Processing sample 263 of 9000...
Processing component 10 of 100...✅
Processing component 20 of 100...✅
Processing component 30 of 100...✅
Processing component 40 of 100...✅
Processing component 50 of 100...✅
Processing component 60 of 100...✅
Processing component 70 of 100...✅
Processing component 80 of 100...✅
Processing component 90 of 100...✅
Processing component 100 of 100...✅
Checkpoint saved. Elapsed time: 315041.70 seconds.
Processing sample 264 of 9000...
Processing component 10 of 100...✅
Processing component 20 of 100...✅
Processing component 30 of 100...✅
Processing component 40 of 100...✅
Processing component 50 of 100...✅
Processing component 60 of 100...✅
Processing component 70 of 100...✅
Processing component 80 of 100...✅
Processing component 90 of 100...✅
Processing component 100 of 100...✅
Checkpoint saved. Elapsed time: 317569.10 seconds.
Processing sample 265 of 9000...
Processing component 10 of 100...✅
Processing component 20 of 100...✅
Processing component 30 of 100...✅
Processing component 40 of 100...✅
Processing component 50 of 100...✅
Processing component 60 of 100...✅
Processing component 70 of 100...✅
Processing component 80 of 100...✅
Processing component 90 of 100...✅
Processing component 100 of 100...✅
Checkpoint saved. Elapsed time: 320093.00 seconds.
Processing sample 266 of 9000...
Processing component 10 of 100...✅
Processing component 20 of 100...✅
Processing component 30 of 100...✅
Processing component 40 of 100...✅
Processing component 50 of 100...✅
Processing component 60 of 100...✅
Processing component 70 of 100...✅
Processing component 80 of 100...✅
Processing component 90 of 100...✅
Processing component 100 of 100...✅
Checkpoint saved. Elapsed time: 322627.43 seconds.
Processing sample 267 of 9000...
Processing component 10 of 100...✅
Processing component 20 of 100...✅
Processing component 30 of 100...✅
Processing component 40 of 100...✅
Processing component 50 of 100...✅
Processing component 60 of 100...✅
Processing component 70 of 100...✅
Processing component 80 of 100...✅
Processing component 90 of 100...✅
Processing component 100 of 100...✅
Checkpoint saved. Elapsed time: 325158.43 seconds.
Processing sample 268 of 9000...
Processing component 10 of 100...✅
Processing component 20 of 100...✅
Processing component 30 of 100...✅
Processing component 40 of 100...✅
Processing component 50 of 100...✅
Processing component 60 of 100...✅
Processing component 70 of 100...✅
Processing component 80 of 100...✅
Processing component 90 of 100...✅
Processing component 100 of 100...✅
Checkpoint saved. Elapsed time: 327704.24 seconds.
Processing sample 269 of 9000...
Processing component 10 of 100...✅
Processing component 20 of 100...✅
Processing component 30 of 100...✅
Processing component 40 of 100...✅
Processing component 50 of 100...✅
Processing component 60 of 100...✅
Processing component 70 of 100...✅
Processing component 80 of 100...✅
Processing component 90 of 100...✅
Processing component 100 of 100...✅
Checkpoint saved. Elapsed time: 330250.79 seconds.
Processing sample 270 of 9000...
Processing component 10 of 100...✅
Processing component 20 of 100...✅
Processing component 30 of 100...✅
Processing component 40 of 100...✅
Processing component 50 of 100...✅
Processing component 60 of 100...✅
Processing component 70 of 100...✅
Processing component 80 of 100...✅
Processing component 90 of 100...✅
Processing component 100 of 100...✅
Checkpoint saved. Elapsed time: 332797.55 seconds.
Processing sample 271 of 9000...
Processing component 10 of 100...✅
Processing component 20 of 100...✅
Processing component 30 of 100...✅
Processing component 40 of 100...✅
Processing component 50 of 100...✅
Processing component 60 of 100...✅
Processing component 70 of 100...✅
Processing component 80 of 100...✅
Processing component 90 of 100...✅
Processing component 100 of 100...✅
Checkpoint saved. Elapsed time: 335367.11 seconds.
Processing sample 272 of 9000...
Processing component 10 of 100...✅
Processing component 20 of 100...✅
Processing component 30 of 100...✅
Processing component 40 of 100...✅
Processing component 50 of 100...✅
Processing component 60 of 100...✅
Processing component 70 of 100...✅
Processing component 80 of 100...✅
Processing component 90 of 100...✅
Processing component 100 of 100...✅
Checkpoint saved. Elapsed time: 337946.04 seconds.
Processing sample 273 of 9000...
Processing component 10 of 100...✅
Processing component 20 of 100...✅
Processing component 30 of 100...✅
Processing component 40 of 100...✅
Processing component 50 of 100...✅
Processing component 60 of 100...✅
Processing component 70 of 100...✅
Processing component 80 of 100...✅
Processing component 90 of 100...✅
Processing component 100 of 100...✅
Checkpoint saved. Elapsed time: 340520.35 seconds.
Processing sample 274 of 9000...
Processing component 10 of 100...✅
Processing component 20 of 100...✅
Processing component 30 of 100...✅
Processing component 40 of 100...✅
Processing component 50 of 100...✅
Processing component 60 of 100...✅
Processing component 70 of 100...✅
Processing component 80 of 100...✅
Processing component 90 of 100...✅
Processing component 100 of 100...✅
Checkpoint saved. Elapsed time: 343065.56 seconds.
Processing sample 275 of 9000...
Processing component 10 of 100...✅
Processing component 20 of 100...✅
Processing component 30 of 100...✅
Processing component 40 of 100...✅
Processing component 50 of 100...✅
Processing component 60 of 100...✅
Processing component 70 of 100...✅
Processing component 80 of 100...✅
Processing component 90 of 100...✅
Processing component 100 of 100...✅
Checkpoint saved. Elapsed time: 345594.88 seconds.
Processing sample 276 of 9000...
Processing component 10 of 100...✅
Processing component 20 of 100...✅
Processing component 30 of 100...✅
Processing component 40 of 100...✅
Processing component 50 of 100...✅
Processing component 60 of 100...✅
Processing component 70 of 100...✅
Processing component 80 of 100...✅
Processing component 90 of 100...✅
Processing component 100 of 100...✅
Checkpoint saved. Elapsed time: 348107.07 seconds.
Processing sample 277 of 9000...
Processing component 10 of 100...✅
Processing component 20 of 100...✅
Processing component 30 of 100...✅
Processing component 40 of 100...✅
Processing component 50 of 100...✅
Processing component 60 of 100...✅
Processing component 70 of 100...✅
Processing component 80 of 100...✅
Processing component 90 of 100...✅
Processing component 100 of 100...✅
Checkpoint saved. Elapsed time: 350627.84 seconds.
Processing sample 278 of 9000...
Processing component 10 of 100...✅
Processing component 20 of 100...✅
Processing component 30 of 100...✅
Processing component 40 of 100...✅
Processing component 50 of 100...✅
Processing component 60 of 100...✅
Processing component 70 of 100...✅
Processing component 80 of 100...✅
Processing component 90 of 100...✅
Processing component 100 of 100...✅
Checkpoint saved. Elapsed time: 353147.17 seconds.
Processing sample 279 of 9000...
Processing component 10 of 100...✅
Processing component 20 of 100...✅
Processing component 30 of 100...✅
Processing component 40 of 100...✅
Processing component 50 of 100...✅
Processing component 60 of 100...✅
Processing component 70 of 100...✅
Processing component 80 of 100...✅
Processing component 90 of 100...✅
Processing component 100 of 100...✅
Checkpoint saved. Elapsed time: 355682.48 seconds.
Processing sample 280 of 9000...
Processing component 10 of 100...✅
Processing component 20 of 100...✅
Processing component 30 of 100...✅
Processing component 40 of 100...✅
Processing component 50 of 100...✅
Processing component 60 of 100...✅
Processing component 70 of 100...✅
Processing component 80 of 100...✅
Processing component 90 of 100...✅
Processing component 100 of 100...✅
Checkpoint saved. Elapsed time: 358189.04 seconds.
Processing sample 281 of 9000...
Processing component 10 of 100...✅
Processing component 20 of 100...✅
Processing component 30 of 100...✅
Processing component 40 of 100...✅
Processing component 50 of 100...✅
Processing component 60 of 100...✅
Processing component 70 of 100...✅
Processing component 80 of 100...✅
Processing component 90 of 100...✅
Processing component 100 of 100...✅
Checkpoint saved. Elapsed time: 360711.36 seconds.
Processing sample 282 of 9000...
Processing component 10 of 100...✅
Processing component 20 of 100...✅
Processing component 30 of 100...✅
Processing component 40 of 100...✅
Processing component 50 of 100...✅
Processing component 60 of 100...✅
Processing component 70 of 100...✅
Processing component 80 of 100...✅
Processing component 90 of 100...✅
Processing component 100 of 100...✅
Checkpoint saved. Elapsed time: 363223.68 seconds.
Processing sample 283 of 9000...
Processing component 10 of 100...✅
Processing component 20 of 100...✅
Processing component 30 of 100...✅
Processing component 40 of 100...✅
Processing component 50 of 100...✅
Processing component 60 of 100...✅
Processing component 70 of 100...✅
Processing component 80 of 100...✅
Processing component 90 of 100...✅
Processing component 100 of 100...✅
Checkpoint saved. Elapsed time: 365771.38 seconds.
Processing sample 284 of 9000...
Processing component 10 of 100...✅
Processing component 20 of 100...✅
Processing component 30 of 100...✅
Processing component 40 of 100...✅
Processing component 50 of 100...✅
Processing component 60 of 100...✅
Processing component 70 of 100...✅
Processing component 80 of 100...✅
Processing component 90 of 100...✅
Processing component 100 of 100...✅
Checkpoint saved. Elapsed time: 368352.56 seconds.
Processing sample 285 of 9000...
Processing component 10 of 100...✅
Processing component 20 of 100...✅
Processing component 30 of 100...✅
Processing component 40 of 100...✅
Processing component 50 of 100...✅
Processing component 60 of 100...✅
Processing component 70 of 100...✅
Processing component 80 of 100...✅
Processing component 90 of 100...✅
Processing component 100 of 100...✅
Checkpoint saved. Elapsed time: 370956.58 seconds.
Processing sample 286 of 9000...
Processing component 10 of 100...✅
Processing component 20 of 100...✅
Processing component 30 of 100...✅
Processing component 40 of 100...✅
Processing component 50 of 100...✅
Processing component 60 of 100...✅
Processing component 70 of 100...✅
Processing component 80 of 100...✅
Processing component 90 of 100...✅
Processing component 100 of 100...✅
Checkpoint saved. Elapsed time: 373550.94 seconds.
Processing sample 287 of 9000...
Processing component 10 of 100...✅
Processing component 20 of 100...✅
Processing component 30 of 100...✅
Processing component 40 of 100...✅
Processing component 50 of 100...✅
Processing component 60 of 100...✅
Processing component 70 of 100...✅
Processing component 80 of 100...✅
Processing component 90 of 100...✅
Processing component 100 of 100...✅
Checkpoint saved. Elapsed time: 376140.85 seconds.
Processing sample 288 of 9000...
Processing component 10 of 100...✅
Processing component 20 of 100...✅
Processing component 30 of 100...✅
Processing component 40 of 100...✅
Processing component 50 of 100...✅
Processing component 60 of 100...✅
Processing component 70 of 100...✅
Processing component 80 of 100...✅
Processing component 90 of 100...✅
Processing component 100 of 100...✅
Checkpoint saved. Elapsed time: 378797.16 seconds.
Processing sample 289 of 9000...
Processing component 10 of 100...✅
Processing component 20 of 100...✅
Processing component 30 of 100...✅
Processing component 40 of 100...✅
Processing component 50 of 100...✅
Processing component 60 of 100...✅
Processing component 70 of 100...✅
Processing component 80 of 100...✅
Processing component 90 of 100...✅
Processing component 100 of 100...✅
Checkpoint saved. Elapsed time: 381466.34 seconds.
Processing sample 290 of 9000...
Processing component 10 of 100...✅
Processing component 20 of 100...✅
Processing component 30 of 100...✅
Processing component 40 of 100...✅
Processing component 50 of 100...✅
Processing component 60 of 100...✅
Processing component 70 of 100...✅
Processing component 80 of 100...✅
Processing component 90 of 100...✅
Processing component 100 of 100...✅
Checkpoint saved. Elapsed time: 384083.86 seconds.
Processing sample 291 of 9000...
Processing component 10 of 100...✅
Processing component 20 of 100...✅
Processing component 30 of 100...✅
Processing component 40 of 100...✅
Processing component 50 of 100...✅
Processing component 60 of 100...✅
Processing component 70 of 100...✅
Processing component 80 of 100...✅
Processing component 90 of 100...✅
Processing component 100 of 100...✅
Checkpoint saved. Elapsed time: 386596.99 seconds.
Processing sample 292 of 9000...
Processing component 10 of 100...✅
Processing component 20 of 100...✅
Processing component 30 of 100...✅
Processing component 40 of 100...✅
Processing component 50 of 100...✅
Processing component 60 of 100...✅
Processing component 70 of 100...✅
Processing component 80 of 100...✅
Processing component 90 of 100...✅
Processing component 100 of 100...✅
Checkpoint saved. Elapsed time: 389104.11 seconds.
Processing sample 293 of 9000...
Processing component 10 of 100...✅
Processing component 20 of 100...✅
Processing component 30 of 100...✅
Processing component 40 of 100...✅
Processing component 50 of 100...✅
Processing component 60 of 100...✅
Processing component 70 of 100...✅
Processing component 80 of 100...✅
Processing component 90 of 100...✅
Processing component 100 of 100...✅
Checkpoint saved. Elapsed time: 391611.76 seconds.
Processing sample 294 of 9000...
Processing component 10 of 100...✅
Processing component 20 of 100...✅
Processing component 30 of 100...✅
Processing component 40 of 100...✅
Processing component 50 of 100...✅
Processing component 60 of 100...✅
Processing component 70 of 100...✅
Processing component 80 of 100...✅
Processing component 90 of 100...✅
Processing component 100 of 100...✅
Checkpoint saved. Elapsed time: 394116.86 seconds.
Processing sample 295 of 9000...
Processing component 10 of 100...✅
Processing component 20 of 100...✅
Processing component 30 of 100...✅
Processing component 40 of 100...✅
Processing component 50 of 100...✅
Processing component 60 of 100...✅
Processing component 70 of 100...✅
Processing component 80 of 100...✅
Processing component 90 of 100...✅
Processing component 100 of 100...✅
Checkpoint saved. Elapsed time: 396842.58 seconds.
Processing sample 296 of 9000...
Processing component 10 of 100...✅
Processing component 20 of 100...✅
Processing component 30 of 100...✅
Processing component 40 of 100...✅
Processing component 50 of 100...✅
Processing component 60 of 100...✅
Processing component 70 of 100...✅
Processing component 80 of 100...✅
Processing component 90 of 100...✅
Processing component 100 of 100...✅
Checkpoint saved. Elapsed time: 399704.02 seconds.
Processing sample 297 of 9000...
Processing component 10 of 100...✅
Processing component 20 of 100...✅
Processing component 30 of 100...✅
Processing component 40 of 100...✅
Processing component 50 of 100...✅
Processing component 60 of 100...✅
Processing component 70 of 100...✅
Processing component 80 of 100...✅
Processing component 90 of 100...✅
Processing component 100 of 100...✅
Checkpoint saved. Elapsed time: 402420.17 seconds.
Processing sample 298 of 9000...
Processing component 10 of 100...✅
Processing component 20 of 100...✅
Processing component 30 of 100...✅
Processing component 40 of 100...✅
Processing component 50 of 100...✅
Processing component 60 of 100...✅
Processing component 70 of 100...✅
Processing component 80 of 100...✅
Processing component 90 of 100...✅
Processing component 100 of 100...✅
Checkpoint saved. Elapsed time: 405124.65 seconds.
Processing sample 299 of 9000...
Processing component 10 of 100...✅
Processing component 20 of 100...✅
Processing component 30 of 100...✅
Processing component 40 of 100...✅
Processing component 50 of 100...✅
Processing component 60 of 100...✅
Processing component 70 of 100...✅
Processing component 80 of 100...✅
Processing component 90 of 100...✅
Processing component 100 of 100...✅
Checkpoint saved. Elapsed time: 407854.10 seconds.
Processing sample 300 of 9000...
Processing component 10 of 100...✅
Processing component 20 of 100...✅
Processing component 30 of 100...✅
Processing component 40 of 100...✅
Processing component 50 of 100...✅
Processing component 60 of 100...✅
Processing component 70 of 100...✅
Processing component 80 of 100...✅
Processing component 90 of 100...✅
Processing component 100 of 100...✅
Checkpoint saved. Elapsed time: 410584.74 seconds.
Processing sample 301 of 9000...
Processing component 10 of 100...✅
Processing component 20 of 100...✅
Processing component 30 of 100...✅
Processing component 40 of 100...✅
Processing component 50 of 100...✅
Processing component 60 of 100...✅
Processing component 70 of 100...✅
Processing component 80 of 100...✅
Processing component 90 of 100...✅
Processing component 100 of 100...✅
Checkpoint saved. Elapsed time: 413302.40 seconds.
Processing sample 302 of 9000...
Processing component 10 of 100...✅
Processing component 20 of 100...✅
Processing component 30 of 100...✅
Processing component 40 of 100...✅
Processing component 50 of 100...✅
Processing component 60 of 100...✅
Processing component 70 of 100...✅
Processing component 80 of 100...✅
Processing component 90 of 100...✅
Processing component 100 of 100...✅
Checkpoint saved. Elapsed time: 416099.63 seconds.
Processing sample 303 of 9000...
Processing component 10 of 100...✅
Processing component 20 of 100...✅
Processing component 30 of 100...✅
Processing component 40 of 100...✅
Processing component 50 of 100...✅
Processing component 60 of 100...✅
Processing component 70 of 100...✅
Processing component 80 of 100...✅
Processing component 90 of 100...✅
Processing component 100 of 100...✅
Checkpoint saved. Elapsed time: 418933.76 seconds.
Processing sample 304 of 9000...
Processing component 10 of 100...✅
Processing component 20 of 100...✅
Processing component 30 of 100...✅
Processing component 40 of 100...✅
Processing component 50 of 100...✅
Processing component 60 of 100...✅
Processing component 70 of 100...✅
Processing component 80 of 100...✅
Processing component 90 of 100...✅
Processing component 100 of 100...✅
Checkpoint saved. Elapsed time: 421798.98 seconds.
Processing sample 305 of 9000...
Processing component 10 of 100...✅
Processing component 20 of 100...✅
