------------------------------------
Fri 10 Jul 2026 23:00:19 IDT
SLURM_JOBID:		19291647
SLURM_JOB_NODELIST:	cs-cpu-05
SLURM_SCRATCH_DIR:	
Allocated Resouces:	cpu - 4 / mem - 24576 MB / gpu - 
SLURM_GPU_INDEX:	
Running as ohadshee from golan.neuro account with normal QOS
------------------------------------
Running on host: cs-cpu-05.auth.ad.bgu.ac.il
Job ID: 19291647
CPUs per task: 4
Python path: /home/ohadshee/.conda/envs/pid_env/bin/python
Conda environment: pid_env
Project root directory: /home/ohadshee/Desktop/Partial-Information-Decomposition/external/mayas_project
Using device: cpu
Number of images: 73000
Image shape: (425, 425, 3), dtype: uint8
nsdID shape: (73000,), Shared1000 shape: (73000,)
Neural data shape: (10000, 8088)
Image IDs shape: (10000,)
Number of voxels: 8088
Number of projections for SRP: 7894
Loaded subject subj01 with 9000 unique images and 1000 shared held-out images.

 Fitting PCA on unique images
Running Eigenvector PCA with cross-validation
Using default PCA fitting function (SVD)!!!
Processing sample 1 of 9000...
Processing component 10 of 50...✅
Processing component 20 of 50...✅
Processing component 30 of 50...✅
Processing component 40 of 50...✅
Processing component 50 of 50...✅
Checkpoint saved. Elapsed time: 670.97 seconds.
Processing sample 2 of 9000...
Processing component 10 of 50...✅
Processing component 20 of 50...✅
Processing component 30 of 50...✅
Processing component 40 of 50...✅
Processing component 50 of 50...✅
Checkpoint saved. Elapsed time: 1370.06 seconds.
Processing sample 3 of 9000...
Processing component 10 of 50...✅
Processing component 20 of 50...✅
Processing component 30 of 50...✅
Processing component 40 of 50...✅
Processing component 50 of 50...✅
Checkpoint saved. Elapsed time: 2066.07 seconds.
Processing sample 4 of 9000...
Processing component 10 of 50...✅
Processing component 20 of 50...✅
Processing component 30 of 50...✅
Processing component 40 of 50...✅
Processing component 50 of 50...✅
Checkpoint saved. Elapsed time: 2798.72 seconds.
Processing sample 5 of 9000...
Processing component 10 of 50...✅
Processing component 20 of 50...✅
Processing component 30 of 50...✅
Processing component 40 of 50...✅
Processing component 50 of 50...✅
Checkpoint saved. Elapsed time: 3491.92 seconds.
Processing sample 6 of 9000...
Processing component 10 of 50...✅
Processing component 20 of 50...✅
Processing component 30 of 50...✅
Processing component 40 of 50...✅
Processing component 50 of 50...✅
Checkpoint saved. Elapsed time: 4189.42 seconds.
Processing sample 7 of 9000...
Processing component 10 of 50...✅
Processing component 20 of 50...✅
Processing component 30 of 50...✅
Processing component 40 of 50...✅
Processing component 50 of 50...✅
Checkpoint saved. Elapsed time: 4886.43 seconds.
Processing sample 8 of 9000...
Processing component 10 of 50...✅
Processing component 20 of 50...✅
Processing component 30 of 50...✅
Processing component 40 of 50...✅
Processing component 50 of 50...✅
Checkpoint saved. Elapsed time: 5589.06 seconds.
Processing sample 9 of 9000...
Processing component 10 of 50...✅
Processing component 20 of 50...✅
Processing component 30 of 50...✅
Processing component 40 of 50...✅
Processing component 50 of 50...✅
Checkpoint saved. Elapsed time: 6284.55 seconds.
Processing sample 10 of 9000...
Processing component 10 of 50...✅
Processing component 20 of 50...✅
Processing component 30 of 50...✅
Processing component 40 of 50...✅
Processing component 50 of 50...✅
Checkpoint saved. Elapsed time: 6980.21 seconds.
Processing sample 11 of 9000...
Processing component 10 of 50...✅
Processing component 20 of 50...✅
Processing component 30 of 50...✅
Processing component 40 of 50...✅
Processing component 50 of 50...✅
Checkpoint saved. Elapsed time: 7773.34 seconds.
Processing sample 12 of 9000...
Processing component 10 of 50...✅
Processing component 20 of 50...✅
Processing component 30 of 50...✅
Processing component 40 of 50...✅
Processing component 50 of 50...✅
Checkpoint saved. Elapsed time: 8469.57 seconds.
Processing sample 13 of 9000...
Processing component 10 of 50...✅
Processing component 20 of 50...✅
Processing component 30 of 50...✅
Processing component 40 of 50...✅
Processing component 50 of 50...✅
Checkpoint saved. Elapsed time: 9167.30 seconds.
Processing sample 14 of 9000...
Processing component 10 of 50...✅
Processing component 20 of 50...✅
Processing component 30 of 50...✅
Processing component 40 of 50...✅
Processing component 50 of 50...✅
Checkpoint saved. Elapsed time: 9864.88 seconds.
Processing sample 15 of 9000...
Processing component 10 of 50...✅
Processing component 20 of 50...✅
Processing component 30 of 50...✅
Processing component 40 of 50...✅
Processing component 50 of 50...✅
Checkpoint saved. Elapsed time: 10567.51 seconds.
Processing sample 16 of 9000...
Processing component 10 of 50...✅
Processing component 20 of 50...✅
Processing component 30 of 50...✅
Processing component 40 of 50...✅
Processing component 50 of 50...✅
Checkpoint saved. Elapsed time: 11264.95 seconds.
Processing sample 17 of 9000...
Processing component 10 of 50...✅
Processing component 20 of 50...✅
Processing component 30 of 50...✅
Processing component 40 of 50...✅
Processing component 50 of 50...✅
Checkpoint saved. Elapsed time: 11963.32 seconds.
Processing sample 18 of 9000...
Processing component 10 of 50...✅
Processing component 20 of 50...✅
Processing component 30 of 50...✅
Processing component 40 of 50...✅
Processing component 50 of 50...✅
Checkpoint saved. Elapsed time: 12702.41 seconds.
Processing sample 19 of 9000...
Processing component 10 of 50...✅
Processing component 20 of 50...✅
Processing component 30 of 50...✅
Processing component 40 of 50...✅
Processing component 50 of 50...✅
Checkpoint saved. Elapsed time: 13399.97 seconds.
Processing sample 20 of 9000...
Processing component 10 of 50...✅
Processing component 20 of 50...✅
Processing component 30 of 50...✅
Processing component 40 of 50...✅
Processing component 50 of 50...✅
Checkpoint saved. Elapsed time: 14096.79 seconds.
Processing sample 21 of 9000...
Processing component 10 of 50...✅
Processing component 20 of 50...✅
Processing component 30 of 50...✅
Processing component 40 of 50...✅
Processing component 50 of 50...✅
Checkpoint saved. Elapsed time: 14792.52 seconds.
Processing sample 22 of 9000...
Processing component 10 of 50...✅
Processing component 20 of 50...✅
Processing component 30 of 50...✅
Processing component 40 of 50...✅
Processing component 50 of 50...✅
Checkpoint saved. Elapsed time: 15492.25 seconds.
Processing sample 23 of 9000...
Processing component 10 of 50...✅
Processing component 20 of 50...✅
Processing component 30 of 50...✅
Processing component 40 of 50...✅
Processing component 50 of 50...✅
Checkpoint saved. Elapsed time: 16183.74 seconds.
Processing sample 24 of 9000...
Processing component 10 of 50...✅
Processing component 20 of 50...✅
Processing component 30 of 50...✅
Processing component 40 of 50...✅
Processing component 50 of 50...✅
Checkpoint saved. Elapsed time: 16876.02 seconds.
Processing sample 25 of 9000...
Processing component 10 of 50...✅
Processing component 20 of 50...✅
Processing component 30 of 50...✅
Processing component 40 of 50...✅
Processing component 50 of 50...✅
Checkpoint saved. Elapsed time: 17599.51 seconds.
Processing sample 26 of 9000...
Processing component 10 of 50...✅
Processing component 20 of 50...✅
Processing component 30 of 50...✅
Processing component 40 of 50...✅
Processing component 50 of 50...✅
Checkpoint saved. Elapsed time: 18291.40 seconds.
Processing sample 27 of 9000...
Processing component 10 of 50...✅
Processing component 20 of 50...✅
Processing component 30 of 50...✅
Processing component 40 of 50...✅
Processing component 50 of 50...✅
Checkpoint saved. Elapsed time: 18993.37 seconds.
Processing sample 28 of 9000...
Processing component 10 of 50...✅
Processing component 20 of 50...✅
Processing component 30 of 50...✅
Processing component 40 of 50...✅
Processing component 50 of 50...✅
Checkpoint saved. Elapsed time: 19693.16 seconds.
Processing sample 29 of 9000...
Processing component 10 of 50...✅
Processing component 20 of 50...✅
Processing component 30 of 50...✅
Processing component 40 of 50...✅
Processing component 50 of 50...✅
Checkpoint saved. Elapsed time: 20398.10 seconds.
Processing sample 30 of 9000...
Processing component 10 of 50...✅
Processing component 20 of 50...✅
Processing component 30 of 50...✅
Processing component 40 of 50...✅
Processing component 50 of 50...✅
Checkpoint saved. Elapsed time: 21096.43 seconds.
Processing sample 31 of 9000...
Processing component 10 of 50...✅
Processing component 20 of 50...✅
Processing component 30 of 50...✅
Processing component 40 of 50...✅
Processing component 50 of 50...✅
Checkpoint saved. Elapsed time: 21794.01 seconds.
Processing sample 32 of 9000...
Processing component 10 of 50...✅
Processing component 20 of 50...✅
Processing component 30 of 50...✅
Processing component 40 of 50...✅
Processing component 50 of 50...✅
Checkpoint saved. Elapsed time: 22519.09 seconds.
Processing sample 33 of 9000...
Processing component 10 of 50...✅
Processing component 20 of 50...✅
Processing component 30 of 50...✅
Processing component 40 of 50...✅
Processing component 50 of 50...✅
Checkpoint saved. Elapsed time: 23215.89 seconds.
Processing sample 34 of 9000...
Processing component 10 of 50...✅
Processing component 20 of 50...✅
Processing component 30 of 50...✅
Processing component 40 of 50...✅
Processing component 50 of 50...✅
Checkpoint saved. Elapsed time: 23913.05 seconds.
Processing sample 35 of 9000...
Processing component 10 of 50...✅
Processing component 20 of 50...✅
Processing component 30 of 50...✅
Processing component 40 of 50...✅
Processing component 50 of 50...✅
Checkpoint saved. Elapsed time: 24610.14 seconds.
Processing sample 36 of 9000...
Processing component 10 of 50...✅
Processing component 20 of 50...✅
Processing component 30 of 50...✅
Processing component 40 of 50...✅
Processing component 50 of 50...✅
Checkpoint saved. Elapsed time: 25314.30 seconds.
Processing sample 37 of 9000...
Processing component 10 of 50...✅
Processing component 20 of 50...✅
Processing component 30 of 50...✅
Processing component 40 of 50...✅
Processing component 50 of 50...✅
Checkpoint saved. Elapsed time: 26009.00 seconds.
Processing sample 38 of 9000...
Processing component 10 of 50...✅
Processing component 20 of 50...✅
Processing component 30 of 50...✅
Processing component 40 of 50...✅
Processing component 50 of 50...✅
Checkpoint saved. Elapsed time: 26704.42 seconds.
Processing sample 39 of 9000...
Processing component 10 of 50...✅
Processing component 20 of 50...✅
Processing component 30 of 50...✅
Processing component 40 of 50...✅
Processing component 50 of 50...✅
Checkpoint saved. Elapsed time: 27423.47 seconds.
Processing sample 40 of 9000...
Processing component 10 of 50...✅
Processing component 20 of 50...✅
Processing component 30 of 50...✅
Processing component 40 of 50...✅
Processing component 50 of 50...✅
Checkpoint saved. Elapsed time: 28116.66 seconds.
Processing sample 41 of 9000...
Processing component 10 of 50...✅
Processing component 20 of 50...✅
Processing component 30 of 50...✅
Processing component 40 of 50...✅
Processing component 50 of 50...✅
Checkpoint saved. Elapsed time: 28810.24 seconds.
Processing sample 42 of 9000...
Processing component 10 of 50...✅
Processing component 20 of 50...✅
Processing component 30 of 50...✅
Processing component 40 of 50...✅
Processing component 50 of 50...✅
Checkpoint saved. Elapsed time: 29517.95 seconds.
Processing sample 43 of 9000...
Processing component 10 of 50...✅
Processing component 20 of 50...✅
Processing component 30 of 50...✅
Processing component 40 of 50...✅
Processing component 50 of 50...✅
Checkpoint saved. Elapsed time: 30222.03 seconds.
Processing sample 44 of 9000...
Processing component 10 of 50...✅
Processing component 20 of 50...✅
Processing component 30 of 50...✅
Processing component 40 of 50...✅
Processing component 50 of 50...✅
Checkpoint saved. Elapsed time: 30920.19 seconds.
Processing sample 45 of 9000...
Processing component 10 of 50...✅
Processing component 20 of 50...✅
Processing component 30 of 50...✅
Processing component 40 of 50...✅
Processing component 50 of 50...✅
Checkpoint saved. Elapsed time: 31616.29 seconds.
Processing sample 46 of 9000...
Processing component 10 of 50...✅
Processing component 20 of 50...✅
Processing component 30 of 50...✅
Processing component 40 of 50...✅
Processing component 50 of 50...✅
Checkpoint saved. Elapsed time: 32320.10 seconds.
Processing sample 47 of 9000...
Processing component 10 of 50...✅
Processing component 20 of 50...✅
Processing component 30 of 50...✅
Processing component 40 of 50...✅
Processing component 50 of 50...✅
Checkpoint saved. Elapsed time: 33013.74 seconds.
Processing sample 48 of 9000...
Processing component 10 of 50...✅
Processing component 20 of 50...✅
Processing component 30 of 50...✅
Processing component 40 of 50...✅
Processing component 50 of 50...✅
Checkpoint saved. Elapsed time: 33708.02 seconds.
Processing sample 49 of 9000...
Processing component 10 of 50...✅
Processing component 20 of 50...✅
Processing component 30 of 50...✅
Processing component 40 of 50...✅
Processing component 50 of 50...✅
Checkpoint saved. Elapsed time: 34427.05 seconds.
Processing sample 50 of 9000...
Processing component 10 of 50...✅
Processing component 20 of 50...✅
Processing component 30 of 50...✅
Processing component 40 of 50...✅
Processing component 50 of 50...✅
Checkpoint saved. Elapsed time: 35124.69 seconds.
Processing sample 51 of 9000...
Processing component 10 of 50...✅
Processing component 20 of 50...✅
Processing component 30 of 50...✅
Processing component 40 of 50...✅
Processing component 50 of 50...✅
Checkpoint saved. Elapsed time: 35817.79 seconds.
Processing sample 52 of 9000...
Processing component 10 of 50...✅
Processing component 20 of 50...✅
Processing component 30 of 50...✅
Processing component 40 of 50...✅
Processing component 50 of 50...✅
Checkpoint saved. Elapsed time: 36510.36 seconds.
Processing sample 53 of 9000...
Processing component 10 of 50...✅
Processing component 20 of 50...✅
Processing component 30 of 50...✅
Processing component 40 of 50...✅
Processing component 50 of 50...✅
Checkpoint saved. Elapsed time: 37205.71 seconds.
Processing sample 54 of 9000...
Processing component 10 of 50...✅
Processing component 20 of 50...✅
Processing component 30 of 50...✅
Processing component 40 of 50...✅
Processing component 50 of 50...✅
Checkpoint saved. Elapsed time: 37901.72 seconds.
Processing sample 55 of 9000...
Processing component 10 of 50...✅
Processing component 20 of 50...✅
Processing component 30 of 50...✅
Processing component 40 of 50...✅
Processing component 50 of 50...✅
Checkpoint saved. Elapsed time: 38597.65 seconds.
Processing sample 56 of 9000...
Processing component 10 of 50...✅
Processing component 20 of 50...✅
Processing component 30 of 50...✅
Processing component 40 of 50...✅
Processing component 50 of 50...✅
Checkpoint saved. Elapsed time: 39332.63 seconds.
Processing sample 57 of 9000...
Processing component 10 of 50...✅
Processing component 20 of 50...✅
Processing component 30 of 50...✅
Processing component 40 of 50...✅
Processing component 50 of 50...✅
Checkpoint saved. Elapsed time: 40028.97 seconds.
Processing sample 58 of 9000...
Processing component 10 of 50...✅
Processing component 20 of 50...✅
Processing component 30 of 50...✅
Processing component 40 of 50...✅
Processing component 50 of 50...✅
Checkpoint saved. Elapsed time: 40722.51 seconds.
Processing sample 59 of 9000...
Processing component 10 of 50...✅
Processing component 20 of 50...✅
Processing component 30 of 50...✅
Processing component 40 of 50...✅
Processing component 50 of 50...✅
Checkpoint saved. Elapsed time: 41412.59 seconds.
Processing sample 60 of 9000...
Processing component 10 of 50...✅
Processing component 20 of 50...✅
Processing component 30 of 50...✅
Processing component 40 of 50...✅
Processing component 50 of 50...✅
Checkpoint saved. Elapsed time: 42111.46 seconds.
Processing sample 61 of 9000...
Processing component 10 of 50...✅
Processing component 20 of 50...✅
Processing component 30 of 50...✅
Processing component 40 of 50...✅
Processing component 50 of 50...✅
Checkpoint saved. Elapsed time: 42828.64 seconds.
Processing sample 62 of 9000...
Processing component 10 of 50...✅
Processing component 20 of 50...✅
Processing component 30 of 50...✅
Processing component 40 of 50...✅
Processing component 50 of 50...✅
Checkpoint saved. Elapsed time: 43573.18 seconds.
Processing sample 63 of 9000...
Processing component 10 of 50...✅
Processing component 20 of 50...✅
Processing component 30 of 50...✅
Processing component 40 of 50...✅
Processing component 50 of 50...✅
Checkpoint saved. Elapsed time: 44320.24 seconds.
Processing sample 64 of 9000...
Processing component 10 of 50...✅
Processing component 20 of 50...✅
Processing component 30 of 50...✅
Processing component 40 of 50...✅
Processing component 50 of 50...✅
Checkpoint saved. Elapsed time: 44981.79 seconds.
Processing sample 65 of 9000...
Processing component 10 of 50...✅
Processing component 20 of 50...✅
Processing component 30 of 50...✅
Processing component 40 of 50...✅
Processing component 50 of 50...✅
Checkpoint saved. Elapsed time: 45644.27 seconds.
Processing sample 66 of 9000...
Processing component 10 of 50...✅
Processing component 20 of 50...✅
Processing component 30 of 50...✅
Processing component 40 of 50...✅
Processing component 50 of 50...✅
Checkpoint saved. Elapsed time: 46306.52 seconds.
Processing sample 67 of 9000...
Processing component 10 of 50...✅
Processing component 20 of 50...✅
Processing component 30 of 50...✅
Processing component 40 of 50...✅
Processing component 50 of 50...✅
Checkpoint saved. Elapsed time: 46977.78 seconds.
Processing sample 68 of 9000...
Processing component 10 of 50...✅
Processing component 20 of 50...✅
Processing component 30 of 50...✅
Processing component 40 of 50...✅
Processing component 50 of 50...✅
Checkpoint saved. Elapsed time: 47640.37 seconds.
Processing sample 69 of 9000...
Processing component 10 of 50...✅
Processing component 20 of 50...✅
Processing component 30 of 50...✅
Processing component 40 of 50...✅
Processing component 50 of 50...✅
Checkpoint saved. Elapsed time: 48302.96 seconds.
Processing sample 70 of 9000...
Processing component 10 of 50...✅
Processing component 20 of 50...✅
Processing component 30 of 50...✅
Processing component 40 of 50...✅
Processing component 50 of 50...✅
Checkpoint saved. Elapsed time: 49034.47 seconds.
Processing sample 71 of 9000...
Processing component 10 of 50...✅
Processing component 20 of 50...✅
Processing component 30 of 50...✅
Processing component 40 of 50...✅
Processing component 50 of 50...✅
Checkpoint saved. Elapsed time: 49726.77 seconds.
Processing sample 72 of 9000...
Processing component 10 of 50...✅
Processing component 20 of 50...✅
Processing component 30 of 50...✅
Processing component 40 of 50...✅
Processing component 50 of 50...✅
Checkpoint saved. Elapsed time: 50392.36 seconds.
Processing sample 73 of 9000...
Processing component 10 of 50...✅
Processing component 20 of 50...✅
Processing component 30 of 50...✅
Processing component 40 of 50...✅
Processing component 50 of 50...✅
Checkpoint saved. Elapsed time: 51056.52 seconds.
Processing sample 74 of 9000...
Processing component 10 of 50...✅
Processing component 20 of 50...✅
Processing component 30 of 50...✅
Processing component 40 of 50...✅
Processing component 50 of 50...✅
Checkpoint saved. Elapsed time: 51727.08 seconds.
Processing sample 75 of 9000...
Processing component 10 of 50...✅
Processing component 20 of 50...✅
Processing component 30 of 50...✅
Processing component 40 of 50...✅
Processing component 50 of 50...✅
Checkpoint saved. Elapsed time: 52392.25 seconds.
Processing sample 76 of 9000...
Processing component 10 of 50...✅
Processing component 20 of 50...✅
Processing component 30 of 50...✅
Processing component 40 of 50...✅
Processing component 50 of 50...✅
Checkpoint saved. Elapsed time: 53095.80 seconds.
Processing sample 77 of 9000...
Processing component 10 of 50...✅
Processing component 20 of 50...✅
Processing component 30 of 50...✅
Processing component 40 of 50...✅
Processing component 50 of 50...✅
Checkpoint saved. Elapsed time: 53797.64 seconds.
Processing sample 78 of 9000...
Processing component 10 of 50...✅
Processing component 20 of 50...✅
Processing component 30 of 50...✅
Processing component 40 of 50...✅
Processing component 50 of 50...✅
Checkpoint saved. Elapsed time: 54460.17 seconds.
Processing sample 79 of 9000...
Processing component 10 of 50...✅
Processing component 20 of 50...✅
Processing component 30 of 50...✅
Processing component 40 of 50...✅
Processing component 50 of 50...✅
Checkpoint saved. Elapsed time: 55123.14 seconds.
Processing sample 80 of 9000...
Processing component 10 of 50...✅
Processing component 20 of 50...✅
Processing component 30 of 50...✅
Processing component 40 of 50...✅
Processing component 50 of 50...✅
Checkpoint saved. Elapsed time: 55815.78 seconds.
Processing sample 81 of 9000...
Processing component 10 of 50...✅
Processing component 20 of 50...✅
Processing component 30 of 50...✅
Processing component 40 of 50...✅
Processing component 50 of 50...✅
Checkpoint saved. Elapsed time: 56520.17 seconds.
Processing sample 82 of 9000...
Processing component 10 of 50...✅
Processing component 20 of 50...✅
Processing component 30 of 50...✅
Processing component 40 of 50...✅
Processing component 50 of 50...✅
Checkpoint saved. Elapsed time: 57182.76 seconds.
Processing sample 83 of 9000...
Processing component 10 of 50...✅
Processing component 20 of 50...✅
Processing component 30 of 50...✅
Processing component 40 of 50...✅
Processing component 50 of 50...✅
Checkpoint saved. Elapsed time: 57847.47 seconds.
Processing sample 84 of 9000...
Processing component 10 of 50...✅
Processing component 20 of 50...✅
Processing component 30 of 50...✅
Processing component 40 of 50...✅
Processing component 50 of 50...✅
Checkpoint saved. Elapsed time: 58512.55 seconds.
Processing sample 85 of 9000...
Processing component 10 of 50...✅
Processing component 20 of 50...✅
Processing component 30 of 50...✅
Processing component 40 of 50...✅
Processing component 50 of 50...✅
Checkpoint saved. Elapsed time: 59182.68 seconds.
Processing sample 86 of 9000...
Processing component 10 of 50...✅
Processing component 20 of 50...✅
Processing component 30 of 50...✅
Processing component 40 of 50...✅
Processing component 50 of 50...✅
Checkpoint saved. Elapsed time: 59942.96 seconds.
Processing sample 87 of 9000...
Processing component 10 of 50...✅
Processing component 20 of 50...✅
Processing component 30 of 50...✅
Processing component 40 of 50...✅
Processing component 50 of 50...✅
Checkpoint saved. Elapsed time: 60646.86 seconds.
Processing sample 88 of 9000...
Processing component 10 of 50...✅
Processing component 20 of 50...✅
Processing component 30 of 50...✅
Processing component 40 of 50...✅
Processing component 50 of 50...✅
Checkpoint saved. Elapsed time: 61356.76 seconds.
Processing sample 89 of 9000...
Processing component 10 of 50...✅
Processing component 20 of 50...✅
Processing component 30 of 50...✅
Processing component 40 of 50...✅
Processing component 50 of 50...✅
Checkpoint saved. Elapsed time: 62018.89 seconds.
Processing sample 90 of 9000...
Processing component 10 of 50...✅
Processing component 20 of 50...✅
Processing component 30 of 50...✅
Processing component 40 of 50...✅
Processing component 50 of 50...✅
Checkpoint saved. Elapsed time: 62689.01 seconds.
Processing sample 91 of 9000...
Processing component 10 of 50...✅
Processing component 20 of 50...✅
Processing component 30 of 50...✅
Processing component 40 of 50...✅
Processing component 50 of 50...✅
Checkpoint saved. Elapsed time: 63451.26 seconds.
Processing sample 92 of 9000...
Processing component 10 of 50...✅
Processing component 20 of 50...✅
Processing component 30 of 50...✅
Processing component 40 of 50...✅
Processing component 50 of 50...✅
Checkpoint saved. Elapsed time: 64194.22 seconds.
Processing sample 93 of 9000...
Processing component 10 of 50...✅
Processing component 20 of 50...✅
Processing component 30 of 50...✅
Processing component 40 of 50...✅
Processing component 50 of 50...✅
Checkpoint saved. Elapsed time: 64857.24 seconds.
Processing sample 94 of 9000...
Processing component 10 of 50...✅
Processing component 20 of 50...✅
Processing component 30 of 50...✅
Processing component 40 of 50...✅
Processing component 50 of 50...✅
Checkpoint saved. Elapsed time: 65554.29 seconds.
Processing sample 95 of 9000...
Processing component 10 of 50...✅
Processing component 20 of 50...✅
Processing component 30 of 50...✅
Processing component 40 of 50...✅
Processing component 50 of 50...✅
Checkpoint saved. Elapsed time: 66262.19 seconds.
Processing sample 96 of 9000...
Processing component 10 of 50...✅
Processing component 20 of 50...✅
Processing component 30 of 50...✅
Processing component 40 of 50...✅
Processing component 50 of 50...✅
Checkpoint saved. Elapsed time: 66951.86 seconds.
Processing sample 97 of 9000...
Processing component 10 of 50...✅
Processing component 20 of 50...✅
Processing component 30 of 50...✅
Processing component 40 of 50...✅
Processing component 50 of 50...✅
Checkpoint saved. Elapsed time: 67685.07 seconds.
Processing sample 98 of 9000...
Processing component 10 of 50...✅
Processing component 20 of 50...✅
Processing component 30 of 50...✅
Processing component 40 of 50...✅
Processing component 50 of 50...✅
Checkpoint saved. Elapsed time: 68351.49 seconds.
Processing sample 99 of 9000...
Processing component 10 of 50...✅
Processing component 20 of 50...✅
Processing component 30 of 50...✅
Processing component 40 of 50...✅
Processing component 50 of 50...✅
Checkpoint saved. Elapsed time: 69058.81 seconds.
Processing sample 100 of 9000...
Processing component 10 of 50...✅
Processing component 20 of 50...✅
Processing component 30 of 50...✅
Processing component 40 of 50...✅
Processing component 50 of 50...✅
Checkpoint saved. Elapsed time: 69755.15 seconds.
Processing sample 101 of 9000...
Processing component 10 of 50...✅
Processing component 20 of 50...✅
Processing component 30 of 50...✅
Processing component 40 of 50...✅
Processing component 50 of 50...✅
Checkpoint saved. Elapsed time: 70530.74 seconds.
Processing sample 102 of 9000...
Processing component 10 of 50...✅
Processing component 20 of 50...✅
Processing component 30 of 50...✅
Processing component 40 of 50...✅
Processing component 50 of 50...✅
Checkpoint saved. Elapsed time: 71267.92 seconds.
Processing sample 103 of 9000...
Processing component 10 of 50...✅
Processing component 20 of 50...✅
Processing component 30 of 50...✅
Processing component 40 of 50...✅
Processing component 50 of 50...✅
Checkpoint saved. Elapsed time: 72079.95 seconds.
Processing sample 104 of 9000...
Processing component 10 of 50...✅
Processing component 20 of 50...✅
Processing component 30 of 50...✅
Processing component 40 of 50...✅
Processing component 50 of 50...✅
Checkpoint saved. Elapsed time: 72786.85 seconds.
Processing sample 105 of 9000...
Processing component 10 of 50...✅
Processing component 20 of 50...✅
Processing component 30 of 50...✅
Processing component 40 of 50...✅
Processing component 50 of 50...✅
Checkpoint saved. Elapsed time: 73563.90 seconds.
Processing sample 106 of 9000...
Processing component 10 of 50...✅
Processing component 20 of 50...✅
Processing component 30 of 50...✅
Processing component 40 of 50...✅
Processing component 50 of 50...✅
Checkpoint saved. Elapsed time: 74298.50 seconds.
Processing sample 107 of 9000...
Processing component 10 of 50...✅
Processing component 20 of 50...✅
Processing component 30 of 50...✅
Processing component 40 of 50...✅
Processing component 50 of 50...✅
Checkpoint saved. Elapsed time: 74958.31 seconds.
Processing sample 108 of 9000...
Processing component 10 of 50...✅
Processing component 20 of 50...✅
Processing component 30 of 50...✅
Processing component 40 of 50...✅
Processing component 50 of 50...✅
Checkpoint saved. Elapsed time: 75648.37 seconds.
Processing sample 109 of 9000...
Processing component 10 of 50...✅
Processing component 20 of 50...✅
Processing component 30 of 50...✅
Processing component 40 of 50...✅
Processing component 50 of 50...✅
Checkpoint saved. Elapsed time: 76322.09 seconds.
Processing sample 110 of 9000...
Processing component 10 of 50...✅
Processing component 20 of 50...✅
Processing component 30 of 50...✅
Processing component 40 of 50...✅
Processing component 50 of 50...✅
Checkpoint saved. Elapsed time: 76984.02 seconds.
Processing sample 111 of 9000...
Processing component 10 of 50...✅
Processing component 20 of 50...✅
Processing component 30 of 50...✅
Processing component 40 of 50...✅
Processing component 50 of 50...✅
Checkpoint saved. Elapsed time: 77702.83 seconds.
Processing sample 112 of 9000...
Processing component 10 of 50...✅
Processing component 20 of 50...✅
Processing component 30 of 50...✅
Processing component 40 of 50...✅
Processing component 50 of 50...✅
Checkpoint saved. Elapsed time: 78402.40 seconds.
Processing sample 113 of 9000...
Processing component 10 of 50...✅
Processing component 20 of 50...✅
Processing component 30 of 50...✅
Processing component 40 of 50...✅
Processing component 50 of 50...✅
Checkpoint saved. Elapsed time: 79177.99 seconds.
Processing sample 114 of 9000...
Processing component 10 of 50...✅
Processing component 20 of 50...✅
Processing component 30 of 50...✅
Processing component 40 of 50...✅
Processing component 50 of 50...✅
Checkpoint saved. Elapsed time: 79920.92 seconds.
Processing sample 115 of 9000...
Processing component 10 of 50...✅
Processing component 20 of 50...✅
Processing component 30 of 50...✅
Processing component 40 of 50...✅
Processing component 50 of 50...✅
Checkpoint saved. Elapsed time: 80714.80 seconds.
Processing sample 116 of 9000...
Processing component 10 of 50...✅
Processing component 20 of 50...✅
Processing component 30 of 50...✅
Processing component 40 of 50...✅
Processing component 50 of 50...✅
Checkpoint saved. Elapsed time: 81386.76 seconds.
Processing sample 117 of 9000...
Processing component 10 of 50...✅
Processing component 20 of 50...✅
Processing component 30 of 50...✅
Processing component 40 of 50...✅
Processing component 50 of 50...✅
Checkpoint saved. Elapsed time: 82054.41 seconds.
Processing sample 118 of 9000...
Processing component 10 of 50...✅
Processing component 20 of 50...✅
Processing component 30 of 50...✅
Processing component 40 of 50...✅
Processing component 50 of 50...✅
Checkpoint saved. Elapsed time: 82721.97 seconds.
Processing sample 119 of 9000...
Processing component 10 of 50...✅
Processing component 20 of 50...✅
Processing component 30 of 50...✅
Processing component 40 of 50...✅
Processing component 50 of 50...✅
Checkpoint saved. Elapsed time: 83413.05 seconds.
Processing sample 120 of 9000...
Processing component 10 of 50...✅
Processing component 20 of 50...✅
Processing component 30 of 50...✅
Processing component 40 of 50...✅
Processing component 50 of 50...✅
Checkpoint saved. Elapsed time: 84171.98 seconds.
Processing sample 121 of 9000...
Processing component 10 of 50...✅
Processing component 20 of 50...✅
Processing component 30 of 50...✅
Processing component 40 of 50...✅
Processing component 50 of 50...✅
Checkpoint saved. Elapsed time: 84837.99 seconds.
Processing sample 122 of 9000...
Processing component 10 of 50...✅
Processing component 20 of 50...✅
Processing component 30 of 50...✅
Processing component 40 of 50...✅
Processing component 50 of 50...✅
Checkpoint saved. Elapsed time: 85566.71 seconds.
Processing sample 123 of 9000...
Processing component 10 of 50...✅
Processing component 20 of 50...✅
Processing component 30 of 50...✅
Processing component 40 of 50...✅
Processing component 50 of 50...✅
Checkpoint saved. Elapsed time: 86238.86 seconds.
Processing sample 124 of 9000...
Processing component 10 of 50...✅
Processing component 20 of 50...✅
Processing component 30 of 50...✅
Processing component 40 of 50...✅
Processing component 50 of 50...✅
Checkpoint saved. Elapsed time: 86907.43 seconds.
Processing sample 125 of 9000...
Processing component 10 of 50...✅
Processing component 20 of 50...✅
Processing component 30 of 50...✅
Processing component 40 of 50...✅
Processing component 50 of 50...✅
Checkpoint saved. Elapsed time: 87577.03 seconds.
Processing sample 126 of 9000...
Processing component 10 of 50...✅
Processing component 20 of 50...✅
Processing component 30 of 50...✅
Processing component 40 of 50...✅
Processing component 50 of 50...✅
Checkpoint saved. Elapsed time: 88273.46 seconds.
Processing sample 127 of 9000...
Processing component 10 of 50...✅
Processing component 20 of 50...✅
Processing component 30 of 50...✅
Processing component 40 of 50...✅
Processing component 50 of 50...✅
Checkpoint saved. Elapsed time: 88948.64 seconds.
Processing sample 128 of 9000...
Processing component 10 of 50...✅
Processing component 20 of 50...✅
Processing component 30 of 50...✅
Processing component 40 of 50...✅
Processing component 50 of 50...✅
Checkpoint saved. Elapsed time: 89657.25 seconds.
Processing sample 129 of 9000...
Processing component 10 of 50...✅
Processing component 20 of 50...✅
Processing component 30 of 50...✅
Processing component 40 of 50...✅
Processing component 50 of 50...✅
Checkpoint saved. Elapsed time: 90354.14 seconds.
Processing sample 130 of 9000...
Processing component 10 of 50...✅
Processing component 20 of 50...✅
Processing component 30 of 50...✅
Processing component 40 of 50...✅
Processing component 50 of 50...✅
Checkpoint saved. Elapsed time: 91106.09 seconds.
Processing sample 131 of 9000...
Processing component 10 of 50...✅
Processing component 20 of 50...✅
Processing component 30 of 50...✅
Processing component 40 of 50...✅
Processing component 50 of 50...✅
Checkpoint saved. Elapsed time: 91800.59 seconds.
Processing sample 132 of 9000...
Processing component 10 of 50...✅
Processing component 20 of 50...✅
Processing component 30 of 50...✅
Processing component 40 of 50...✅
Processing component 50 of 50...✅
Checkpoint saved. Elapsed time: 92509.16 seconds.
Processing sample 133 of 9000...
Processing component 10 of 50...✅
Processing component 20 of 50...✅
Processing component 30 of 50...✅
Processing component 40 of 50...✅
Processing component 50 of 50...✅
Checkpoint saved. Elapsed time: 93207.63 seconds.
Processing sample 134 of 9000...
Processing component 10 of 50...✅
Processing component 20 of 50...✅
Processing component 30 of 50...✅
Processing component 40 of 50...✅
Processing component 50 of 50...✅
Checkpoint saved. Elapsed time: 93949.52 seconds.
Processing sample 135 of 9000...
Processing component 10 of 50...✅
Processing component 20 of 50...✅
Processing component 30 of 50...✅
Processing component 40 of 50...✅
Processing component 50 of 50...✅
Checkpoint saved. Elapsed time: 94697.62 seconds.
Processing sample 136 of 9000...
Processing component 10 of 50...✅
Processing component 20 of 50...✅
Processing component 30 of 50...✅
Processing component 40 of 50...✅
Processing component 50 of 50...✅
Checkpoint saved. Elapsed time: 95393.34 seconds.
Processing sample 137 of 9000...
Processing component 10 of 50...✅
Processing component 20 of 50...✅
Processing component 30 of 50...✅
Processing component 40 of 50...✅
Processing component 50 of 50...✅
Checkpoint saved. Elapsed time: 96119.29 seconds.
Processing sample 138 of 9000...
Processing component 10 of 50...✅
Processing component 20 of 50...✅
Processing component 30 of 50...✅
Processing component 40 of 50...✅
Processing component 50 of 50...✅
Checkpoint saved. Elapsed time: 96819.64 seconds.
Processing sample 139 of 9000...
Processing component 10 of 50...✅
Processing component 20 of 50...✅
Processing component 30 of 50...✅
Processing component 40 of 50...✅
Processing component 50 of 50...✅
Checkpoint saved. Elapsed time: 97653.77 seconds.
Processing sample 140 of 9000...
Processing component 10 of 50...✅
Processing component 20 of 50...✅
Processing component 30 of 50...✅
Processing component 40 of 50...✅
Processing component 50 of 50...✅
Checkpoint saved. Elapsed time: 98352.68 seconds.
Processing sample 141 of 9000...
Processing component 10 of 50...✅
Processing component 20 of 50...✅
Processing component 30 of 50...✅
Processing component 40 of 50...✅
Processing component 50 of 50...✅
Checkpoint saved. Elapsed time: 99153.19 seconds.
Processing sample 142 of 9000...
Processing component 10 of 50...✅
Processing component 20 of 50...✅
Processing component 30 of 50...✅
Processing component 40 of 50...✅
Processing component 50 of 50...✅
Checkpoint saved. Elapsed time: 99907.40 seconds.
Processing sample 143 of 9000...
Processing component 10 of 50...✅
Processing component 20 of 50...✅
Processing component 30 of 50...✅
Processing component 40 of 50...✅
Processing component 50 of 50...✅
Checkpoint saved. Elapsed time: 100605.04 seconds.
Processing sample 144 of 9000...
Processing component 10 of 50...✅
Processing component 20 of 50...✅
Processing component 30 of 50...✅
Processing component 40 of 50...✅
Processing component 50 of 50...✅
Checkpoint saved. Elapsed time: 101472.78 seconds.
Processing sample 145 of 9000...
Processing component 10 of 50...✅
Processing component 20 of 50...✅
Processing component 30 of 50...✅
Processing component 40 of 50...✅
Processing component 50 of 50...✅
Checkpoint saved. Elapsed time: 102332.34 seconds.
Processing sample 146 of 9000...
Processing component 10 of 50...✅
Processing component 20 of 50...✅
Processing component 30 of 50...✅
Processing component 40 of 50...✅
Processing component 50 of 50...✅
Checkpoint saved. Elapsed time: 103087.77 seconds.
Processing sample 147 of 9000...
Processing component 10 of 50...✅
Processing component 20 of 50...✅
Processing component 30 of 50...✅
Processing component 40 of 50...✅
Processing component 50 of 50...✅
Checkpoint saved. Elapsed time: 103975.62 seconds.
Processing sample 148 of 9000...
Processing component 10 of 50...✅
Processing component 20 of 50...✅
Processing component 30 of 50...✅
Processing component 40 of 50...✅
Processing component 50 of 50...✅
Checkpoint saved. Elapsed time: 104712.02 seconds.
Processing sample 149 of 9000...
Processing component 10 of 50...✅
Processing component 20 of 50...✅
Processing component 30 of 50...✅
Processing component 40 of 50...✅
Processing component 50 of 50...✅
Checkpoint saved. Elapsed time: 105488.89 seconds.
Processing sample 150 of 9000...
Processing component 10 of 50...✅
Processing component 20 of 50...✅
Processing component 30 of 50...✅
Processing component 40 of 50...✅
Processing component 50 of 50...✅
Checkpoint saved. Elapsed time: 106237.36 seconds.
Processing sample 151 of 9000...
Processing component 10 of 50...✅
Processing component 20 of 50...✅
Processing component 30 of 50...✅
Processing component 40 of 50...✅
Processing component 50 of 50...✅
Checkpoint saved. Elapsed time: 107117.20 seconds.
Processing sample 152 of 9000...
Processing component 10 of 50...✅
Processing component 20 of 50...✅
Processing component 30 of 50...✅
Processing component 40 of 50...✅
Processing component 50 of 50...✅
Checkpoint saved. Elapsed time: 107805.51 seconds.
Processing sample 153 of 9000...
Processing component 10 of 50...✅
Processing component 20 of 50...✅
Processing component 30 of 50...✅
Processing component 40 of 50...✅
Processing component 50 of 50...✅
Checkpoint saved. Elapsed time: 108522.95 seconds.
Processing sample 154 of 9000...
Processing component 10 of 50...✅
Processing component 20 of 50...✅
Processing component 30 of 50...✅
Processing component 40 of 50...✅
Processing component 50 of 50...✅
Checkpoint saved. Elapsed time: 109213.22 seconds.
Processing sample 155 of 9000...
Processing component 10 of 50...✅
Processing component 20 of 50...✅
Processing component 30 of 50...✅
Processing component 40 of 50...✅
Processing component 50 of 50...✅
Checkpoint saved. Elapsed time: 109901.98 seconds.
Processing sample 156 of 9000...
Processing component 10 of 50...✅
Processing component 20 of 50...✅
Processing component 30 of 50...✅
Processing component 40 of 50...✅
Processing component 50 of 50...✅
Checkpoint saved. Elapsed time: 110652.27 seconds.
Processing sample 157 of 9000...
Processing component 10 of 50...✅
Processing component 20 of 50...✅
Processing component 30 of 50...✅
Processing component 40 of 50...✅
Processing component 50 of 50...✅
Checkpoint saved. Elapsed time: 111360.98 seconds.
Processing sample 158 of 9000...
Processing component 10 of 50...✅
Processing component 20 of 50...✅
Processing component 30 of 50...✅
Processing component 40 of 50...✅
Processing component 50 of 50...✅
Checkpoint saved. Elapsed time: 112062.61 seconds.
Processing sample 159 of 9000...
Processing component 10 of 50...✅
Processing component 20 of 50...✅
Processing component 30 of 50...✅
Processing component 40 of 50...✅
Processing component 50 of 50...✅
Checkpoint saved. Elapsed time: 112883.11 seconds.
Processing sample 160 of 9000...
Processing component 10 of 50...✅
Processing component 20 of 50...✅
Processing component 30 of 50...✅
Processing component 40 of 50...✅
Processing component 50 of 50...✅
Checkpoint saved. Elapsed time: 113581.75 seconds.
Processing sample 161 of 9000...
Processing component 10 of 50...✅
Processing component 20 of 50...✅
Processing component 30 of 50...✅
Processing component 40 of 50...✅
Processing component 50 of 50...✅
Checkpoint saved. Elapsed time: 114281.63 seconds.
Processing sample 162 of 9000...
Processing component 10 of 50...✅
Processing component 20 of 50...✅
Processing component 30 of 50...✅
Processing component 40 of 50...✅
Processing component 50 of 50...✅
Checkpoint saved. Elapsed time: 114977.75 seconds.
Processing sample 163 of 9000...
Processing component 10 of 50...✅
Processing component 20 of 50...✅
Processing component 30 of 50...✅
Processing component 40 of 50...✅
Processing component 50 of 50...✅
Checkpoint saved. Elapsed time: 115700.47 seconds.
Processing sample 164 of 9000...
Processing component 10 of 50...✅
Processing component 20 of 50...✅
Processing component 30 of 50...✅
Processing component 40 of 50...✅
Processing component 50 of 50...✅
Checkpoint saved. Elapsed time: 116479.63 seconds.
Processing sample 165 of 9000...
Processing component 10 of 50...✅
Processing component 20 of 50...✅
Processing component 30 of 50...✅
Processing component 40 of 50...✅
Processing component 50 of 50...✅
Checkpoint saved. Elapsed time: 117178.21 seconds.
Processing sample 166 of 9000...
Processing component 10 of 50...✅
Processing component 20 of 50...✅
Processing component 30 of 50...✅
Processing component 40 of 50...✅
Processing component 50 of 50...✅
Checkpoint saved. Elapsed time: 117876.39 seconds.
Processing sample 167 of 9000...
Processing component 10 of 50...✅
Processing component 20 of 50...✅
Processing component 30 of 50...✅
Processing component 40 of 50...✅
Processing component 50 of 50...✅
Checkpoint saved. Elapsed time: 118573.24 seconds.
Processing sample 168 of 9000...
Processing component 10 of 50...✅
Processing component 20 of 50...✅
Processing component 30 of 50...✅
Processing component 40 of 50...✅
Processing component 50 of 50...✅
Checkpoint saved. Elapsed time: 119298.17 seconds.
Processing sample 169 of 9000...
Processing component 10 of 50...✅
Processing component 20 of 50...✅
Processing component 30 of 50...✅
Processing component 40 of 50...✅
Processing component 50 of 50...✅
Checkpoint saved. Elapsed time: 119995.37 seconds.
Processing sample 170 of 9000...
Processing component 10 of 50...✅
Processing component 20 of 50...✅
Processing component 30 of 50...✅
Processing component 40 of 50...✅
Processing component 50 of 50...✅
Checkpoint saved. Elapsed time: 120738.41 seconds.
Processing sample 171 of 9000...
Processing component 10 of 50...✅
Processing component 20 of 50...✅
Processing component 30 of 50...✅
Processing component 40 of 50...✅
Processing component 50 of 50...✅
Checkpoint saved. Elapsed time: 121457.49 seconds.
Processing sample 172 of 9000...
Processing component 10 of 50...✅
Processing component 20 of 50...✅
Processing component 30 of 50...✅
Processing component 40 of 50...✅
Processing component 50 of 50...✅
Checkpoint saved. Elapsed time: 122157.38 seconds.
Processing sample 173 of 9000...
Processing component 10 of 50...✅
Processing component 20 of 50...✅
Processing component 30 of 50...✅
Processing component 40 of 50...✅
Processing component 50 of 50...✅
Checkpoint saved. Elapsed time: 122925.00 seconds.
Processing sample 174 of 9000...
Processing component 10 of 50...✅
Processing component 20 of 50...✅
Processing component 30 of 50...✅
Processing component 40 of 50...✅
Processing component 50 of 50...✅
Checkpoint saved. Elapsed time: 123603.12 seconds.
Processing sample 175 of 9000...
Processing component 10 of 50...✅
Processing component 20 of 50...✅
Processing component 30 of 50...✅
Processing component 40 of 50...✅
Processing component 50 of 50...✅
Checkpoint saved. Elapsed time: 124308.11 seconds.
Processing sample 176 of 9000...
Processing component 10 of 50...✅
Processing component 20 of 50...✅
Processing component 30 of 50...✅
Processing component 40 of 50...✅
Processing component 50 of 50...✅
Checkpoint saved. Elapsed time: 125053.51 seconds.
Processing sample 177 of 9000...
Processing component 10 of 50...✅
Processing component 20 of 50...✅
Processing component 30 of 50...✅
Processing component 40 of 50...✅
Processing component 50 of 50...✅
Checkpoint saved. Elapsed time: 125825.68 seconds.
Processing sample 178 of 9000...
Processing component 10 of 50...✅
Processing component 20 of 50...✅
Processing component 30 of 50...✅
Processing component 40 of 50...✅
Processing component 50 of 50...✅
Checkpoint saved. Elapsed time: 126616.02 seconds.
Processing sample 179 of 9000...
Processing component 10 of 50...✅
Processing component 20 of 50...✅
Processing component 30 of 50...✅
Processing component 40 of 50...✅
Processing component 50 of 50...✅
Checkpoint saved. Elapsed time: 127336.23 seconds.
Processing sample 180 of 9000...
Processing component 10 of 50...✅
Processing component 20 of 50...✅
Processing component 30 of 50...✅
Processing component 40 of 50...✅
Processing component 50 of 50...✅
Checkpoint saved. Elapsed time: 128228.96 seconds.
Processing sample 181 of 9000...
Processing component 10 of 50...✅
Processing component 20 of 50...✅
Processing component 30 of 50...✅
Processing component 40 of 50...✅
Processing component 50 of 50...✅
Checkpoint saved. Elapsed time: 128961.69 seconds.
Processing sample 182 of 9000...
Processing component 10 of 50...✅
Processing component 20 of 50...✅
Processing component 30 of 50...✅
Processing component 40 of 50...✅
Processing component 50 of 50...✅
Checkpoint saved. Elapsed time: 129681.46 seconds.
Processing sample 183 of 9000...
Processing component 10 of 50...✅
Processing component 20 of 50...✅
Processing component 30 of 50...✅
Processing component 40 of 50...✅
Processing component 50 of 50...✅
Checkpoint saved. Elapsed time: 130380.91 seconds.
Processing sample 184 of 9000...
Processing component 10 of 50...✅
Processing component 20 of 50...✅
Processing component 30 of 50...✅
Processing component 40 of 50...✅
Processing component 50 of 50...✅
Checkpoint saved. Elapsed time: 131082.28 seconds.
Processing sample 185 of 9000...
Processing component 10 of 50...✅
Processing component 20 of 50...✅
Processing component 30 of 50...✅
Processing component 40 of 50...✅
Processing component 50 of 50...✅
Checkpoint saved. Elapsed time: 131754.81 seconds.
Processing sample 186 of 9000...
Processing component 10 of 50...✅
Processing component 20 of 50...✅
Processing component 30 of 50...✅
Processing component 40 of 50...✅
Processing component 50 of 50...✅
Checkpoint saved. Elapsed time: 132453.15 seconds.
Processing sample 187 of 9000...
Processing component 10 of 50...✅
Processing component 20 of 50...✅
Processing component 30 of 50...✅
Processing component 40 of 50...✅
Processing component 50 of 50...✅
Checkpoint saved. Elapsed time: 133151.21 seconds.
Processing sample 188 of 9000...
Processing component 10 of 50...✅
Processing component 20 of 50...✅
Processing component 30 of 50...✅
Processing component 40 of 50...✅
Processing component 50 of 50...✅
Checkpoint saved. Elapsed time: 133878.40 seconds.
Processing sample 189 of 9000...
