------------------------------------
Thu 16 Jul 2026 17:49:39 IDT
SLURM_JOBID:		19411047
SLURM_JOB_NODELIST:	ise-cpu-intl-19
SLURM_SCRATCH_DIR:	
Allocated Resouces:	cpu - 4 / mem - 24576 MB / gpu - 
SLURM_GPU_INDEX:	
Running as ohadshee from golan.neuro account with normal QOS
------------------------------------
Running on host: ise-cpu-intl-19.auth.ad.bgu.ac.il
Job ID: 19411047
CPUs per task: 4
Python path: /home/ohadshee/.conda/envs/pid_env/bin/python
Conda environment: pid_env
Project root directory: /home/ohadshee/Desktop/Partial-Information-Decomposition/external/mayas_project
Using device: cpu
Number of images: 73000
Image shape: (425, 425, 3), dtype: uint8
nsdID shape: (73000,), Shared1000 shape: (73000,)
Neural data shape: (10000, 8088)
Image IDs shape: (10000,)
Number of voxels: 8088
Number of projections for SRP: 7894

Loaded target with shape (10000, 8088).
Loaded subject subj01 with 9000 unique images and 1000 shared held-out images.

 Fitting PCA on unique images

Running Eigenvector PCA with cross-validation!!!
Using default PCA fitting function (SVD)!!!
Processing sample 1 of 9000...
Processing component 10 of 100...✅
Processing component 20 of 100...✅
Processing component 30 of 100...✅
Processing component 40 of 100...✅
Processing component 50 of 100...✅
Processing component 60 of 100...✅
Processing component 70 of 100...✅
Processing component 80 of 100...✅
Processing component 90 of 100...✅
Processing component 100 of 100...✅
Checkpoint saved. Elapsed time: 2370.75 seconds.
Processing sample 2 of 9000...
Processing component 10 of 100...✅
Processing component 20 of 100...✅
Processing component 30 of 100...✅
Processing component 40 of 100...✅
Processing component 50 of 100...✅
Processing component 60 of 100...✅
Processing component 70 of 100...✅
Processing component 80 of 100...✅
Processing component 90 of 100...✅
Processing component 100 of 100...✅
Checkpoint saved. Elapsed time: 4777.32 seconds.
Processing sample 3 of 9000...
Processing component 10 of 100...✅
Processing component 20 of 100...✅
Processing component 30 of 100...✅
Processing component 40 of 100...✅
Processing component 50 of 100...✅
Processing component 60 of 100...✅
Processing component 70 of 100...✅
Processing component 80 of 100...✅
Processing component 90 of 100...✅
Processing component 100 of 100...✅
Checkpoint saved. Elapsed time: 7038.33 seconds.
Processing sample 4 of 9000...
Processing component 10 of 100...✅
Processing component 20 of 100...✅
Processing component 30 of 100...✅
Processing component 40 of 100...✅
Processing component 50 of 100...✅
Processing component 60 of 100...✅
Processing component 70 of 100...✅
Processing component 80 of 100...✅
Processing component 90 of 100...✅
Processing component 100 of 100...✅
Checkpoint saved. Elapsed time: 9359.19 seconds.
Processing sample 5 of 9000...
Processing component 10 of 100...✅
Processing component 20 of 100...✅
Processing component 30 of 100...✅
Processing component 40 of 100...✅
Processing component 50 of 100...✅
Processing component 60 of 100...✅
Processing component 70 of 100...✅
Processing component 80 of 100...✅
Processing component 90 of 100...✅
Processing component 100 of 100...✅
Checkpoint saved. Elapsed time: 11576.84 seconds.
Processing sample 6 of 9000...
Processing component 10 of 100...✅
Processing component 20 of 100...✅
Processing component 30 of 100...✅
Processing component 40 of 100...✅
Processing component 50 of 100...✅
Processing component 60 of 100...✅
Processing component 70 of 100...✅
Processing component 80 of 100...✅
Processing component 90 of 100...✅
Processing component 100 of 100...✅
Checkpoint saved. Elapsed time: 13844.53 seconds.
Processing sample 7 of 9000...
Processing component 10 of 100...✅
Processing component 20 of 100...✅
Processing component 30 of 100...✅
Processing component 40 of 100...✅
Processing component 50 of 100...✅
Processing component 60 of 100...✅
Processing component 70 of 100...✅
Processing component 80 of 100...✅
Processing component 90 of 100...✅
Processing component 100 of 100...✅
Checkpoint saved. Elapsed time: 16159.33 seconds.
Processing sample 8 of 9000...
Processing component 10 of 100...✅
Processing component 20 of 100...✅
Processing component 30 of 100...✅
Processing component 40 of 100...✅
Processing component 50 of 100...✅
Processing component 60 of 100...✅
Processing component 70 of 100...✅
Processing component 80 of 100...✅
Processing component 90 of 100...✅
Processing component 100 of 100...✅
Checkpoint saved. Elapsed time: 18459.81 seconds.
Processing sample 9 of 9000...
Processing component 10 of 100...✅
Processing component 20 of 100...✅
Processing component 30 of 100...✅
Processing component 40 of 100...✅
Processing component 50 of 100...✅
Processing component 60 of 100...✅
Processing component 70 of 100...✅
Processing component 80 of 100...✅
Processing component 90 of 100...✅
Processing component 100 of 100...✅
Checkpoint saved. Elapsed time: 20704.77 seconds.
Processing sample 10 of 9000...
Processing component 10 of 100...✅
Processing component 20 of 100...✅
Processing component 30 of 100...✅
Processing component 40 of 100...✅
Processing component 50 of 100...✅
Processing component 60 of 100...✅
Processing component 70 of 100...✅
Processing component 80 of 100...✅
Processing component 90 of 100...✅
Processing component 100 of 100...✅
Checkpoint saved. Elapsed time: 22957.68 seconds.
Processing sample 11 of 9000...
Processing component 10 of 100...✅
Processing component 20 of 100...✅
Processing component 30 of 100...✅
Processing component 40 of 100...✅
Processing component 50 of 100...✅
Processing component 60 of 100...✅
Processing component 70 of 100...✅
Processing component 80 of 100...✅
Processing component 90 of 100...✅
Processing component 100 of 100...✅
Checkpoint saved. Elapsed time: 25246.71 seconds.
Processing sample 12 of 9000...
Processing component 10 of 100...✅
Processing component 20 of 100...✅
Processing component 30 of 100...✅
Processing component 40 of 100...✅
Processing component 50 of 100...✅
Processing component 60 of 100...✅
Processing component 70 of 100...✅
Processing component 80 of 100...✅
Processing component 90 of 100...✅
Processing component 100 of 100...✅
Checkpoint saved. Elapsed time: 27618.51 seconds.
Processing sample 13 of 9000...
Processing component 10 of 100...✅
Processing component 20 of 100...✅
Processing component 30 of 100...✅
Processing component 40 of 100...✅
Processing component 50 of 100...✅
Processing component 60 of 100...✅
Processing component 70 of 100...✅
Processing component 80 of 100...✅
Processing component 90 of 100...✅
Processing component 100 of 100...✅
Checkpoint saved. Elapsed time: 29875.02 seconds.
Processing sample 14 of 9000...
Processing component 10 of 100...✅
Processing component 20 of 100...✅
Processing component 30 of 100...✅
Processing component 40 of 100...✅
Processing component 50 of 100...✅
Processing component 60 of 100...✅
Processing component 70 of 100...✅
Processing component 80 of 100...✅
Processing component 90 of 100...✅
Processing component 100 of 100...✅
Checkpoint saved. Elapsed time: 32126.86 seconds.
Processing sample 15 of 9000...
Processing component 10 of 100...✅
Processing component 20 of 100...✅
Processing component 30 of 100...✅
Processing component 40 of 100...✅
Processing component 50 of 100...✅
Processing component 60 of 100...✅
Processing component 70 of 100...✅
Processing component 80 of 100...✅
Processing component 90 of 100...✅
Processing component 100 of 100...✅
Checkpoint saved. Elapsed time: 34377.49 seconds.
Processing sample 16 of 9000...
Processing component 10 of 100...✅
Processing component 20 of 100...✅
Processing component 30 of 100...✅
Processing component 40 of 100...✅
Processing component 50 of 100...✅
Processing component 60 of 100...✅
Processing component 70 of 100...✅
Processing component 80 of 100...✅
Processing component 90 of 100...✅
Processing component 100 of 100...✅
Checkpoint saved. Elapsed time: 36745.25 seconds.
Processing sample 17 of 9000...
Processing component 10 of 100...✅
Processing component 20 of 100...✅
Processing component 30 of 100...✅
Processing component 40 of 100...✅
Processing component 50 of 100...✅
Processing component 60 of 100...✅
Processing component 70 of 100...✅
Processing component 80 of 100...✅
Processing component 90 of 100...✅
Processing component 100 of 100...✅
Checkpoint saved. Elapsed time: 39029.27 seconds.
Processing sample 18 of 9000...
Processing component 10 of 100...✅
Processing component 20 of 100...✅
Processing component 30 of 100...✅
Processing component 40 of 100...✅
Processing component 50 of 100...✅
Processing component 60 of 100...✅
Processing component 70 of 100...✅
Processing component 80 of 100...✅
Processing component 90 of 100...✅
Processing component 100 of 100...✅
Checkpoint saved. Elapsed time: 41172.21 seconds.
Processing sample 19 of 9000...
Processing component 10 of 100...✅
Processing component 20 of 100...✅
Processing component 30 of 100...✅
Processing component 40 of 100...✅
Processing component 50 of 100...✅
Processing component 60 of 100...✅
Processing component 70 of 100...✅
Processing component 80 of 100...✅
Processing component 90 of 100...✅
Processing component 100 of 100...✅
Checkpoint saved. Elapsed time: 43196.48 seconds.
Processing sample 20 of 9000...
Processing component 10 of 100...✅
Processing component 20 of 100...✅
Processing component 30 of 100...✅
Processing component 40 of 100...✅
Processing component 50 of 100...✅
Processing component 60 of 100...✅
Processing component 70 of 100...✅
Processing component 80 of 100...✅
Processing component 90 of 100...✅
Processing component 100 of 100...✅
Checkpoint saved. Elapsed time: 45207.00 seconds.
Processing sample 21 of 9000...
Processing component 10 of 100...✅
Processing component 20 of 100...✅
Processing component 30 of 100...✅
Processing component 40 of 100...✅
Processing component 50 of 100...✅
Processing component 60 of 100...✅
Processing component 70 of 100...✅
Processing component 80 of 100...✅
Processing component 90 of 100...✅
Processing component 100 of 100...✅
Checkpoint saved. Elapsed time: 47285.86 seconds.
Processing sample 22 of 9000...
Processing component 10 of 100...✅
Processing component 20 of 100...✅
Processing component 30 of 100...✅
Processing component 40 of 100...✅
Processing component 50 of 100...✅
Processing component 60 of 100...✅
Processing component 70 of 100...✅
Processing component 80 of 100...✅
Processing component 90 of 100...✅
Processing component 100 of 100...✅
Checkpoint saved. Elapsed time: 49389.23 seconds.
Processing sample 23 of 9000...
Processing component 10 of 100...✅
Processing component 20 of 100...✅
Processing component 30 of 100...✅
Processing component 40 of 100...✅
Processing component 50 of 100...✅
Processing component 60 of 100...✅
Processing component 70 of 100...✅
Processing component 80 of 100...✅
Processing component 90 of 100...✅
Processing component 100 of 100...✅
Checkpoint saved. Elapsed time: 51564.60 seconds.
Processing sample 24 of 9000...
Processing component 10 of 100...✅
Processing component 20 of 100...✅
Processing component 30 of 100...✅
Processing component 40 of 100...✅
Processing component 50 of 100...✅
Processing component 60 of 100...✅
Processing component 70 of 100...✅
Processing component 80 of 100...✅
Processing component 90 of 100...✅
Processing component 100 of 100...✅
Checkpoint saved. Elapsed time: 53727.13 seconds.
Processing sample 25 of 9000...
Processing component 10 of 100...✅
Processing component 20 of 100...✅
Processing component 30 of 100...✅
Processing component 40 of 100...✅
Processing component 50 of 100...✅
Processing component 60 of 100...✅
Processing component 70 of 100...✅
Processing component 80 of 100...✅
Processing component 90 of 100...✅
Processing component 100 of 100...✅
Checkpoint saved. Elapsed time: 55902.18 seconds.
Processing sample 26 of 9000...
Processing component 10 of 100...✅
Processing component 20 of 100...✅
Processing component 30 of 100...✅
Processing component 40 of 100...✅
Processing component 50 of 100...✅
Processing component 60 of 100...✅
Processing component 70 of 100...✅
Processing component 80 of 100...✅
Processing component 90 of 100...✅
Processing component 100 of 100...✅
Checkpoint saved. Elapsed time: 58175.66 seconds.
Processing sample 27 of 9000...
Processing component 10 of 100...✅
Processing component 20 of 100...✅
Processing component 30 of 100...✅
Processing component 40 of 100...✅
Processing component 50 of 100...✅
Processing component 60 of 100...✅
Processing component 70 of 100...✅
Processing component 80 of 100...✅
Processing component 90 of 100...✅
Processing component 100 of 100...✅
Checkpoint saved. Elapsed time: 60453.10 seconds.
Processing sample 28 of 9000...
Processing component 10 of 100...✅
Processing component 20 of 100...✅
Processing component 30 of 100...✅
Processing component 40 of 100...✅
Processing component 50 of 100...✅
Processing component 60 of 100...✅
