------------------------------------
Fri 10 Jul 2026 22:43:53 IDT
SLURM_JOBID:		19291549
SLURM_JOB_NODELIST:	cs-cpu-07
SLURM_SCRATCH_DIR:	
Allocated Resouces:	cpu - 4 / mem - 24576 MB / gpu - 
SLURM_GPU_INDEX:	
Running as ohadshee from golan.neuro account with normal QOS
------------------------------------
Running on host: cs-cpu-07
Job ID: 19291549
CPUs per task: 4
Python path: /home/ohadshee/.conda/envs/pid_env/bin/python
Conda environment: pid_env
Project root directory: /home/ohadshee/Desktop/Partial-Information-Decomposition/external/mayas_project
Using device: cpu
Number of images: 73000
Image shape: (425, 425, 3), dtype: uint8
nsdID shape: (73000,), Shared1000 shape: (73000,)
Neural data shape: (10000, 8088)
Image IDs shape: (10000,)
Number of voxels: 8088
Number of projections for SRP: 7894
Loaded subject subj01 with 9000 unique images and 1000 shared held-out images.

 Fitting PCA on unique images
Running Eigenvector PCA with cross-validation
Using default PCA fitting function (SVD)!!!
Processing sample 1 of 9000...
Processing component 10 of 10...✅
Checkpoint saved. Elapsed time: 271.36 seconds.
Processing sample 2 of 9000...
Processing component 10 of 10...✅
Checkpoint saved. Elapsed time: 545.05 seconds.
Processing sample 3 of 9000...
Processing component 10 of 10...✅
Checkpoint saved. Elapsed time: 823.35 seconds.
Processing sample 4 of 9000...
