------------------------------------
Fri 10 Jul 2026 22:58:41 IDT
SLURM_JOBID:		19291643
SLURM_JOB_NODELIST:	cs-cpu-05
SLURM_SCRATCH_DIR:	
Allocated Resouces:	cpu - 4 / mem - 24576 MB / gpu - 
SLURM_GPU_INDEX:	
Running as ohadshee from golan.neuro account with normal QOS
------------------------------------
Running on host: cs-cpu-05.auth.ad.bgu.ac.il
Job ID: 19291643
CPUs per task: 4
Python path: /home/ohadshee/.conda/envs/pid_env/bin/python
Conda environment: pid_env
Project root directory: /home/ohadshee/Desktop/Partial-Information-Decomposition/external/mayas_project
Using device: cpu
Number of images: 73000
Image shape: (425, 425, 3), dtype: uint8
nsdID shape: (73000,), Shared1000 shape: (73000,)
Neural data shape: (10000, 8088)
Image IDs shape: (10000,)
Number of voxels: 8088
Number of projections for SRP: 7894
Loaded subject subj01 with 9000 unique images and 1000 shared held-out images.

 Fitting PCA on unique images
Running Eigenvector PCA with cross-validation
Using default PCA fitting function (SVD)!!!
Processing sample 1 of 9000...
Processing component 10 of 100...✅
Processing component 20 of 100...✅
Processing component 30 of 100...✅
Processing component 40 of 100...✅
Processing component 50 of 100...✅
Processing component 60 of 100...✅
Processing component 70 of 100...✅
Processing component 80 of 100...✅
Processing component 90 of 100...✅
Processing component 100 of 100...✅
Checkpoint saved. Elapsed time: 2542.99 seconds.
Processing sample 2 of 9000...
Processing component 10 of 100...✅
Processing component 20 of 100...✅
Processing component 30 of 100...✅
Processing component 40 of 100...✅
Processing component 50 of 100...✅
Processing component 60 of 100...✅
Processing component 70 of 100...✅
Processing component 80 of 100...✅
Processing component 90 of 100...✅
Processing component 100 of 100...✅
Checkpoint saved. Elapsed time: 5092.38 seconds.
Processing sample 3 of 9000...
Processing component 10 of 100...✅
Processing component 20 of 100...✅
Processing component 30 of 100...✅
Processing component 40 of 100...✅
Processing component 50 of 100...✅
Processing component 60 of 100...✅
Processing component 70 of 100...✅
Processing component 80 of 100...✅
Processing component 90 of 100...✅
Processing component 100 of 100...✅
Checkpoint saved. Elapsed time: 7594.15 seconds.
Processing sample 4 of 9000...
Processing component 10 of 100...✅
Processing component 20 of 100...✅
Processing component 30 of 100...✅
Processing component 40 of 100...✅
Processing component 50 of 100...✅
Processing component 60 of 100...✅
Processing component 70 of 100...✅
Processing component 80 of 100...✅
Processing component 90 of 100...✅
Processing component 100 of 100...✅
Checkpoint saved. Elapsed time: 10099.16 seconds.
Processing sample 5 of 9000...
Processing component 10 of 100...✅
Processing component 20 of 100...✅
Processing component 30 of 100...✅
Processing component 40 of 100...✅
Processing component 50 of 100...✅
Processing component 60 of 100...✅
Processing component 70 of 100...✅
Processing component 80 of 100...✅
Processing component 90 of 100...✅
Processing component 100 of 100...✅
Checkpoint saved. Elapsed time: 12607.20 seconds.
Processing sample 6 of 9000...
Processing component 10 of 100...✅
Processing component 20 of 100...✅
Processing component 30 of 100...✅
Processing component 40 of 100...✅
Processing component 50 of 100...✅
Processing component 60 of 100...✅
Processing component 70 of 100...✅
Processing component 80 of 100...✅
Processing component 90 of 100...✅
Processing component 100 of 100...✅
Checkpoint saved. Elapsed time: 15015.30 seconds.
Processing sample 7 of 9000...
Processing component 10 of 100...✅
Processing component 20 of 100...✅
Processing component 30 of 100...✅
Processing component 40 of 100...✅
Processing component 50 of 100...✅
Processing component 60 of 100...✅
Processing component 70 of 100...✅
Processing component 80 of 100...✅
Processing component 90 of 100...✅
Processing component 100 of 100...✅
Checkpoint saved. Elapsed time: 17413.13 seconds.
Processing sample 8 of 9000...
Processing component 10 of 100...✅
Processing component 20 of 100...✅
Processing component 30 of 100...✅
Processing component 40 of 100...✅
Processing component 50 of 100...✅
Processing component 60 of 100...✅
Processing component 70 of 100...✅
Processing component 80 of 100...✅
Processing component 90 of 100...✅
Processing component 100 of 100...✅
Checkpoint saved. Elapsed time: 19835.29 seconds.
Processing sample 9 of 9000...
Processing component 10 of 100...✅
Processing component 20 of 100...✅
Processing component 30 of 100...✅
Processing component 40 of 100...✅
Processing component 50 of 100...✅
Processing component 60 of 100...✅
Processing component 70 of 100...✅
Processing component 80 of 100...✅
Processing component 90 of 100...✅
Processing component 100 of 100...✅
Checkpoint saved. Elapsed time: 22285.46 seconds.
Processing sample 10 of 9000...
Processing component 10 of 100...✅
Processing component 20 of 100...✅
Processing component 30 of 100...✅
Processing component 40 of 100...✅
Processing component 50 of 100...✅
Processing component 60 of 100...✅
Processing component 70 of 100...✅
Processing component 80 of 100...✅
Processing component 90 of 100...✅
Processing component 100 of 100...✅
Checkpoint saved. Elapsed time: 24712.28 seconds.
Processing sample 11 of 9000...
Processing component 10 of 100...✅
Processing component 20 of 100...✅
Processing component 30 of 100...✅
Processing component 40 of 100...✅
Processing component 50 of 100...✅
Processing component 60 of 100...✅
Processing component 70 of 100...✅
Processing component 80 of 100...✅
Processing component 90 of 100...✅
Processing component 100 of 100...✅
Checkpoint saved. Elapsed time: 27151.94 seconds.
Processing sample 12 of 9000...
Processing component 10 of 100...✅
Processing component 20 of 100...✅
Processing component 30 of 100...✅
Processing component 40 of 100...✅
Processing component 50 of 100...✅
Processing component 60 of 100...✅
Processing component 70 of 100...✅
Processing component 80 of 100...✅
Processing component 90 of 100...✅
Processing component 100 of 100...✅
Checkpoint saved. Elapsed time: 29559.36 seconds.
Processing sample 13 of 9000...
Processing component 10 of 100...✅
Processing component 20 of 100...✅
Processing component 30 of 100...✅
Processing component 40 of 100...✅
Processing component 50 of 100...✅
Processing component 60 of 100...✅
Processing component 70 of 100...✅
Processing component 80 of 100...✅
Processing component 90 of 100...✅
Processing component 100 of 100...✅
Checkpoint saved. Elapsed time: 32006.33 seconds.
Processing sample 14 of 9000...
Processing component 10 of 100...✅
Processing component 20 of 100...✅
Processing component 30 of 100...✅
Processing component 40 of 100...✅
Processing component 50 of 100...✅
Processing component 60 of 100...✅
Processing component 70 of 100...✅
Processing component 80 of 100...✅
Processing component 90 of 100...✅
Processing component 100 of 100...✅
Checkpoint saved. Elapsed time: 34410.46 seconds.
Processing sample 15 of 9000...
Processing component 10 of 100...✅
Processing component 20 of 100...✅
Processing component 30 of 100...✅
Processing component 40 of 100...✅
Processing component 50 of 100...✅
Processing component 60 of 100...✅
Processing component 70 of 100...✅
Processing component 80 of 100...✅
Processing component 90 of 100...✅
Processing component 100 of 100...✅
Checkpoint saved. Elapsed time: 36811.24 seconds.
Processing sample 16 of 9000...
Processing component 10 of 100...✅
Processing component 20 of 100...✅
Processing component 30 of 100...✅
Processing component 40 of 100...✅
Processing component 50 of 100...✅
Processing component 60 of 100...✅
Processing component 70 of 100...✅
Processing component 80 of 100...✅
Processing component 90 of 100...✅
Processing component 100 of 100...✅
Checkpoint saved. Elapsed time: 39235.66 seconds.
Processing sample 17 of 9000...
Processing component 10 of 100...✅
Processing component 20 of 100...✅
Processing component 30 of 100...✅
Processing component 40 of 100...✅
Processing component 50 of 100...✅
Processing component 60 of 100...✅
Processing component 70 of 100...✅
Processing component 80 of 100...✅
Processing component 90 of 100...✅
Processing component 100 of 100...✅
Checkpoint saved. Elapsed time: 41583.08 seconds.
Processing sample 18 of 9000...
Processing component 10 of 100...✅
Processing component 20 of 100...✅
Processing component 30 of 100...✅
Processing component 40 of 100...✅
Processing component 50 of 100...✅
Processing component 60 of 100...✅
Processing component 70 of 100...✅
Processing component 80 of 100...✅
Processing component 90 of 100...✅
Processing component 100 of 100...✅
Checkpoint saved. Elapsed time: 43959.62 seconds.
Processing sample 19 of 9000...
Processing component 10 of 100...✅
Processing component 20 of 100...✅
Processing component 30 of 100...✅
Processing component 40 of 100...✅
Processing component 50 of 100...✅
Processing component 60 of 100...✅
Processing component 70 of 100...✅
Processing component 80 of 100...✅
Processing component 90 of 100...✅
Processing component 100 of 100...✅
Checkpoint saved. Elapsed time: 46448.15 seconds.
Processing sample 20 of 9000...
Processing component 10 of 100...✅
Processing component 20 of 100...✅
Processing component 30 of 100...✅
Processing component 40 of 100...✅
Processing component 50 of 100...✅
Processing component 60 of 100...✅
Processing component 70 of 100...✅
Processing component 80 of 100...✅
Processing component 90 of 100...✅
Processing component 100 of 100...✅
Checkpoint saved. Elapsed time: 48867.10 seconds.
Processing sample 21 of 9000...
Processing component 10 of 100...✅
Processing component 20 of 100...✅
Processing component 30 of 100...✅
Processing component 40 of 100...✅
Processing component 50 of 100...✅
Processing component 60 of 100...✅
Processing component 70 of 100...✅
Processing component 80 of 100...✅
Processing component 90 of 100...✅
Processing component 100 of 100...✅
Checkpoint saved. Elapsed time: 51259.43 seconds.
Processing sample 22 of 9000...
Processing component 10 of 100...✅
Processing component 20 of 100...✅
Processing component 30 of 100...✅
Processing component 40 of 100...✅
Processing component 50 of 100...✅
Processing component 60 of 100...✅
Processing component 70 of 100...✅
Processing component 80 of 100...✅
Processing component 90 of 100...✅
Processing component 100 of 100...✅
Checkpoint saved. Elapsed time: 53689.90 seconds.
Processing sample 23 of 9000...
Processing component 10 of 100...✅
Processing component 20 of 100...✅
Processing component 30 of 100...✅
Processing component 40 of 100...✅
Processing component 50 of 100...✅
Processing component 60 of 100...✅
Processing component 70 of 100...✅
Processing component 80 of 100...✅
Processing component 90 of 100...✅
Processing component 100 of 100...✅
Checkpoint saved. Elapsed time: 56326.34 seconds.
Processing sample 24 of 9000...
Processing component 10 of 100...✅
Processing component 20 of 100...✅
Processing component 30 of 100...✅
Processing component 40 of 100...✅
Processing component 50 of 100...✅
Processing component 60 of 100...✅
Processing component 70 of 100...✅
Processing component 80 of 100...✅
Processing component 90 of 100...✅
Processing component 100 of 100...✅
Checkpoint saved. Elapsed time: 58741.45 seconds.
Processing sample 25 of 9000...
Processing component 10 of 100...✅
Processing component 20 of 100...✅
Processing component 30 of 100...✅
Processing component 40 of 100...✅
Processing component 50 of 100...✅
Processing component 60 of 100...✅
Processing component 70 of 100...✅
Processing component 80 of 100...✅
Processing component 90 of 100...✅
Processing component 100 of 100...✅
Checkpoint saved. Elapsed time: 61173.58 seconds.
Processing sample 26 of 9000...
Processing component 10 of 100...✅
Processing component 20 of 100...✅
Processing component 30 of 100...✅
Processing component 40 of 100...✅
Processing component 50 of 100...✅
Processing component 60 of 100...✅
Processing component 70 of 100...✅
Processing component 80 of 100...✅
Processing component 90 of 100...✅
Processing component 100 of 100...✅
Checkpoint saved. Elapsed time: 63590.91 seconds.
Processing sample 27 of 9000...
Processing component 10 of 100...✅
Processing component 20 of 100...✅
Processing component 30 of 100...✅
Processing component 40 of 100...✅
Processing component 50 of 100...✅
Processing component 60 of 100...✅
Processing component 70 of 100...✅
Processing component 80 of 100...✅
Processing component 90 of 100...✅
Processing component 100 of 100...✅
Checkpoint saved. Elapsed time: 66200.81 seconds.
Processing sample 28 of 9000...
Processing component 10 of 100...✅
Processing component 20 of 100...✅
Processing component 30 of 100...✅
Processing component 40 of 100...✅
Processing component 50 of 100...✅
Processing component 60 of 100...✅
Processing component 70 of 100...✅
Processing component 80 of 100...✅
Processing component 90 of 100...✅
Processing component 100 of 100...✅
Checkpoint saved. Elapsed time: 68663.45 seconds.
Processing sample 29 of 9000...
Processing component 10 of 100...✅
Processing component 20 of 100...✅
Processing component 30 of 100...✅
Processing component 40 of 100...✅
Processing component 50 of 100...✅
Processing component 60 of 100...✅
Processing component 70 of 100...✅
Processing component 80 of 100...✅
Processing component 90 of 100...✅
Processing component 100 of 100...✅
Checkpoint saved. Elapsed time: 71076.33 seconds.
Processing sample 30 of 9000...
Processing component 10 of 100...✅
Processing component 20 of 100...✅
Processing component 30 of 100...✅
Processing component 40 of 100...✅
Processing component 50 of 100...✅
Processing component 60 of 100...✅
Processing component 70 of 100...✅
Processing component 80 of 100...✅
Processing component 90 of 100...✅
Processing component 100 of 100...✅
Checkpoint saved. Elapsed time: 73590.47 seconds.
Processing sample 31 of 9000...
Processing component 10 of 100...✅
Processing component 20 of 100...✅
Processing component 30 of 100...✅
Processing component 40 of 100...✅
Processing component 50 of 100...✅
Processing component 60 of 100...✅
Processing component 70 of 100...✅
Processing component 80 of 100...✅
Processing component 90 of 100...✅
Processing component 100 of 100...✅
Checkpoint saved. Elapsed time: 76078.74 seconds.
Processing sample 32 of 9000...
Processing component 10 of 100...✅
Processing component 20 of 100...✅
Processing component 30 of 100...✅
Processing component 40 of 100...✅
Processing component 50 of 100...✅
Processing component 60 of 100...✅
Processing component 70 of 100...✅
Processing component 80 of 100...✅
Processing component 90 of 100...✅
Processing component 100 of 100...✅
Checkpoint saved. Elapsed time: 78500.78 seconds.
Processing sample 33 of 9000...
Processing component 10 of 100...✅
Processing component 20 of 100...✅
Processing component 30 of 100...✅
Processing component 40 of 100...✅
Processing component 50 of 100...✅
Processing component 60 of 100...✅
Processing component 70 of 100...✅
Processing component 80 of 100...✅
Processing component 90 of 100...✅
Processing component 100 of 100...✅
Checkpoint saved. Elapsed time: 80993.31 seconds.
Processing sample 34 of 9000...
Processing component 10 of 100...✅
Processing component 20 of 100...✅
Processing component 30 of 100...✅
Processing component 40 of 100...✅
Processing component 50 of 100...✅
Processing component 60 of 100...✅
Processing component 70 of 100...✅
Processing component 80 of 100...✅
Processing component 90 of 100...✅
Processing component 100 of 100...✅
Checkpoint saved. Elapsed time: 83441.59 seconds.
Processing sample 35 of 9000...
Processing component 10 of 100...✅
Processing component 20 of 100...✅
Processing component 30 of 100...✅
Processing component 40 of 100...✅
Processing component 50 of 100...✅
Processing component 60 of 100...✅
Processing component 70 of 100...✅
Processing component 80 of 100...✅
Processing component 90 of 100...✅
Processing component 100 of 100...✅
Checkpoint saved. Elapsed time: 85892.83 seconds.
Processing sample 36 of 9000...
Processing component 10 of 100...✅
Processing component 20 of 100...✅
Processing component 30 of 100...✅
Processing component 40 of 100...✅
Processing component 50 of 100...✅
Processing component 60 of 100...✅
Processing component 70 of 100...✅
Processing component 80 of 100...✅
Processing component 90 of 100...✅
Processing component 100 of 100...✅
Checkpoint saved. Elapsed time: 88371.84 seconds.
Processing sample 37 of 9000...
Processing component 10 of 100...✅
Processing component 20 of 100...✅
Processing component 30 of 100...✅
Processing component 40 of 100...✅
Processing component 50 of 100...✅
Processing component 60 of 100...✅
Processing component 70 of 100...✅
Processing component 80 of 100...✅
Processing component 90 of 100...✅
Processing component 100 of 100...✅
Checkpoint saved. Elapsed time: 90914.76 seconds.
Processing sample 38 of 9000...
Processing component 10 of 100...✅
Processing component 20 of 100...✅
Processing component 30 of 100...✅
Processing component 40 of 100...✅
Processing component 50 of 100...✅
Processing component 60 of 100...✅
Processing component 70 of 100...✅
Processing component 80 of 100...✅
Processing component 90 of 100...✅
Processing component 100 of 100...✅
Checkpoint saved. Elapsed time: 93515.71 seconds.
Processing sample 39 of 9000...
Processing component 10 of 100...✅
Processing component 20 of 100...✅
Processing component 30 of 100...✅
Processing component 40 of 100...✅
Processing component 50 of 100...✅
Processing component 60 of 100...✅
Processing component 70 of 100...✅
Processing component 80 of 100...✅
Processing component 90 of 100...✅
Processing component 100 of 100...✅
Checkpoint saved. Elapsed time: 96087.30 seconds.
Processing sample 40 of 9000...
Processing component 10 of 100...✅
Processing component 20 of 100...✅
Processing component 30 of 100...✅
Processing component 40 of 100...✅
Processing component 50 of 100...✅
Processing component 60 of 100...✅
Processing component 70 of 100...✅
Processing component 80 of 100...✅
Processing component 90 of 100...✅
Processing component 100 of 100...✅
Checkpoint saved. Elapsed time: 98624.84 seconds.
Processing sample 41 of 9000...
Processing component 10 of 100...✅
Processing component 20 of 100...✅
Processing component 30 of 100...✅
Processing component 40 of 100...✅
Processing component 50 of 100...✅
Processing component 60 of 100...✅
Processing component 70 of 100...✅
Processing component 80 of 100...✅
Processing component 90 of 100...✅
Processing component 100 of 100...✅
Checkpoint saved. Elapsed time: 101101.16 seconds.
Processing sample 42 of 9000...
Processing component 10 of 100...✅
Processing component 20 of 100...✅
Processing component 30 of 100...✅
Processing component 40 of 100...✅
Processing component 50 of 100...✅
Processing component 60 of 100...✅
Processing component 70 of 100...✅
Processing component 80 of 100...✅
Processing component 90 of 100...✅
Processing component 100 of 100...✅
Checkpoint saved. Elapsed time: 103745.21 seconds.
Processing sample 43 of 9000...
Processing component 10 of 100...✅
Processing component 20 of 100...✅
Processing component 30 of 100...✅
Processing component 40 of 100...✅
Processing component 50 of 100...✅
Processing component 60 of 100...✅
Processing component 70 of 100...✅
Processing component 80 of 100...✅
Processing component 90 of 100...✅
Processing component 100 of 100...✅
Checkpoint saved. Elapsed time: 106248.60 seconds.
Processing sample 44 of 9000...
Processing component 10 of 100...✅
Processing component 20 of 100...✅
Processing component 30 of 100...✅
Processing component 40 of 100...✅
Processing component 50 of 100...✅
Processing component 60 of 100...✅
Processing component 70 of 100...✅
Processing component 80 of 100...✅
Processing component 90 of 100...✅
Processing component 100 of 100...✅
Checkpoint saved. Elapsed time: 108808.84 seconds.
Processing sample 45 of 9000...
Processing component 10 of 100...✅
Processing component 20 of 100...✅
Processing component 30 of 100...✅
Processing component 40 of 100...✅
Processing component 50 of 100...✅
Processing component 60 of 100...✅
Processing component 70 of 100...✅
Processing component 80 of 100...✅
Processing component 90 of 100...✅
Processing component 100 of 100...✅
Checkpoint saved. Elapsed time: 111397.77 seconds.
Processing sample 46 of 9000...
Processing component 10 of 100...✅
Processing component 20 of 100...✅
Processing component 30 of 100...✅
Processing component 40 of 100...✅
Processing component 50 of 100...✅
Processing component 60 of 100...✅
Processing component 70 of 100...✅
Processing component 80 of 100...✅
Processing component 90 of 100...✅
Processing component 100 of 100...✅
Checkpoint saved. Elapsed time: 113856.33 seconds.
Processing sample 47 of 9000...
Processing component 10 of 100...✅
Processing component 20 of 100...✅
Processing component 30 of 100...✅
Processing component 40 of 100...✅
Processing component 50 of 100...✅
Processing component 60 of 100...✅
Processing component 70 of 100...✅
Processing component 80 of 100...✅
Processing component 90 of 100...✅
Processing component 100 of 100...✅
Checkpoint saved. Elapsed time: 116431.85 seconds.
Processing sample 48 of 9000...
Processing component 10 of 100...✅
Processing component 20 of 100...✅
Processing component 30 of 100...✅
Processing component 40 of 100...✅
Processing component 50 of 100...✅
Processing component 60 of 100...✅
Processing component 70 of 100...✅
Processing component 80 of 100...✅
Processing component 90 of 100...✅
Processing component 100 of 100...✅
Checkpoint saved. Elapsed time: 119015.30 seconds.
Processing sample 49 of 9000...
Processing component 10 of 100...✅
Processing component 20 of 100...✅
Processing component 30 of 100...✅
Processing component 40 of 100...✅
Processing component 50 of 100...✅
Processing component 60 of 100...✅
Processing component 70 of 100...✅
Processing component 80 of 100...✅
Processing component 90 of 100...✅
Processing component 100 of 100...✅
Checkpoint saved. Elapsed time: 121456.06 seconds.
Processing sample 50 of 9000...
Processing component 10 of 100...✅
Processing component 20 of 100...✅
Processing component 30 of 100...✅
Processing component 40 of 100...✅
Processing component 50 of 100...✅
Processing component 60 of 100...✅
Processing component 70 of 100...✅
Processing component 80 of 100...✅
Processing component 90 of 100...✅
Processing component 100 of 100...✅
Checkpoint saved. Elapsed time: 123948.94 seconds.
Processing sample 51 of 9000...
Processing component 10 of 100...✅
Processing component 20 of 100...✅
Processing component 30 of 100...✅
Processing component 40 of 100...✅
Processing component 50 of 100...✅
Processing component 60 of 100...✅
Processing component 70 of 100...✅
Processing component 80 of 100...✅
Processing component 90 of 100...✅
Processing component 100 of 100...✅
Checkpoint saved. Elapsed time: 126457.71 seconds.
Processing sample 52 of 9000...
Processing component 10 of 100...✅
Processing component 20 of 100...✅
Processing component 30 of 100...✅
Processing component 40 of 100...✅
Processing component 50 of 100...✅
Processing component 60 of 100...✅
Processing component 70 of 100...✅
Processing component 80 of 100...✅
Processing component 90 of 100...✅
Processing component 100 of 100...✅
Checkpoint saved. Elapsed time: 128914.49 seconds.
Processing sample 53 of 9000...
Processing component 10 of 100...✅
Processing component 20 of 100...✅
Processing component 30 of 100...✅
Processing component 40 of 100...✅
Processing component 50 of 100...✅
Processing component 60 of 100...✅
Processing component 70 of 100...✅
Processing component 80 of 100...✅
Processing component 90 of 100...✅
Processing component 100 of 100...✅
Checkpoint saved. Elapsed time: 131381.38 seconds.
Processing sample 54 of 9000...
Processing component 10 of 100...✅
Processing component 20 of 100...✅
Processing component 30 of 100...✅
Processing component 40 of 100...✅
Processing component 50 of 100...✅
Processing component 60 of 100...✅
Processing component 70 of 100...✅
Processing component 80 of 100...✅
Processing component 90 of 100...✅
Processing component 100 of 100...✅
Checkpoint saved. Elapsed time: 133847.25 seconds.
Processing sample 55 of 9000...
Processing component 10 of 100...✅
Processing component 20 of 100...✅
Processing component 30 of 100...✅
Processing component 40 of 100...✅
Processing component 50 of 100...✅
Processing component 60 of 100...✅
Processing component 70 of 100...✅
Processing component 80 of 100...✅
Processing component 90 of 100...✅
Processing component 100 of 100...✅
Checkpoint saved. Elapsed time: 136441.58 seconds.
Processing sample 56 of 9000...
Processing component 10 of 100...✅
Processing component 20 of 100...✅
Processing component 30 of 100...✅
Processing component 40 of 100...✅
Processing component 50 of 100...✅
Processing component 60 of 100...✅
Processing component 70 of 100...✅
Processing component 80 of 100...✅
Processing component 90 of 100...✅
Processing component 100 of 100...✅
Checkpoint saved. Elapsed time: 138970.59 seconds.
Processing sample 57 of 9000...
Processing component 10 of 100...✅
Processing component 20 of 100...✅
Processing component 30 of 100...✅
Processing component 40 of 100...✅
Processing component 50 of 100...✅
Processing component 60 of 100...✅
Processing component 70 of 100...✅
Processing component 80 of 100...✅
Processing component 90 of 100...✅
Processing component 100 of 100...✅
Checkpoint saved. Elapsed time: 141396.76 seconds.
Processing sample 58 of 9000...
Processing component 10 of 100...✅
Processing component 20 of 100...✅
Processing component 30 of 100...✅
Processing component 40 of 100...✅
Processing component 50 of 100...✅
Processing component 60 of 100...✅
Processing component 70 of 100...✅
Processing component 80 of 100...✅
Processing component 90 of 100...✅
Processing component 100 of 100...✅
Checkpoint saved. Elapsed time: 143776.60 seconds.
Processing sample 59 of 9000...
Processing component 10 of 100...✅
Processing component 20 of 100...✅
Processing component 30 of 100...✅
Processing component 40 of 100...✅
