------------------------------------
Tue 21 Jul 2026 19:27:19 IDT
SLURM_JOBID:		19482594
SLURM_JOB_NODELIST:	ise-cpu256-07
SLURM_SCRATCH_DIR:	/scratch/ohadshee/19482594
Allocated Resouces:	cpu - 4 / mem - 24576 MB / gpu - 
SLURM_GPU_INDEX:	
Running as ohadshee from golan.neuro account with normal QOS
------------------------------------
Running on host: ise-cpu256-07.auth.ad.bgu.ac.il
Job ID: 19482594
CPUs per task: 4
Python path: /home/ohadshee/.conda/envs/pid_env/bin/python
Conda environment: pid_env
Project root directory: /home/ohadshee/Desktop/Partial-Information-Decomposition/external/mayas_project
Using device: cpu
Number of images: 73000
Image shape: (425, 425, 3), dtype: uint8
nsdID shape: (73000,), Shared1000 shape: (73000,)
Neural data shape: (10000, 8088)
Image IDs shape: (10000,)
Number of voxels: 8088
Number of projections for SRP: 7894

Loaded target with shape (10000, 8088).
Loaded subject subj01 with 9000 unique images and 1000 shared held-out images.
Unique neural data shape after limiting to max_features=150: (9000, 8088)

Running Eigenvector PCA with cross-validation!!!
Using default PCA fitting function (SVD)!!!
Processing sample 1 of 9000...
Skipping sample 0 (already completed)✅
Processing sample 2 of 9000...
Skipping sample 1 (already completed)✅
Processing sample 3 of 9000...
Skipping sample 2 (already completed)✅
Processing sample 4 of 9000...
Skipping sample 3 (already completed)✅
Processing sample 5 of 9000...
Skipping sample 4 (already completed)✅
Processing sample 6 of 9000...
Skipping sample 5 (already completed)✅
Processing sample 7 of 9000...
Skipping sample 6 (already completed)✅
Processing sample 8 of 9000...
Skipping sample 7 (already completed)✅
Processing sample 9 of 9000...
Skipping sample 8 (already completed)✅
Processing sample 10 of 9000...
Skipping sample 9 (already completed)✅
Processing sample 11 of 9000...
Skipping sample 10 (already completed)✅
Processing sample 12 of 9000...
Skipping sample 11 (already completed)✅
Processing sample 13 of 9000...
Skipping sample 12 (already completed)✅
Processing sample 14 of 9000...
Skipping sample 13 (already completed)✅
Processing sample 15 of 9000...
Skipping sample 14 (already completed)✅
Processing sample 16 of 9000...
Skipping sample 15 (already completed)✅
Processing sample 17 of 9000...
Skipping sample 16 (already completed)✅
Processing sample 18 of 9000...
Skipping sample 17 (already completed)✅
Processing sample 19 of 9000...
Skipping sample 18 (already completed)✅
Processing sample 20 of 9000...
Skipping sample 19 (already completed)✅
Processing sample 21 of 9000...
Skipping sample 20 (already completed)✅
Processing sample 22 of 9000...
Skipping sample 21 (already completed)✅
Processing sample 23 of 9000...
Skipping sample 22 (already completed)✅
Processing sample 24 of 9000...
Skipping sample 23 (already completed)✅
Processing sample 25 of 9000...
Skipping sample 24 (already completed)✅
Processing sample 26 of 9000...
Skipping sample 25 (already completed)✅
Processing sample 27 of 9000...
Skipping sample 26 (already completed)✅
Processing sample 28 of 9000...
Skipping sample 27 (already completed)✅
Processing sample 29 of 9000...
Skipping sample 28 (already completed)✅
Processing sample 30 of 9000...
Skipping sample 29 (already completed)✅
Processing sample 31 of 9000...
Skipping sample 30 (already completed)✅
Processing sample 32 of 9000...
Skipping sample 31 (already completed)✅
Processing sample 33 of 9000...
Skipping sample 32 (already completed)✅
Processing sample 34 of 9000...
Skipping sample 33 (already completed)✅
Processing sample 35 of 9000...
Skipping sample 34 (already completed)✅
Processing sample 36 of 9000...
Skipping sample 35 (already completed)✅
Processing sample 37 of 9000...
Skipping sample 36 (already completed)✅
Processing sample 38 of 9000...
Skipping sample 37 (already completed)✅
Processing sample 39 of 9000...
Skipping sample 38 (already completed)✅
Processing sample 40 of 9000...
Skipping sample 39 (already completed)✅
Processing sample 41 of 9000...
Skipping sample 40 (already completed)✅
Processing sample 42 of 9000...
Skipping sample 41 (already completed)✅
Processing sample 43 of 9000...
Skipping sample 42 (already completed)✅
Processing sample 44 of 9000...
Skipping sample 43 (already completed)✅
Processing sample 45 of 9000...
Skipping sample 44 (already completed)✅
Processing sample 46 of 9000...
Skipping sample 45 (already completed)✅
Processing sample 47 of 9000...
Skipping sample 46 (already completed)✅
Processing sample 48 of 9000...
Skipping sample 47 (already completed)✅
Processing sample 49 of 9000...
Skipping sample 48 (already completed)✅
Processing sample 50 of 9000...
Skipping sample 49 (already completed)✅
Processing sample 51 of 9000...
Skipping sample 50 (already completed)✅
Processing sample 52 of 9000...
Skipping sample 51 (already completed)✅
Processing sample 53 of 9000...
Skipping sample 52 (already completed)✅
Processing sample 54 of 9000...
Skipping sample 53 (already completed)✅
Processing sample 55 of 9000...
Skipping sample 54 (already completed)✅
Processing sample 56 of 9000...
Skipping sample 55 (already completed)✅
Processing sample 57 of 9000...
Skipping sample 56 (already completed)✅
Processing sample 58 of 9000...
Processing component 10 of 150...✅
Processing component 20 of 150...✅
Processing component 30 of 150...✅
Processing component 40 of 150...✅
Processing component 50 of 150...✅
Processing component 60 of 150...✅
Processing component 70 of 150...✅
Processing component 80 of 150...✅
Processing component 90 of 150...✅
Processing component 100 of 150...✅
Processing component 110 of 150...✅
Processing component 120 of 150...✅
Processing component 130 of 150...✅
Processing component 140 of 150...✅
Processing component 150 of 150...✅
Checkpoint saved. Elapsed time: 7774.92 seconds.
Processing sample 59 of 9000...
Processing component 10 of 150...✅
Processing component 20 of 150...✅
Processing component 30 of 150...✅
Processing component 40 of 150...✅
Processing component 50 of 150...✅
Processing component 60 of 150...✅
Processing component 70 of 150...✅
Processing component 80 of 150...✅
Processing component 90 of 150...✅
Processing component 100 of 150...✅
Processing component 110 of 150...✅
Processing component 120 of 150...✅
Processing component 130 of 150...✅
Processing component 140 of 150...✅
Processing component 150 of 150...✅
Checkpoint saved. Elapsed time: 14821.80 seconds.
Processing sample 60 of 9000...
Processing component 10 of 150...✅
Processing component 20 of 150...✅
Processing component 30 of 150...✅
Processing component 40 of 150...✅
Processing component 50 of 150...✅
Processing component 60 of 150...✅
Processing component 70 of 150...✅
Processing component 80 of 150...✅
Processing component 90 of 150...✅
Processing component 100 of 150...✅
Processing component 110 of 150...✅
Processing component 120 of 150...✅
Processing component 130 of 150...✅
Processing component 140 of 150...✅
Processing component 150 of 150...✅
Checkpoint saved. Elapsed time: 24755.39 seconds.
Processing sample 61 of 9000...
Processing component 10 of 150...✅
Processing component 20 of 150...✅
Processing component 30 of 150...✅
Processing component 40 of 150...✅
Processing component 50 of 150...✅
Processing component 60 of 150...✅
Processing component 70 of 150...✅
Processing component 80 of 150...✅
Processing component 90 of 150...✅
Processing component 100 of 150...✅
Processing component 110 of 150...✅
Processing component 120 of 150...✅
Processing component 130 of 150...✅
Processing component 140 of 150...✅
Processing component 150 of 150...✅
Checkpoint saved. Elapsed time: 30870.88 seconds.
Processing sample 62 of 9000...
Processing component 10 of 150...✅
Processing component 20 of 150...✅
Processing component 30 of 150...✅
Processing component 40 of 150...✅
Processing component 50 of 150...✅
Processing component 60 of 150...✅
Processing component 70 of 150...✅
Processing component 80 of 150...✅
Processing component 90 of 150...✅
Processing component 100 of 150...✅
Processing component 110 of 150...✅
Processing component 120 of 150...✅
Processing component 130 of 150...✅
Processing component 140 of 150...✅
Processing component 150 of 150...✅
Checkpoint saved. Elapsed time: 36902.59 seconds.
Processing sample 63 of 9000...
Processing component 10 of 150...✅
Processing component 20 of 150...✅
Processing component 30 of 150...✅
Processing component 40 of 150...✅
Processing component 50 of 150...✅
Processing component 60 of 150...✅
Processing component 70 of 150...✅
Processing component 80 of 150...✅
Processing component 90 of 150...✅
Processing component 100 of 150...✅
Processing component 110 of 150...✅
Processing component 120 of 150...✅
Processing component 130 of 150...✅
Processing component 140 of 150...✅
Processing component 150 of 150...✅
Checkpoint saved. Elapsed time: 42793.19 seconds.
Processing sample 64 of 9000...
Processing component 10 of 150...✅
Processing component 20 of 150...✅
Processing component 30 of 150...✅
Processing component 40 of 150...✅
Processing component 50 of 150...✅
Processing component 60 of 150...✅
Processing component 70 of 150...✅
Processing component 80 of 150...✅
Processing component 90 of 150...✅
Processing component 100 of 150...✅
Processing component 110 of 150...✅
Processing component 120 of 150...✅
Processing component 130 of 150...✅
Processing component 140 of 150...✅
Processing component 150 of 150...✅
Checkpoint saved. Elapsed time: 53741.02 seconds.
Processing sample 65 of 9000...
Processing component 10 of 150...✅
Processing component 20 of 150...✅
Processing component 30 of 150...✅
Processing component 40 of 150...✅
Processing component 50 of 150...✅
Processing component 60 of 150...✅
Processing component 70 of 150...✅
Processing component 80 of 150...✅
Processing component 90 of 150...✅
Processing component 100 of 150...✅
Processing component 110 of 150...✅
Processing component 120 of 150...✅
Processing component 130 of 150...✅
Processing component 140 of 150...✅
Processing component 150 of 150...✅
Checkpoint saved. Elapsed time: 60612.95 seconds.
Processing sample 66 of 9000...
Processing component 10 of 150...✅
Processing component 20 of 150...✅
Processing component 30 of 150...✅
Processing component 40 of 150...✅
Processing component 50 of 150...✅
Processing component 60 of 150...✅
Processing component 70 of 150...✅
Processing component 80 of 150...✅
Processing component 90 of 150...✅
Processing component 100 of 150...✅
Processing component 110 of 150...✅
Processing component 120 of 150...✅
Processing component 130 of 150...✅
Processing component 140 of 150...✅
Processing component 150 of 150...✅
Checkpoint saved. Elapsed time: 67914.58 seconds.
Processing sample 67 of 9000...
Processing component 10 of 150...✅
Processing component 20 of 150...✅
Processing component 30 of 150...✅
Processing component 40 of 150...✅
Processing component 50 of 150...✅
Processing component 60 of 150...✅
Processing component 70 of 150...✅
Processing component 80 of 150...✅
Processing component 90 of 150...✅
Processing component 100 of 150...✅
Processing component 110 of 150...✅
Processing component 120 of 150...✅
Processing component 130 of 150...✅
Processing component 140 of 150...✅
Processing component 150 of 150...✅
Checkpoint saved. Elapsed time: 87511.93 seconds.
Processing sample 68 of 9000...
Processing component 10 of 150...✅
Processing component 20 of 150...✅
Processing component 30 of 150...✅
Processing component 40 of 150...✅
Processing component 50 of 150...✅
Processing component 60 of 150...✅
Processing component 70 of 150...✅
Processing component 80 of 150...✅
Processing component 90 of 150...✅
Processing component 100 of 150...✅
Processing component 110 of 150...✅
Processing component 120 of 150...✅
Processing component 130 of 150...✅
Processing component 140 of 150...✅
Processing component 150 of 150...✅
Checkpoint saved. Elapsed time: 94400.13 seconds.
Processing sample 69 of 9000...
Processing component 10 of 150...✅
Processing component 20 of 150...✅
Processing component 30 of 150...✅
Processing component 40 of 150...✅
Processing component 50 of 150...✅
Processing component 60 of 150...✅
Processing component 70 of 150...✅
Processing component 80 of 150...✅
Processing component 90 of 150...✅
Processing component 100 of 150...✅
Processing component 110 of 150...✅
Processing component 120 of 150...✅
Processing component 130 of 150...✅
Processing component 140 of 150...✅
Processing component 150 of 150...✅
Checkpoint saved. Elapsed time: 101610.07 seconds.
Processing sample 70 of 9000...
Processing component 10 of 150...✅
Processing component 20 of 150...✅
Processing component 30 of 150...✅
Processing component 40 of 150...✅
Processing component 50 of 150...✅
Processing component 60 of 150...✅
Processing component 70 of 150...✅
Processing component 80 of 150...✅
Processing component 90 of 150...✅
Processing component 100 of 150...✅
Processing component 110 of 150...✅
Processing component 120 of 150...✅
Processing component 130 of 150...✅
Processing component 140 of 150...✅
Processing component 150 of 150...✅
Checkpoint saved. Elapsed time: 108700.04 seconds.
Processing sample 71 of 9000...
Processing component 10 of 150...✅
Processing component 20 of 150...✅
Processing component 30 of 150...✅
Processing component 40 of 150...✅
Processing component 50 of 150...✅
Processing component 60 of 150...✅
Processing component 70 of 150...✅
Processing component 80 of 150...✅
Processing component 90 of 150...✅
Processing component 100 of 150...✅
Processing component 110 of 150...✅
Processing component 120 of 150...✅
Processing component 130 of 150...✅
Processing component 140 of 150...✅
Processing component 150 of 150...✅
Checkpoint saved. Elapsed time: 115832.16 seconds.
Processing sample 72 of 9000...
Processing component 10 of 150...✅
Processing component 20 of 150...✅
Processing component 30 of 150...✅
Processing component 40 of 150...✅
Processing component 50 of 150...✅
Processing component 60 of 150...✅
Processing component 70 of 150...✅
Processing component 80 of 150...✅
Processing component 90 of 150...✅
Processing component 100 of 150...✅
Processing component 110 of 150...✅
Processing component 120 of 150...✅
Processing component 130 of 150...✅
Processing component 140 of 150...✅
Processing component 150 of 150...✅
Checkpoint saved. Elapsed time: 122792.34 seconds.
Processing sample 73 of 9000...
Processing component 10 of 150...✅
Processing component 20 of 150...✅
Processing component 30 of 150...✅
Processing component 40 of 150...✅
Processing component 50 of 150...✅
Processing component 60 of 150...✅
Processing component 70 of 150...✅
Processing component 80 of 150...✅
Processing component 90 of 150...✅
Processing component 100 of 150...✅
Processing component 110 of 150...✅
Processing component 120 of 150...✅
Processing component 130 of 150...✅
Processing component 140 of 150...✅
Processing component 150 of 150...✅
Checkpoint saved. Elapsed time: 129747.74 seconds.
Processing sample 74 of 9000...
Processing component 10 of 150...✅
Processing component 20 of 150...✅
Processing component 30 of 150...✅
Processing component 40 of 150...✅
Processing component 50 of 150...✅
Processing component 60 of 150...✅
Processing component 70 of 150...✅
Processing component 80 of 150...✅
Processing component 90 of 150...✅
Processing component 100 of 150...✅
Processing component 110 of 150...✅
Processing component 120 of 150...✅
Processing component 130 of 150...✅
Processing component 140 of 150...✅
Processing component 150 of 150...✅
Checkpoint saved. Elapsed time: 137149.81 seconds.
Processing sample 75 of 9000...
Processing component 10 of 150...✅
Processing component 20 of 150...✅
Processing component 30 of 150...✅
Processing component 40 of 150...✅
Processing component 50 of 150...✅
Processing component 60 of 150...✅
Processing component 70 of 150...✅
Processing component 80 of 150...✅
Processing component 90 of 150...✅
Processing component 100 of 150...✅
Processing component 110 of 150...✅
Processing component 120 of 150...✅
Processing component 130 of 150...✅
Processing component 140 of 150...✅
Processing component 150 of 150...✅
Checkpoint saved. Elapsed time: 143856.66 seconds.
Processing sample 76 of 9000...
Processing component 10 of 150...✅
Processing component 20 of 150...✅
Processing component 30 of 150...✅
Processing component 40 of 150...✅
Processing component 50 of 150...✅
Processing component 60 of 150...✅
Processing component 70 of 150...✅
Processing component 80 of 150...✅
Processing component 90 of 150...✅
Processing component 100 of 150...✅
Processing component 110 of 150...✅
Processing component 120 of 150...✅
Processing component 130 of 150...✅
Processing component 140 of 150...✅
Processing component 150 of 150...✅
Checkpoint saved. Elapsed time: 152058.38 seconds.
Processing sample 77 of 9000...
Processing component 10 of 150...✅
Processing component 20 of 150...✅
Processing component 30 of 150...✅
Processing component 40 of 150...✅
Processing component 50 of 150...✅
Processing component 60 of 150...✅
Processing component 70 of 150...✅
Processing component 80 of 150...✅
Processing component 90 of 150...✅
Processing component 100 of 150...✅
Processing component 110 of 150...✅
Processing component 120 of 150...✅
Processing component 130 of 150...✅
Processing component 140 of 150...✅
Processing component 150 of 150...✅
Checkpoint saved. Elapsed time: 162390.06 seconds.
Processing sample 78 of 9000...
Processing component 10 of 150...✅
Processing component 20 of 150...✅
Processing component 30 of 150...✅
Processing component 40 of 150...✅
Processing component 50 of 150...✅
Processing component 60 of 150...✅
Processing component 70 of 150...✅
Processing component 80 of 150...✅
Processing component 90 of 150...✅
Processing component 100 of 150...✅
Processing component 110 of 150...✅
Processing component 120 of 150...✅
Processing component 130 of 150...✅
Processing component 140 of 150...✅
Processing component 150 of 150...✅
Checkpoint saved. Elapsed time: 169125.04 seconds.
Processing sample 79 of 9000...
Processing component 10 of 150...✅
Processing component 20 of 150...✅
Processing component 30 of 150...✅
Processing component 40 of 150...✅
Processing component 50 of 150...✅
Processing component 60 of 150...✅
Processing component 70 of 150...✅
Processing component 80 of 150...✅
Processing component 90 of 150...✅
Processing component 100 of 150...✅
Processing component 110 of 150...✅
Processing component 120 of 150...✅
Processing component 130 of 150...✅
Processing component 140 of 150...✅
Processing component 150 of 150...✅
Checkpoint saved. Elapsed time: 180411.34 seconds.
Processing sample 80 of 9000...
Processing component 10 of 150...✅
Processing component 20 of 150...✅
Processing component 30 of 150...✅
Processing component 40 of 150...✅
Processing component 50 of 150...✅
Processing component 60 of 150...✅
Processing component 70 of 150...✅
Processing component 80 of 150...✅
Processing component 90 of 150...✅
Processing component 100 of 150...✅
Processing component 110 of 150...✅
Processing component 120 of 150...✅
Processing component 130 of 150...✅
Processing component 140 of 150...✅
Processing component 150 of 150...✅
Checkpoint saved. Elapsed time: 187204.24 seconds.
Processing sample 81 of 9000...
Processing component 10 of 150...✅
Processing component 20 of 150...✅
Processing component 30 of 150...✅
Processing component 40 of 150...✅
Processing component 50 of 150...✅
Processing component 60 of 150...✅
Processing component 70 of 150...✅
Processing component 80 of 150...✅
Processing component 90 of 150...✅
Processing component 100 of 150...✅
Processing component 110 of 150...✅
Processing component 120 of 150...✅
Processing component 130 of 150...✅
Processing component 140 of 150...✅
Processing component 150 of 150...✅
Checkpoint saved. Elapsed time: 194261.02 seconds.
Processing sample 82 of 9000...
Processing component 10 of 150...✅
Processing component 20 of 150...✅
Processing component 30 of 150...✅
Processing component 40 of 150...✅
Processing component 50 of 150...✅
Processing component 60 of 150...✅
Processing component 70 of 150...✅
Processing component 80 of 150...✅
Processing component 90 of 150...✅
Processing component 100 of 150...✅
Processing component 110 of 150...✅
Processing component 120 of 150...✅
Processing component 130 of 150...✅
Processing component 140 of 150...✅
Processing component 150 of 150...✅
Checkpoint saved. Elapsed time: 219105.20 seconds.
Processing sample 83 of 9000...
Processing component 10 of 150...✅
Processing component 20 of 150...✅
Processing component 30 of 150...✅
Processing component 40 of 150...✅
Processing component 50 of 150...✅
Processing component 60 of 150...✅
Processing component 70 of 150...✅
Processing component 80 of 150...✅
Processing component 90 of 150...✅
Processing component 100 of 150...✅
Processing component 110 of 150...✅
Processing component 120 of 150...✅
Processing component 130 of 150...✅
Processing component 140 of 150...✅
Processing component 150 of 150...✅
Checkpoint saved. Elapsed time: 225520.45 seconds.
Processing sample 84 of 9000...
Processing component 10 of 150...✅
Processing component 20 of 150...✅
Processing component 30 of 150...✅
Processing component 40 of 150...✅
Processing component 50 of 150...✅
Processing component 60 of 150...✅
Processing component 70 of 150...✅
Processing component 80 of 150...✅
Processing component 90 of 150...✅
Processing component 100 of 150...✅
Processing component 110 of 150...✅
Processing component 120 of 150...✅
Processing component 130 of 150...✅
Processing component 140 of 150...✅
Processing component 150 of 150...✅
Checkpoint saved. Elapsed time: 231909.59 seconds.
Processing sample 85 of 9000...
Processing component 10 of 150...✅
Processing component 20 of 150...✅
Processing component 30 of 150...✅
Processing component 40 of 150...✅
Processing component 50 of 150...✅
Processing component 60 of 150...✅
Processing component 70 of 150...✅
Processing component 80 of 150...✅
Processing component 90 of 150...✅
Processing component 100 of 150...✅
Processing component 110 of 150...✅
Processing component 120 of 150...✅
Processing component 130 of 150...✅
Processing component 140 of 150...✅
Processing component 150 of 150...✅
Checkpoint saved. Elapsed time: 238296.74 seconds.
Processing sample 86 of 9000...
Processing component 10 of 150...✅
Processing component 20 of 150...✅
Processing component 30 of 150...✅
Processing component 40 of 150...✅
Processing component 50 of 150...✅
Processing component 60 of 150...✅
Processing component 70 of 150...✅
Processing component 80 of 150...✅
Processing component 90 of 150...✅
Processing component 100 of 150...✅
Processing component 110 of 150...✅
Processing component 120 of 150...✅
Processing component 130 of 150...✅
Processing component 140 of 150...✅
Processing component 150 of 150...✅
Checkpoint saved. Elapsed time: 244718.96 seconds.
Processing sample 87 of 9000...
Processing component 10 of 150...✅
Processing component 20 of 150...✅
Processing component 30 of 150...✅
Processing component 40 of 150...✅
Processing component 50 of 150...✅
Processing component 60 of 150...✅
Processing component 70 of 150...✅
Processing component 80 of 150...✅
Processing component 90 of 150...✅
Processing component 100 of 150...✅
Processing component 110 of 150...✅
Processing component 120 of 150...✅
Processing component 130 of 150...✅
Processing component 140 of 150...✅
Processing component 150 of 150...✅
Checkpoint saved. Elapsed time: 251126.17 seconds.
Processing sample 88 of 9000...
Processing component 10 of 150...✅
Processing component 20 of 150...✅
Processing component 30 of 150...✅
Processing component 40 of 150...✅
Processing component 50 of 150...✅
Processing component 60 of 150...✅
Processing component 70 of 150...✅
Processing component 80 of 150...✅
Processing component 90 of 150...✅
Processing component 100 of 150...✅
Processing component 110 of 150...✅
Processing component 120 of 150...✅
Processing component 130 of 150...✅
Processing component 140 of 150...✅
Processing component 150 of 150...✅
Checkpoint saved. Elapsed time: 257599.65 seconds.
Processing sample 89 of 9000...
Processing component 10 of 150...✅
Processing component 20 of 150...✅
Processing component 30 of 150...✅
Processing component 40 of 150...✅
Processing component 50 of 150...✅
Processing component 60 of 150...✅
Processing component 70 of 150...✅
Processing component 80 of 150...✅
Processing component 90 of 150...✅
Processing component 100 of 150...✅
Processing component 110 of 150...✅
Processing component 120 of 150...✅
Processing component 130 of 150...✅
Processing component 140 of 150...✅
Processing component 150 of 150...✅
Checkpoint saved. Elapsed time: 264223.61 seconds.
Processing sample 90 of 9000...
Processing component 10 of 150...✅
Processing component 20 of 150...✅
Processing component 30 of 150...✅
Processing component 40 of 150...✅
Processing component 50 of 150...✅
Processing component 60 of 150...✅
Processing component 70 of 150...✅
Processing component 80 of 150...✅
Processing component 90 of 150...✅
Processing component 100 of 150...✅
Processing component 110 of 150...✅
Processing component 120 of 150...✅
Processing component 130 of 150...✅
Processing component 140 of 150...✅
Processing component 150 of 150...✅
Checkpoint saved. Elapsed time: 270728.62 seconds.
Processing sample 91 of 9000...
Processing component 10 of 150...✅
Processing component 20 of 150...✅
Processing component 30 of 150...✅
Processing component 40 of 150...✅
Processing component 50 of 150...✅
Processing component 60 of 150...✅
Processing component 70 of 150...✅
Processing component 80 of 150...✅
Processing component 90 of 150...✅
Processing component 100 of 150...✅
Processing component 110 of 150...✅
Processing component 120 of 150...✅
Processing component 130 of 150...✅
Processing component 140 of 150...✅
Processing component 150 of 150...✅
Checkpoint saved. Elapsed time: 277174.76 seconds.
Processing sample 92 of 9000...
Processing component 10 of 150...✅
Processing component 20 of 150...✅
Processing component 30 of 150...✅
Processing component 40 of 150...✅
Processing component 50 of 150...✅
Processing component 60 of 150...✅
Processing component 70 of 150...✅
Processing component 80 of 150...✅
Processing component 90 of 150...✅
Processing component 100 of 150...✅
Processing component 110 of 150...✅
Processing component 120 of 150...✅
Processing component 130 of 150...✅
Processing component 140 of 150...✅
Processing component 150 of 150...✅
Checkpoint saved. Elapsed time: 283555.67 seconds.
Processing sample 93 of 9000...
Processing component 10 of 150...✅
Processing component 20 of 150...✅
Processing component 30 of 150...✅
Processing component 40 of 150...✅
Processing component 50 of 150...✅
Processing component 60 of 150...✅
Processing component 70 of 150...✅
Processing component 80 of 150...✅
Processing component 90 of 150...✅
Processing component 100 of 150...✅
Processing component 110 of 150...✅
Processing component 120 of 150...✅
Processing component 130 of 150...✅
Processing component 140 of 150...✅
Processing component 150 of 150...✅
Checkpoint saved. Elapsed time: 289971.49 seconds.
Processing sample 94 of 9000...
Processing component 10 of 150...✅
Processing component 20 of 150...✅
Processing component 30 of 150...✅
Processing component 40 of 150...✅
Processing component 50 of 150...✅
Processing component 60 of 150...✅
Processing component 70 of 150...✅
Processing component 80 of 150...✅
Processing component 90 of 150...✅
Processing component 100 of 150...✅
Processing component 110 of 150...✅
Processing component 120 of 150...✅
Processing component 130 of 150...✅
Processing component 140 of 150...✅
Processing component 150 of 150...✅
Checkpoint saved. Elapsed time: 295793.70 seconds.
Processing sample 95 of 9000...
Processing component 10 of 150...✅
Processing component 20 of 150...✅
Processing component 30 of 150...✅
Processing component 40 of 150...✅
Processing component 50 of 150...✅
Processing component 60 of 150...✅
Processing component 70 of 150...✅
Processing component 80 of 150...✅
Processing component 90 of 150...✅
Processing component 100 of 150...✅
Processing component 110 of 150...✅
Processing component 120 of 150...✅
Processing component 130 of 150...✅
Processing component 140 of 150...✅
Processing component 150 of 150...✅
Checkpoint saved. Elapsed time: 302178.92 seconds.
Processing sample 96 of 9000...
Processing component 10 of 150...✅
Processing component 20 of 150...✅
Processing component 30 of 150...✅
Processing component 40 of 150...✅
Processing component 50 of 150...✅
Processing component 60 of 150...✅
Processing component 70 of 150...✅
Processing component 80 of 150...✅
Processing component 90 of 150...✅
Processing component 100 of 150...✅
Processing component 110 of 150...✅
Processing component 120 of 150...✅
Processing component 130 of 150...✅
Processing component 140 of 150...✅
Processing component 150 of 150...✅
Checkpoint saved. Elapsed time: 308476.23 seconds.
Processing sample 97 of 9000...
Processing component 10 of 150...✅
Processing component 20 of 150...✅
Processing component 30 of 150...✅
Processing component 40 of 150...✅
Processing component 50 of 150...✅
Processing component 60 of 150...✅
Processing component 70 of 150...✅
Processing component 80 of 150...✅
Processing component 90 of 150...✅
Processing component 100 of 150...✅
Processing component 110 of 150...✅
Processing component 120 of 150...✅
Processing component 130 of 150...✅
Processing component 140 of 150...✅
Processing component 150 of 150...✅
Checkpoint saved. Elapsed time: 314790.97 seconds.
Processing sample 98 of 9000...
Processing component 10 of 150...✅
Processing component 20 of 150...✅
Processing component 30 of 150...✅
Processing component 40 of 150...✅
Processing component 50 of 150...✅
Processing component 60 of 150...✅
Processing component 70 of 150...✅
Processing component 80 of 150...✅
Processing component 90 of 150...✅
Processing component 100 of 150...✅
Processing component 110 of 150...✅
Processing component 120 of 150...✅
Processing component 130 of 150...✅
Processing component 140 of 150...✅
Processing component 150 of 150...✅
Checkpoint saved. Elapsed time: 321054.92 seconds.
Processing sample 99 of 9000...
Processing component 10 of 150...✅
Processing component 20 of 150...✅
Processing component 30 of 150...✅
Processing component 40 of 150...✅
Processing component 50 of 150...✅
Processing component 60 of 150...✅
Processing component 70 of 150...✅
Processing component 80 of 150...✅
Processing component 90 of 150...✅
Processing component 100 of 150...✅
Processing component 110 of 150...✅
Processing component 120 of 150...✅
Processing component 130 of 150...✅
Processing component 140 of 150...✅
Processing component 150 of 150...✅
Checkpoint saved. Elapsed time: 327227.11 seconds.
Processing sample 100 of 9000...
Processing component 10 of 150...✅
Processing component 20 of 150...✅
Processing component 30 of 150...✅
Processing component 40 of 150...✅
Processing component 50 of 150...✅
Processing component 60 of 150...✅
Processing component 70 of 150...✅
Processing component 80 of 150...✅
Processing component 90 of 150...✅
Processing component 100 of 150...✅
Processing component 110 of 150...✅
Processing component 120 of 150...✅
Processing component 130 of 150...✅
Processing component 140 of 150...✅
Processing component 150 of 150...✅
Checkpoint saved. Elapsed time: 333391.48 seconds.
Processing sample 101 of 9000...
Processing component 10 of 150...✅
Processing component 20 of 150...✅
Processing component 30 of 150...✅
Processing component 40 of 150...✅
Processing component 50 of 150...✅
Processing component 60 of 150...✅
Processing component 70 of 150...✅
Processing component 80 of 150...✅
Processing component 90 of 150...✅
Processing component 100 of 150...✅
Processing component 110 of 150...✅
Processing component 120 of 150...✅
Processing component 130 of 150...✅
Processing component 140 of 150...✅
Processing component 150 of 150...✅
Checkpoint saved. Elapsed time: 339557.74 seconds.
Processing sample 102 of 9000...
Processing component 10 of 150...✅
Processing component 20 of 150...✅
Processing component 30 of 150...✅
Processing component 40 of 150...✅
Processing component 50 of 150...✅
Processing component 60 of 150...✅
Processing component 70 of 150...✅
Processing component 80 of 150...✅
Processing component 90 of 150...✅
Processing component 100 of 150...✅
Processing component 110 of 150...✅
Processing component 120 of 150...✅
Processing component 130 of 150...✅
Processing component 140 of 150...✅
Processing component 150 of 150...✅
Checkpoint saved. Elapsed time: 345707.00 seconds.
Processing sample 103 of 9000...
Processing component 10 of 150...✅
Processing component 20 of 150...✅
Processing component 30 of 150...✅
Processing component 40 of 150...✅
Processing component 50 of 150...✅
Processing component 60 of 150...✅
Processing component 70 of 150...✅
Processing component 80 of 150...✅
Processing component 90 of 150...✅
Processing component 100 of 150...✅
Processing component 110 of 150...✅
Processing component 120 of 150...✅
Processing component 130 of 150...✅
Processing component 140 of 150...✅
Processing component 150 of 150...✅
Checkpoint saved. Elapsed time: 351822.95 seconds.
Processing sample 104 of 9000...
Processing component 10 of 150...✅
Processing component 20 of 150...✅
Processing component 30 of 150...✅
Processing component 40 of 150...✅
Processing component 50 of 150...✅
Processing component 60 of 150...✅
Processing component 70 of 150...✅
Processing component 80 of 150...✅
Processing component 90 of 150...✅
Processing component 100 of 150...✅
Processing component 110 of 150...✅
Processing component 120 of 150...✅
Processing component 130 of 150...✅
Processing component 140 of 150...✅
Processing component 150 of 150...✅
Checkpoint saved. Elapsed time: 357889.43 seconds.
Processing sample 105 of 9000...
Processing component 10 of 150...✅
Processing component 20 of 150...✅
Processing component 30 of 150...✅
Processing component 40 of 150...✅
Processing component 50 of 150...✅
Processing component 60 of 150...✅
Processing component 70 of 150...✅
Processing component 80 of 150...✅
Processing component 90 of 150...✅
Processing component 100 of 150...✅
Processing component 110 of 150...✅
Processing component 120 of 150...✅
Processing component 130 of 150...✅
Processing component 140 of 150...✅
Processing component 150 of 150...✅
Checkpoint saved. Elapsed time: 363831.18 seconds.
Processing sample 106 of 9000...
Processing component 10 of 150...✅
Processing component 20 of 150...✅
Processing component 30 of 150...✅
Processing component 40 of 150...✅
Processing component 50 of 150...✅
Processing component 60 of 150...✅
Processing component 70 of 150...✅
Processing component 80 of 150...✅
Processing component 90 of 150...✅
Processing component 100 of 150...✅
Processing component 110 of 150...✅
Processing component 120 of 150...✅
Processing component 130 of 150...✅
Processing component 140 of 150...✅
Processing component 150 of 150...✅
Checkpoint saved. Elapsed time: 369886.08 seconds.
Processing sample 107 of 9000...
Processing component 10 of 150...✅
Processing component 20 of 150...✅
Processing component 30 of 150...✅
Processing component 40 of 150...✅
Processing component 50 of 150...✅
Processing component 60 of 150...✅
Processing component 70 of 150...✅
Processing component 80 of 150...✅
Processing component 90 of 150...✅
Processing component 100 of 150...✅
Processing component 110 of 150...✅
Processing component 120 of 150...✅
Processing component 130 of 150...✅
Processing component 140 of 150...✅
Processing component 150 of 150...✅
Checkpoint saved. Elapsed time: 376090.65 seconds.
Processing sample 108 of 9000...
Processing component 10 of 150...✅
Processing component 20 of 150...✅
Processing component 30 of 150...✅
Processing component 40 of 150...✅
Processing component 50 of 150...✅
Processing component 60 of 150...✅
Processing component 70 of 150...✅
Processing component 80 of 150...✅
Processing component 90 of 150...✅
Processing component 100 of 150...✅
Processing component 110 of 150...✅
Processing component 120 of 150...✅
Processing component 130 of 150...✅
Processing component 140 of 150...✅
Processing component 150 of 150...✅
Checkpoint saved. Elapsed time: 382206.49 seconds.
Processing sample 109 of 9000...
Processing component 10 of 150...✅
Processing component 20 of 150...✅
Processing component 30 of 150...✅
Processing component 40 of 150...✅
Processing component 50 of 150...✅
Processing component 60 of 150...✅
Processing component 70 of 150...✅
Processing component 80 of 150...✅
Processing component 90 of 150...✅
Processing component 100 of 150...✅
Processing component 110 of 150...✅
Processing component 120 of 150...✅
Processing component 130 of 150...✅
Processing component 140 of 150...✅
Processing component 150 of 150...✅
Checkpoint saved. Elapsed time: 388119.25 seconds.
Processing sample 110 of 9000...
Processing component 10 of 150...✅
Processing component 20 of 150...✅
Processing component 30 of 150...✅
Processing component 40 of 150...✅
Processing component 50 of 150...✅
Processing component 60 of 150...✅
Processing component 70 of 150...✅
Processing component 80 of 150...✅
Processing component 90 of 150...✅
Processing component 100 of 150...✅
Processing component 110 of 150...✅
Processing component 120 of 150...✅
Processing component 130 of 150...✅
Processing component 140 of 150...✅
Processing component 150 of 150...✅
Checkpoint saved. Elapsed time: 394086.61 seconds.
Processing sample 111 of 9000...
Processing component 10 of 150...✅
Processing component 20 of 150...✅
Processing component 30 of 150...✅
Processing component 40 of 150...✅
Processing component 50 of 150...✅
Processing component 60 of 150...✅
Processing component 70 of 150...✅
Processing component 80 of 150...✅
Processing component 90 of 150...✅
Processing component 100 of 150...✅
Processing component 110 of 150...✅
Processing component 120 of 150...✅
Processing component 130 of 150...✅
Processing component 140 of 150...✅
Processing component 150 of 150...✅
Checkpoint saved. Elapsed time: 399943.40 seconds.
Processing sample 112 of 9000...
Processing component 10 of 150...✅
Processing component 20 of 150...✅
Processing component 30 of 150...✅
Processing component 40 of 150...✅
Processing component 50 of 150...✅
Processing component 60 of 150...✅
Processing component 70 of 150...✅
Processing component 80 of 150...✅
Processing component 90 of 150...✅
Processing component 100 of 150...✅
Processing component 110 of 150...✅
Processing component 120 of 150...✅
Processing component 130 of 150...✅
Processing component 140 of 150...✅
Processing component 150 of 150...✅
Checkpoint saved. Elapsed time: 405802.09 seconds.
Processing sample 113 of 9000...
Processing component 10 of 150...✅
Processing component 20 of 150...✅
Processing component 30 of 150...✅
Processing component 40 of 150...✅
Processing component 50 of 150...✅
Processing component 60 of 150...✅
Processing component 70 of 150...✅
Processing component 80 of 150...✅
Processing component 90 of 150...✅
Processing component 100 of 150...✅
Processing component 110 of 150...✅
Processing component 120 of 150...✅
Processing component 130 of 150...✅
Processing component 140 of 150...✅
Processing component 150 of 150...✅
Checkpoint saved. Elapsed time: 411644.20 seconds.
Processing sample 114 of 9000...
Processing component 10 of 150...✅
Processing component 20 of 150...✅
Processing component 30 of 150...✅
Processing component 40 of 150...✅
Processing component 50 of 150...✅
Processing component 60 of 150...✅
Processing component 70 of 150...✅
Processing component 80 of 150...✅
Processing component 90 of 150...✅
Processing component 100 of 150...✅
Processing component 110 of 150...✅
Processing component 120 of 150...✅
Processing component 130 of 150...✅
Processing component 140 of 150...✅
Processing component 150 of 150...✅
Checkpoint saved. Elapsed time: 417604.35 seconds.
Processing sample 115 of 9000...
Processing component 10 of 150...✅
Processing component 20 of 150...✅
Processing component 30 of 150...✅
Processing component 40 of 150...✅
Processing component 50 of 150...✅
Processing component 60 of 150...✅
Processing component 70 of 150...✅
Processing component 80 of 150...✅
Processing component 90 of 150...✅
Processing component 100 of 150...✅
Processing component 110 of 150...✅
Processing component 120 of 150...✅
Processing component 130 of 150...✅
