------------------------------------
Thu 16 Jul 2026 11:25:06 IDT
SLURM_JOBID:		19404312
SLURM_JOB_NODELIST:	ise-cpu256-02
SLURM_SCRATCH_DIR:	/scratch/ohadshee/19404312
Allocated Resouces:	cpu - 4 / mem - 131072 MB / gpu - 
SLURM_GPU_INDEX:	
Running as ohadshee from golan.neuro account with normal QOS
------------------------------------
Running on host: ise-cpu256-02.auth.ad.bgu.ac.il
Job ID: 19404312
CPUs per task: 4
Python path: /home/ohadshee/.conda/envs/pid_env/bin/python
Conda environment: pid_env
Project root directory: /home/ohadshee/Desktop/Partial-Information-Decomposition/external/mayas_project
Using device: cpu

Chosen model: coat_lite_tiny_classification
Number of images: 73000
Image shape: (425, 425, 3), dtype: uint8
nsdID shape: (73000,), Shared1000 shape: (73000,)
Neural data shape: (10000, 8088)
Image IDs shape: (10000,)
Number of voxels: 8088
Number of projections for SRP: 7894

Loaded target with shape (10000, 8088).
Model options for coat_lite_tiny_classification: {'model_name': 'coat_lite_tiny', 'train_type': 'classification', 'train_data': 'imagenet', 'model_source': 'timm', 'call': "get_timm_model('coat_lite_tiny', pretrained = True)"}
Image transforms for coat_lite_tiny_classification: Compose(
    Resize(size=(224, 224), interpolation=bicubic, max_size=None, antialias=True)
    MaybeToTensor()
    Normalize(mean=tensor([0.4850, 0.4560, 0.4060]), std=tensor([0.2290, 0.2240, 0.2250]))
)
Loaded model: coat_lite_tiny_classification
Ordered layers from model: ['Conv2d-1', 'LayerNorm-1', 'PatchEmbed-1', 'Conv2d-2', 'Conv2d-3', 'Conv2d-4', 'ConvPosEnc-1', 'ConvPosEnc-2', 'ConvPosEnc-3', 'LayerNorm-2', 'Linear-1', 'Conv2d-5', 'Conv2d-6', 'Conv2d-7', 'Conv2d-8', 'Conv2d-9', 'Conv2d-10', 'Conv2d-11', 'Conv2d-12', 'Conv2d-13', 'ConvRelPosEnc-1', 'ConvRelPosEnc-2', 'ConvRelPosEnc-3', 'Linear-2', 'Dropout-1', 'FactorAttnConvRelPosEnc-1', 'Identity-1', 'LayerNorm-3', 'Linear-3', 'GELU-1', 'Dropout-2', 'Identity-2', 'Linear-4', 'Dropout-3', 'Mlp-1', 'Identity-3', 'SerialBlock-1', 'Conv2d-14', 'Conv2d-15', 'Conv2d-16', 'ConvPosEnc-4', 'ConvPosEnc-5', 'ConvPosEnc-6', 'LayerNorm-4', 'Linear-5', 'Conv2d-17', 'Conv2d-18', 'Conv2d-19', 'Conv2d-20', 'Conv2d-21', 'Conv2d-22', 'Conv2d-23', 'Conv2d-24', 'Conv2d-25', 'ConvRelPosEnc-5', 'ConvRelPosEnc-6', 'ConvRelPosEnc-7', 'Linear-6', 'Dropout-4', 'FactorAttnConvRelPosEnc-2', 'Identity-4', 'LayerNorm-5', 'Linear-7', 'GELU-2', 'Dropout-5', 'Identity-5', 'Linear-8', 'Dropout-6', 'Mlp-2', 'Identity-6', 'SerialBlock-2', 'Conv2d-26', 'LayerNorm-6', 'PatchEmbed-2', 'Conv2d-27', 'Conv2d-28', 'Conv2d-29', 'ConvPosEnc-7', 'ConvPosEnc-8', 'ConvPosEnc-9', 'LayerNorm-7', 'Linear-9', 'Conv2d-30', 'Conv2d-31', 'Conv2d-32', 'Conv2d-33', 'Conv2d-34', 'Conv2d-35', 'Conv2d-36', 'Conv2d-37', 'Conv2d-38', 'ConvRelPosEnc-9', 'ConvRelPosEnc-10', 'ConvRelPosEnc-11', 'Linear-10', 'Dropout-7', 'FactorAttnConvRelPosEnc-3', 'Identity-7', 'LayerNorm-8', 'Linear-11', 'GELU-3', 'Dropout-8', 'Identity-8', 'Linear-12', 'Dropout-9', 'Mlp-3', 'Identity-9', 'SerialBlock-3', 'Conv2d-39', 'Conv2d-40', 'Conv2d-41', 'ConvPosEnc-10', 'ConvPosEnc-11', 'ConvPosEnc-12', 'LayerNorm-9', 'Linear-13', 'Conv2d-42', 'Conv2d-43', 'Conv2d-44', 'Conv2d-45', 'Conv2d-46', 'Conv2d-47', 'Conv2d-48', 'Conv2d-49', 'Conv2d-50', 'ConvRelPosEnc-13', 'ConvRelPosEnc-14', 'ConvRelPosEnc-15', 'Linear-14', 'Dropout-10', 'FactorAttnConvRelPosEnc-4', 'Identity-10', 'LayerNorm-10', 'Linear-15', 'GELU-4', 'Dropout-11', 'Identity-11', 'Linear-16', 'Dropout-12', 'Mlp-4', 'Identity-12', 'SerialBlock-4', 'Conv2d-51', 'LayerNorm-11', 'PatchEmbed-3', 'Conv2d-52', 'Conv2d-53', 'Conv2d-54', 'ConvPosEnc-13', 'ConvPosEnc-14', 'ConvPosEnc-15', 'LayerNorm-12', 'Linear-17', 'Conv2d-55', 'Conv2d-56', 'Conv2d-57', 'Conv2d-58', 'Conv2d-59', 'Conv2d-60', 'Conv2d-61', 'Conv2d-62', 'Conv2d-63', 'ConvRelPosEnc-17', 'ConvRelPosEnc-18', 'ConvRelPosEnc-19', 'Linear-18', 'Dropout-13', 'FactorAttnConvRelPosEnc-5', 'Identity-13', 'LayerNorm-13', 'Linear-19', 'GELU-5', 'Dropout-14', 'Identity-14', 'Linear-20', 'Dropout-15', 'Mlp-5', 'Identity-15', 'SerialBlock-5', 'Conv2d-64', 'Conv2d-65', 'Conv2d-66', 'ConvPosEnc-16', 'ConvPosEnc-17', 'ConvPosEnc-18', 'LayerNorm-14', 'Linear-21', 'Conv2d-67', 'Conv2d-68', 'Conv2d-69', 'Conv2d-70', 'Conv2d-71', 'Conv2d-72', 'Conv2d-73', 'Conv2d-74', 'Conv2d-75', 'ConvRelPosEnc-21', 'ConvRelPosEnc-22', 'ConvRelPosEnc-23', 'Linear-22', 'Dropout-16', 'FactorAttnConvRelPosEnc-6', 'Identity-16', 'LayerNorm-15', 'Linear-23', 'GELU-6', 'Dropout-17', 'Identity-17', 'Linear-24', 'Dropout-18', 'Mlp-6', 'Identity-18', 'SerialBlock-6', 'Conv2d-76', 'LayerNorm-16', 'PatchEmbed-4', 'Conv2d-77', 'Conv2d-78', 'Conv2d-79', 'ConvPosEnc-19', 'ConvPosEnc-20', 'ConvPosEnc-21', 'LayerNorm-17', 'Linear-25', 'Conv2d-80', 'Conv2d-81', 'Conv2d-82', 'Conv2d-83', 'Conv2d-84', 'Conv2d-85', 'Conv2d-86', 'Conv2d-87', 'Conv2d-88', 'ConvRelPosEnc-25', 'ConvRelPosEnc-26', 'ConvRelPosEnc-27', 'Linear-26', 'Dropout-19', 'FactorAttnConvRelPosEnc-7', 'Identity-19', 'LayerNorm-18', 'Linear-27', 'GELU-7', 'Dropout-20', 'Identity-20', 'Linear-28', 'Dropout-21', 'Mlp-7', 'Identity-21', 'SerialBlock-7', 'Conv2d-89', 'Conv2d-90', 'Conv2d-91', 'ConvPosEnc-22', 'ConvPosEnc-23', 'ConvPosEnc-24', 'LayerNorm-19', 'Linear-29', 'Conv2d-92', 'Conv2d-93', 'Conv2d-94', 'Conv2d-95', 'Conv2d-96', 'Conv2d-97', 'Conv2d-98', 'Conv2d-99', 'Conv2d-100', 'ConvRelPosEnc-29', 'ConvRelPosEnc-30', 'ConvRelPosEnc-31', 'Linear-30', 'Dropout-22', 'FactorAttnConvRelPosEnc-8', 'Identity-22', 'LayerNorm-20', 'Linear-31', 'GELU-8', 'Dropout-23', 'Identity-23', 'Linear-32', 'Dropout-24', 'Mlp-8', 'Identity-24', 'SerialBlock-8', 'LayerNorm-21', 'Dropout-25', 'Linear-33', 'CoaT-1']
Total number of layers: 288

==================================================
Processing layer: ConvPosEnc-19 from model: coat_lite_tiny_classification

For model coat_lite_tiny_classification Layer ConvPosEnc-19: Extracting features for 9000 images in batches of 28...
Feature extraction for model coat_lite_tiny_classification layer ConvPosEnc-19 completed in 492.06 seconds.
Finding best ridge alphas for 98 target PCs using 16000 features and 9000 samples.
Using alphas: 10^4 to 10^20, 50 values spaced logarithmically.
[Pipeline] .... (step 1 of 2) Processing standardscaler, total=   1.0s
[Pipeline] ........... (step 2 of 2) Processing ridgecv, total= 1.8min

Selected alpha and cross-validated R² for each PC:
Finished finding best ridge alphas for each target PC.✅

PC   1: alpha = 95409.5, CV R² = 0.198088

PC   2: alpha = 44984.3, CV R² = 0.595692

PC   3: alpha = 44984.3, CV R² = 0.641146

PC   4: alpha = 44984.3, CV R² = 0.407830

PC   5: alpha = 44984.3, CV R² = 0.485403

PC   6: alpha = 95409.5, CV R² = 0.215899

PC   7: alpha = 44984.3, CV R² = 0.405744

PC   8: alpha = 95409.5, CV R² = 0.241286

PC   9: alpha = 95409.5, CV R² = 0.169607

PC  10: alpha = 95409.5, CV R² = 0.145487

PC  11: alpha = 44984.3, CV R² = 0.353293

PC  12: alpha = 95409.5, CV R² = 0.120523

PC  13: alpha = 95409.5, CV R² = 0.213641

PC  14: alpha = 95409.5, CV R² = 0.221672

PC  15: alpha = 95409.5, CV R² = 0.265209

PC  16: alpha = 95409.5, CV R² = 0.203671

PC  17: alpha = 95409.5, CV R² = 0.246742

PC  18: alpha = 95409.5, CV R² = 0.136647

PC  19: alpha = 95409.5, CV R² = 0.165877

PC  20: alpha = 95409.5, CV R² = 0.168776

PC  21: alpha = 95409.5, CV R² = 0.102604

PC  22: alpha = 202359, CV R² = 0.068584

PC  23: alpha = 202359, CV R² = 0.035267

PC  24: alpha = 95409.5, CV R² = 0.101083

PC  25: alpha = 202359, CV R² = 0.081799

PC  26: alpha = 202359, CV R² = 0.041537

PC  27: alpha = 202359, CV R² = 0.053657

PC  28: alpha = 95409.5, CV R² = 0.081678

PC  29: alpha = 95409.5, CV R² = 0.103753

PC  30: alpha = 202359, CV R² = 0.037508

PC  31: alpha = 202359, CV R² = 0.046639

PC  32: alpha = 95409.5, CV R² = 0.128721

PC  33: alpha = 95409.5, CV R² = 0.151416

PC  34: alpha = 202359, CV R² = 0.064232

PC  35: alpha = 95409.5, CV R² = 0.164791

PC  36: alpha = 95409.5, CV R² = 0.115402

PC  37: alpha = 202359, CV R² = 0.043340

PC  38: alpha = 95409.5, CV R² = 0.133483

PC  39: alpha = 95409.5, CV R² = 0.098036

PC  40: alpha = 202359, CV R² = 0.056968

PC  41: alpha = 95409.5, CV R² = 0.136824

PC  42: alpha = 95409.5, CV R² = 0.091434

PC  43: alpha = 95409.5, CV R² = 0.066256

PC  44: alpha = 95409.5, CV R² = 0.107027

PC  45: alpha = 95409.5, CV R² = 0.051331

PC  46: alpha = 95409.5, CV R² = 0.184374

PC  47: alpha = 95409.5, CV R² = 0.058316

PC  48: alpha = 95409.5, CV R² = 0.070000

PC  49: alpha = 95409.5, CV R² = 0.057446

PC  50: alpha = 95409.5, CV R² = 0.089427

PC  51: alpha = 95409.5, CV R² = 0.110531

PC  52: alpha = 202359, CV R² = 0.042956

PC  53: alpha = 95409.5, CV R² = 0.129249

PC  54: alpha = 95409.5, CV R² = 0.087601

PC  55: alpha = 202359, CV R² = 0.039052

PC  56: alpha = 95409.5, CV R² = 0.094560

PC  57: alpha = 95409.5, CV R² = 0.150436

PC  58: alpha = 202359, CV R² = 0.057501

PC  59: alpha = 95409.5, CV R² = 0.089643

PC  60: alpha = 95409.5, CV R² = 0.058372

PC  61: alpha = 202359, CV R² = 0.046615

PC  62: alpha = 202359, CV R² = 0.044426

PC  63: alpha = 95409.5, CV R² = 0.068944

PC  64: alpha = 202359, CV R² = 0.029837

PC  65: alpha = 202359, CV R² = 0.052022

PC  66: alpha = 95409.5, CV R² = 0.043519

PC  67: alpha = 202359, CV R² = 0.032094

PC  68: alpha = 202359, CV R² = 0.054320

PC  69: alpha = 95409.5, CV R² = 0.058616

PC  70: alpha = 95409.5, CV R² = 0.065273

PC  71: alpha = 202359, CV R² = 0.039273

PC  72: alpha = 202359, CV R² = 0.033284

PC  73: alpha = 202359, CV R² = 0.039768

PC  74: alpha = 202359, CV R² = 0.047257

PC  75: alpha = 95409.5, CV R² = 0.063916

PC  76: alpha = 202359, CV R² = 0.020094

PC  77: alpha = 202359, CV R² = 0.038959

PC  78: alpha = 202359, CV R² = 0.021833

PC  79: alpha = 202359, CV R² = 0.064510

PC  80: alpha = 202359, CV R² = 0.044740

PC  81: alpha = 202359, CV R² = 0.039261

PC  82: alpha = 95409.5, CV R² = 0.087053

PC  83: alpha = 202359, CV R² = 0.062705

PC  84: alpha = 95409.5, CV R² = 0.084220

PC  85: alpha = 202359, CV R² = 0.042009

PC  86: alpha = 202359, CV R² = 0.020962

PC  87: alpha = 95409.5, CV R² = 0.059317

PC  88: alpha = 202359, CV R² = 0.024410

PC  89: alpha = 202359, CV R² = 0.018106

PC  90: alpha = 95409.5, CV R² = 0.067679

PC  91: alpha = 202359, CV R² = 0.033229

PC  92: alpha = 95409.5, CV R² = 0.060158

PC  93: alpha = 202359, CV R² = 0.035397

PC  94: alpha = 202359, CV R² = 0.016419

PC  95: alpha = 95409.5, CV R² = 0.041274

PC  96: alpha = 202359, CV R² = 0.030909

PC  97: alpha = 202359, CV R² = 0.027287

PC  98: alpha = 95409.5, CV R² = 0.045776

Mean cross-validated R² across PCs: 0.110108

======================================================================================

Chosen model: visformer_small_classification
Number of images: 73000
Image shape: (425, 425, 3), dtype: uint8
nsdID shape: (73000,), Shared1000 shape: (73000,)
Neural data shape: (10000, 8088)
Image IDs shape: (10000,)
Number of voxels: 8088
Number of projections for SRP: 7894

Loaded target with shape (10000, 8088).
Model options for visformer_small_classification: {'model_name': 'visformer_small', 'train_type': 'classification', 'train_data': 'imagenet', 'model_source': 'timm', 'call': "get_timm_model('visformer_small', pretrained = True)"}
Image transforms for visformer_small_classification: Compose(
    Resize(size=(224, 224), interpolation=bicubic, max_size=None, antialias=True)
    MaybeToTensor()
    Normalize(mean=tensor([0.4850, 0.4560, 0.4060]), std=tensor([0.2290, 0.2240, 0.2250]))
)
Loaded model: visformer_small_classification
Ordered layers from model: ['Conv2d-1', 'BatchNorm2d-1', 'ReLU-1', 'Conv2d-2', 'BatchNorm2d-2', 'PatchEmbed-1', 'Dropout-1', 'BatchNorm2d-3', 'Conv2d-3', 'GELU-1', 'Dropout-2', 'Conv2d-4', 'GELU-2', 'Conv2d-5', 'Dropout-3', 'SpatialMlp-1', 'Identity-1', 'Block-1', 'BatchNorm2d-4', 'Conv2d-6', 'GELU-3', 'Dropout-4', 'Conv2d-7', 'GELU-4', 'Conv2d-8', 'Dropout-5', 'SpatialMlp-2', 'Identity-2', 'Block-2', 'BatchNorm2d-5', 'Conv2d-9', 'GELU-5', 'Dropout-6', 'Conv2d-10', 'GELU-6', 'Conv2d-11', 'Dropout-7', 'SpatialMlp-3', 'Identity-3', 'Block-3', 'BatchNorm2d-6', 'Conv2d-12', 'GELU-7', 'Dropout-8', 'Conv2d-13', 'GELU-8', 'Conv2d-14', 'Dropout-9', 'SpatialMlp-4', 'Identity-4', 'Block-4', 'BatchNorm2d-7', 'Conv2d-15', 'GELU-9', 'Dropout-10', 'Conv2d-16', 'GELU-10', 'Conv2d-17', 'Dropout-11', 'SpatialMlp-5', 'Identity-5', 'Block-5', 'BatchNorm2d-8', 'Conv2d-18', 'GELU-11', 'Dropout-12', 'Conv2d-19', 'GELU-12', 'Conv2d-20', 'Dropout-13', 'SpatialMlp-6', 'Identity-6', 'Block-6', 'BatchNorm2d-9', 'Conv2d-21', 'GELU-13', 'Dropout-14', 'Conv2d-22', 'GELU-14', 'Conv2d-23', 'Dropout-15', 'SpatialMlp-7', 'Identity-7', 'Block-7', 'Conv2d-24', 'BatchNorm2d-10', 'PatchEmbed-2', 'Dropout-16', 'BatchNorm2d-11', 'Conv2d-25', 'Dropout-17', 'Conv2d-26', 'Dropout-18', 'Attention-1', 'Identity-8', 'BatchNorm2d-12', 'Conv2d-27', 'GELU-15', 'Dropout-19', 'Conv2d-28', 'Dropout-20', 'SpatialMlp-8', 'Identity-9', 'Block-8', 'BatchNorm2d-13', 'Conv2d-29', 'Dropout-21', 'Conv2d-30', 'Dropout-22', 'Attention-2', 'Identity-10', 'BatchNorm2d-14', 'Conv2d-31', 'GELU-16', 'Dropout-23', 'Conv2d-32', 'Dropout-24', 'SpatialMlp-9', 'Identity-11', 'Block-9', 'BatchNorm2d-15', 'Conv2d-33', 'Dropout-25', 'Conv2d-34', 'Dropout-26', 'Attention-3', 'Identity-12', 'BatchNorm2d-16', 'Conv2d-35', 'GELU-17', 'Dropout-27', 'Conv2d-36', 'Dropout-28', 'SpatialMlp-10', 'Identity-13', 'Block-10', 'BatchNorm2d-17', 'Conv2d-37', 'Dropout-29', 'Conv2d-38', 'Dropout-30', 'Attention-4', 'Identity-14', 'BatchNorm2d-18', 'Conv2d-39', 'GELU-18', 'Dropout-31', 'Conv2d-40', 'Dropout-32', 'SpatialMlp-11', 'Identity-15', 'Block-11', 'Conv2d-41', 'BatchNorm2d-19', 'PatchEmbed-3', 'Dropout-33', 'BatchNorm2d-20', 'Conv2d-42', 'Dropout-34', 'Conv2d-43', 'Dropout-35', 'Attention-5', 'Identity-16', 'BatchNorm2d-21', 'Conv2d-44', 'GELU-19', 'Dropout-36', 'Conv2d-45', 'Dropout-37', 'SpatialMlp-12', 'Identity-17', 'Block-12', 'BatchNorm2d-22', 'Conv2d-46', 'Dropout-38', 'Conv2d-47', 'Dropout-39', 'Attention-6', 'Identity-18', 'BatchNorm2d-23', 'Conv2d-48', 'GELU-20', 'Dropout-40', 'Conv2d-49', 'Dropout-41', 'SpatialMlp-13', 'Identity-19', 'Block-13', 'BatchNorm2d-24', 'Conv2d-50', 'Dropout-42', 'Conv2d-51', 'Dropout-43', 'Attention-7', 'Identity-20', 'BatchNorm2d-25', 'Conv2d-52', 'GELU-21', 'Dropout-44', 'Conv2d-53', 'Dropout-45', 'SpatialMlp-14', 'Identity-21', 'Block-14', 'BatchNorm2d-26', 'Conv2d-54', 'Dropout-46', 'Conv2d-55', 'Dropout-47', 'Attention-8', 'Identity-22', 'BatchNorm2d-27', 'Conv2d-56', 'GELU-22', 'Dropout-48', 'Conv2d-57', 'Dropout-49', 'SpatialMlp-15', 'Identity-23', 'Block-15', 'BatchNorm2d-28', 'AdaptiveAvgPool2d-1', 'Flatten-1', 'SelectAdaptivePool2d-1', 'Dropout-50', 'Linear-1', 'Visformer-1']
Total number of layers: 227

==================================================
Processing layer: BatchNorm2d-21 from model: visformer_small_classification

For model visformer_small_classification Layer BatchNorm2d-21: Extracting features for 9000 images in batches of 28...
Feature extraction for model visformer_small_classification layer BatchNorm2d-21 completed in 712.60 seconds.
Finding best ridge alphas for 98 target PCs using 37632 features and 9000 samples.
Using alphas: 10^4 to 10^20, 50 values spaced logarithmically.
[Pipeline] .... (step 1 of 2) Processing standardscaler, total=   2.3s
[Pipeline] ........... (step 2 of 2) Processing ridgecv, total= 2.5min

Selected alpha and cross-validated R² for each PC:
Finished finding best ridge alphas for each target PC.✅

PC   1: alpha = 202359, CV R² = 0.211048

PC   2: alpha = 95409.5, CV R² = 0.628154

PC   3: alpha = 95409.5, CV R² = 0.665779

PC   4: alpha = 95409.5, CV R² = 0.426000

PC   5: alpha = 95409.5, CV R² = 0.506885

PC   6: alpha = 202359, CV R² = 0.234455

PC   7: alpha = 95409.5, CV R² = 0.434284

PC   8: alpha = 202359, CV R² = 0.249630

PC   9: alpha = 202359, CV R² = 0.178416

PC  10: alpha = 202359, CV R² = 0.156671

PC  11: alpha = 95409.5, CV R² = 0.370909

PC  12: alpha = 202359, CV R² = 0.133273

PC  13: alpha = 202359, CV R² = 0.220930

PC  14: alpha = 202359, CV R² = 0.237379

PC  15: alpha = 202359, CV R² = 0.267155

PC  16: alpha = 202359, CV R² = 0.218589

PC  17: alpha = 202359, CV R² = 0.267173

PC  18: alpha = 202359, CV R² = 0.148251

PC  19: alpha = 202359, CV R² = 0.180255

PC  20: alpha = 202359, CV R² = 0.183213

PC  21: alpha = 202359, CV R² = 0.112555

PC  22: alpha = 429193, CV R² = 0.074569

PC  23: alpha = 429193, CV R² = 0.039028

PC  24: alpha = 202359, CV R² = 0.109902

PC  25: alpha = 202359, CV R² = 0.090664

PC  26: alpha = 429193, CV R² = 0.047091

PC  27: alpha = 429193, CV R² = 0.062192

PC  28: alpha = 202359, CV R² = 0.093258

PC  29: alpha = 202359, CV R² = 0.118523

PC  30: alpha = 429193, CV R² = 0.036711

PC  31: alpha = 429193, CV R² = 0.052158

PC  32: alpha = 202359, CV R² = 0.137999

PC  33: alpha = 202359, CV R² = 0.164223

PC  34: alpha = 202359, CV R² = 0.072470

PC  35: alpha = 95409.5, CV R² = 0.182192

PC  36: alpha = 202359, CV R² = 0.126115

PC  37: alpha = 429193, CV R² = 0.049140

PC  38: alpha = 202359, CV R² = 0.148055

PC  39: alpha = 202359, CV R² = 0.106981

PC  40: alpha = 429193, CV R² = 0.059871

PC  41: alpha = 202359, CV R² = 0.151333

PC  42: alpha = 202359, CV R² = 0.108268

PC  43: alpha = 202359, CV R² = 0.074086

PC  44: alpha = 202359, CV R² = 0.120577

PC  45: alpha = 202359, CV R² = 0.059752

PC  46: alpha = 202359, CV R² = 0.200472

PC  47: alpha = 202359, CV R² = 0.073372

PC  48: alpha = 202359, CV R² = 0.081413

PC  49: alpha = 429193, CV R² = 0.067860

PC  50: alpha = 202359, CV R² = 0.097531

PC  51: alpha = 202359, CV R² = 0.118979

PC  52: alpha = 429193, CV R² = 0.044973

PC  53: alpha = 202359, CV R² = 0.135166

PC  54: alpha = 202359, CV R² = 0.102553

PC  55: alpha = 429193, CV R² = 0.048841

PC  56: alpha = 202359, CV R² = 0.105169

PC  57: alpha = 202359, CV R² = 0.166186

PC  58: alpha = 202359, CV R² = 0.063421

PC  59: alpha = 202359, CV R² = 0.097416

PC  60: alpha = 202359, CV R² = 0.060268

PC  61: alpha = 429193, CV R² = 0.048916

PC  62: alpha = 429193, CV R² = 0.052824

PC  63: alpha = 202359, CV R² = 0.081280

PC  64: alpha = 429193, CV R² = 0.033417

PC  65: alpha = 202359, CV R² = 0.066005

PC  66: alpha = 429193, CV R² = 0.042798

PC  67: alpha = 429193, CV R² = 0.034185

PC  68: alpha = 429193, CV R² = 0.060260

PC  69: alpha = 202359, CV R² = 0.067001

PC  70: alpha = 202359, CV R² = 0.072270

PC  71: alpha = 429193, CV R² = 0.045894

PC  72: alpha = 429193, CV R² = 0.042319

PC  73: alpha = 429193, CV R² = 0.043113

PC  74: alpha = 429193, CV R² = 0.051419

PC  75: alpha = 202359, CV R² = 0.069611

PC  76: alpha = 429193, CV R² = 0.022988

PC  77: alpha = 429193, CV R² = 0.047029

PC  78: alpha = 429193, CV R² = 0.027799

PC  79: alpha = 429193, CV R² = 0.068955

PC  80: alpha = 429193, CV R² = 0.050607

PC  81: alpha = 429193, CV R² = 0.045694

PC  82: alpha = 202359, CV R² = 0.092483

PC  83: alpha = 202359, CV R² = 0.070011

PC  84: alpha = 202359, CV R² = 0.091615

PC  85: alpha = 429193, CV R² = 0.050121

PC  86: alpha = 429193, CV R² = 0.028991

PC  87: alpha = 202359, CV R² = 0.068857

PC  88: alpha = 429193, CV R² = 0.025480

PC  89: alpha = 429193, CV R² = 0.024034

PC  90: alpha = 202359, CV R² = 0.073237

PC  91: alpha = 429193, CV R² = 0.034893

PC  92: alpha = 202359, CV R² = 0.070705

PC  93: alpha = 429193, CV R² = 0.041891

PC  94: alpha = 429193, CV R² = 0.022162

PC  95: alpha = 202359, CV R² = 0.049354

PC  96: alpha = 429193, CV R² = 0.032154

PC  97: alpha = 429193, CV R² = 0.027436

PC  98: alpha = 202359, CV R² = 0.053717

Mean cross-validated R² across PCs: 0.119503

======================================================================================

Chosen model: convit_base_classification
Number of images: 73000
Image shape: (425, 425, 3), dtype: uint8
nsdID shape: (73000,), Shared1000 shape: (73000,)
Neural data shape: (10000, 8088)
Image IDs shape: (10000,)
Number of voxels: 8088
Number of projections for SRP: 7894

Loaded target with shape (10000, 8088).
Model options for convit_base_classification: {'model_name': 'convit_base', 'train_type': 'classification', 'train_data': 'imagenet', 'model_source': 'timm', 'call': "get_timm_model('convit_base', pretrained = True)"}
Image transforms for convit_base_classification: Compose(
    Resize(size=(224, 224), interpolation=bicubic, max_size=None, antialias=True)
    MaybeToTensor()
    Normalize(mean=tensor([0.4850, 0.4560, 0.4060]), std=tensor([0.2290, 0.2240, 0.2250]))
)
Loaded model: convit_base_classification
Ordered layers from model: ['Conv2d-1', 'Identity-1', 'PatchEmbed-1', 'Dropout-1', 'LayerNorm-1', 'Linear-1', 'Linear-2', 'Dropout-2', 'Linear-3', 'Linear-4', 'Dropout-3', 'GPSA-1', 'Identity-2', 'LayerNorm-2', 'Linear-5', 'GELU-1', 'Dropout-4', 'Identity-3', 'Linear-6', 'Dropout-5', 'Mlp-1', 'Identity-4', 'Block-1', 'LayerNorm-3', 'Linear-7', 'Linear-8', 'Dropout-6', 'Linear-9', 'Linear-10', 'Dropout-7', 'GPSA-2', 'Identity-5', 'LayerNorm-4', 'Linear-11', 'GELU-2', 'Dropout-8', 'Identity-6', 'Linear-12', 'Dropout-9', 'Mlp-2', 'Identity-7', 'Block-2', 'LayerNorm-5', 'Linear-13', 'Linear-14', 'Dropout-10', 'Linear-15', 'Linear-16', 'Dropout-11', 'GPSA-3', 'Identity-8', 'LayerNorm-6', 'Linear-17', 'GELU-3', 'Dropout-12', 'Identity-9', 'Linear-18', 'Dropout-13', 'Mlp-3', 'Identity-10', 'Block-3', 'LayerNorm-7', 'Linear-19', 'Linear-20', 'Dropout-14', 'Linear-21', 'Linear-22', 'Dropout-15', 'GPSA-4', 'Identity-11', 'LayerNorm-8', 'Linear-23', 'GELU-4', 'Dropout-16', 'Identity-12', 'Linear-24', 'Dropout-17', 'Mlp-4', 'Identity-13', 'Block-4', 'LayerNorm-9', 'Linear-25', 'Linear-26', 'Dropout-18', 'Linear-27', 'Linear-28', 'Dropout-19', 'GPSA-5', 'Identity-14', 'LayerNorm-10', 'Linear-29', 'GELU-5', 'Dropout-20', 'Identity-15', 'Linear-30', 'Dropout-21', 'Mlp-5', 'Identity-16', 'Block-5', 'LayerNorm-11', 'Linear-31', 'Linear-32', 'Dropout-22', 'Linear-33', 'Linear-34', 'Dropout-23', 'GPSA-6', 'Identity-17', 'LayerNorm-12', 'Linear-35', 'GELU-6', 'Dropout-24', 'Identity-18', 'Linear-36', 'Dropout-25', 'Mlp-6', 'Identity-19', 'Block-6', 'LayerNorm-13', 'Linear-37', 'Linear-38', 'Dropout-26', 'Linear-39', 'Linear-40', 'Dropout-27', 'GPSA-7', 'Identity-20', 'LayerNorm-14', 'Linear-41', 'GELU-7', 'Dropout-28', 'Identity-21', 'Linear-42', 'Dropout-29', 'Mlp-7', 'Identity-22', 'Block-7', 'LayerNorm-15', 'Linear-43', 'Linear-44', 'Dropout-30', 'Linear-45', 'Linear-46', 'Dropout-31', 'GPSA-8', 'Identity-23', 'LayerNorm-16', 'Linear-47', 'GELU-8', 'Dropout-32', 'Identity-24', 'Linear-48', 'Dropout-33', 'Mlp-8', 'Identity-25', 'Block-8', 'LayerNorm-17', 'Linear-49', 'Linear-50', 'Dropout-34', 'Linear-51', 'Linear-52', 'Dropout-35', 'GPSA-9', 'Identity-26', 'LayerNorm-18', 'Linear-53', 'GELU-9', 'Dropout-36', 'Identity-27', 'Linear-54', 'Dropout-37', 'Mlp-9', 'Identity-28', 'Block-9', 'LayerNorm-19', 'Linear-55', 'Linear-56', 'Dropout-38', 'Linear-57', 'Linear-58', 'Dropout-39', 'GPSA-10', 'Identity-29', 'LayerNorm-20', 'Linear-59', 'GELU-10', 'Dropout-40', 'Identity-30', 'Linear-60', 'Dropout-41', 'Mlp-10', 'Identity-31', 'Block-10', 'LayerNorm-21', 'Linear-61', 'Dropout-42', 'Linear-62', 'Dropout-43', 'MHSA-1', 'Identity-32', 'LayerNorm-22', 'Linear-63', 'GELU-11', 'Dropout-44', 'Identity-33', 'Linear-64', 'Dropout-45', 'Mlp-11', 'Identity-34', 'Block-11', 'LayerNorm-23', 'Linear-65', 'Dropout-46', 'Linear-66', 'Dropout-47', 'MHSA-2', 'Identity-35', 'LayerNorm-24', 'Linear-67', 'GELU-12', 'Dropout-48', 'Identity-36', 'Linear-68', 'Dropout-49', 'Mlp-12', 'Identity-37', 'Block-12', 'LayerNorm-25', 'Dropout-50', 'Linear-69', 'ConVit-1']
Total number of layers: 232

==================================================
Processing layer: LayerNorm-22 from model: convit_base_classification

For model convit_base_classification Layer LayerNorm-22: Extracting features for 9000 images in batches of 28...
Feature extraction for model convit_base_classification layer LayerNorm-22 completed in 2959.03 seconds.
Finding best ridge alphas for 98 target PCs using 151296 features and 9000 samples.
Using alphas: 10^4 to 10^20, 50 values spaced logarithmically.
[Pipeline] .... (step 1 of 2) Processing standardscaler, total=   9.0s
[Pipeline] ........... (step 2 of 2) Processing ridgecv, total= 6.3min

Selected alpha and cross-validated R² for each PC:
Finished finding best ridge alphas for each target PC.✅

PC   1: alpha = 429193, CV R² = 0.215244

PC   2: alpha = 202359, CV R² = 0.627383

PC   3: alpha = 95409.5, CV R² = 0.665740

PC   4: alpha = 202359, CV R² = 0.426485

PC   5: alpha = 95409.5, CV R² = 0.497032

PC   6: alpha = 202359, CV R² = 0.241776

PC   7: alpha = 202359, CV R² = 0.419290

PC   8: alpha = 429193, CV R² = 0.252869

PC   9: alpha = 429193, CV R² = 0.182446

PC  10: alpha = 429193, CV R² = 0.154392

PC  11: alpha = 202359, CV R² = 0.357333

PC  12: alpha = 429193, CV R² = 0.130598

PC  13: alpha = 429193, CV R² = 0.212071

PC  14: alpha = 429193, CV R² = 0.234460

PC  15: alpha = 429193, CV R² = 0.263496

PC  16: alpha = 429193, CV R² = 0.219184

PC  17: alpha = 202359, CV R² = 0.257099

PC  18: alpha = 429193, CV R² = 0.139103

PC  19: alpha = 429193, CV R² = 0.177094

PC  20: alpha = 202359, CV R² = 0.187947

PC  21: alpha = 429193, CV R² = 0.117450

PC  22: alpha = 429193, CV R² = 0.080776

PC  23: alpha = 910298, CV R² = 0.040966

PC  24: alpha = 429193, CV R² = 0.111437

PC  25: alpha = 429193, CV R² = 0.098330

PC  26: alpha = 910298, CV R² = 0.044315

PC  27: alpha = 910298, CV R² = 0.060793

PC  28: alpha = 429193, CV R² = 0.093810

PC  29: alpha = 429193, CV R² = 0.115857

PC  30: alpha = 910298, CV R² = 0.041891

PC  31: alpha = 429193, CV R² = 0.052208

PC  32: alpha = 429193, CV R² = 0.137244

PC  33: alpha = 202359, CV R² = 0.167223

PC  34: alpha = 429193, CV R² = 0.069146

PC  35: alpha = 202359, CV R² = 0.177875

PC  36: alpha = 429193, CV R² = 0.115373

PC  37: alpha = 910298, CV R² = 0.047223

PC  38: alpha = 429193, CV R² = 0.136247

PC  39: alpha = 429193, CV R² = 0.105430

PC  40: alpha = 429193, CV R² = 0.063240

PC  41: alpha = 202359, CV R² = 0.141251

PC  42: alpha = 429193, CV R² = 0.101861

PC  43: alpha = 429193, CV R² = 0.071711

PC  44: alpha = 429193, CV R² = 0.115006

PC  45: alpha = 429193, CV R² = 0.057542

PC  46: alpha = 202359, CV R² = 0.185206

PC  47: alpha = 429193, CV R² = 0.068363

PC  48: alpha = 429193, CV R² = 0.080720

PC  49: alpha = 429193, CV R² = 0.069502

PC  50: alpha = 429193, CV R² = 0.095401

PC  51: alpha = 429193, CV R² = 0.115620

PC  52: alpha = 429193, CV R² = 0.048035

PC  53: alpha = 429193, CV R² = 0.133132

PC  54: alpha = 429193, CV R² = 0.093308

PC  55: alpha = 910298, CV R² = 0.049903

PC  56: alpha = 429193, CV R² = 0.095211

PC  57: alpha = 202359, CV R² = 0.162251

PC  58: alpha = 429193, CV R² = 0.062268

PC  59: alpha = 429193, CV R² = 0.084803

PC  60: alpha = 429193, CV R² = 0.057880

PC  61: alpha = 910298, CV R² = 0.044396

PC  62: alpha = 429193, CV R² = 0.056329

PC  63: alpha = 429193, CV R² = 0.083279

PC  64: alpha = 910298, CV R² = 0.032957

PC  65: alpha = 429193, CV R² = 0.060112

PC  66: alpha = 910298, CV R² = 0.042323

PC  67: alpha = 910298, CV R² = 0.034214

PC  68: alpha = 910298, CV R² = 0.054784

PC  69: alpha = 429193, CV R² = 0.063761

PC  70: alpha = 429193, CV R² = 0.076963

PC  71: alpha = 429193, CV R² = 0.045408

PC  72: alpha = 429193, CV R² = 0.045423

PC  73: alpha = 910298, CV R² = 0.043511

PC  74: alpha = 910298, CV R² = 0.051252

PC  75: alpha = 429193, CV R² = 0.070721

PC  76: alpha = 910298, CV R² = 0.023658

PC  77: alpha = 910298, CV R² = 0.048862

PC  78: alpha = 910298, CV R² = 0.026941

PC  79: alpha = 429193, CV R² = 0.068948

PC  80: alpha = 429193, CV R² = 0.051032

PC  81: alpha = 429193, CV R² = 0.047949

PC  82: alpha = 429193, CV R² = 0.099747

PC  83: alpha = 429193, CV R² = 0.071798

PC  84: alpha = 429193, CV R² = 0.093023

PC  85: alpha = 910298, CV R² = 0.047012

PC  86: alpha = 910298, CV R² = 0.024578

PC  87: alpha = 429193, CV R² = 0.065696

PC  88: alpha = 910298, CV R² = 0.022044

PC  89: alpha = 910298, CV R² = 0.025011

PC  90: alpha = 429193, CV R² = 0.078424

PC  91: alpha = 910298, CV R² = 0.032929

PC  92: alpha = 429193, CV R² = 0.065368

PC  93: alpha = 910298, CV R² = 0.039649

PC  94: alpha = 910298, CV R² = 0.020265

PC  95: alpha = 429193, CV R² = 0.050775

PC  96: alpha = 910298, CV R² = 0.034758

PC  97: alpha = 910298, CV R² = 0.025187

PC  98: alpha = 429193, CV R² = 0.047873

Mean cross-validated R² across PCs: 0.117794

======================================================================================

Chosen model: ViT-B_32_clip
Number of images: 73000
Image shape: (425, 425, 3), dtype: uint8
nsdID shape: (73000,), Shared1000 shape: (73000,)
Neural data shape: (10000, 8088)
Image IDs shape: (10000,)
Number of voxels: 8088
Number of projections for SRP: 7894

Loaded target with shape (10000, 8088).
